⚠ The "middleware" file convention is deprecated. Please use "proxy" instead. Learn more: https://nextjs.org/docs/messages/middleware-to-proxy






































#

































































































































































































































<--- Last few GCs --->






<--- Last few GCs --->

<--- Last few GCs --->






































































<--- Last few GCs --->

<--- Last few GCs --->
<--- Last few GCs --->
<--- Last few GCs --->
<--- Last few GCs --->
<--- Last few GCs --->
<--- Last few GCs --->
<--- Last few GCs --->
<--- Last few GCs --->
<--- Last few GCs --->
<--- Last few GCs --->


<--- Last few GCs --->
<--- Last few GCs --->
<--- Last few GCs --->
<--- Last few GCs --->
<--- Last few GCs --->
<--- Last few GCs --->
<--- Last few GCs --->
<--- Last few GCs --->
<--- Last few GCs --->

<--- Last few GCs --->
<--- Last few GCs --->

<--- Last few GCs --->
<--- Last few GCs --->
<--- Last few GCs --->
<--- Last few GCs --->
<--- Last few GCs --->
<--- Last few GCs --->
<--- Last few GCs --->
# Fatal error in , line 0



<--- Last few GCs --->

<--- Last few GCs --->
<--- Last few GCs --->
<--- Last few GCs --->

<--- Last few GCs --->

<--- Last few GCs --->
<--- Last few GCs --->
<--- Last few GCs --->
<--- Last few GCs --->
<--- Last few GCs --->
<--- Last few GCs --->
<--- Last few GCs --->
<--- Last few GCs --->

<--- Last few GCs --->
<--- Last few GCs --->
<--- Last few GCs --->
<--- Last few GCs --->
<--- Last few GCs --->
<--- Last few GCs --->
<--- Last few GCs --->
<--- Last few GCs --->

<--- Last few GCs --->
<--- Last few GCs --->
<--- Last few GCs --->
<--- Last few GCs --->
<--- Last few GCs --->
<--- Last few GCs --->
<--- Last few GCs --->
<--- Last few GCs --->

<--- Last few GCs --->
<--- Last few GCs --->
<--- Last few GCs --->
<--- Last few GCs --->

<--- Last few GCs --->
<--- Last few GCs --->
<--- Last few GCs --->

<--- Last few GCs --->
<--- Last few GCs --->

<--- Last few GCs --->
<--- Last few GCs --->
<--- Last few GCs --->

<--- Last few GCs --->
<--- Last few GCs --->
<--- Last few GCs --->
<--- Last few GCs --->
<--- Last few GCs --->
<--- Last few GCs --->
<--- Last few GCs --->
<--- Last few GCs --->

<--- Last few GCs --->
<--- Last few GCs --->
<--- Last few GCs --->
<--- Last few GCs --->
<--- Last few GCs --->
<--- Last few GCs --->
<--- Last few GCs --->
<--- Last few GCs --->

<--- Last few GCs --->
<--- Last few GCs --->
<--- Last few GCs --->
<--- Last few GCs --->
<--- Last few GCs --->
<--- Last few GCs --->
<--- Last few GCs --->
<--- Last few GCs --->
<--- Last few GCs --->
<--- Last few GCs --->
<--- Last few GCs --->
<--- Last few GCs --->
<--- Last few GCs --->


<--- Last few GCs --->
<--- Last few GCs --->
<--- Last few GCs --->
<--- Last few GCs --->
#
<--- Last few GCs --->
<--- Last few GCs --->
<--- Last few GCs --->
<--- Last few GCs --->
<--- Last few GCs --->
<--- Last few GCs --->
#
<--- Last few GCs --->
<--- Last few GCs --->
<--- Last few GCs --->
<--- Last few GCs --->
<--- Last few GCs --->
<--- Last few GCs --->
<--- Last few GCs --->
<--- Last few GCs --->

<--- Last few GCs --->
<--- Last few GCs --->
<--- Last few GCs --->
<--- Last few GCs --->
<--- Last few GCs --->
<--- Last few GCs --->
<--- Last few GCs --->
<--- Last few GCs --->

<--- Last few GCs --->
<--- Last few GCs --->
<--- Last few GCs --->
<--- Last few GCs --->
<--- Last few GCs --->
<--- Last few GCs --->
<--- Last few GCs --->
<--- Last few GCs --->
<--- Last few GCs --->
<--- Last few GCs --->
<--- Last few GCs --->
<--- Last few GCs --->

<--- Last few GCs --->
<--- Last few GCs --->
<--- Last few GCs --->
<--- Last few GCs --->
<--- Last few GCs --->
<--- Last few GCs --->
<--- Last few GCs --->
<--- Last few GCs --->
<--- Last few GCs --->
<--- Last few GCs --->
<--- Last few GCs --->
<--- Last few GCs --->
<--- Last few GCs --->
<--- Last few GCs --->
<--- Last few GCs --->
<--- Last few GCs --->
<--- Last few GCs --->
<--- Last few GCs --->
<--- Last few GCs --->
<--- Last few GCs --->
<--- Last few GCs --->
<--- Last few GCs --->
<--- Last few GCs --->
<--- Last few GCs --->
<--- Last few GCs --->
<--- Last few GCs --->
<--- Last few GCs --->
<--- Last few GCs --->
<--- Last few GCs --->
<--- Last few GCs --->
<--- Last few GCs --->
<--- Last few GCs --->
<--- Last few GCs --->
<--- Last few GCs --->
<--- Last few GCs --->
<--- Last few GCs --->

<--- Last few GCs --->

<--- Last few GCs --->
<--- Last few GCs --->
<--- Last few GCs --->
<--- Last few GCs --->
<--- Last few GCs --->
<--- Last few GCs --->
<--- Last few GCs --->
<--- Last few GCs --->
<--- Last few GCs --->
<--- Last few GCs --->
<--- Last few GCs --->
<--- Last few GCs --->

<--- Last few GCs --->
<--- Last few GCs --->
<--- Last few GCs --->
<--- Last few GCs --->
<--- Last few GCs --->
<--- Last few GCs --->
<--- Last few GCs --->
<--- Last few GCs --->
<--- Last few GCs --->
<--- Last few GCs --->
<--- Last few GCs --->
<--- Last few GCs --->
<--- Last few GCs --->
<--- Last few GCs --->
<--- Last few GCs --->
<--- Last few GCs --->
<--- Last few GCs --->
<--- Last few GCs --->
<--- Last few GCs --->
<--- Last few GCs --->
<--- Last few GCs --->
<--- Last few GCs --->
<--- Last few GCs --->
<--- Last few GCs --->


<--- Last few GCs --->
<--- Last few GCs --->
<--- Last few GCs --->
<--- Last few GCs --->

<--- Last few GCs --->
<--- Last few GCs --->
<--- Last few GCs --->
<--- Last few GCs --->
<--- Last few GCs --->
<--- Last few GCs --->
<--- Last few GCs --->
<--- Last few GCs --->
<--- Last few GCs --->
<--- Last few GCs --->
<--- Last few GCs --->
<--- Last few GCs --->

<--- Last few GCs --->
<--- Last few GCs --->
<--- Last few GCs --->
#

<--- Last few GCs --->


<--- Last few GCs --->
<--- Last few GCs --->
<--- Last few GCs --->
<--- Last few GCs --->
<--- Last few GCs --->
<--- Last few GCs --->
<--- Last few GCs --->
<--- Last few GCs --->
<--- Last few GCs --->
<--- Last few GCs --->
<--- Last few GCs --->
<--- Last few GCs --->
<--- Last few GCs --->
<--- Last few GCs --->
<--- Last few GCs --->
<--- Last few GCs --->
<--- Last few GCs --->
<--- Last few GCs --->
<--- Last few GCs --->
<--- Last few GCs --->
<--- Last few GCs --->
<--- Last few GCs --->

<--- Last few GCs --->
<--- Last few GCs --->
<--- Last few GCs --->
<--- Last few GCs --->
<--- Last few GCs --->
<--- Last few GCs --->
<--- Last few GCs --->
<--- Last few GCs --->
<--- Last few GCs --->
<--- Last few GCs --->
<--- Last few GCs --->
<--- Last few GCs --->
<--- Last few GCs --->

<--- Last few GCs --->
<--- Last few GCs --->
<--- Last few GCs --->
<--- Last few GCs --->
<--- Last few GCs --->
<--- Last few GCs --->
<--- Last few GCs --->
<--- Last few GCs --->

<--- Last few GCs --->
<--- Last few GCs --->
<--- Last few GCs --->

<--- Last few GCs --->
<--- Last few GCs --->
<--- Last few GCs --->
<--- Last few GCs --->
<--- Last few GCs --->
<--- Last few GCs --->
<--- Last few GCs --->
<--- Last few GCs --->
<--- Last few GCs --->
<--- Last few GCs --->
<--- Last few GCs --->
<--- Last few GCs --->
<--- Last few GCs --->

<--- Last few GCs --->
<--- Last few GCs --->

<--- Last few GCs --->
<--- Last few GCs --->
#
<--- Last few GCs --->
<--- Last few GCs --->
<--- Last few GCs --->










#
#









#







<--- Last few GCs --->


#
#
#

<--- Last few GCs --->
<--- Last few GCs --->


#

#
# Fatal error in , line 0


# Check failed: (result.ptr) != nullptr.





#








#








#




#






#



#








#








#


















# Fatal error in , line 0






# Fatal error in , line 0







#

#








#











#





































#

#












#
























#
#




#



















#
#






















#













#








#



#













#



[74744:000001F644843000]      461 ms: Scavenge 6.4 (8.0) -> 6.3 (10.8) MB, pooled: 0 MB, 1.24 / 0.00 ms  (average mu = 1.000, current mu = 1.000) allocation failure; 

# Fatal process out of memory: Zone



[71620:0000015839D91000]      685 ms: Scavenge 6.4 (8.0) -> 6.3 (11.0) MB, pooled: 0 MB, 1.27 / 0.00 ms  (average mu = 1.000, current mu = 1.000) allocation failure; 
[78292:000002A5C7151000]      229 ms: Scavenge 6.4 (8.0) -> 6.3 (10.8) MB, pooled: 0 MB, 0.86 / 0.00 ms  (average mu = 1.000, current mu = 1.000) allocation failure; 
[105560:0000012E32841000]     4594 ms: Scavenge 6.4 (8.0) -> 5.6 (9.7) MB, pooled: 0 MB, 1.35 / 0.00 ms  (average mu = 1.000, current mu = 1.000) allocation failure; 
[44960:000001C1F5FF1000]    25534 ms: Scavenge 9.2 (11.6) -> 8.4 (9.6) MB, pooled: 2 MB, 20.69 / 0.00 ms  (average mu = 1.000, current mu = 1.000) allocation failure; 
[78724:0000021F23CF5000]      739 ms: Scavenge 6.4 (8.0) -> 6.3 (10.8) MB, pooled: 0 MB, 1.04 / 0.00 ms  (average mu = 1.000, current mu = 1.000) allocation failure; 
[38344:00000221CBB33000]      302 ms: Scavenge 6.4 (8.0) -> 6.3 (10.8) MB, pooled: 0 MB, 1.03 / 0.00 ms  (average mu = 1.000, current mu = 1.000) allocation failure; 
[93364:000002ABD146C000]     8685 ms: Scavenge 6.4 (7.0) -> 5.6 (7.7) MB, pooled: 0 MB, 2.02 / 0.00 ms  (average mu = 1.000, current mu = 1.000) allocation failure; 
[94108:00000199589F1000]     6589 ms: Scavenge 6.4 (7.0) -> 5.6 (7.9) MB, pooled: 0 MB, 2.07 / 0.00 ms  (average mu = 1.000, current mu = 1.000) allocation failure; 
[84108:000001F23BB23000]      101 ms: Scavenge 6.4 (8.0) -> 6.3 (10.8) MB, pooled: 0 MB, 2.24 / 0.00 ms  (average mu = 1.000, current mu = 1.000) allocation failure; 
[46932:0000018BB0575000]      318 ms: Scavenge 6.4 (8.0) -> 6.3 (11.0) MB, pooled: 0 MB, 0.96 / 0.00 ms  (average mu = 1.000, current mu = 1.000) allocation failure; 
# Fatal process out of memory: Zone
# Fatal error in , line 0
[75920:0000020A435D1000]      430 ms: Scavenge 6.4 (8.0) -> 6.3 (10.5) MB, pooled: 0 MB, 228.28 / 0.00 ms  (average mu = 1.000, current mu = 1.000) allocation failure; 
[46716:000001B2DB71E000]    23352 ms: Scavenge 9.2 (11.6) -> 8.4 (9.6) MB, pooled: 2 MB, 1.39 / 0.00 ms  (average mu = 1.000, current mu = 1.000) allocation failure; 
[43284:000002BEAF571000]      365 ms: Scavenge 6.4 (8.0) -> 5.6 (9.9) MB, pooled: 0 MB, 1.85 / 0.00 ms  (average mu = 1.000, current mu = 1.000) allocation failure; 
[46760:000001313E841000]     1118 ms: Scavenge 6.4 (8.0) -> 5.6 (9.7) MB, pooled: 0 MB, 4.12 / 0.00 ms  (average mu = 1.000, current mu = 1.000) allocation failure; 
[46772:000001BFE1D21000]      115 ms: Scavenge 6.4 (8.0) -> 6.3 (10.8) MB, pooled: 0 MB, 1.08 / 0.00 ms  (average mu = 1.000, current mu = 1.000) allocation failure; 
[57996:0000020FAB975000]      854 ms: Scavenge 6.4 (8.0) -> 5.6 (10.0) MB, pooled: 0 MB, 1.18 / 0.00 ms  (average mu = 1.000, current mu = 1.000) allocation failure; 
[56512:0000018B06A91000]      440 ms: Scavenge 6.4 (8.0) -> 6.3 (10.5) MB, pooled: 0 MB, 1.52 / 0.00 ms  (average mu = 1.000, current mu = 1.000) allocation failure; 
[58556:000001E1F5EE5000]      564 ms: Scavenge 6.4 (8.0) -> 5.6 (9.9) MB, pooled: 0 MB, 2.34 / 0.00 ms  (average mu = 1.000, current mu = 1.000) allocation failure; 
[74864:000002391B0A5000]      553 ms: Scavenge 6.4 (8.0) -> 5.6 (10.0) MB, pooled: 0 MB, 1.22 / 0.00 ms  (average mu = 1.000, current mu = 1.000) allocation failure; 
# Fatal process out of memory: Zone
[68288:000001DD4834D000]      279 ms: Scavenge 6.4 (8.0) -> 5.6 (9.9) MB, pooled: 0 MB, 1.30 / 0.00 ms  (average mu = 1.000, current mu = 1.000) allocation failure; 
[80744:0000024A15415000]     2651 ms: Scavenge 6.4 (8.0) -> 6.4 (11.0) MB, pooled: 0 MB, 1162.25 / 0.00 ms  (average mu = 1.000, current mu = 1.000) allocation failure; 
[88004:000001AC2F561000]     7001 ms: Scavenge 6.4 (7.0) -> 5.6 (7.7) MB, pooled: 0 MB, 1.84 / 0.00 ms  (average mu = 1.000, current mu = 1.000) allocation failure; 
[104624:0000022B6EAA1000]      776 ms: Scavenge 6.4 (8.0) -> 6.3 (10.8) MB, pooled: 0 MB, 1.60 / 0.00 ms  (average mu = 1.000, current mu = 1.000) allocation failure; 
[74920:0000023790123000]      274 ms: Scavenge 6.4 (8.0) -> 6.3 (10.5) MB, pooled: 0 MB, 1.82 / 0.00 ms  (average mu = 1.000, current mu = 1.000) allocation failure; 
[76360:0000021317FD5000]      703 ms: Scavenge 6.4 (8.0) -> 5.6 (9.7) MB, pooled: 0 MB, 1.01 / 0.00 ms  (average mu = 1.000, current mu = 1.000) allocation failure; 
[71744:000002361F201000]      119 ms: Scavenge 6.4 (8.0) -> 6.3 (10.8) MB, pooled: 0 MB, 1.09 / 0.00 ms  (average mu = 1.000, current mu = 1.000) allocation failure; 
[46608:0000026F1E965000]     1815 ms: Scavenge 6.4 (8.0) -> 6.3 (11.0) MB, pooled: 0 MB, 2.94 / 0.00 ms  (average mu = 1.000, current mu = 1.000) allocation failure; 
[78568:000001648E375000]      618 ms: Scavenge 6.4 (8.0) -> 6.3 (10.8) MB, pooled: 0 MB, 1.67 / 0.00 ms  (average mu = 1.000, current mu = 1.000) allocation failure; 
[58272:00000212E9D71000]    20042 ms: Scavenge 9.2 (9.6) -> 8.8 (12.1) MB, pooled: 0 MB, 1.31 / 0.00 ms  (average mu = 1.000, current mu = 1.000) allocation failure; 
# Fatal error in , line 0
# Fatal process out of memory: Zone
# Fatal error in , line 0
[100204:0000021BAB751000]     9329 ms: Scavenge 6.4 (7.0) -> 5.6 (7.9) MB, pooled: 0 MB, 1.22 / 0.00 ms  (average mu = 1.000, current mu = 1.000) allocation failure; 
# Fatal error in , line 0
[68184:00000234B2993000]      328 ms: Scavenge 6.4 (8.0) -> 5.6 (9.9) MB, pooled: 0 MB, 2.18 / 0.00 ms  (average mu = 1.000, current mu = 1.000) allocation failure; 
[94596:0000024C592A7000]     3627 ms: Scavenge 6.4 (8.0) -> 6.3 (10.8) MB, pooled: 0 MB, 5.69 / 0.00 ms  (average mu = 1.000, current mu = 1.000) allocation failure; 
[85948:00000217B9771000]     8432 ms: Scavenge 6.4 (7.0) -> 5.6 (7.7) MB, pooled: 0 MB, 8.16 / 0.00 ms  (average mu = 1.000, current mu = 1.000) allocation failure; 
# Fatal error in , line 0
[76000:000002E3B5211000]      559 ms: Scavenge 6.4 (8.0) -> 5.6 (9.7) MB, pooled: 0 MB, 201.25 / 0.00 ms  (average mu = 1.000, current mu = 1.000) allocation failure; 

[71340:000002CC75831000]    17481 ms: Scavenge 9.2 (11.6) -> 8.4 (9.4) MB, pooled: 2 MB, 1.39 / 0.00 ms  (average mu = 1.000, current mu = 1.000) allocation failure; 
[58316:000001C9B472C000]      353 ms: Scavenge 6.4 (8.0) -> 6.3 (10.8) MB, pooled: 0 MB, 1.04 / 0.00 ms  (average mu = 1.000, current mu = 1.000) allocation failure; 
[48644:0000015057CE1000]     1142 ms: Scavenge 6.4 (8.0) -> 6.3 (10.8) MB, pooled: 0 MB, 2.07 / 0.00 ms  (average mu = 1.000, current mu = 1.000) allocation failure; 
#
[68312:0000028F3A595000]      279 ms: Scavenge 6.4 (8.0) -> 6.3 (10.8) MB, pooled: 0 MB, 1.29 / 0.00 ms  (average mu = 1.000, current mu = 1.000) allocation failure; 
[74544:000001B3B26A8000]      185 ms: Scavenge 6.4 (8.0) -> 5.6 (10.2) MB, pooled: 0 MB, 1.17 / 0.00 ms  (average mu = 1.000, current mu = 1.000) allocation failure; 
[76904:000001320C163000]      985 ms: Scavenge 6.4 (8.0) -> 6.3 (10.8) MB, pooled: 0 MB, 81.71 / 0.00 ms  (average mu = 1.000, current mu = 1.000) allocation failure; 
[11432:000001CC9D74D000]     8712 ms: Scavenge 6.4 (7.0) -> 5.6 (7.7) MB, pooled: 0 MB, 1.79 / 0.00 ms  (average mu = 1.000, current mu = 1.000) allocation failure; 
[70156:0000021179825000]      396 ms: Scavenge 6.4 (8.0) -> 6.3 (11.0) MB, pooled: 0 MB, 1.21 / 0.00 ms  (average mu = 1.000, current mu = 1.000) allocation failure; 
# Fatal error in , line 0
[74512:000001CAAD971000]      852 ms: Scavenge 6.4 (8.0) -> 6.3 (10.8) MB, pooled: 0 MB, 2.18 / 0.00 ms  (average mu = 1.000, current mu = 1.000) allocation failure; 

[77240:00000298241A1000]      282 ms: Scavenge 6.4 (8.0) -> 5.6 (10.2) MB, pooled: 0 MB, 1.32 / 0.00 ms  (average mu = 1.000, current mu = 1.000) allocation failure; 
[47056:000001ADB69E1000]      396 ms: Scavenge 6.4 (8.0) -> 6.3 (10.8) MB, pooled: 0 MB, 4.00 / 0.00 ms  (average mu = 1.000, current mu = 1.000) allocation failure; 
[69164:000002392FF01000]      819 ms: Scavenge 6.4 (8.0) -> 6.3 (11.0) MB, pooled: 0 MB, 1.52 / 0.00 ms  (average mu = 1.000, current mu = 1.000) allocation failure; 
[72092:000002DB5EF76000]      728 ms: Scavenge 6.4 (8.0) -> 6.3 (10.5) MB, pooled: 0 MB, 1.34 / 0.00 ms  (average mu = 1.000, current mu = 1.000) allocation failure; 
[90836:00000159EFAC9000]     7105 ms: Scavenge 6.4 (7.0) -> 6.3 (8.5) MB, pooled: 0 MB, 33.28 / 0.00 ms  (average mu = 1.000, current mu = 1.000) allocation failure; 
[78872:0000027CDDA21000]      480 ms: Scavenge 6.4 (8.0) -> 6.3 (10.8) MB, pooled: 0 MB, 1.05 / 0.00 ms  (average mu = 1.000, current mu = 1.000) allocation failure; 
# Fatal process out of memory: Zone
[59512:000002B393D61000]    25023 ms: Scavenge 9.6 (11.6) -> 9.1 (10.3) MB, pooled: 2 MB, 1.61 / 0.00 ms  (average mu = 1.000, current mu = 1.000) allocation failure; 
[46940:0000023A5C169000]    21539 ms: Scavenge 9.2 (11.6) -> 8.4 (9.4) MB, pooled: 2 MB, 1.47 / 0.00 ms  (average mu = 1.000, current mu = 1.000) allocation failure; 
[48476:0000022C41213000]    16526 ms: Scavenge 9.2 (11.6) -> 8.4 (9.4) MB, pooled: 2 MB, 2.42 / 0.00 ms  (average mu = 1.000, current mu = 1.000) allocation failure; 
[80096:000002367B331000]     7634 ms: Scavenge 6.4 (7.0) -> 5.6 (7.7) MB, pooled: 0 MB, 1.94 / 0.00 ms  (average mu = 1.000, current mu = 1.000) allocation failure; 
[74300:000001FEFFEE5000]      450 ms: Scavenge 6.4 (8.0) -> 6.3 (11.0) MB, pooled: 0 MB, 1.03 / 0.00 ms  (average mu = 1.000, current mu = 1.000) allocation failure; 
[58264:00000183A8EE7000]    22174 ms: Scavenge 8.5 (10.8) -> 7.6 (8.8) MB, pooled: 2 MB, 1.39 / 0.00 ms  (average mu = 1.000, current mu = 1.000) allocation failure; 
[100496:000002EC65011000]    12125 ms: Scavenge 6.4 (7.0) -> 5.6 (7.9) MB, pooled: 0 MB, 1.74 / 0.00 ms  (average mu = 1.000, current mu = 1.000) allocation failure; 
[46892:0000021255881000]    18414 ms: Scavenge 9.9 (10.4) -> 9.5 (12.6) MB, pooled: 0 MB, 1.85 / 0.00 ms  (average mu = 1.000, current mu = 1.000) allocation failure; 
# Fatal process out of memory: Zone
[87300:000001E2B7241000]    10596 ms: Scavenge 6.4 (7.0) -> 5.6 (7.7) MB, pooled: 0 MB, 1.94 / 0.00 ms  (average mu = 1.000, current mu = 1.000) allocation failure; 
[56584:0000022C66F01000]    23306 ms: Scavenge 9.2 (11.6) -> 8.4 (9.6) MB, pooled: 2 MB, 1.72 / 0.00 ms  (average mu = 1.000, current mu = 1.000) allocation failure; 
[86568:00000277E0B61000]     8549 ms: Scavenge 6.4 (7.0) -> 5.6 (7.7) MB, pooled: 0 MB, 7.70 / 0.00 ms  (average mu = 1.000, current mu = 1.000) allocation failure; 
[94212:0000018B26185000]     7372 ms: Scavenge 6.4 (7.0) -> 6.3 (8.5) MB, pooled: 0 MB, 166.39 / 0.00 ms  (average mu = 1.000, current mu = 1.000) allocation failure; 
# Fatal error in , line 0
[99632:000001E6C4711000]     5924 ms: Scavenge 6.4 (7.0) -> 6.3 (10.8) MB, pooled: 0 MB, 104.25 / 0.00 ms  (average mu = 1.000, current mu = 1.000) allocation failure; 
[56928:000001DC9AD11000]    24470 ms: Scavenge 9.2 (11.6) -> 8.4 (9.4) MB, pooled: 2 MB, 1.74 / 0.00 ms  (average mu = 1.000, current mu = 1.000) allocation failure; 
[71396:0000019A06903000]      858 ms: Scavenge 6.4 (8.0) -> 5.6 (9.9) MB, pooled: 0 MB, 1.34 / 0.00 ms  (average mu = 1.000, current mu = 1.000) allocation failure; 
[89500:000002734FCA1000]     5917 ms: Scavenge 6.4 (7.0) -> 5.6 (9.9) MB, pooled: 0 MB, 1.33 / 0.00 ms  (average mu = 1.000, current mu = 1.000) allocation failure; 
[80492:000002336DB31000]      273 ms: Scavenge 6.4 (8.0) -> 5.6 (9.7) MB, pooled: 0 MB, 6.31 / 0.00 ms  (average mu = 1.000, current mu = 1.000) allocation failure; 
[70704:000002C770155000]     1299 ms: Scavenge 6.4 (8.0) -> 6.3 (10.8) MB, pooled: 0 MB, 0.91 / 0.00 ms  (average mu = 1.000, current mu = 1.000) allocation failure; 
# Fatal error in , line 0
[73828:00000137394F7000]      563 ms: Scavenge 6.4 (8.0) -> 6.3 (10.8) MB, pooled: 0 MB, 1.64 / 0.00 ms  (average mu = 1.000, current mu = 1.000) allocation failure; 
[74188:000001864C78B000]      346 ms: Scavenge 6.4 (8.0) -> 6.3 (10.8) MB, pooled: 0 MB, 1.09 / 0.00 ms  (average mu = 1.000, current mu = 1.000) allocation failure; 
[68376:000001B2566A1000]    30333 ms: Scavenge 10.0 (10.8) -> 9.7 (12.1) MB, pooled: 1 MB, 0.58 / 0.00 ms  (average mu = 1.000, current mu = 1.000) allocation failure; 
# Fatal error in , line 0
[101032:0000020C853A1000]     1957 ms: Scavenge 6.4 (8.0) -> 6.3 (10.5) MB, pooled: 0 MB, 1.61 / 0.00 ms  (average mu = 1.000, current mu = 1.000) allocation failure; 
[78360:000001DD3B713000]    25560 ms: Scavenge 8.8 (12.1) -> 8.8 (10.6) MB, pooled: 2 MB, 1007.77 / 0.00 ms  (average mu = 1.000, current mu = 1.000) allocation failure; 
[87272:0000015D5F391000]     8497 ms: Scavenge 6.4 (7.0) -> 5.6 (7.7) MB, pooled: 0 MB, 1.93 / 0.00 ms  (average mu = 1.000, current mu = 1.000) allocation failure; 
[94236:000002B9E70A1000]     7629 ms: Scavenge 6.4 (7.0) -> 5.6 (7.7) MB, pooled: 0 MB, 1.30 / 0.00 ms  (average mu = 1.000, current mu = 1.000) allocation failure; 
[60612:0000023136CC1000]    34351 ms: Scavenge 8.8 (12.4) -> 8.8 (10.4) MB, pooled: 2 MB, 0.40 / 0.00 ms  (average mu = 1.000, current mu = 1.000) allocation failure; 
[68352:0000017AB1875000]      585 ms: Scavenge 6.4 (8.0) -> 6.4 (10.8) MB, pooled: 0 MB, 1.38 / 0.00 ms  (average mu = 1.000, current mu = 1.000) allocation failure; 
[81212:00000219218F3000]    25634 ms: Scavenge 6.6 (9.0) -> 6.6 (8.0) MB, pooled: 1 MB, 0.44 / 0.00 ms  (average mu = 1.000, current mu = 1.000) allocation failure; 
[97104:0000022D2F0E1000]    20415 ms: Scavenge 7.4 (8.5) -> 7.4 (10.5) MB, pooled: 1 MB, 0.63 / 0.00 ms  (average mu = 1.000, current mu = 1.000) allocation failure; 
# Fatal error in , line 0
[58776:0000023D02E81000]      300 ms: Scavenge 6.4 (8.0) -> 6.3 (11.0) MB, pooled: 0 MB, 1.67 / 0.00 ms  (average mu = 1.000, current mu = 1.000) allocation failure; 
[74932:0000010D9ECA1000]      556 ms: Scavenge 6.4 (8.0) -> 5.6 (10.0) MB, pooled: 0 MB, 1.41 / 0.00 ms  (average mu = 1.000, current mu = 1.000) allocation failure; 
[88324:0000021A1D351000]     7803 ms: Scavenge 6.4 (7.0) -> 5.6 (8.0) MB, pooled: 0 MB, 1.52 / 0.00 ms  (average mu = 1.000, current mu = 1.000) allocation failure; 
[74420:000001A0759A8000]    17624 ms: Scavenge 9.2 (11.6) -> 8.4 (9.4) MB, pooled: 2 MB, 4.12 / 0.00 ms  (average mu = 1.000, current mu = 1.000) allocation failure; 
[87584:00000162A4FF1000]     7076 ms: Scavenge 6.4 (7.0) -> 6.3 (8.5) MB, pooled: 0 MB, 1.17 / 0.00 ms  (average mu = 1.000, current mu = 1.000) allocation failure; 
[68320:000001F096921000]      508 ms: Scavenge 6.4 (8.0) -> 6.3 (10.8) MB, pooled: 0 MB, 1.74 / 0.00 ms  (average mu = 1.000, current mu = 1.000) allocation failure; 
[71052:0000022C1B191000]    29412 ms: Scavenge 7.4 (8.5) -> 7.4 (10.3) MB, pooled: 1 MB, 1.31 / 0.00 ms  (average mu = 1.000, current mu = 1.000) allocation failure; 
[68296:0000023D01B55000]      224 ms: Scavenge 6.4 (8.0) -> 5.6 (10.0) MB, pooled: 0 MB, 1.24 / 0.00 ms  (average mu = 1.000, current mu = 1.000) allocation failure; 
# Fatal error in , line 0
[59252:00000235EC9B3000]      446 ms: Scavenge 6.4 (8.0) -> 6.3 (10.8) MB, pooled: 0 MB, 1.14 / 0.00 ms  (average mu = 1.000, current mu = 1.000) allocation failure; 
[74896:000002678D5C1000]    27353 ms: Scavenge 8.8 (12.4) -> 8.8 (10.4) MB, pooled: 2 MB, 0.53 / 0.00 ms  (average mu = 1.000, current mu = 1.000) allocation failure; 
[83336:000001F56EE9A000]     8048 ms: Scavenge 6.4 (7.0) -> 5.6 (8.0) MB, pooled: 0 MB, 1.64 / 0.00 ms  (average mu = 1.000, current mu = 1.000) allocation failure; 
[79920:000001B0D2A75000]      638 ms: Scavenge 6.4 (8.0) -> 5.6 (9.7) MB, pooled: 0 MB, 2.43 / 0.00 ms  (average mu = 1.000, current mu = 1.000) allocation failure; 
[106580:00000141B78F1000]    11663 ms: Scavenge 6.4 (7.0) -> 5.6 (7.7) MB, pooled: 0 MB, 1.51 / 0.00 ms  (average mu = 1.000, current mu = 1.000) allocation failure; 
[102460:00000299C8E55000]    11619 ms: Scavenge 6.4 (7.0) -> 6.3 (8.5) MB, pooled: 0 MB, 3.08 / 0.00 ms  (average mu = 1.000, current mu = 1.000) allocation failure; 
[72592:0000027494F15000]      717 ms: Scavenge 6.4 (8.0) -> 5.6 (10.0) MB, pooled: 0 MB, 77.94 / 0.00 ms  (average mu = 1.000, current mu = 1.000) allocation failure; 
[69492:0000022D948F1000]    31198 ms: Scavenge 10.8 (11.4) -> 10.4 (13.1) MB, pooled: 0 MB, 1.08 / 0.00 ms  (average mu = 1.000, current mu = 1.000) allocation failure; 
[59372:000001E6A7E97000]      282 ms: Scavenge 6.4 (8.0) -> 6.3 (10.8) MB, pooled: 0 MB, 66.48 / 0.00 ms  (average mu = 1.000, current mu = 1.000) allocation failure; 
[43904:000001F9CD471000]    39187 ms: Scavenge 10.8 (11.6) -> 10.5 (13.1) MB, pooled: 0 MB, 0.94 / 0.00 ms  (average mu = 1.000, current mu = 1.000) allocation failure; 
[45960:0000022D33EE6000]     3442 ms: Scavenge 6.4 (8.0) -> 5.6 (9.9) MB, pooled: 0 MB, 0.99 / 0.00 ms  (average mu = 1.000, current mu = 1.000) allocation failure; 
[69544:00000285F0CC1000]      592 ms: Scavenge 6.4 (8.0) -> 6.3 (10.8) MB, pooled: 0 MB, 2.27 / 0.00 ms  (average mu = 1.000, current mu = 1.000) allocation failure; 
[98664:000001845F1C1000]     5034 ms: Scavenge 6.4 (8.0) -> 6.3 (10.5) MB, pooled: 0 MB, 1.89 / 0.00 ms  (average mu = 1.000, current mu = 1.000) allocation failure; 
[92540:0000021FE5981000]     2635 ms: Scavenge 6.4 (8.0) -> 5.6 (9.7) MB, pooled: 0 MB, 1.66 / 0.00 ms  (average mu = 1.000, current mu = 1.000) allocation failure; 
[59804:000001A3E8211000]      316 ms: Scavenge 6.4 (8.0) -> 6.3 (10.8) MB, pooled: 0 MB, 1.31 / 0.00 ms  (average mu = 1.000, current mu = 1.000) allocation failure; 
[103200:00000203D43D1000]    12961 ms: Scavenge 6.4 (7.0) -> 5.6 (7.7) MB, pooled: 0 MB, 2.97 / 0.00 ms  (average mu = 1.000, current mu = 1.000) allocation failure; 
[94164:0000025808961000]     5715 ms: Scavenge 6.4 (7.0) -> 6.3 (10.8) MB, pooled: 0 MB, 371.56 / 0.00 ms  (average mu = 1.000, current mu = 1.000) allocation failure; 
[80472:0000010BC6FF7000]    26298 ms: Scavenge 7.4 (8.5) -> 7.4 (10.5) MB, pooled: 1 MB, 0.66 / 0.00 ms  (average mu = 1.000, current mu = 1.000) allocation failure; 
[95720:000001B23AF38000]     6656 ms: Scavenge 6.4 (7.0) -> 5.6 (7.7) MB, pooled: 0 MB, 2.20 / 0.00 ms  (average mu = 1.000, current mu = 1.000) allocation failure; 
[91352:00000170FD6B5000]     3206 ms: Scavenge 6.4 (8.0) -> 6.3 (10.8) MB, pooled: 0 MB, 1.58 / 0.00 ms  (average mu = 1.000, current mu = 1.000) allocation failure; 
[77740:000001F12FF71000]    29900 ms: Scavenge 6.6 (7.4) -> 6.6 (8.9) MB, pooled: 2 MB, 0.57 / 0.00 ms  (average mu = 1.000, current mu = 1.000) allocation failure; 
[58004:000001D47B171000]      249 ms: Scavenge 6.4 (8.0) -> 5.6 (9.9) MB, pooled: 0 MB, 1.10 / 0.00 ms  (average mu = 1.000, current mu = 1.000) allocation failure; 
[95464:000001F317561000]    20095 ms: Mark-Compact 7.4 (9.1) -> 7.4 (9.1) MB, pooled: 2 MB, 3020.94 / 0.00 ms  (average mu = 0.759, current mu = 0.399) allocation failure; GC in old space requested
[71996:000001FA127F5000]    29641 ms: Scavenge 6.6 (7.5) -> 6.6 (9.0) MB, pooled: 2 MB, 0.50 / 0.00 ms  (average mu = 1.000, current mu = 1.000) allocation failure; 
# Out of memory: HashMap::Initialize
[76316:0000020B76FC1000]    31864 ms: Scavenge 7.4 (8.5) -> 7.4 (10.5) MB, pooled: 1 MB, 0.70 / 0.00 ms  (average mu = 1.000, current mu = 1.000) allocation failure; 
[90584:000001E02D9B1000]     5487 ms: Scavenge 6.4 (7.0) -> 6.3 (10.8) MB, pooled: 0 MB, 1.15 / 0.00 ms  (average mu = 1.000, current mu = 1.000) allocation failure; 
[77192:00000252C9E01000]      290 ms: Scavenge 6.4 (8.0) -> 6.3 (10.8) MB, pooled: 0 MB, 1.34 / 0.00 ms  (average mu = 1.000, current mu = 1.000) allocation failure; 
[68096:00000207500D1000]    31133 ms: Scavenge 8.8 (12.4) -> 8.8 (10.4) MB, pooled: 2 MB, 0.60 / 0.00 ms  (average mu = 1.000, current mu = 1.000) allocation failure; 
[58168:00000267DE371000]    33154 ms: Scavenge 9.2 (11.6) -> 8.4 (9.4) MB, pooled: 2 MB, 3023.02 / 0.00 ms  (average mu = 1.000, current mu = 1.000) allocation failure; 
# Out of memory: HashMap::Initialize
[77772:0000028731081000]      962 ms: Scavenge 6.4 (8.0) -> 6.3 (10.8) MB, pooled: 0 MB, 0.91 / 0.00 ms  (average mu = 1.000, current mu = 1.000) allocation failure; 
[52948:0000023B85911000]     2332 ms: Scavenge 6.4 (8.0) -> 6.3 (10.8) MB, pooled: 0 MB, 4.60 / 0.00 ms  (average mu = 1.000, current mu = 1.000) allocation failure; 
# Fatal error in , line 0
[85116:000001B58D141000]     7439 ms: Scavenge 6.4 (7.0) -> 5.6 (7.9) MB, pooled: 0 MB, 2.30 / 0.00 ms  (average mu = 1.000, current mu = 1.000) allocation failure; 
# Fatal error in , line 0
[79220:000001F046C81000]      860 ms: Scavenge 6.4 (8.0) -> 5.6 (9.9) MB, pooled: 0 MB, 1.04 / 0.00 ms  (average mu = 1.000, current mu = 1.000) allocation failure; 
[74644:0000010B26C91000]      324 ms: Scavenge 6.4 (8.0) -> 6.3 (10.8) MB, pooled: 0 MB, 1.84 / 0.00 ms  (average mu = 1.000, current mu = 1.000) allocation failure; 
[59532:000001F53EBD1000]    37630 ms: Scavenge 11.0 (13.6) -> 11.0 (12.6) MB, pooled: 1 MB, 0.31 / 0.00 ms  (average mu = 1.000, current mu = 1.000) allocation failure; 
[86216:000001A024031000]     8408 ms: Scavenge 6.4 (7.0) -> 5.6 (7.7) MB, pooled: 0 MB, 2.09 / 0.00 ms  (average mu = 1.000, current mu = 1.000) allocation failure; 
[70724:000002446F171000]      882 ms: Scavenge 6.4 (8.0) -> 5.6 (9.9) MB, pooled: 0 MB, 1.51 / 0.00 ms  (average mu = 1.000, current mu = 1.000) allocation failure; 
[100464:000001CA50391000]    20720 ms: Mark-Compact 7.4 (9.1) -> 7.4 (9.1) MB, pooled: 2 MB, 2022.53 / 0.00 ms  (average mu = 0.836, current mu = 0.499) allocation failure; GC in old space requested
[72056:0000013F3FC41000]      361 ms: Scavenge 6.4 (8.0) -> 6.3 (10.8) MB, pooled: 0 MB, 1.02 / 0.00 ms  (average mu = 1.000, current mu = 1.000) allocation failure; 
[71388:0000026767CC1000]      386 ms: Scavenge 6.4 (8.0) -> 5.6 (9.7) MB, pooled: 0 MB, 1.65 / 0.00 ms  (average mu = 1.000, current mu = 1.000) allocation failure; 
# Fatal error in , line 0
[81380:0000023B7F275000]     8731 ms: Scavenge 6.4 (7.0) -> 5.6 (7.7) MB, pooled: 0 MB, 5.21 / 0.00 ms  (average mu = 1.000, current mu = 1.000) allocation failure; 
[70284:000001B0E5F51000]      295 ms: Scavenge 6.4 (8.0) -> 6.3 (10.8) MB, pooled: 0 MB, 3.78 / 0.00 ms  (average mu = 1.000, current mu = 1.000) allocation failure; 
[40680:000001BC04711000]    40861 ms: Scavenge 7.4 (8.5) -> 7.4 (10.5) MB, pooled: 1 MB, 0.94 / 0.00 ms  (average mu = 1.000, current mu = 1.000) allocation failure; 
[88712:000001B65CAC1000]     4389 ms: Scavenge 6.4 (8.0) -> 6.3 (10.5) MB, pooled: 0 MB, 1.44 / 0.00 ms  (average mu = 1.000, current mu = 1.000) allocation failure; 
[58116:00000222572DC000]      356 ms: Scavenge 6.4 (8.0) -> 5.6 (9.9) MB, pooled: 0 MB, 1.23 / 0.00 ms  (average mu = 1.000, current mu = 1.000) allocation failure; 
[91540:0000017D34AB1000]     9291 ms: Scavenge 6.4 (7.0) -> 5.6 (7.7) MB, pooled: 0 MB, 1.62 / 0.00 ms  (average mu = 1.000, current mu = 1.000) allocation failure; 
[82404:00000220EF181000]     1495 ms: Scavenge 6.4 (8.0) -> 6.3 (10.8) MB, pooled: 0 MB, 1.11 / 0.00 ms  (average mu = 1.000, current mu = 1.000) allocation failure; 
[83020:0000015B45591000]    29012 ms: Scavenge 7.4 (8.5) -> 7.4 (10.3) MB, pooled: 1 MB, 0.54 / 0.00 ms  (average mu = 1.000, current mu = 1.000) allocation failure; 
[86840:000002CA88961000]    20444 ms: Mark-Compact 7.4 (9.8) -> 7.4 (8.8) MB, pooled: 2 MB, 1006.61 / 0.00 ms  (average mu = 0.828, current mu = 0.667) allocation failure; GC in old space requested
[35744:0000028BF0A71000]    30264 ms: Scavenge 8.4 (10.8) -> 7.6 (8.8) MB, pooled: 2 MB, 3.13 / 0.00 ms  (average mu = 1.000, current mu = 1.000) allocation failure; 
[78656:0000024F1FE33000]      485 ms: Scavenge 6.4 (8.0) -> 5.6 (10.0) MB, pooled: 0 MB, 1.25 / 0.00 ms  (average mu = 1.000, current mu = 1.000) allocation failure; 
# Fatal process out of memory: Zone
[77648:0000024C72F4B000]    30888 ms: Scavenge 6.6 (7.4) -> 6.6 (8.9) MB, pooled: 2 MB, 0.63 / 0.00 ms  (average mu = 1.000, current mu = 1.000) allocation failure; 
[82628:0000023D6A458000]     8551 ms: Scavenge 6.4 (7.0) -> 6.3 (8.5) MB, pooled: 0 MB, 1.50 / 0.00 ms  (average mu = 1.000, current mu = 1.000) allocation failure; 
[97240:000001A402D21000]     3888 ms: Scavenge 6.4 (8.0) -> 5.6 (9.7) MB, pooled: 0 MB, 14.52 / 0.00 ms  (average mu = 1.000, current mu = 1.000) allocation failure; 
[73796:00000179061B3000]      642 ms: Scavenge 6.4 (8.0) -> 5.6 (9.7) MB, pooled: 0 MB, 1.25 / 0.00 ms  (average mu = 1.000, current mu = 1.000) allocation failure; 
[58100:00000217FE9C1000]      472 ms: Scavenge 6.4 (8.0) -> 6.3 (10.5) MB, pooled: 0 MB, 2.41 / 0.00 ms  (average mu = 1.000, current mu = 1.000) allocation failure; 
[39960:0000021E94D91000]    39179 ms: Scavenge 11.0 (13.6) -> 11.0 (12.6) MB, pooled: 1 MB, 0.27 / 0.00 ms  (average mu = 1.000, current mu = 1.000) allocation failure; 
[82148:0000028E3C631000]    30797 ms: Scavenge 7.4 (8.5) -> 7.4 (10.5) MB, pooled: 1 MB, 0.89 / 0.00 ms  (average mu = 1.000, current mu = 1.000) allocation failure; 
[82232:000001F64B591000]    31545 ms: Mark-Compact 7.4 (9.3) -> 7.4 (9.3) MB, pooled: 2 MB, 3.25 / 0.00 ms  (average mu = 0.880, current mu = 0.998) allocation failure; GC in old space requested
[79896:0000024D69E21000]       98 ms: Scavenge 6.4 (8.0) -> 6.3 (11.0) MB, pooled: 0 MB, 1.09 / 0.00 ms  (average mu = 1.000, current mu = 1.000) allocation failure; 
[78944:000001FDC7181000]    33958 ms: Scavenge 7.4 (8.5) -> 7.4 (10.3) MB, pooled: 1 MB, 0.78 / 0.00 ms  (average mu = 1.000, current mu = 1.000) allocation failure; 
[70912:0000020FF1665000]      217 ms: Scavenge 6.4 (8.0) -> 6.3 (10.8) MB, pooled: 0 MB, 1.48 / 0.00 ms  (average mu = 1.000, current mu = 1.000) allocation failure; 
[59628:0000019C74D91000]      965 ms: Scavenge 6.4 (8.0) -> 5.6 (9.7) MB, pooled: 0 MB, 189.16 / 0.00 ms  (average mu = 1.000, current mu = 1.000) allocation failure; 
[73008:0000022E418D3000]      669 ms: Scavenge 6.4 (8.0) -> 6.3 (11.0) MB, pooled: 0 MB, 1.12 / 0.00 ms  (average mu = 1.000, current mu = 1.000) allocation failure; 
[82368:0000022D5BF71000]     9010 ms: Scavenge 6.4 (7.0) -> 6.3 (8.8) MB, pooled: 0 MB, 1.00 / 0.00 ms  (average mu = 1.000, current mu = 1.000) allocation failure; 
[70796:0000029E1251E000]    34321 ms: Scavenge 11.0 (13.6) -> 11.0 (12.6) MB, pooled: 1 MB, 0.23 / 0.00 ms  (average mu = 1.000, current mu = 1.000) allocation failure; 
[87264:000001A41E561000]     7732 ms: Scavenge 6.4 (7.0) -> 5.6 (8.0) MB, pooled: 0 MB, 1.28 / 0.00 ms  (average mu = 1.000, current mu = 1.000) allocation failure; 
[57964:000002715515E000]    40478 ms: Mark-Compact 7.4 (9.3) -> 7.4 (9.3) MB, pooled: 2 MB, 2017.39 / 0.00 ms  (average mu = 0.909, current mu = 0.499) allocation failure; GC in old space requested
[58476:000002C14B721000]    29916 ms: Scavenge 9.2 (11.6) -> 8.4 (9.4) MB, pooled: 2 MB, 0.72 / 0.00 ms  (average mu = 1.000, current mu = 1.000) allocation failure; 
[46804:00000235D1713000]    46592 ms: Scavenge 10.2 (12.8) -> 10.2 (11.8) MB, pooled: 1 MB, 0.31 / 0.00 ms  (average mu = 1.000, current mu = 1.000) allocation failure; 
[40712:000002E2D9301000]    47255 ms: Scavenge 7.4 (8.5) -> 7.4 (10.3) MB, pooled: 1 MB, 0.57 / 0.00 ms  (average mu = 1.000, current mu = 1.000) allocation failure; 
[80976:00000215E5E11000]    31956 ms: Scavenge 6.6 (7.4) -> 6.6 (8.9) MB, pooled: 2 MB, 0.56 / 0.00 ms  (average mu = 1.000, current mu = 1.000) allocation failure; 
[79472:000002491CFD1000]      782 ms: Scavenge 6.4 (8.0) -> 5.6 (10.0) MB, pooled: 0 MB, 1.91 / 0.00 ms  (average mu = 1.000, current mu = 1.000) allocation failure; 
[55068:000001DE536B7000]      214 ms: Scavenge 6.4 (8.0) -> 5.6 (9.9) MB, pooled: 0 MB, 1.25 / 0.00 ms  (average mu = 1.000, current mu = 1.000) allocation failure; 
[11900:0000024E45E29000]    20979 ms: Scavenge 6.7 (7.7) -> 6.6 (9.5) MB, pooled: 1 MB, 0.63 / 0.00 ms  (average mu = 1.000, current mu = 1.000) allocation failure; 
[56888:0000029302C27000]    37756 ms: Scavenge 7.4 (8.5) -> 7.4 (10.5) MB, pooled: 1 MB, 0.56 / 0.00 ms  (average mu = 1.000, current mu = 1.000) allocation failure; 
[58340:0000013A33BE5000]      119 ms: Scavenge 6.4 (8.0) -> 6.3 (10.8) MB, pooled: 0 MB, 1.06 / 0.00 ms  (average mu = 1.000, current mu = 1.000) allocation failure; 
[97120:000001C3EF8C5000]     5020 ms: Scavenge 6.4 (8.0) -> 5.6 (9.7) MB, pooled: 0 MB, 703.71 / 0.00 ms  (average mu = 1.000, current mu = 1.000) allocation failure; 
[74100:0000023F672B1000]      322 ms: Scavenge 6.4 (8.0) -> 5.6 (9.9) MB, pooled: 0 MB, 4.06 / 0.00 ms  (average mu = 1.000, current mu = 1.000) allocation failure; 
[88984:0000019C210C1000]    24317 ms: Scavenge 6.6 (7.5) -> 6.6 (9.0) MB, pooled: 2 MB, 0.51 / 0.00 ms  (average mu = 1.000, current mu = 1.000) allocation failure; 
[77792:000001A583E78000]      634 ms: Scavenge 6.4 (8.0) -> 6.3 (10.8) MB, pooled: 0 MB, 1.07 / 0.00 ms  (average mu = 1.000, current mu = 1.000) allocation failure; 
[70972:000001DFCC373000]      302 ms: Scavenge 6.4 (8.0) -> 5.6 (9.9) MB, pooled: 0 MB, 1.29 / 0.00 ms  (average mu = 1.000, current mu = 1.000) allocation failure; 
[50532:000002B4CBE73000]    47247 ms: Scavenge 11.0 (13.6) -> 11.0 (12.6) MB, pooled: 1 MB, 0.24 / 0.00 ms  (average mu = 1.000, current mu = 1.000) allocation failure; 
[72252:0000015810321000]    38538 ms: Scavenge 7.4 (8.5) -> 7.4 (10.5) MB, pooled: 1 MB, 0.70 / 0.00 ms  (average mu = 1.000, current mu = 1.000) allocation failure; 
[49804:0000022B85431000]      518 ms: Scavenge 6.4 (8.0) -> 5.6 (10.2) MB, pooled: 0 MB, 1.22 / 0.00 ms  (average mu = 1.000, current mu = 1.000) allocation failure; 
[82380:000002802B6C1000]      375 ms: Scavenge 6.4 (8.0) -> 5.6 (9.7) MB, pooled: 0 MB, 2.06 / 0.00 ms  (average mu = 1.000, current mu = 1.000) allocation failure; 
[49576:0000017EAB0F1000]     1985 ms: Scavenge 6.4 (8.0) -> 6.3 (10.8) MB, pooled: 0 MB, 0.99 / 0.00 ms  (average mu = 1.000, current mu = 1.000) allocation failure; 
[95536:000002D340771000]     4756 ms: Scavenge 6.4 (8.0) -> 6.3 (11.0) MB, pooled: 0 MB, 1.65 / 0.00 ms  (average mu = 1.000, current mu = 1.000) allocation failure; 
# Fatal process out of memory: Zone
[86360:000001B696951000]     4575 ms: Scavenge 6.4 (8.0) -> 5.6 (9.7) MB, pooled: 0 MB, 1.46 / 0.00 ms  (average mu = 1.000, current mu = 1.000) allocation failure; 
# Fatal error in , line 0
[38832:000001D06E861000]    51214 ms: Scavenge 11.3 (12.9) -> 10.8 (12.4) MB, pooled: 1 MB, 0.40 / 0.00 ms  (average mu = 1.000, current mu = 1.000) allocation failure; 
[100160:000001F84D7C5000]     3846 ms: Scavenge 6.4 (8.0) -> 5.6 (9.7) MB, pooled: 0 MB, 1.84 / 0.00 ms  (average mu = 1.000, current mu = 1.000) allocation failure; 
[85280:000001D91109B000]      113 ms: Scavenge 6.4 (8.0) -> 6.3 (10.8) MB, pooled: 0 MB, 1.09 / 0.00 ms  (average mu = 1.000, current mu = 1.000) allocation failure; 
[68112:00000272F66F3000]      153 ms: Scavenge 6.4 (8.0) -> 5.6 (9.9) MB, pooled: 0 MB, 35.53 / 0.00 ms  (average mu = 1.000, current mu = 1.000) allocation failure; 
[84556:0000028855BE3000]     4851 ms: Scavenge 6.4 (8.0) -> 6.3 (10.8) MB, pooled: 0 MB, 1.32 / 0.00 ms  (average mu = 1.000, current mu = 1.000) allocation failure; 
[107148:0000023E51A31000]     8440 ms: Scavenge 6.4 (7.0) -> 6.3 (8.8) MB, pooled: 0 MB, 1.22 / 0.00 ms  (average mu = 1.000, current mu = 1.000) allocation failure; 
[77544:000002A59BC11000]      972 ms: Scavenge 6.4 (8.0) -> 6.3 (11.0) MB, pooled: 0 MB, 1.16 / 0.00 ms  (average mu = 1.000, current mu = 1.000) allocation failure; 
[71504:0000016F31DE1000]      286 ms: Scavenge 6.4 (8.0) -> 6.3 (10.8) MB, pooled: 0 MB, 1.58 / 0.00 ms  (average mu = 1.000, current mu = 1.000) allocation failure; 
[82156:00000181AF151000]    32812 ms: Scavenge 6.6 (7.5) -> 6.6 (9.0) MB, pooled: 2 MB, 0.54 / 0.00 ms  (average mu = 1.000, current mu = 1.000) allocation failure; 
[101520:000002313A811000]     3787 ms: Scavenge 6.4 (8.0) -> 5.6 (9.9) MB, pooled: 0 MB, 1.38 / 0.00 ms  (average mu = 1.000, current mu = 1.000) allocation failure; 
[79608:00000245E69F1000]    35420 ms: Scavenge 11.0 (13.6) -> 11.0 (12.9) MB, pooled: 1 MB, 3025.99 / 0.00 ms  (average mu = 1.000, current mu = 1.000) allocation failure; 
[80324:000002B6F4DD8000]    35476 ms: Scavenge 7.4 (8.5) -> 7.4 (10.5) MB, pooled: 1 MB, 0.81 / 0.00 ms  (average mu = 1.000, current mu = 1.000) allocation failure; 
# Fatal process out of memory: Zone
[70928:000001B031071000]      278 ms: Scavenge 6.4 (8.0) -> 5.6 (9.7) MB, pooled: 0 MB, 1.76 / 0.00 ms  (average mu = 1.000, current mu = 1.000) allocation failure; 
[100448:0000022E16D51000]     7627 ms: Scavenge 6.4 (7.0) -> 5.6 (7.9) MB, pooled: 0 MB, 1.66 / 0.00 ms  (average mu = 1.000, current mu = 1.000) allocation failure; 
[74760:0000018C5E383000]    33784 ms: Scavenge 7.9 (8.3) -> 7.6 (9.8) MB, pooled: 1 MB, 0.53 / 0.00 ms  (average mu = 1.000, current mu = 1.000) allocation failure; 
[69668:0000024CF9185000]    41163 ms: Scavenge 10.8 (11.6) -> 10.5 (12.9) MB, pooled: 1 MB, 0.34 / 0.00 ms  (average mu = 1.000, current mu = 1.000) allocation failure; 
[46360:0000017CB8AF1000]    45389 ms: Scavenge 7.4 (8.5) -> 7.4 (10.5) MB, pooled: 1 MB, 0.57 / 0.00 ms  (average mu = 1.000, current mu = 1.000) allocation failure; 
[69444:000002A201A49000]      432 ms: Scavenge 6.4 (8.0) -> 5.6 (10.0) MB, pooled: 0 MB, 1.14 / 0.00 ms  (average mu = 1.000, current mu = 1.000) allocation failure; 
[48204:000001A0C2587000]    44183 ms: Scavenge 10.8 (11.6) -> 10.4 (12.9) MB, pooled: 1 MB, 0.34 / 0.00 ms  (average mu = 1.000, current mu = 1.000) allocation failure; 
[83416:000001CB392E5000]     1477 ms: Scavenge 6.4 (8.0) -> 5.6 (10.0) MB, pooled: 0 MB, 1.41 / 0.00 ms  (average mu = 1.000, current mu = 1.000) allocation failure; 
[88968:0000027806F43000]    12465 ms: Scavenge 6.4 (7.0) -> 5.6 (7.7) MB, pooled: 0 MB, 1.95 / 0.00 ms  (average mu = 1.000, current mu = 1.000) allocation failure; 
[77284:000001C2E5691000]    37042 ms: Scavenge 7.4 (8.5) -> 7.4 (10.5) MB, pooled: 1 MB, 0.79 / 0.00 ms  (average mu = 1.000, current mu = 1.000) allocation failure; 
[56632:000001E6519C1000]    42625 ms: Scavenge 7.4 (8.5) -> 7.4 (10.5) MB, pooled: 1 MB, 0.91 / 0.00 ms  (average mu = 1.000, current mu = 1.000) allocation failure; 
[60648:00000174CBC51000]      364 ms: Scavenge 6.4 (8.0) -> 6.3 (10.8) MB, pooled: 0 MB, 0.97 / 0.00 ms  (average mu = 1.000, current mu = 1.000) allocation failure; 
[45196:0000029BBD401000]    50909 ms: Scavenge 11.0 (13.6) -> 11.0 (12.6) MB, pooled: 1 MB, 0.48 / 0.00 ms  (average mu = 1.000, current mu = 1.000) allocation failure; 
[57196:0000023975801000]      394 ms: Scavenge 6.4 (8.0) -> 5.6 (10.0) MB, pooled: 0 MB, 1.15 / 0.00 ms  (average mu = 1.000, current mu = 1.000) allocation failure; 
[80332:000002CF01731000]     8769 ms: Scavenge 6.4 (7.0) -> 6.3 (8.5) MB, pooled: 0 MB, 6.53 / 0.00 ms  (average mu = 1.000, current mu = 1.000) allocation failure; 
[82928:0000027945161000]      378 ms: Scavenge 6.4 (8.0) -> 6.3 (11.0) MB, pooled: 0 MB, 1.09 / 0.00 ms  (average mu = 1.000, current mu = 1.000) allocation failure; 
[59284:0000022D8DA69000]    43559 ms: Scavenge 7.4 (8.5) -> 7.4 (10.5) MB, pooled: 1 MB, 0.62 / 0.00 ms  (average mu = 1.000, current mu = 1.000) allocation failure; 
[89264:0000020A9CD21000]    33192 ms: Scavenge 7.4 (8.8) -> 7.4 (10.0) MB, pooled: 2 MB, 0.38 / 0.00 ms  (average mu = 1.000, current mu = 1.000) allocation failure; 
[73808:000001A61E7A5000]      671 ms: Scavenge 6.4 (8.0) -> 6.3 (10.5) MB, pooled: 0 MB, 116.83 / 0.00 ms  (average mu = 1.000, current mu = 1.000) allocation failure; 
[79748:0000021BAD7C1000]    38844 ms: Scavenge 7.4 (8.5) -> 7.4 (10.5) MB, pooled: 1 MB, 0.80 / 0.00 ms  (average mu = 1.000, current mu = 1.000) allocation failure; 
[87436:000001C53AA21000]     7877 ms: Scavenge 6.2 (7.7) -> 6.1 (8.2) MB, pooled: 0 MB, 1.71 / 0.00 ms  (average mu = 1.000, current mu = 1.000) allocation failure; 
[97488:00000202E5ED9000]     4606 ms: Scavenge 6.4 (8.0) -> 5.6 (10.0) MB, pooled: 0 MB, 1.27 / 0.00 ms  (average mu = 1.000, current mu = 1.000) allocation failure; 
[58388:00000196AB891000]      411 ms: Scavenge 6.4 (8.0) -> 6.3 (10.5) MB, pooled: 0 MB, 1.31 / 0.00 ms  (average mu = 1.000, current mu = 1.000) allocation failure; 
[78024:000002A4F1FBC000]      290 ms: Scavenge 6.4 (8.0) -> 6.3 (10.8) MB, pooled: 0 MB, 1.50 / 0.00 ms  (average mu = 1.000, current mu = 1.000) allocation failure; 
# Fatal process out of memory: Zone
# Fatal process out of memory: Zone
[80152:00000187AE3A1000]    39218 ms: Scavenge 6.6 (7.7) -> 6.6 (9.4) MB, pooled: 1 MB, 0.61 / 0.00 ms  (average mu = 1.000, current mu = 1.000) allocation failure; 
[86236:000001DD48346000]    39428 ms: Scavenge 6.6 (8.7) -> 6.6 (8.2) MB, pooled: 1 MB, 4026.82 / 0.00 ms  (average mu = 1.000, current mu = 1.000) allocation failure; 
[105736:00000181DFAD1000]    26631 ms: Scavenge 6.6 (7.5) -> 6.6 (9.2) MB, pooled: 1 MB, 0.57 / 0.00 ms  (average mu = 1.000, current mu = 1.000) allocation failure; 
[76064:0000020AA0A71000]    41170 ms: Scavenge 7.4 (8.5) -> 7.4 (10.5) MB, pooled: 1 MB, 0.80 / 0.00 ms  (average mu = 1.000, current mu = 1.000) allocation failure; 
# Fatal error in , line 0
[95228:00000202C1AF1000]     6606 ms: Scavenge 6.4 (7.0) -> 6.3 (8.5) MB, pooled: 0 MB, 1.76 / 0.00 ms  (average mu = 1.000, current mu = 1.000) allocation failure; 
[70892:000001C341F66000]    41550 ms: Scavenge 7.4 (8.5) -> 7.4 (10.5) MB, pooled: 1 MB, 0.54 / 0.00 ms  (average mu = 1.000, current mu = 1.000) allocation failure; 
[83544:0000028BBC4B5000]     2585 ms: Scavenge 6.4 (8.0) -> 6.3 (10.8) MB, pooled: 0 MB, 1.49 / 0.00 ms  (average mu = 1.000, current mu = 1.000) allocation failure; 
[85776:00000232FEA21000]     1729 ms: Scavenge 6.4 (8.0) -> 5.6 (10.0) MB, pooled: 0 MB, 1.41 / 0.00 ms  (average mu = 1.000, current mu = 1.000) allocation failure; 
[58672:000002BA667E6000]      420 ms: Scavenge 6.4 (8.0) -> 6.3 (10.5) MB, pooled: 0 MB, 1.45 / 0.00 ms  (average mu = 1.000, current mu = 1.000) allocation failure; 
[59556:0000011BFB0C8000]      332 ms: Scavenge 6.4 (8.0) -> 6.3 (10.8) MB, pooled: 0 MB, 1.03 / 0.00 ms  (average mu = 1.000, current mu = 1.000) allocation failure; 
[80108:000002462ACA5000]    44477 ms: Scavenge 6.6 (7.7) -> 6.6 (9.4) MB, pooled: 1 MB, 0.59 / 0.00 ms  (average mu = 1.000, current mu = 1.000) allocation failure; 
[56504:000001798B701000]      109 ms: Scavenge 6.4 (8.0) -> 6.3 (10.8) MB, pooled: 0 MB, 1.16 / 0.00 ms  (average mu = 1.000, current mu = 1.000) allocation failure; 
[13856:00000191AEB83000]      250 ms: Scavenge 6.4 (8.0) -> 6.3 (10.8) MB, pooled: 0 MB, 1.21 / 0.00 ms  (average mu = 1.000, current mu = 1.000) allocation failure; 
[79844:000001E700115000]      669 ms: Scavenge 6.4 (8.0) -> 6.3 (10.8) MB, pooled: 0 MB, 231.90 / 0.00 ms  (average mu = 1.000, current mu = 1.000) allocation failure; 
[92396:000001F4209C1000]    13191 ms: Scavenge 6.4 (7.0) -> 6.3 (8.8) MB, pooled: 0 MB, 1.31 / 0.00 ms  (average mu = 1.000, current mu = 1.000) allocation failure; 
[82412:00000122AA981000]     7842 ms: Scavenge 6.2 (7.7) -> 6.1 (7.2) MB, pooled: 1 MB, 1.35 / 0.00 ms  (average mu = 1.000, current mu = 1.000) allocation failure; 
[82892:000001949D7B7000]    44572 ms: Scavenge 7.4 (8.5) -> 7.4 (10.5) MB, pooled: 1 MB, 0.70 / 0.00 ms  (average mu = 1.000, current mu = 1.000) allocation failure; 
[80088:000001F065077000]      110 ms: Scavenge 6.4 (8.0) -> 5.6 (9.9) MB, pooled: 0 MB, 1.10 / 0.00 ms  (average mu = 1.000, current mu = 1.000) allocation failure; 
[93820:00000292A4C75000]    38486 ms: Scavenge 6.6 (7.4) -> 6.6 (9.2) MB, pooled: 1 MB, 0.51 / 0.00 ms  (average mu = 1.000, current mu = 1.000) allocation failure; 
[80452:0000022CF8F25000]    39078 ms: Scavenge 7.4 (8.5) -> 7.4 (10.5) MB, pooled: 1 MB, 0.78 / 0.00 ms  (average mu = 1.000, current mu = 1.000) allocation failure; 
[58012:0000018F513DB000]    19780 ms: Scavenge 9.2 (11.6) -> 8.4 (9.6) MB, pooled: 2 MB, 1.92 / 0.00 ms  (average mu = 1.000, current mu = 1.000) allocation failure; 
[100672:000001BF256D1000]     4152 ms: Scavenge 6.4 (8.0) -> 5.6 (9.7) MB, pooled: 0 MB, 1.73 / 0.00 ms  (average mu = 1.000, current mu = 1.000) allocation failure; 
[82424:000001FF62601000]    43731 ms: Scavenge 7.4 (8.8) -> 7.4 (10.0) MB, pooled: 0 MB, 8053.26 / 0.00 ms  (average mu = 1.000, current mu = 1.000) allocation failure; 
# Fatal process out of memory: Zone
# Fatal process out of memory: Zone
[91504:000002D781561000]     9426 ms: Scavenge 6.4 (7.0) -> 5.6 (7.7) MB, pooled: 0 MB, 2.64 / 0.00 ms  (average mu = 1.000, current mu = 1.000) allocation failure; 
[84608:000001A99AE31000]    43695 ms: Mark-Compact 7.4 (9.3) -> 7.4 (9.3) MB, pooled: 2 MB, 2.64 / 0.00 ms  (average mu = 1.000, current mu = 0.999) allocation failure; GC in old space requested
[37260:00000130839D1000]    42615 ms: Scavenge 7.9 (10.8) -> 7.4 (8.5) MB, pooled: 3 MB, 4034.92 / 0.00 ms  (average mu = 1.000, current mu = 1.000) allocation failure; 
[70196:000001A879AF5000]    52215 ms: Mark-Compact 7.4 (9.1) -> 7.4 (9.1) MB, pooled: 2 MB, 3.86 / 0.00 ms  (average mu = 0.981, current mu = 0.998) allocation failure; GC in old space requested
[19308:000001B7EF38A000]    39690 ms: Scavenge 6.6 (7.7) -> 6.6 (9.4) MB, pooled: 1 MB, 0.54 / 0.00 ms  (average mu = 1.000, current mu = 1.000) allocation failure; 
[48080:000002121FB23000]    33182 ms: Scavenge 10.0 (10.6) -> 9.7 (12.3) MB, pooled: 0 MB, 0.30 / 0.00 ms  (average mu = 1.000, current mu = 1.000) allocation failure; 
[58356:0000013B9E3DA000]    52473 ms: Mark-Compact (reduce) 7.4 (10.5) -> 6.2 (7.9) MB, pooled: 0 MB, 5.93 / 0.00 ms  (average mu = 1.000, current mu = 1.000) last resort; GC in old space requested
[87708:0000027FA14F9000]     7768 ms: Scavenge 6.4 (7.0) -> 5.6 (7.7) MB, pooled: 0 MB, 1.30 / 0.00 ms  (average mu = 1.000, current mu = 1.000) allocation failure; 
[73848:0000023D2D5F1000]    49072 ms: Scavenge 6.6 (7.7) -> 6.6 (9.4) MB, pooled: 1 MB, 0.83 / 0.00 ms  (average mu = 1.000, current mu = 1.000) allocation failure; 
[57940:00000235079F1000]      295 ms: Scavenge 6.4 (8.0) -> 6.3 (10.8) MB, pooled: 0 MB, 1.21 / 0.00 ms  (average mu = 1.000, current mu = 1.000) allocation failure; 
[47964:000001B6EE443000]     1289 ms: Scavenge 6.4 (8.0) -> 6.3 (10.8) MB, pooled: 0 MB, 1.03 / 0.00 ms  (average mu = 1.000, current mu = 1.000) allocation failure; 
[86208:0000021831EA0000]     9146 ms: Scavenge 7.0 (8.5) -> 6.8 (9.0) MB, pooled: 0 MB, 1.40 / 0.00 ms  (average mu = 1.000, current mu = 1.000) allocation failure; 
[73096:000002419E041000]      978 ms: Scavenge 6.4 (8.0) -> 5.6 (9.9) MB, pooled: 0 MB, 1.12 / 0.00 ms  (average mu = 1.000, current mu = 1.000) allocation failure; 
[69276:000002A0909E9000]    46679 ms: Mark-Compact (reduce) 7.4 (8.8) -> 7.2 (8.8) MB, pooled: 0 MB, 2.52 / 0.00 ms  (average mu = 0.944, current mu = 0.999) last resort; GC in old space requested
[102228:000002C39F9B3000]    33835 ms: Scavenge 6.6 (7.7) -> 6.6 (9.5) MB, pooled: 1 MB, 0.61 / 0.00 ms  (average mu = 1.000, current mu = 1.000) allocation failure; 
[59276:0000021DCA1B1000]    55094 ms: Mark-Compact 7.4 (9.8) -> 7.4 (8.8) MB, pooled: 3 MB, 2.87 / 0.00 ms  (average mu = 0.841, current mu = 0.999) allocation failure; GC in old space requested
[72500:0000023EBB986000]    47073 ms: Scavenge 7.4 (8.5) -> 7.4 (10.5) MB, pooled: 1 MB, 0.60 / 0.00 ms  (average mu = 1.000, current mu = 1.000) allocation failure; 
[69648:000001FA019B3000]      696 ms: Scavenge 6.4 (8.0) -> 5.6 (9.9) MB, pooled: 0 MB, 1.45 / 0.00 ms  (average mu = 1.000, current mu = 1.000) allocation failure; 
[68476:000001FC2ACE1000]    57523 ms: Scavenge 11.0 (13.6) -> 11.0 (12.6) MB, pooled: 1 MB, 0.21 / 0.00 ms  (average mu = 1.000, current mu = 1.000) allocation failure; 
[47872:0000021032981000]    51934 ms: Scavenge 10.8 (11.6) -> 10.5 (13.1) MB, pooled: 0 MB, 0.53 / 0.00 ms  (average mu = 1.000, current mu = 1.000) allocation failure; 
[100364:000001EFCDCC1000]    40090 ms: Scavenge 9.0 (9.6) -> 8.6 (11.6) MB, pooled: 0 MB, 0.56 / 0.00 ms  (average mu = 1.000, current mu = 1.000) allocation failure; 
[100328:00000185181E5000]     7378 ms: Scavenge 6.2 (7.9) -> 6.0 (7.2) MB, pooled: 1 MB, 4.18 / 0.00 ms  (average mu = 1.000, current mu = 1.000) allocation failure; 
# Fatal process out of memory: Zone
[79556:000001F9CE8D5000]      990 ms: Scavenge 6.4 (8.0) -> 6.3 (10.5) MB, pooled: 0 MB, 1.03 / 0.00 ms  (average mu = 1.000, current mu = 1.000) allocation failure; 
[68336:0000028387257000]    57318 ms: Scavenge 6.7 (7.9) -> 6.6 (9.9) MB, pooled: 0 MB, 0.84 / 0.00 ms  (average mu = 1.000, current mu = 1.000) allocation failure; 
[84284:00000178899F1000]    32911 ms: Scavenge 7.9 (11.0) -> 7.4 (8.5) MB, pooled: 3 MB, 10089.79 / 0.00 ms  (average mu = 1.000, current mu = 1.000) allocation failure; 
[93596:00000214FA451000]    43796 ms: Scavenge 6.6 (7.4) -> 6.6 (8.9) MB, pooled: 2 MB, 0.68 / 0.00 ms  (average mu = 1.000, current mu = 1.000) allocation failure; 
[69156:0000016C49513000]    50053 ms: Scavenge 6.6 (7.7) -> 6.6 (9.5) MB, pooled: 1 MB, 0.55 / 0.00 ms  (average mu = 1.000, current mu = 1.000) allocation failure; 
[106476:0000028BEFA81000]    11454 ms: Scavenge 6.4 (7.0) -> 5.6 (7.7) MB, pooled: 0 MB, 1.76 / 0.00 ms  (average mu = 1.000, current mu = 1.000) allocation failure; 
[77724:0000022B44AF5000]    49348 ms: Mark-Compact (reduce) 7.4 (11.0) -> 6.2 (8.0) MB, pooled: 0 MB, 4.07 / 0.00 ms  (average mu = 1.000, current mu = 1.000) last resort; GC in old space requested
[71256:000002345EC83000]    63470 ms: Mark-Compact 7.4 (9.1) -> 7.4 (9.1) MB, pooled: 2 MB, 2.63 / 0.00 ms  (average mu = 1.000, current mu = 0.999) allocation failure; GC in old space requested
[72232:00000263E1760000]    51092 ms: Scavenge 6.6 (7.7) -> 6.6 (9.4) MB, pooled: 1 MB, 0.83 / 0.00 ms  (average mu = 1.000, current mu = 1.000) allocation failure; 
[71464:0000014ACF8C1000]    58187 ms: Scavenge 7.4 (8.5) -> 7.4 (10.3) MB, pooled: 1 MB, 0.60 / 0.00 ms  (average mu = 1.000, current mu = 1.000) allocation failure; 
[59356:000001C6EC401000]    46113 ms: Scavenge 10.0 (10.8) -> 9.7 (12.3) MB, pooled: 0 MB, 0.38 / 0.00 ms  (average mu = 1.000, current mu = 1.000) allocation failure; 
[72664:0000028190441000]    63569 ms: Scavenge 6.7 (7.7) -> 6.6 (9.4) MB, pooled: 1 MB, 0.74 / 0.00 ms  (average mu = 1.000, current mu = 1.000) allocation failure; 
[60736:0000027CA59D5000]    55456 ms: Scavenge 7.4 (8.5) -> 7.4 (10.2) MB, pooled: 1 MB, 0.79 / 0.00 ms  (average mu = 1.000, current mu = 1.000) allocation failure; 
# Fatal process out of memory: Zone
[80180:000002C507511000]     1081 ms: Scavenge 6.4 (8.0) -> 5.6 (10.0) MB, pooled: 0 MB, 1.08 / 0.00 ms  (average mu = 1.000, current mu = 1.000) allocation failure; 
[91248:000002B6A0D41000]    36583 ms: Mark-Compact (reduce) 7.4 (10.2) -> 6.2 (7.9) MB, pooled: 0 MB, 3.73 / 0.00 ms  (average mu = 1.000, current mu = 1.000) last resort; GC in old space requested
[74872:000001FCD87C6000]    43917 ms: Mark-Compact (reduce) 6.6 (9.5) -> 6.2 (8.0) MB, pooled: 0 MB, 2.77 / 0.00 ms  (average mu = 1.000, current mu = 1.000) last resort; GC in old space requested
[70948:0000020C65A01000]      396 ms: Scavenge 6.4 (8.0) -> 6.3 (10.8) MB, pooled: 0 MB, 1.06 / 0.00 ms  (average mu = 1.000, current mu = 1.000) allocation failure; 
[99272:000001FE67251000]     9344 ms: Scavenge 6.4 (7.0) -> 5.6 (7.7) MB, pooled: 0 MB, 3.22 / 0.00 ms  (average mu = 1.000, current mu = 1.000) allocation failure; 
[61840:000001F6AF50F000]    58710 ms: Scavenge 8.8 (10.4) -> 8.8 (11.4) MB, pooled: 0 MB, 0.43 / 0.00 ms  (average mu = 1.000, current mu = 1.000) allocation failure; 
[80172:0000026D11CE1000]    49299 ms: Mark-Compact (reduce) 6.6 (9.5) -> 6.2 (8.0) MB, pooled: 0 MB, 4.30 / 0.00 ms  (average mu = 1.000, current mu = 1.000) last resort; GC in old space requested
[88908:000002DCF7191000]     7605 ms: Scavenge 6.4 (7.0) -> 6.3 (8.8) MB, pooled: 0 MB, 2.24 / 0.00 ms  (average mu = 1.000, current mu = 1.000) allocation failure; 
# Fatal process out of memory: Zone
[77028:000001E931D43000]    64208 ms: Mark-Compact 7.4 (9.1) -> 7.4 (10.1) MB, pooled: 1 MB, 2.17 / 0.00 ms  (average mu = 1.000, current mu = 0.999) allocation failure; GC in old space requested
[99336:000002587D125000]    50155 ms: Scavenge 11.0 (12.6) -> 11.0 (12.6) MB, pooled: 2 MB, 0.33 / 0.00 ms  (average mu = 1.000, current mu = 1.000) allocation failure; 
[53020:000001A0FC561000]    73314 ms: Scavenge 6.6 (7.7) -> 6.6 (9.7) MB, pooled: 1 MB, 0.49 / 0.00 ms  (average mu = 1.000, current mu = 1.000) allocation failure; 
# Fatal process out of memory: Zone
[82012:000001986A1C7000]    71090 ms: Scavenge 10.2 (12.8) -> 10.2 (11.8) MB, pooled: 1 MB, 0.21 / 0.00 ms  (average mu = 1.000, current mu = 1.000) allocation failure; 
[74564:0000022AF32D1000]    72650 ms: Scavenge 7.4 (8.5) -> 7.4 (10.5) MB, pooled: 1 MB, 0.61 / 0.00 ms  (average mu = 1.000, current mu = 1.000) allocation failure; 
[94360:000001E4B1991000]     6748 ms: Scavenge 6.2 (7.9) -> 6.0 (8.2) MB, pooled: 0 MB, 1.59 / 0.00 ms  (average mu = 1.000, current mu = 1.000) allocation failure; 
[77968:000001E7B6563000]      704 ms: Scavenge 6.4 (8.0) -> 5.6 (9.9) MB, pooled: 0 MB, 344.57 / 0.00 ms  (average mu = 1.000, current mu = 1.000) allocation failure; 
[78224:000002F194FD1000]      863 ms: Scavenge 6.4 (8.0) -> 6.3 (10.5) MB, pooled: 0 MB, 227.15 / 0.00 ms  (average mu = 1.000, current mu = 1.000) allocation failure; 
[52996:000001B2F4F25000]    27974 ms: Scavenge 9.2 (11.6) -> 8.4 (9.4) MB, pooled: 2 MB, 1.03 / 0.00 ms  (average mu = 1.000, current mu = 1.000) allocation failure; 
[73556:0000020AE64F1000]    45756 ms: Mark-Compact 8.8 (11.8) -> 8.4 (10.3) MB, pooled: 2 MB, 8063.23 / 0.00 ms  (average mu = 0.824, current mu = 0.824) background allocation failure; GC in old space requested
[89384:000001AC73245000]    39140 ms: Mark-Compact (reduce) 8.8 (11.4) -> 7.3 (9.6) MB, pooled: 0 MB, 3.52 / 0.00 ms  (average mu = 1.000, current mu = 1.000) last resort; GC in old space requested
[56576:00000232827F1000]      271 ms: Scavenge 6.4 (8.0) -> 5.6 (9.7) MB, pooled: 0 MB, 1.90 / 0.00 ms  (average mu = 1.000, current mu = 1.000) allocation failure; 
[56464:000001CC833B1000]    23973 ms: Scavenge 8.5 (10.8) -> 7.6 (8.8) MB, pooled: 2 MB, 2.11 / 0.00 ms  (average mu = 1.000, current mu = 1.000) allocation failure; 
[89036:0000027273733000]     7767 ms: Scavenge 6.4 (7.0) -> 6.3 (8.5) MB, pooled: 0 MB, 1.26 / 0.00 ms  (average mu = 1.000, current mu = 1.000) allocation failure; 
[58712:000001B93C321000]    51036 ms: Scavenge 9.9 (10.4) -> 9.5 (12.9) MB, pooled: 0 MB, 12100.83 / 0.00 ms  (average mu = 1.000, current mu = 1.000) allocation failure; 
[55424:00000186D40B8000]      332 ms: Scavenge 6.4 (8.0) -> 6.3 (10.8) MB, pooled: 0 MB, 1.83 / 0.00 ms  (average mu = 1.000, current mu = 1.000) allocation failure; 
# Fatal process out of memory: Zone
[88928:0000029FDE4D5000]    25991 ms: Scavenge 6.4 (7.0) -> 5.6 (7.9) MB, pooled: 0 MB, 12077.25 / 0.00 ms  (average mu = 1.000, current mu = 1.000) allocation failure; 
[78768:000001B6AA6D1000]    41391 ms: Scavenge 6.6 (7.7) -> 6.6 (9.4) MB, pooled: 1 MB, 0.96 / 0.00 ms  (average mu = 1.000, current mu = 1.000) allocation failure; 
[84652:000001E20B9F1000]    37780 ms: Scavenge 7.4 (8.5) -> 7.4 (10.3) MB, pooled: 1 MB, 0.81 / 0.00 ms  (average mu = 1.000, current mu = 1.000) allocation failure; 
[74744:000001F644843000]    16906 ms: Scavenge 9.2 (11.6) -> 8.4 (9.4) MB, pooled: 2 MB, 2.06 / 0.00 ms  (average mu = 1.000, current mu = 1.000) allocation failure; 
[70996:0000027970891000]      234 ms: Scavenge 6.4 (8.0) -> 6.3 (10.8) MB, pooled: 0 MB, 1.04 / 0.00 ms  (average mu = 1.000, current mu = 1.000) allocation failure; 
[91816:000002388C64C000]     9335 ms: Scavenge 6.4 (7.0) -> 5.6 (7.7) MB, pooled: 0 MB, 1.61 / 0.00 ms  (average mu = 1.000, current mu = 1.000) allocation failure; 
[74880:00000194CD3A3000]    42997 ms: Scavenge 7.9 (8.3) -> 7.6 (9.8) MB, pooled: 1 MB, 0.52 / 0.00 ms  (average mu = 1.000, current mu = 1.000) allocation failure; 
[61848:0000021E908D1000]    41372 ms: Scavenge 7.9 (11.0) -> 7.4 (8.5) MB, pooled: 3 MB, 4028.03 / 0.00 ms  (average mu = 1.000, current mu = 1.000) allocation failure; 


#

[44960:000001C1F5FF1000]    25805 ms: Scavenge 9.9 (10.4) -> 9.5 (12.9) MB, pooled: 0 MB, 1.63 / 0.00 ms  (average mu = 1.000, current mu = 1.000) allocation failure; 
[78724:0000021F23CF5000]    17199 ms: Scavenge 9.2 (11.6) -> 8.4 (9.6) MB, pooled: 2 MB, 2.52 / 0.00 ms  (average mu = 1.000, current mu = 1.000) allocation failure; 

[93364:000002ABD146C000]     9409 ms: Scavenge 6.2 (7.7) -> 6.0 (7.2) MB, pooled: 1 MB, 1.02 / 0.00 ms  (average mu = 1.000, current mu = 1.000) allocation failure; 
[94108:00000199589F1000]     6782 ms: Scavenge 6.2 (7.9) -> 6.0 (8.2) MB, pooled: 0 MB, 2.85 / 0.00 ms  (average mu = 1.000, current mu = 1.000) allocation failure; 

[46932:0000018BB0575000]    24866 ms: Scavenge 9.2 (11.6) -> 8.4 (9.4) MB, pooled: 2 MB, 2.24 / 0.00 ms  (average mu = 1.000, current mu = 1.000) allocation failure; 
[75920:0000020A435D1000]    17238 ms: Scavenge 9.2 (11.6) -> 8.4 (9.6) MB, pooled: 2 MB, 2.02 / 0.00 ms  (average mu = 1.000, current mu = 1.000) allocation failure; 
[46716:000001B2DB71E000]    23816 ms: Scavenge 9.9 (10.4) -> 9.5 (12.6) MB, pooled: 0 MB, 1.32 / 0.00 ms  (average mu = 1.000, current mu = 1.000) allocation failure; 

#
[46760:000001313E841000]    26373 ms: Scavenge 8.4 (10.8) -> 7.6 (8.8) MB, pooled: 2 MB, 1.24 / 0.00 ms  (average mu = 1.000, current mu = 1.000) allocation failure; 
# Out of memory: HashMap::Initialize
[46772:000001BFE1D21000]    27691 ms: Scavenge 9.2 (11.6) -> 8.4 (9.4) MB, pooled: 2 MB, 55.90 / 0.00 ms  (average mu = 1.000, current mu = 1.000) allocation failure; 
[57996:0000020FAB975000]    19522 ms: Scavenge 8.4 (10.8) -> 7.6 (8.8) MB, pooled: 2 MB, 1.89 / 0.00 ms  (average mu = 1.000, current mu = 1.000) allocation failure; 
[56512:0000018B06A91000]    23102 ms: Scavenge 9.2 (11.6) -> 8.4 (9.6) MB, pooled: 2 MB, 4.51 / 0.00 ms  (average mu = 1.000, current mu = 1.000) allocation failure; 

[74864:000002391B0A5000]    21295 ms: Scavenge 8.4 (10.8) -> 7.6 (8.8) MB, pooled: 2 MB, 1.48 / 0.00 ms  (average mu = 1.000, current mu = 1.000) allocation failure; 
[68288:000001DD4834D000]    18703 ms: Scavenge 8.4 (10.8) -> 7.6 (8.8) MB, pooled: 2 MB, 2.62 / 0.00 ms  (average mu = 1.000, current mu = 1.000) allocation failure; 

[88004:000001AC2F561000]     7180 ms: Scavenge 6.2 (7.7) -> 6.0 (7.2) MB, pooled: 1 MB, 1.16 / 0.00 ms  (average mu = 1.000, current mu = 1.000) allocation failure; 


#



[78568:000001648E375000]    16352 ms: Scavenge 9.2 (11.6) -> 8.4 (9.4) MB, pooled: 2 MB, 67.09 / 0.00 ms  (average mu = 1.000, current mu = 1.000) allocation failure; 
[58272:00000212E9D71000]    27524 ms: Scavenge 9.9 (12.3) -> 9.3 (10.6) MB, pooled: 2 MB, 1.80 / 0.00 ms  (average mu = 1.000, current mu = 1.000) allocation failure; 
[100204:0000021BAB751000]    10626 ms: Scavenge 6.2 (7.9) -> 6.0 (7.2) MB, pooled: 1 MB, 1.14 / 0.00 ms  (average mu = 1.000, current mu = 1.000) allocation failure; 
[68184:00000234B2993000]    21980 ms: Scavenge 8.4 (10.8) -> 7.5 (8.6) MB, pooled: 3 MB, 1.68 / 0.00 ms  (average mu = 1.000, current mu = 1.000) allocation failure; 

[85948:00000217B9771000]     8478 ms: Scavenge 6.2 (7.7) -> 6.0 (7.2) MB, pooled: 1 MB, 1.02 / 0.00 ms  (average mu = 1.000, current mu = 1.000) allocation failure; 
#
# Out of memory: HashMap::Initialize
# Out of memory: HashMap::Initialize
# Out of memory: HashMap::Initialize
# Check failed: (result.ptr) != nullptr.
[76000:000002E3B5211000]    19135 ms: Scavenge 8.4 (10.8) -> 7.6 (8.8) MB, pooled: 2 MB, 1.47 / 0.00 ms  (average mu = 1.000, current mu = 1.000) allocation failure; 
# Out of memory: HashMap::Initialize
[71340:000002CC75831000]    17524 ms: Scavenge 9.9 (10.4) -> 9.5 (12.6) MB, pooled: 0 MB, 1.43 / 0.00 ms  (average mu = 1.000, current mu = 1.000) allocation failure; 
[58316:000001C9B472C000]    22317 ms: Scavenge 9.2 (11.6) -> 8.4 (9.6) MB, pooled: 2 MB, 1.39 / 0.00 ms  (average mu = 1.000, current mu = 1.000) allocation failure; 

#
[68312:0000028F3A595000]    20726 ms: Scavenge 9.2 (11.6) -> 8.4 (9.4) MB, pooled: 2 MB, 1.74 / 0.00 ms  (average mu = 1.000, current mu = 1.000) allocation failure; 


[11432:000001CC9D74D000]     8743 ms: Scavenge 6.2 (7.7) -> 6.0 (7.2) MB, pooled: 1 MB, 0.95 / 0.00 ms  (average mu = 1.000, current mu = 1.000) allocation failure; 

# Check failed: (result.ptr) != nullptr.
[99988:0000028CFAC41000]     6355 ms: Scavenge 6.2 (7.9) -> 6.0 (8.2) MB, pooled: 0 MB, 1.22 / 0.00 ms  (average mu = 1.000, current mu = 1.000) allocation failure; 
[99988:0000028CFAC41000]    13901 ms: Scavenge 7.7 (9.1) -> 7.3 (9.3) MB, pooled: 0 MB, 0.45 / 0.00 ms  (average mu = 1.000, current mu = 1.000) allocation failure; 
[77240:00000298241A1000]    19291 ms: Scavenge 8.4 (10.8) -> 7.5 (8.8) MB, pooled: 2 MB, 1.37 / 0.00 ms  (average mu = 1.000, current mu = 1.000) allocation failure; 


[72092:000002DB5EF76000]    21509 ms: Scavenge 9.2 (11.6) -> 8.4 (9.4) MB, pooled: 2 MB, 2.48 / 0.00 ms  (average mu = 1.000, current mu = 1.000) allocation failure; 
[90836:00000159EFAC9000]     9682 ms: Scavenge 7.0 (8.5) -> 6.8 (9.0) MB, pooled: 0 MB, 1.15 / 0.00 ms  (average mu = 1.000, current mu = 1.000) allocation failure; 

[59512:000002B393D61000]    31174 ms: Scavenge 9.8 (10.6) -> 9.4 (12.1) MB, pooled: 0 MB, 0.81 / 0.00 ms  (average mu = 1.000, current mu = 1.000) allocation failure; 
#
[46940:0000023A5C169000]    21894 ms: Scavenge 9.9 (10.4) -> 9.5 (12.9) MB, pooled: 0 MB, 1.40 / 0.00 ms  (average mu = 1.000, current mu = 1.000) allocation failure; 
[48476:0000022C41213000]    24155 ms: Scavenge 9.9 (10.4) -> 9.5 (12.9) MB, pooled: 0 MB, 1.78 / 0.00 ms  (average mu = 1.000, current mu = 1.000) allocation failure; 
[80096:000002367B331000]     7663 ms: Scavenge 6.2 (7.7) -> 6.1 (7.2) MB, pooled: 1 MB, 1.26 / 0.00 ms  (average mu = 1.000, current mu = 1.000) allocation failure; 
[74300:000001FEFFEE5000]    18259 ms: Scavenge 9.2 (11.6) -> 8.4 (9.4) MB, pooled: 2 MB, 1.76 / 0.00 ms  (average mu = 1.000, current mu = 1.000) allocation failure; 
[74300:000001FEFFEE5000]    19149 ms: Scavenge 9.9 (10.4) -> 9.5 (12.6) MB, pooled: 0 MB, 5.90 / 0.00 ms  (average mu = 1.000, current mu = 1.000) allocation failure; 
[100496:000002EC65011000]    13551 ms: Scavenge 6.2 (7.9) -> 6.0 (7.2) MB, pooled: 1 MB, 0.97 / 0.00 ms  (average mu = 1.000, current mu = 1.000) allocation failure; 
[46892:0000021255881000]    31643 ms: Scavenge 10.7 (12.9) -> 10.1 (11.9) MB, pooled: 2 MB, 1.06 / 0.00 ms  (average mu = 1.000, current mu = 1.000) allocation failure; 
#
[87300:000001E2B7241000]    10856 ms: Scavenge 6.2 (7.7) -> 6.0 (7.2) MB, pooled: 1 MB, 148.66 / 0.00 ms  (average mu = 1.000, current mu = 1.000) allocation failure; 
[56584:0000022C66F01000]    24302 ms: Scavenge 9.9 (10.4) -> 9.5 (12.9) MB, pooled: 0 MB, 1.41 / 0.00 ms  (average mu = 1.000, current mu = 1.000) allocation failure; 
[86568:00000277E0B61000]     8600 ms: Scavenge 6.2 (7.7) -> 6.0 (7.2) MB, pooled: 1 MB, 0.88 / 0.00 ms  (average mu = 1.000, current mu = 1.000) allocation failure; 
[94212:0000018B26185000]     7503 ms: Scavenge 7.0 (8.5) -> 6.9 (11.0) MB, pooled: 0 MB, 2.63 / 0.00 ms  (average mu = 1.000, current mu = 1.000) allocation failure; 
# Check failed: (result.ptr) != nullptr.

[56928:000001DC9AD11000]    25766 ms: Scavenge 9.9 (10.4) -> 9.5 (12.9) MB, pooled: 0 MB, 1.97 / 0.00 ms  (average mu = 1.000, current mu = 1.000) allocation failure; 
[71396:0000019A06903000]    25842 ms: Scavenge 8.4 (10.8) -> 7.6 (8.8) MB, pooled: 2 MB, 1.61 / 0.00 ms  (average mu = 1.000, current mu = 1.000) allocation failure; 



# Check failed: (result.ptr) != nullptr.

[74188:000001864C78B000]    27013 ms: Scavenge 7.9 (10.8) -> 7.4 (8.5) MB, pooled: 3 MB, 1003.81 / 0.00 ms  (average mu = 1.000, current mu = 1.000) allocation failure; 
[68376:000001B2566A1000]    30558 ms: Scavenge 10.6 (12.1) -> 10.1 (11.6) MB, pooled: 1 MB, 0.63 / 0.00 ms  (average mu = 1.000, current mu = 1.000) allocation failure; 
# Check failed: (result.ptr) != nullptr.
[101032:0000020C853A1000]     6498 ms: Scavenge 9.2 (11.6) -> 8.4 (12.1) MB, pooled: 0 MB, 2.47 / 0.00 ms  (average mu = 1.000, current mu = 1.000) allocation failure; 
[78360:000001DD3B713000]    27589 ms: Mark-Compact (reduce) 8.8 (10.6) -> 7.3 (9.6) MB, pooled: 0 MB, 2.98 / 0.00 ms  (average mu = 1.000, current mu = 1.000) last resort; GC in old space requested
[87272:0000015D5F391000]     8536 ms: Scavenge 6.2 (7.7) -> 6.0 (7.2) MB, pooled: 1 MB, 5.45 / 0.00 ms  (average mu = 1.000, current mu = 1.000) allocation failure; 
[94236:000002B9E70A1000]     7651 ms: Scavenge 6.2 (7.7) -> 6.0 (7.2) MB, pooled: 1 MB, 1.21 / 0.00 ms  (average mu = 1.000, current mu = 1.000) allocation failure; 
[60612:0000023136CC1000]    36379 ms: Mark-Compact (reduce) 8.8 (10.4) -> 7.3 (9.6) MB, pooled: 0 MB, 3.02 / 0.00 ms  (average mu = 1.000, current mu = 1.000) last resort; GC in old space requested

[81212:00000219218F3000]    27661 ms: Mark-Compact (reduce) 6.6 (8.0) -> 6.2 (8.0) MB, pooled: 0 MB, 2.22 / 0.00 ms  (average mu = 1.000, current mu = 1.000) last resort; GC in old space requested
[97104:0000022D2F0E1000]    22443 ms: Mark-Compact (reduce) 7.4 (10.5) -> 6.2 (7.9) MB, pooled: 0 MB, 3.32 / 0.00 ms  (average mu = 1.000, current mu = 1.000) last resort; GC in old space requested


[88324:0000021A1D351000]     7832 ms: Scavenge 6.2 (8.0) -> 6.1 (7.2) MB, pooled: 1 MB, 1.15 / 0.00 ms  (average mu = 1.000, current mu = 1.000) allocation failure; 
[74420:000001A0759A8000]    20062 ms: Scavenge 9.9 (10.4) -> 9.5 (12.9) MB, pooled: 0 MB, 11.61 / 0.00 ms  (average mu = 1.000, current mu = 1.000) allocation failure; 
[87584:00000162A4FF1000]     7284 ms: Scavenge 7.0 (8.5) -> 6.8 (11.0) MB, pooled: 0 MB, 2.41 / 0.00 ms  (average mu = 1.000, current mu = 1.000) allocation failure; 

[71052:0000022C1B191000]    31433 ms: Mark-Compact (reduce) 7.4 (10.3) -> 6.2 (8.0) MB, pooled: 0 MB, 2.80 / 0.00 ms  (average mu = 1.000, current mu = 1.000) last resort; GC in old space requested


[74896:000002678D5C1000]    30376 ms: Mark-Compact (reduce) 8.8 (10.4) -> 7.3 (9.6) MB, pooled: 0 MB, 1004.94 / 0.00 ms  (average mu = 0.967, current mu = 0.967) last resort; GC in old space requested
[83336:000001F56EE9A000]     8069 ms: Scavenge 6.2 (8.0) -> 6.0 (7.2) MB, pooled: 1 MB, 1.71 / 0.00 ms  (average mu = 1.000, current mu = 1.000) allocation failure; 

# Check failed: (result.ptr) != nullptr.
# Out of memory: HashMap::Initialize
[106580:00000141B78F1000]    12633 ms: Scavenge 6.2 (7.7) -> 6.0 (7.2) MB, pooled: 1 MB, 0.84 / 0.00 ms  (average mu = 1.000, current mu = 1.000) allocation failure; 
[102460:00000299C8E55000]    11641 ms: Scavenge 7.0 (8.5) -> 6.8 (9.0) MB, pooled: 0 MB, 2.56 / 0.00 ms  (average mu = 1.000, current mu = 1.000) allocation failure; 

[69492:0000022D948F1000]    31339 ms: Scavenge 11.3 (13.1) -> 10.9 (12.4) MB, pooled: 1 MB, 0.69 / 0.00 ms  (average mu = 1.000, current mu = 1.000) allocation failure; 

[43904:000001F9CD471000]    39277 ms: Scavenge 11.3 (13.1) -> 10.9 (12.4) MB, pooled: 1 MB, 0.48 / 0.00 ms  (average mu = 1.000, current mu = 1.000) allocation failure; 





[103200:00000203D43D1000]    14101 ms: Scavenge 6.2 (7.7) -> 6.1 (7.2) MB, pooled: 1 MB, 1.28 / 0.00 ms  (average mu = 1.000, current mu = 1.000) allocation failure; 

[80472:0000010BC6FF7000]    28328 ms: Mark-Compact (reduce) 7.4 (10.5) -> 6.2 (8.0) MB, pooled: 0 MB, 4.01 / 0.00 ms  (average mu = 1.000, current mu = 1.000) last resort; GC in old space requested
[95720:000001B23AF38000]     6850 ms: Scavenge 6.2 (7.7) -> 6.1 (8.2) MB, pooled: 0 MB, 1.83 / 0.00 ms  (average mu = 1.000, current mu = 1.000) allocation failure; 

[77740:000001F12FF71000]    31917 ms: Mark-Compact (reduce) 6.6 (8.9) -> 6.2 (7.9) MB, pooled: 0 MB, 3.34 / 0.00 ms  (average mu = 1.000, current mu = 1.000) last resort; GC in old space requested
[58004:000001D47B171000]    28014 ms: Scavenge 8.4 (10.8) -> 7.6 (8.8) MB, pooled: 2 MB, 0.90 / 0.00 ms  (average mu = 1.000, current mu = 1.000) allocation failure; 
[95464:000001F317561000]    24125 ms: Mark-Compact (reduce) 7.4 (9.1) -> 7.2 (8.8) MB, pooled: 0 MB, 2016.32 / 0.00 ms  (average mu = 0.658, current mu = 0.500) last resort; GC in old space requested
[71996:000001FA127F5000]    33685 ms: Mark-Compact (reduce) 6.6 (9.0) -> 6.2 (8.0) MB, pooled: 0 MB, 2019.52 / 0.00 ms  (average mu = 0.940, current mu = 0.940) last resort; GC in old space requested
#
[76316:0000020B76FC1000]    33880 ms: Mark-Compact (reduce) 7.4 (10.5) -> 6.2 (8.0) MB, pooled: 0 MB, 3.13 / 0.00 ms  (average mu = 1.000, current mu = 1.000) last resort; GC in old space requested


[68096:00000207500D1000]    34157 ms: Mark-Compact (reduce) 8.8 (10.4) -> 7.3 (9.6) MB, pooled: 0 MB, 1007.84 / 0.00 ms  (average mu = 0.970, current mu = 0.970) last resort; GC in old space requested
[58168:00000267DE371000]    35186 ms: Mark-Compact 8.6 (9.6) -> 7.4 (11.1) MB, pooled: 0 MB, 3.38 / 0.00 ms  (average mu = 1.000, current mu = 1.000) background allocation failure; GC in old space requested
#


# Check failed: (result.ptr) != nullptr.
[85116:000001B58D141000]     7467 ms: Scavenge 6.2 (7.9) -> 6.0 (7.2) MB, pooled: 1 MB, 1.11 / 0.00 ms  (average mu = 1.000, current mu = 1.000) allocation failure; 


[59532:000001F53EBD1000]    38640 ms: Mark-Compact (reduce) 11.0 (12.6) -> 9.2 (11.8) MB, pooled: 0 MB, 3.14 / 0.00 ms  (average mu = 1.000, current mu = 1.000) last resort; GC in old space requested
# Check failed: (result.ptr) != nullptr.
[86216:000001A024031000]     8461 ms: Scavenge 6.2 (7.7) -> 6.0 (7.2) MB, pooled: 1 MB, 0.75 / 0.00 ms  (average mu = 1.000, current mu = 1.000) allocation failure; 
[70724:000002446F171000]    20047 ms: Scavenge 8.4 (10.8) -> 7.6 (8.8) MB, pooled: 2 MB, 1.87 / 0.00 ms  (average mu = 1.000, current mu = 1.000) allocation failure; 
[100464:000001CA50391000]    22738 ms: Mark-Compact (reduce) 7.4 (9.1) -> 7.2 (9.1) MB, pooled: 0 MB, 3.33 / 0.00 ms  (average mu = 0.876, current mu = 0.998) last resort; GC in old space requested


[81380:0000023B7F275000]     8777 ms: Scavenge 6.2 (7.7) -> 6.0 (7.2) MB, pooled: 1 MB, 1.03 / 0.00 ms  (average mu = 1.000, current mu = 1.000) allocation failure; 
# Out of memory: HashMap::Initialize

[40680:000001BC04711000]    43914 ms: Mark-Compact 8.9 (11.1) -> 7.4 (8.8) MB, pooled: 2 MB, 3.25 / 0.00 ms  (average mu = 1.000, current mu = 1.000) background allocation failure; GC in old space requested


[91540:0000017D34AB1000]    10239 ms: Scavenge 6.2 (7.7) -> 6.0 (7.2) MB, pooled: 1 MB, 1.06 / 0.00 ms  (average mu = 1.000, current mu = 1.000) allocation failure; 

[83020:0000015B45591000]    31030 ms: Mark-Compact (reduce) 7.4 (10.3) -> 6.2 (8.0) MB, pooled: 0 MB, 2.65 / 0.00 ms  (average mu = 1.000, current mu = 1.000) last resort; GC in old space requested
[86840:000002CA88961000]    22460 ms: Mark-Compact (reduce) 7.4 (8.8) -> 7.2 (8.8) MB, pooled: 0 MB, 2.81 / 0.00 ms  (average mu = 0.871, current mu = 0.999) last resort; GC in old space requested
[35744:0000028BF0A71000]    31547 ms: Scavenge 9.2 (9.6) -> 8.8 (11.8) MB, pooled: 0 MB, 2.00 / 0.00 ms  (average mu = 1.000, current mu = 1.000) allocation failure; 

[77648:0000024C72F4B000]    32903 ms: Mark-Compact (reduce) 6.6 (8.9) -> 6.2 (7.9) MB, pooled: 0 MB, 2.64 / 0.00 ms  (average mu = 1.000, current mu = 1.000) last resort; GC in old space requested
[82628:0000023D6A458000]     8591 ms: Scavenge 7.0 (8.5) -> 6.8 (9.0) MB, pooled: 0 MB, 1.13 / 0.00 ms  (average mu = 1.000, current mu = 1.000) allocation failure; 



[39960:0000021E94D91000]    43219 ms: Mark-Compact (reduce) 11.0 (12.6) -> 9.2 (11.8) MB, pooled: 0 MB, 2022.87 / 0.00 ms  (average mu = 0.953, current mu = 0.953) last resort; GC in old space requested
#
[82148:0000028E3C631000]    33826 ms: Mark-Compact (reduce) 7.4 (10.5) -> 6.2 (8.0) MB, pooled: 0 MB, 1013.44 / 0.00 ms  (average mu = 0.970, current mu = 0.970) last resort; GC in old space requested
[82232:000001F64B591000]    33566 ms: Mark-Compact (reduce) 7.4 (9.3) -> 7.2 (8.8) MB, pooled: 0 MB, 3.49 / 0.00 ms  (average mu = 0.903, current mu = 0.998) last resort; GC in old space requested

[78944:000001FDC7181000]    35984 ms: Mark-Compact (reduce) 7.4 (10.3) -> 6.2 (8.0) MB, pooled: 0 MB, 5.00 / 0.00 ms  (average mu = 1.000, current mu = 1.000) last resort; GC in old space requested



[82368:0000022D5BF71000]     9033 ms: Scavenge 7.0 (8.8) -> 6.9 (9.0) MB, pooled: 0 MB, 0.92 / 0.00 ms  (average mu = 1.000, current mu = 1.000) allocation failure; 
[70796:0000029E1251E000]    39360 ms: Mark-Compact (reduce) 11.0 (12.6) -> 9.2 (11.8) MB, pooled: 0 MB, 3025.17 / 0.00 ms  (average mu = 0.923, current mu = 0.923) last resort; GC in old space requested
[87264:000001A41E561000]     7755 ms: Scavenge 6.2 (8.0) -> 6.0 (7.2) MB, pooled: 1 MB, 1.26 / 0.00 ms  (average mu = 1.000, current mu = 1.000) allocation failure; 
[57964:000002715515E000]    43502 ms: Mark-Compact (reduce) 7.4 (9.3) -> 7.2 (8.8) MB, pooled: 0 MB, 1006.96 / 0.00 ms  (average mu = 0.857, current mu = 0.667) last resort; GC in old space requested
[58476:000002C14B721000]    32065 ms: Mark-Compact 8.6 (9.6) -> 7.4 (11.1) MB, pooled: 0 MB, 6.70 / 0.00 ms  (average mu = 1.000, current mu = 1.000) background allocation failure; GC in old space requested
[46804:00000235D1713000]    48622 ms: Mark-Compact (reduce) 10.2 (11.8) -> 9.2 (11.8) MB, pooled: 0 MB, 5.52 / 0.00 ms  (average mu = 1.000, current mu = 1.000) last resort; GC in old space requested
[40712:000002E2D9301000]    50283 ms: Mark-Compact (reduce) 7.4 (10.3) -> 6.2 (8.0) MB, pooled: 0 MB, 1010.75 / 0.00 ms  (average mu = 0.980, current mu = 0.980) last resort; GC in old space requested
[80976:00000215E5E11000]    33977 ms: Mark-Compact (reduce) 6.6 (8.9) -> 6.2 (7.9) MB, pooled: 0 MB, 2.69 / 0.00 ms  (average mu = 1.000, current mu = 1.000) last resort; GC in old space requested


[11900:0000024E45E29000]    22991 ms: Mark-Compact (reduce) 6.6 (9.5) -> 6.2 (8.0) MB, pooled: 0 MB, 2.66 / 0.00 ms  (average mu = 1.000, current mu = 1.000) last resort; GC in old space requested
[56888:0000029302C27000]    39777 ms: Mark-Compact (reduce) 7.4 (10.5) -> 6.2 (8.0) MB, pooled: 0 MB, 2.90 / 0.00 ms  (average mu = 1.000, current mu = 1.000) last resort; GC in old space requested
[58340:0000013A33BE5000]    37530 ms: Scavenge 7.9 (10.8) -> 7.4 (8.5) MB, pooled: 3 MB, 5099.46 / 0.00 ms  (average mu = 1.000, current mu = 1.000) allocation failure; 

[74100:0000023F672B1000]    20478 ms: Scavenge 8.5 (10.8) -> 7.6 (8.8) MB, pooled: 2 MB, 1.37 / 0.00 ms  (average mu = 1.000, current mu = 1.000) allocation failure; 
[88984:0000019C210C1000]    27345 ms: Mark-Compact (reduce) 6.6 (9.0) -> 6.2 (8.0) MB, pooled: 0 MB, 1011.83 / 0.00 ms  (average mu = 0.963, current mu = 0.963) last resort; GC in old space requested


[50532:000002B4CBE73000]    49268 ms: Mark-Compact (reduce) 11.0 (12.6) -> 9.2 (11.8) MB, pooled: 0 MB, 2.98 / 0.00 ms  (average mu = 1.000, current mu = 1.000) last resort; GC in old space requested
[72252:0000015810321000]    40558 ms: Mark-Compact (reduce) 7.4 (10.5) -> 6.2 (7.9) MB, pooled: 0 MB, 2.85 / 0.00 ms  (average mu = 1.000, current mu = 1.000) last resort; GC in old space requested
[49804:0000022B85431000]    31406 ms: Scavenge 8.4 (10.8) -> 7.6 (8.8) MB, pooled: 2 MB, 0.92 / 0.00 ms  (average mu = 1.000, current mu = 1.000) allocation failure; 





#
# Out of memory: HashMap::Initialize
[38832:000001D06E861000]    51440 ms: Scavenge 11.8 (12.6) -> 11.4 (13.6) MB, pooled: 0 MB, 0.50 / 0.00 ms  (average mu = 1.000, current mu = 1.000) allocation failure; 



[107148:0000023E51A31000]     8460 ms: Scavenge 7.0 (8.8) -> 6.8 (9.0) MB, pooled: 0 MB, 1.43 / 0.00 ms  (average mu = 1.000, current mu = 1.000) allocation failure; 

[71504:0000016F31DE1000]    26844 ms: Scavenge 9.2 (11.6) -> 8.4 (9.4) MB, pooled: 2 MB, 1.40 / 0.00 ms  (average mu = 1.000, current mu = 1.000) allocation failure; 
[82156:00000181AF151000]    34828 ms: Mark-Compact (reduce) 6.6 (9.0) -> 6.2 (8.0) MB, pooled: 0 MB, 2.56 / 0.00 ms  (average mu = 1.000, current mu = 1.000) last resort; GC in old space requested

[79608:00000245E69F1000]    37442 ms: Mark-Compact (reduce) 11.0 (12.9) -> 9.2 (11.8) MB, pooled: 0 MB, 3.38 / 0.00 ms  (average mu = 1.000, current mu = 1.000) last resort; GC in old space requested
[80324:000002B6F4DD8000]    38501 ms: Mark-Compact (reduce) 7.4 (10.5) -> 6.2 (8.0) MB, pooled: 0 MB, 1009.05 / 0.00 ms  (average mu = 0.974, current mu = 0.974) last resort; GC in old space requested

[100448:0000022E16D51000]     7821 ms: Scavenge 6.2 (7.9) -> 6.0 (7.4) MB, pooled: 1 MB, 1.27 / 0.00 ms  (average mu = 1.000, current mu = 1.000) allocation failure; 
[74760:0000018C5E383000]    37822 ms: Mark-Compact 7.7 (9.8) -> 7.4 (9.3) MB, pooled: 2 MB, 2021.10 / 0.00 ms  (average mu = 0.947, current mu = 0.947) background allocation failure; GC in old space requested
[69668:0000024CF9185000]    42893 ms: Scavenge 11.3 (12.9) -> 10.8 (12.1) MB, pooled: 2 MB, 0.70 / 0.00 ms  (average mu = 1.000, current mu = 1.000) allocation failure; 
[46360:0000017CB8AF1000]    52448 ms: Mark-Compact (reduce) 7.4 (10.5) -> 6.2 (8.0) MB, pooled: 0 MB, 5045.26 / 0.00 ms  (average mu = 0.904, current mu = 0.904) last resort; GC in old space requested
#
[69444:000002A201A49000]    35844 ms: Scavenge 7.2 (10.0) -> 6.6 (7.5) MB, pooled: 3 MB, 6037.47 / 0.00 ms  (average mu = 1.000, current mu = 1.000) allocation failure; 
[48204:000001A0C2587000]    46573 ms: Scavenge 11.3 (12.9) -> 10.8 (12.4) MB, pooled: 1 MB, 0.70 / 0.00 ms  (average mu = 1.000, current mu = 1.000) allocation failure; 

[88968:0000027806F43000]    13848 ms: Scavenge 6.2 (7.7) -> 6.0 (7.2) MB, pooled: 1 MB, 1.37 / 0.00 ms  (average mu = 1.000, current mu = 1.000) allocation failure; 
[77284:000001C2E5691000]    39057 ms: Mark-Compact (reduce) 7.4 (10.5) -> 6.2 (7.9) MB, pooled: 0 MB, 2.96 / 0.00 ms  (average mu = 1.000, current mu = 1.000) last resort; GC in old space requested
[56632:000001E6519C1000]    44643 ms: Mark-Compact (reduce) 7.4 (10.5) -> 6.2 (7.9) MB, pooled: 0 MB, 2.95 / 0.00 ms  (average mu = 1.000, current mu = 1.000) last resort; GC in old space requested

[45196:0000029BBD401000]    53933 ms: Mark-Compact (reduce) 11.0 (12.6) -> 9.2 (11.8) MB, pooled: 0 MB, 1011.34 / 0.00 ms  (average mu = 0.981, current mu = 0.981) last resort; GC in old space requested

[80332:000002CF01731000]     8811 ms: Scavenge 7.0 (8.5) -> 6.7 (9.0) MB, pooled: 0 MB, 6.30 / 0.00 ms  (average mu = 1.000, current mu = 1.000) allocation failure; 

[59284:0000022D8DA69000]    45574 ms: Mark-Compact (reduce) 7.4 (10.5) -> 6.2 (7.9) MB, pooled: 0 MB, 3.92 / 0.00 ms  (average mu = 1.000, current mu = 1.000) last resort; GC in old space requested
[89264:0000020A9CD21000]    35207 ms: Mark-Compact (reduce) 7.4 (10.0) -> 6.2 (8.0) MB, pooled: 0 MB, 2.85 / 0.00 ms  (average mu = 1.000, current mu = 1.000) last resort; GC in old space requested

[79748:0000021BAD7C1000]    40860 ms: Mark-Compact (reduce) 7.4 (10.5) -> 6.2 (8.0) MB, pooled: 0 MB, 2.70 / 0.00 ms  (average mu = 1.000, current mu = 1.000) last resort; GC in old space requested
[87436:000001C53AA21000]    33199 ms: Mark-Compact 7.3 (8.8) -> 6.8 (9.6) MB, pooled: 0 MB, 3027.93 / 0.00 ms  (average mu = 0.906, current mu = 0.906) allocation failure; GC in old space requested

[58388:00000196AB891000]    25218 ms: Scavenge 9.2 (11.6) -> 8.4 (9.6) MB, pooled: 2 MB, 1.38 / 0.00 ms  (average mu = 1.000, current mu = 1.000) allocation failure; 

[80152:00000187AE3A1000]    41233 ms: Mark-Compact (reduce) 6.6 (9.4) -> 6.2 (7.9) MB, pooled: 0 MB, 2.54 / 0.00 ms  (average mu = 1.000, current mu = 1.000) last resort; GC in old space requested
[86236:000001DD48346000]    41448 ms: Mark-Compact (reduce) 6.6 (8.2) -> 6.2 (7.9) MB, pooled: 0 MB, 2.93 / 0.00 ms  (average mu = 1.000, current mu = 1.000) last resort; GC in old space requested
#
[105736:00000181DFAD1000]    29658 ms: Mark-Compact (reduce) 6.6 (9.2) -> 6.2 (7.7) MB, pooled: 0 MB, 1012.32 / 0.00 ms  (average mu = 0.966, current mu = 0.966) last resort; GC in old space requested
[76064:0000020AA0A71000]    43189 ms: Mark-Compact (reduce) 7.4 (10.5) -> 6.2 (7.9) MB, pooled: 0 MB, 3.36 / 0.00 ms  (average mu = 1.000, current mu = 1.000) last resort; GC in old space requested
[70892:000001C341F66000]    44573 ms: Mark-Compact (reduce) 7.4 (10.5) -> 6.2 (7.9) MB, pooled: 0 MB, 1011.46 / 0.00 ms  (average mu = 0.977, current mu = 0.977) last resort; GC in old space requested
[95228:00000202C1AF1000]     6881 ms: Scavenge 7.0 (8.5) -> 6.8 (11.0) MB, pooled: 0 MB, 2.31 / 0.00 ms  (average mu = 1.000, current mu = 1.000) allocation failure; 


#


[80108:000002462ACA5000]    46492 ms: Mark-Compact (reduce) 6.6 (9.4) -> 6.2 (7.9) MB, pooled: 0 MB, 2.59 / 0.00 ms  (average mu = 1.000, current mu = 1.000) last resort; GC in old space requested



[92396:000001F4209C1000]    32648 ms: Scavenge 7.0 (8.8) -> 6.8 (9.0) MB, pooled: 0 MB, 17147.33 / 0.00 ms  (average mu = 1.000, current mu = 1.000) allocation failure; 
# Check failed: (result.ptr) != nullptr.
[82412:00000122AA981000]    41502 ms: Scavenge 7.7 (8.1) -> 7.3 (9.3) MB, pooled: 0 MB, 1012.20 / 0.00 ms  (average mu = 1.000, current mu = 1.000) allocation failure; 
[82892:000001949D7B7000]    46581 ms: Mark-Compact (reduce) 7.4 (10.5) -> 6.2 (8.0) MB, pooled: 0 MB, 2.89 / 0.00 ms  (average mu = 1.000, current mu = 1.000) last resort; GC in old space requested

[93820:00000292A4C75000]    40508 ms: Mark-Compact (reduce) 6.6 (9.2) -> 6.2 (7.9) MB, pooled: 0 MB, 3.15 / 0.00 ms  (average mu = 1.000, current mu = 1.000) last resort; GC in old space requested
[80452:0000022CF8F25000]    45118 ms: Mark-Compact (reduce) 7.4 (10.5) -> 6.2 (8.0) MB, pooled: 0 MB, 4027.21 / 0.00 ms  (average mu = 0.911, current mu = 0.911) last resort; GC in old space requested
[58012:0000018F513DB000]    21889 ms: Scavenge 9.9 (10.4) -> 9.5 (12.6) MB, pooled: 0 MB, 3.13 / 0.00 ms  (average mu = 1.000, current mu = 1.000) allocation failure; 

[82424:000001FF62601000]    47766 ms: Mark-Compact (reduce) 7.4 (10.0) -> 6.2 (7.7) MB, pooled: 0 MB, 2021.08 / 0.00 ms  (average mu = 0.958, current mu = 0.958) last resort; GC in old space requested
[91504:000002D781561000]    10364 ms: Scavenge 6.2 (7.7) -> 6.1 (7.2) MB, pooled: 1 MB, 0.98 / 0.00 ms  (average mu = 1.000, current mu = 1.000) allocation failure; 
[84608:000001A99AE31000]    47712 ms: Mark-Compact (reduce) 7.4 (9.3) -> 7.2 (8.8) MB, pooled: 0 MB, 2007.59 / 0.00 ms  (average mu = 0.870, current mu = 0.500) last resort; GC in old space requested
[37260:00000130839D1000]    53894 ms: Mark-Compact 8.9 (9.4) -> 7.4 (10.6) MB, pooled: 0 MB, 2.96 / 0.00 ms  (average mu = 1.000, current mu = 1.000) background allocation failure; GC in old space requested
[70196:000001A879AF5000]    54234 ms: Mark-Compact (reduce) 7.4 (9.1) -> 7.2 (9.1) MB, pooled: 0 MB, 2.92 / 0.00 ms  (average mu = 0.983, current mu = 0.999) last resort; GC in old space requested
[19308:000001B7EF38A000]    41712 ms: Mark-Compact (reduce) 6.6 (9.4) -> 6.2 (7.9) MB, pooled: 0 MB, 2.88 / 0.00 ms  (average mu = 1.000, current mu = 1.000) last resort; GC in old space requested
#
[48080:000002121FB23000]    35809 ms: Scavenge 10.6 (12.3) -> 10.1 (11.6) MB, pooled: 1 MB, 1.30 / 0.00 ms  (average mu = 1.000, current mu = 1.000) allocation failure; 
[58356:0000013B9E3DA000]    52477 ms: Mark-Compact (reduce) 6.2 (7.9) -> 6.2 (7.7) MB, pooled: 0 MB, 3.78 / 0.00 ms  (average mu = 1.000, current mu = 0.007) last resort; GC in old space requested
[87708:0000027FA14F9000]     8080 ms: Scavenge 6.2 (7.7) -> 6.0 (7.2) MB, pooled: 1 MB, 3.55 / 0.00 ms  (average mu = 1.000, current mu = 1.000) allocation failure; 
[73848:0000023D2D5F1000]    51093 ms: Mark-Compact (reduce) 6.6 (9.4) -> 6.2 (7.9) MB, pooled: 0 MB, 2.44 / 0.00 ms  (average mu = 1.000, current mu = 1.000) last resort; GC in old space requested
[57940:00000235079F1000]    55750 ms: Mark-Compact 8.3 (11.1) -> 6.8 (8.3) MB, pooled: 3 MB, 4033.96 / 0.00 ms  (average mu = 0.928, current mu = 0.928) allocation failure; GC in old space requested
[47964:000001B6EE443000]    56543 ms: Scavenge 7.9 (10.8) -> 7.4 (8.5) MB, pooled: 3 MB, 17145.68 / 0.00 ms  (average mu = 1.000, current mu = 1.000) allocation failure; 
[86208:0000021831EA0000]    25918 ms: Scavenge 7.6 (9.2) -> 7.4 (8.5) MB, pooled: 1 MB, 2016.14 / 0.00 ms  (average mu = 1.000, current mu = 1.000) allocation failure; 
#

[69276:000002A0909E9000]    47682 ms: Mark-Compact (reduce) 7.2 (8.8) -> 7.2 (8.8) MB, pooled: 0 MB, 1003.38 / 0.00 ms  (average mu = 0.824, current mu = 0.000) last resort; GC in old space requested
[102228:000002C39F9B3000]    36863 ms: Mark-Compact (reduce) 6.6 (9.5) -> 6.2 (8.0) MB, pooled: 0 MB, 1008.84 / 0.00 ms  (average mu = 0.973, current mu = 0.973) last resort; GC in old space requested
[59276:0000021DCA1B1000]    57100 ms: Mark-Compact (reduce) 7.4 (8.8) -> 7.2 (8.8) MB, pooled: 0 MB, 2.88 / 0.00 ms  (average mu = 0.860, current mu = 0.999) last resort; GC in old space requested
[72500:0000023EBB986000]    54104 ms: Mark-Compact (reduce) 7.4 (10.5) -> 6.2 (7.9) MB, pooled: 0 MB, 5020.58 / 0.00 ms  (average mu = 0.907, current mu = 0.907) last resort; GC in old space requested
[69648:000001FA019B3000]    49459 ms: Scavenge 7.1 (9.9) -> 6.6 (7.7) MB, pooled: 3 MB, 22173.38 / 0.00 ms  (average mu = 1.000, current mu = 1.000) allocation failure; 
[68476:000001FC2ACE1000]    59533 ms: Mark-Compact (reduce) 11.0 (12.6) -> 9.2 (11.8) MB, pooled: 0 MB, 2.93 / 0.00 ms  (average mu = 1.000, current mu = 1.000) last resort; GC in old space requested
[47872:0000021032981000]    53057 ms: Scavenge 11.3 (13.1) -> 10.9 (12.4) MB, pooled: 1 MB, 0.69 / 0.00 ms  (average mu = 1.000, current mu = 1.000) allocation failure; 
[100364:000001EFCDCC1000]    48268 ms: Mark-Compact 10.0 (11.9) -> 8.4 (10.3) MB, pooled: 2 MB, 5.11 / 0.00 ms  (average mu = 1.000, current mu = 1.000) background allocation failure; GC in old space requested
[100328:00000185181E5000]    13255 ms: Scavenge 7.7 (8.1) -> 7.2 (9.6) MB, pooled: 0 MB, 1.44 / 0.00 ms  (average mu = 1.000, current mu = 1.000) allocation failure; 

[68336:0000028387257000]    59342 ms: Mark-Compact (reduce) 6.6 (9.9) -> 6.2 (7.9) MB, pooled: 0 MB, 2.76 / 0.00 ms  (average mu = 1.000, current mu = 1.000) last resort; GC in old space requested
[84284:00000178899F1000]    43018 ms: Mark-Compact 8.9 (9.4) -> 7.4 (10.6) MB, pooled: 0 MB, 2011.51 / 0.00 ms  (average mu = 0.953, current mu = 0.953) background allocation failure; GC in old space requested
[93596:00000214FA451000]    45824 ms: Mark-Compact (reduce) 6.6 (8.9) -> 6.2 (7.9) MB, pooled: 0 MB, 2.99 / 0.00 ms  (average mu = 1.000, current mu = 1.000) last resort; GC in old space requested
[69156:0000016C49513000]    52073 ms: Mark-Compact (reduce) 6.6 (9.5) -> 6.2 (8.0) MB, pooled: 0 MB, 2.52 / 0.00 ms  (average mu = 1.000, current mu = 1.000) last resort; GC in old space requested
[106476:0000028BEFA81000]    12401 ms: Scavenge 6.2 (7.7) -> 6.0 (7.2) MB, pooled: 1 MB, 1.03 / 0.00 ms  (average mu = 1.000, current mu = 1.000) allocation failure; 
[77724:0000022B44AF5000]    49352 ms: Mark-Compact (reduce) 6.2 (8.0) -> 6.2 (7.7) MB, pooled: 0 MB, 3.79 / 0.00 ms  (average mu = 1.000, current mu = 0.004) last resort; GC in old space requested
[71256:000002345EC83000]    65488 ms: Mark-Compact (reduce) 7.4 (9.1) -> 7.2 (9.1) MB, pooled: 0 MB, 3.07 / 0.00 ms  (average mu = 1.000, current mu = 0.998) last resort; GC in old space requested
[72232:00000263E1760000]    56802 ms: Mark-Compact (reduce) 6.6 (9.4) -> 6.2 (7.9) MB, pooled: 0 MB, 3691.99 / 0.00 ms  (average mu = 0.935, current mu = 0.935) last resort; GC in old space requested
[71464:0000014ACF8C1000]    60209 ms: Mark-Compact (reduce) 7.4 (10.3) -> 6.2 (8.0) MB, pooled: 0 MB, 2.66 / 0.00 ms  (average mu = 1.000, current mu = 1.000) last resort; GC in old space requested
[59356:000001C6EC401000]    54064 ms: Scavenge 10.6 (12.3) -> 10.1 (11.6) MB, pooled: 1 MB, 0.73 / 0.00 ms  (average mu = 1.000, current mu = 1.000) allocation failure; 
[72664:0000028190441000]    65588 ms: Mark-Compact (reduce) 6.6 (9.4) -> 6.2 (7.9) MB, pooled: 0 MB, 2.84 / 0.00 ms  (average mu = 1.000, current mu = 1.000) last resort; GC in old space requested
[60736:0000027CA59D5000]    57480 ms: Mark-Compact (reduce) 7.4 (10.2) -> 6.2 (7.9) MB, pooled: 0 MB, 2.98 / 0.00 ms  (average mu = 1.000, current mu = 1.000) last resort; GC in old space requested
[80180:000002C507511000]    44249 ms: Scavenge 7.1 (10.0) -> 6.6 (7.7) MB, pooled: 3 MB, 16127.94 / 0.00 ms  (average mu = 1.000, current mu = 1.000) allocation failure; 
[91248:000002B6A0D41000]    36587 ms: Mark-Compact (reduce) 6.2 (7.9) -> 6.2 (7.9) MB, pooled: 0 MB, 3.34 / 0.00 ms  (average mu = 1.000, current mu = 0.006) last resort; GC in old space requested
#
[74872:000001FCD87C6000]    44921 ms: Mark-Compact (reduce) 6.2 (8.0) -> 6.2 (8.0) MB, pooled: 0 MB, 1003.86 / 0.00 ms  (average mu = 0.978, current mu = 0.000) last resort; GC in old space requested
[70948:0000020C65A01000]    48525 ms: Scavenge 7.9 (10.8) -> 7.4 (8.5) MB, pooled: 3 MB, 19126.72 / 0.00 ms  (average mu = 1.000, current mu = 1.000) allocation failure; 
[99272:000001FE67251000]    10291 ms: Scavenge 6.2 (7.7) -> 6.1 (7.2) MB, pooled: 1 MB, 0.98 / 0.00 ms  (average mu = 1.000, current mu = 1.000) allocation failure; 
[61840:000001F6AF50F000]    61676 ms: Mark-Compact (reduce) 8.8 (11.4) -> 7.3 (9.6) MB, pooled: 0 MB, 949.81 / 0.00 ms  (average mu = 0.985, current mu = 0.985) last resort; GC in old space requested
[80172:0000026D11CE1000]    60407 ms: Mark-Compact (reduce) 6.2 (8.0) -> 6.2 (7.7) MB, pooled: 0 MB, 11107.94 / 0.00 ms  (average mu = 0.816, current mu = 0.000) last resort; GC in old space requested
[88908:000002DCF7191000]     7626 ms: Scavenge 7.0 (8.8) -> 6.9 (11.0) MB, pooled: 0 MB, 1.45 / 0.00 ms  (average mu = 1.000, current mu = 1.000) allocation failure; 
[77028:000001E931D43000]    66226 ms: Mark-Compact (reduce) 7.4 (10.1) -> 7.2 (9.1) MB, pooled: 0 MB, 3.02 / 0.00 ms  (average mu = 1.000, current mu = 0.999) last resort; GC in old space requested
[99336:000002587D125000]    69302 ms: Mark-Compact (reduce) 11.0 (12.6) -> 9.2 (11.8) MB, pooled: 0 MB, 17136.77 / 0.00 ms  (average mu = 0.752, current mu = 0.752) last resort; GC in old space requested
[53020:000001A0FC561000]    76342 ms: Mark-Compact (reduce) 6.6 (9.7) -> 6.2 (7.7) MB, pooled: 0 MB, 1012.85 / 0.00 ms  (average mu = 0.987, current mu = 0.987) last resort; GC in old space requested
#
[82012:000001986A1C7000]    73105 ms: Mark-Compact (reduce) 10.2 (11.8) -> 9.2 (11.8) MB, pooled: 0 MB, 3.87 / 0.00 ms  (average mu = 1.000, current mu = 1.000) last resort; GC in old space requested
[74564:0000022AF32D1000]    77679 ms: Mark-Compact (reduce) 7.4 (10.5) -> 6.2 (7.9) MB, pooled: 0 MB, 3018.01 / 0.00 ms  (average mu = 0.961, current mu = 0.961) last resort; GC in old space requested
[94360:000001E4B1991000]    13484 ms: Scavenge 7.7 (9.1) -> 7.2 (9.3) MB, pooled: 0 MB, 0.94 / 0.00 ms  (average mu = 1.000, current mu = 1.000) allocation failure; 
[77968:000001E7B6563000]    46199 ms: Scavenge 7.1 (9.9) -> 6.6 (7.7) MB, pooled: 3 MB, 16132.67 / 0.00 ms  (average mu = 1.000, current mu = 1.000) allocation failure; 
[78224:000002F194FD1000]    43824 ms: Scavenge 9.2 (11.6) -> 8.4 (9.4) MB, pooled: 2 MB, 0.76 / 0.00 ms  (average mu = 1.000, current mu = 1.000) allocation failure; 
[52996:000001B2F4F25000]    29681 ms: Scavenge 9.9 (10.4) -> 9.5 (12.6) MB, pooled: 0 MB, 2.50 / 0.00 ms  (average mu = 1.000, current mu = 1.000) allocation failure; 
[73556:0000020AE64F1000]    70368 ms: Scavenge 9.5 (10.6) -> 8.9 (11.6) MB, pooled: 1 MB, 0.39 / 0.00 ms  (average mu = 0.824, current mu = 0.824) allocation failure; 
[89384:000001AC73245000]    45202 ms: Mark-Compact (reduce) 7.3 (9.6) -> 7.3 (8.8) MB, pooled: 0 MB, 6062.24 / 0.00 ms  (average mu = 0.866, current mu = 0.000) last resort; GC in old space requested
[56576:00000232827F1000]    44688 ms: Scavenge 8.5 (10.8) -> 7.7 (8.8) MB, pooled: 2 MB, 21318.54 / 0.00 ms  (average mu = 1.000, current mu = 1.000) allocation failure; 
[56464:000001CC833B1000]    25660 ms: Scavenge 9.2 (9.8) -> 8.8 (12.1) MB, pooled: 0 MB, 1.63 / 0.00 ms  (average mu = 1.000, current mu = 1.000) allocation failure; 
[89036:0000027273733000]     7792 ms: Scavenge 7.0 (8.5) -> 6.8 (9.0) MB, pooled: 0 MB, 0.90 / 0.00 ms  (average mu = 1.000, current mu = 1.000) allocation failure; 
#
[58712:000001B93C321000]    83707 ms: Scavenge 10.7 (13.1) -> 10.1 (11.6) MB, pooled: 2 MB, 9065.93 / 0.00 ms  (average mu = 1.000, current mu = 1.000) allocation failure; 
[55424:00000186D40B8000]    25871 ms: Scavenge 9.2 (11.6) -> 8.4 (9.4) MB, pooled: 2 MB, 1.70 / 0.00 ms  (average mu = 1.000, current mu = 1.000) allocation failure; 
#
[88928:0000029FDE4D5000]    44141 ms: Scavenge 6.2 (7.9) -> 6.0 (7.2) MB, pooled: 1 MB, 18140.30 / 0.00 ms  (average mu = 1.000, current mu = 1.000) allocation failure; 
[78768:000001B6AA6D1000]    43409 ms: Mark-Compact (reduce) 6.6 (9.4) -> 6.2 (7.9) MB, pooled: 0 MB, 2.69 / 0.00 ms  (average mu = 1.000, current mu = 1.000) last resort; GC in old space requested
[84652:000001E20B9F1000]    40514 ms: Mark-Compact (reduce) 7.4 (10.3) -> 6.2 (8.0) MB, pooled: 0 MB, 722.63 / 0.00 ms  (average mu = 0.982, current mu = 0.982) last resort; GC in old space requested
[74744:000001F644843000]    20583 ms: Scavenge 9.9 (10.4) -> 9.5 (12.6) MB, pooled: 0 MB, 1.56 / 0.00 ms  (average mu = 1.000, current mu = 1.000) allocation failure; 
[91816:000002388C64C000]    10333 ms: Scavenge 6.2 (7.7) -> 6.1 (7.2) MB, pooled: 1 MB, 0.94 / 0.00 ms  (average mu = 1.000, current mu = 1.000) allocation failure; 
[70996:0000027970891000]    16855 ms: Scavenge 9.2 (11.6) -> 8.4 (9.4) MB, pooled: 2 MB, 1.47 / 0.00 ms  (average mu = 1.000, current mu = 1.000) allocation failure; 
[74880:00000194CD3A3000]    45042 ms: Scavenge 9.1 (10.6) -> 8.7 (9.8) MB, pooled: 2 MB, 0.43 / 0.00 ms  (average mu = 1.000, current mu = 1.000) allocation failure; 
[61848:0000021E908D1000]    51351 ms: Scavenge 9.0 (9.6) -> 8.6 (11.4) MB, pooled: 0 MB, 0.56 / 0.00 ms  (average mu = 1.000, current mu = 1.000) allocation failure; 
#
----- Native stack trace -----
[44960:000001C1F5FF1000]    32733 ms: Scavenge 10.7 (13.1) -> 10.1 (11.4) MB, pooled: 2 MB, 1.71 / 0.00 ms  (average mu = 1.000, current mu = 1.000) allocation failure; 

[78724:0000021F23CF5000]    17850 ms: Scavenge 9.9 (10.4) -> 9.5 (12.6) MB, pooled: 0 MB, 1.46 / 0.00 ms  (average mu = 1.000, current mu = 1.000) allocation failure; 

[46932:0000018BB0575000]    25571 ms: Scavenge 9.9 (10.4) -> 9.5 (12.6) MB, pooled: 0 MB, 4.31 / 0.00 ms  (average mu = 1.000, current mu = 1.000) allocation failure; 


[46716:000001B2DB71E000]    29004 ms: Scavenge 10.7 (12.9) -> 10.1 (11.4) MB, pooled: 2 MB, 1.12 / 0.00 ms  (average mu = 1.000, current mu = 1.000) allocation failure; 
----- Native stack trace -----
[46760:000001313E841000]    28460 ms: Scavenge 9.2 (9.6) -> 8.7 (12.1) MB, pooled: 0 MB, 2.22 / 0.00 ms  (average mu = 1.000, current mu = 1.000) allocation failure; 
#

[57996:0000020FAB975000]    20201 ms: Scavenge 9.2 (9.6) -> 8.8 (12.1) MB, pooled: 0 MB, 1.45 / 0.00 ms  (average mu = 1.000, current mu = 1.000) allocation failure; 
[56512:0000018B06A91000]    24564 ms: Scavenge 9.9 (10.4) -> 9.5 (12.6) MB, pooled: 0 MB, 2.67 / 0.00 ms  (average mu = 1.000, current mu = 1.000) allocation failure; 


[68288:000001DD4834D000]    24419 ms: Scavenge 9.2 (9.6) -> 8.8 (12.1) MB, pooled: 0 MB, 2026.36 / 0.00 ms  (average mu = 1.000, current mu = 1.000) allocation failure; 

----- Native stack trace -----

[58272:00000212E9D71000]    28401 ms: Scavenge 10.0 (10.6) -> 9.7 (12.3) MB, pooled: 0 MB, 0.71 / 0.00 ms  (average mu = 1.000, current mu = 1.000) allocation failure; 

[100204:0000021BAB751000]    13716 ms: Scavenge 7.7 (8.1) -> 7.3 (9.3) MB, pooled: 0 MB, 0.74 / 0.00 ms  (average mu = 1.000, current mu = 1.000) allocation failure; 
[68184:00000234B2993000]    23054 ms: Scavenge 8.9 (9.3) -> 8.6 (11.6) MB, pooled: 0 MB, 16.01 / 0.00 ms  (average mu = 1.000, current mu = 1.000) allocation failure; 

----- Native stack trace -----
#
#
#
#

#

[71340:000002CC75831000]    26021 ms: Scavenge 10.7 (12.9) -> 10.1 (11.4) MB, pooled: 2 MB, 0.65 / 0.00 ms  (average mu = 1.000, current mu = 1.000) allocation failure; 
[58316:000001C9B472C000]    23693 ms: Scavenge 9.9 (10.4) -> 9.5 (12.9) MB, pooled: 0 MB, 1.45 / 0.00 ms  (average mu = 1.000, current mu = 1.000) allocation failure; 
#
[68312:0000028F3A595000]    21937 ms: Scavenge 9.9 (10.4) -> 9.5 (12.6) MB, pooled: 0 MB, 2.25 / 0.00 ms  (average mu = 1.000, current mu = 1.000) allocation failure; 















#

[99988:0000028CFAC41000]    13926 ms: Scavenge 8.9 (10.3) -> 8.5 (9.8) MB, pooled: 1 MB, 0.55 / 0.00 ms  (average mu = 1.000, current mu = 1.000) allocation failure; 



[72092:000002DB5EF76000]    25752 ms: Scavenge 9.0 (9.9) -> 8.8 (12.1) MB, pooled: 0 MB, 1.22 / 0.00 ms  (average mu = 1.000, current mu = 1.000) allocation failure; 
[90836:00000159EFAC9000]    13300 ms: Scavenge 8.4 (9.9) -> 8.0 (9.1) MB, pooled: 1 MB, 1.29 / 0.00 ms  (average mu = 1.000, current mu = 1.000) allocation failure; 

[59512:000002B393D61000]    31323 ms: Scavenge 10.3 (12.1) -> 9.9 (11.1) MB, pooled: 1 MB, 0.93 / 0.00 ms  (average mu = 1.000, current mu = 1.000) allocation failure; 
----- Native stack trace -----
[46940:0000023A5C169000]    31908 ms: Scavenge 10.7 (13.1) -> 10.1 (11.6) MB, pooled: 2 MB, 3031.69 / 0.00 ms  (average mu = 1.000, current mu = 1.000) allocation failure; 
[48476:0000022C41213000]    36035 ms: Scavenge 10.7 (13.1) -> 10.1 (11.6) MB, pooled: 2 MB, 2017.09 / 0.00 ms  (average mu = 1.000, current mu = 1.000) allocation failure; 

[58264:00000183A8EE7000]    23067 ms: Scavenge 9.2 (9.6) -> 8.8 (11.8) MB, pooled: 0 MB, 1.71 / 0.00 ms  (average mu = 1.000, current mu = 1.000) allocation failure; 
[58264:00000183A8EE7000]    35015 ms: Scavenge 10.0 (12.1) -> 9.3 (10.6) MB, pooled: 2 MB, 1.63 / 0.00 ms  (average mu = 1.000, current mu = 1.000) allocation failure; 

[46892:0000021255881000]    38045 ms: Scavenge 11.0 (11.9) -> 10.5 (13.4) MB, pooled: 0 MB, 0.73 / 0.00 ms  (average mu = 1.000, current mu = 1.000) allocation failure; 
----- Native stack trace -----

[56584:0000022C66F01000]    32550 ms: Scavenge 10.7 (13.1) -> 10.1 (11.4) MB, pooled: 2 MB, 1.17 / 0.00 ms  (average mu = 1.000, current mu = 1.000) allocation failure; 
#



[56928:000001DC9AD11000]    34931 ms: Scavenge 10.7 (13.1) -> 10.1 (11.6) MB, pooled: 2 MB, 1007.23 / 0.00 ms  (average mu = 1.000, current mu = 1.000) allocation failure; 


#




[68376:000001B2566A1000]    31945 ms: Scavenge 11.1 (11.8) -> 10.5 (12.8) MB, pooled: 0 MB, 0.72 / 0.00 ms  (average mu = 1.000, current mu = 1.000) allocation failure; 
#











[74420:000001A0759A8000]    30258 ms: Scavenge 10.7 (13.1) -> 10.1 (11.4) MB, pooled: 2 MB, 2008.09 / 0.00 ms  (average mu = 1.000, current mu = 1.000) allocation failure; 








#
#



[69492:0000022D948F1000]    32430 ms: Scavenge 11.8 (12.6) -> 11.3 (13.6) MB, pooled: 0 MB, 1.24 / 0.00 ms  (average mu = 1.000, current mu = 1.000) allocation failure; 

[43904:000001F9CD471000]    40382 ms: Scavenge 11.8 (12.6) -> 11.4 (13.6) MB, pooled: 0 MB, 0.33 / 0.00 ms  (average mu = 1.000, current mu = 1.000) allocation failure; 











[58004:000001D47B171000]    34093 ms: Scavenge 9.2 (9.6) -> 8.8 (11.8) MB, pooled: 0 MB, 0.68 / 0.00 ms  (average mu = 1.000, current mu = 1.000) allocation failure; 


#

#



#


#




#

[70724:000002446F171000]    25932 ms: Scavenge 8.2 (9.3) -> 8.0 (11.6) MB, pooled: 0 MB, 0.77 / 0.00 ms  (average mu = 1.000, current mu = 1.000) allocation failure; 


[81380:0000023B7F275000]    26628 ms: Scavenge 7.7 (8.1) -> 7.3 (9.6) MB, pooled: 0 MB, 3017.95 / 0.00 ms  (average mu = 1.000, current mu = 1.000) allocation failure; 

#








[35744:0000028BF0A71000]    43998 ms: Scavenge 9.9 (12.1) -> 9.3 (10.6) MB, pooled: 2 MB, 5033.98 / 0.00 ms  (average mu = 1.000, current mu = 1.000) allocation failure; 







----- Native stack trace -----






[82368:0000022D5BF71000]    30383 ms: Scavenge 8.4 (9.9) -> 8.1 (9.1) MB, pooled: 1 MB, 3012.52 / 0.00 ms  (average mu = 1.000, current mu = 1.000) allocation failure; 












[58340:0000013A33BE5000]    37552 ms: Scavenge 9.1 (9.6) -> 8.7 (11.6) MB, pooled: 0 MB, 0.65 / 0.00 ms  (average mu = 1.000, current mu = 1.000) allocation failure; 







[49804:0000022B85431000]    39491 ms: Scavenge 9.2 (9.6) -> 8.8 (11.8) MB, pooled: 0 MB, 0.72 / 0.00 ms  (average mu = 1.000, current mu = 1.000) allocation failure; 




----- Native stack trace -----

#






[71504:0000016F31DE1000]    26885 ms: Scavenge 9.9 (10.4) -> 9.5 (12.9) MB, pooled: 0 MB, 2.07 / 0.00 ms  (average mu = 1.000, current mu = 1.000) allocation failure; 




[100448:0000022E16D51000]    17707 ms: Scavenge 7.7 (8.1) -> 7.2 (9.6) MB, pooled: 0 MB, 0.83 / 0.00 ms  (average mu = 1.000, current mu = 1.000) allocation failure; 




----- Native stack trace -----
[69444:000002A201A49000]    37860 ms: Scavenge 6.6 (7.5) -> 6.6 (9.0) MB, pooled: 2 MB, 0.56 / 0.00 ms  (average mu = 1.000, current mu = 1.000) allocation failure; 
[48204:000001A0C2587000]    46791 ms: Scavenge 11.8 (12.6) -> 11.3 (13.6) MB, pooled: 0 MB, 0.62 / 0.00 ms  (average mu = 1.000, current mu = 1.000) allocation failure; 















[58388:00000196AB891000]    49017 ms: Scavenge 9.9 (10.4) -> 9.5 (12.6) MB, pooled: 0 MB, 0.70 / 0.00 ms  (average mu = 1.000, current mu = 1.000) allocation failure; 



----- Native stack trace -----





----- Native stack trace -----








#
[82412:00000122AA981000]    41534 ms: Scavenge 8.9 (10.3) -> 8.5 (9.8) MB, pooled: 1 MB, 0.55 / 0.00 ms  (average mu = 1.000, current mu = 1.000) allocation failure; 




[58012:0000018F513DB000]    49176 ms: Scavenge 10.7 (12.9) -> 10.1 (11.9) MB, pooled: 2 MB, 1.91 / 0.00 ms  (average mu = 1.000, current mu = 1.000) allocation failure; 







----- Native stack trace -----
[48080:000002121FB23000]    39874 ms: Scavenge 10.2 (11.6) -> 10.2 (12.8) MB, pooled: 0 MB, 0.55 / 0.00 ms  (average mu = 1.000, current mu = 1.000) allocation failure; 




[47964:000001B6EE443000]    58552 ms: Scavenge 7.4 (8.5) -> 7.4 (10.3) MB, pooled: 1 MB, 0.56 / 0.00 ms  (average mu = 1.000, current mu = 1.000) allocation failure; 
[86208:0000021831EA0000]    46062 ms: Scavenge 7.4 (8.5) -> 7.4 (10.0) MB, pooled: 0 MB, 18136.73 / 0.00 ms  (average mu = 1.000, current mu = 1.000) allocation failure; 
----- Native stack trace -----





[69648:000001FA019B3000]    50486 ms: Scavenge 8.3 (8.8) -> 7.9 (10.8) MB, pooled: 0 MB, 0.72 / 0.00 ms  (average mu = 1.000, current mu = 1.000) allocation failure; 

[47872:0000021032981000]    57867 ms: Scavenge 11.0 (12.4) -> 11.0 (13.4) MB, pooled: 0 MB, 0.56 / 0.00 ms  (average mu = 1.000, current mu = 1.000) allocation failure; 

[100328:00000185181E5000]    48324 ms: Scavenge 8.9 (10.3) -> 8.5 (9.8) MB, pooled: 1 MB, 29247.11 / 0.00 ms  (average mu = 1.000, current mu = 1.000) allocation failure; 










[59356:000001C6EC401000]    59437 ms: Scavenge 11.0 (11.8) -> 10.6 (12.8) MB, pooled: 0 MB, 0.47 / 0.00 ms  (average mu = 1.000, current mu = 1.000) allocation failure; 


[80180:000002C507511000]    45273 ms: Scavenge 8.4 (8.8) -> 7.9 (10.8) MB, pooled: 0 MB, 0.82 / 0.00 ms  (average mu = 1.000, current mu = 1.000) allocation failure; 

----- Native stack trace -----









----- Native stack trace -----


[94360:000001E4B1991000]    52938 ms: Scavenge 8.9 (10.3) -> 8.4 (9.8) MB, pooled: 1 MB, 28210.81 / 0.00 ms  (average mu = 1.000, current mu = 1.000) allocation failure; 
[77968:000001E7B6563000]    46229 ms: Scavenge 8.4 (8.8) -> 7.9 (10.8) MB, pooled: 0 MB, 0.74 / 0.00 ms  (average mu = 1.000, current mu = 1.000) allocation failure; 
[78224:000002F194FD1000]    54289 ms: Scavenge 9.9 (10.4) -> 9.5 (12.6) MB, pooled: 0 MB, 0.84 / 0.00 ms  (average mu = 1.000, current mu = 1.000) allocation failure; 
[52996:000001B2F4F25000]    78302 ms: Scavenge 10.7 (12.9) -> 10.1 (11.6) MB, pooled: 2 MB, 44367.43 / 0.00 ms  (average mu = 1.000, current mu = 1.000) allocation failure; 


[56576:00000232827F1000]    72204 ms: Scavenge 9.2 (9.6) -> 8.8 (12.1) MB, pooled: 0 MB, 3010.97 / 0.00 ms  (average mu = 1.000, current mu = 1.000) allocation failure; 
[56464:000001CC833B1000]    84001 ms: Scavenge 10.0 (12.1) -> 9.3 (10.8) MB, pooled: 2 MB, 35252.11 / 0.00 ms  (average mu = 1.000, current mu = 1.000) allocation failure; 


----- Native stack trace -----
[55424:00000186D40B8000]    70831 ms: Scavenge 9.0 (9.9) -> 8.8 (12.4) MB, pooled: 0 MB, 37289.69 / 0.00 ms  (average mu = 1.000, current mu = 1.000) allocation failure; 
----- Native stack trace -----




[70996:0000027970891000]    17004 ms: Scavenge 9.9 (10.4) -> 9.5 (12.9) MB, pooled: 0 MB, 1.45 / 0.00 ms  (average mu = 1.000, current mu = 1.000) allocation failure; 

[74880:00000194CD3A3000]    50727 ms: Scavenge 9.4 (10.1) -> 9.0 (11.6) MB, pooled: 0 MB, 0.92 / 0.00 ms  (average mu = 1.000, current mu = 1.000) allocation failure; 
[61848:0000021E908D1000]    73307 ms: Scavenge 10.2 (12.1) -> 9.7 (11.4) MB, pooled: 1 MB, 12105.65 / 0.00 ms  (average mu = 1.000, current mu = 1.000) allocation failure; 
----- Native stack trace -----




<--- JS stacktrace --->





#



<--- JS stacktrace --->





<--- JS stacktrace --->





#

#
#
#
#
<--- JS stacktrace --->


#FailureMessage Object: 000000DBDB9FA600


<--- JS stacktrace --->
<--- JS stacktrace --->
<--- JS stacktrace --->
<--- JS stacktrace --->
<--- JS stacktrace --->

<--- JS stacktrace --->
<--- JS stacktrace --->
<--- JS stacktrace --->
<--- JS stacktrace --->
<--- JS stacktrace --->
<--- JS stacktrace --->
<--- JS stacktrace --->
<--- JS stacktrace --->
<--- JS stacktrace --->
#
<--- JS stacktrace --->


<--- JS stacktrace --->
<--- JS stacktrace --->


<--- JS stacktrace --->













#
<--- JS stacktrace --->


<--- JS stacktrace --->
#
<--- JS stacktrace --->
<--- JS stacktrace --->

<--- JS stacktrace --->

#

<--- JS stacktrace --->



<--- JS stacktrace --->

<--- JS stacktrace --->





<--- JS stacktrace --->

<--- JS stacktrace --->

<--- JS stacktrace --->

<--- JS stacktrace --->

#
#

<--- JS stacktrace --->

<--- JS stacktrace --->

<--- JS stacktrace --->

<--- JS stacktrace --->
<--- JS stacktrace --->
<--- JS stacktrace --->
<--- JS stacktrace --->
<--- JS stacktrace --->
<--- JS stacktrace --->





<--- JS stacktrace --->

<--- JS stacktrace --->

#
<--- JS stacktrace --->

<--- JS stacktrace --->
<--- JS stacktrace --->

#

<--- JS stacktrace --->
<--- Last few GCs --->
#




<--- JS stacktrace --->


<--- JS stacktrace --->
#
<--- Last few GCs --->
<--- JS stacktrace --->
<--- JS stacktrace --->
<--- JS stacktrace --->





<--- JS stacktrace --->
<--- JS stacktrace --->

<--- JS stacktrace --->
<--- JS stacktrace --->



<--- JS stacktrace --->


<--- JS stacktrace --->

<--- JS stacktrace --->

<--- JS stacktrace --->



<--- JS stacktrace --->
<--- JS stacktrace --->




<--- JS stacktrace --->

<--- JS stacktrace --->
<--- JS stacktrace --->

<--- JS stacktrace --->
<--- JS stacktrace --->
<--- JS stacktrace --->

<--- JS stacktrace --->

<--- JS stacktrace --->
#
<--- JS stacktrace --->
<--- JS stacktrace --->
<--- JS stacktrace --->
<--- JS stacktrace --->

<--- JS stacktrace --->



<--- JS stacktrace --->
<--- JS stacktrace --->


<--- JS stacktrace --->
<--- JS stacktrace --->

<--- JS stacktrace --->
<--- JS stacktrace --->
<--- JS stacktrace --->

<--- JS stacktrace --->




<--- JS stacktrace --->
<--- JS stacktrace --->

<--- JS stacktrace --->
<--- JS stacktrace --->

<--- JS stacktrace --->
<--- JS stacktrace --->

<--- JS stacktrace --->

<--- JS stacktrace --->






<--- JS stacktrace --->




<--- JS stacktrace --->





























<--- JS stacktrace --->
 1: 00007FF7F187711D 

<--- JS stacktrace --->

#
<--- JS stacktrace --->


<--- JS stacktrace --->
 1: 00007FF7F187711D 
<--- JS stacktrace --->


<--- JS stacktrace --->

<--- JS stacktrace --->
 1: 00007FF7F187711D 
#
<--- JS stacktrace --->

#
#
#


#



----- Native stack trace -----


<--- JS stacktrace --->









<--- JS stacktrace --->










#

<--- JS stacktrace --->



 1: 00007FF7F187711D 
<--- JS stacktrace --->

<--- JS stacktrace --->
<--- JS stacktrace --->






































































<--- JS stacktrace --->
#

<--- JS stacktrace --->

#



<--- JS stacktrace --->

#
<--- JS stacktrace --->

<--- JS stacktrace --->

<--- JS stacktrace --->
<--- JS stacktrace --->

<--- JS stacktrace --->

<--- JS stacktrace --->
<--- JS stacktrace --->
<--- JS stacktrace --->
<--- JS stacktrace --->

<--- JS stacktrace --->

<--- JS stacktrace --->

<--- JS stacktrace --->


<--- JS stacktrace --->
#
#
<--- JS stacktrace --->





<--- JS stacktrace --->






<--- JS stacktrace --->

<--- JS stacktrace --->
<--- JS stacktrace --->
#FailureMessage Object: 00000077D61F7FF0

<--- JS stacktrace --->

<--- JS stacktrace --->
#FailureMessage Object: 000000B1529F7DE0


<--- JS stacktrace --->


#
<--- JS stacktrace --->


#
<--- JS stacktrace --->
<--- JS stacktrace --->

<--- JS stacktrace --->
<--- JS stacktrace --->
<--- JS stacktrace --->


#
<--- JS stacktrace --->



<--- JS stacktrace --->

#
<--- JS stacktrace --->
 1: 00007FF7F187711D 


<--- JS stacktrace --->


<--- JS stacktrace --->
 1: 00007FF7F187711D 
<--- JS stacktrace --->

<--- JS stacktrace --->
<--- JS stacktrace --->

<--- JS stacktrace --->



<--- JS stacktrace --->
<--- JS stacktrace --->
<--- JS stacktrace --->


<--- JS stacktrace --->
<--- JS stacktrace --->
<--- JS stacktrace --->


<--- JS stacktrace --->






<--- JS stacktrace --->

 1: 00007FF7F187711D 

#





<--- JS stacktrace --->



<--- JS stacktrace --->




<--- JS stacktrace --->


<--- JS stacktrace --->
 1: 00007FF7F187711D 










<--- JS stacktrace --->

#


<--- JS stacktrace --->
<--- JS stacktrace --->

<--- JS stacktrace --->





 1: 00007FF7F187711D node::SetCppgcReference+17725

<--- JS stacktrace --->

 1: 00007FF7F187711D 




 1: 00007FF7F187711D node::SetCppgcReference+17725
<--- JS stacktrace --->

<--- JS stacktrace --->

<--- JS stacktrace --->





 1: 00007FF7F187711D node::SetCppgcReference+17725
<--- JS stacktrace --->

<--- JS stacktrace --->

<--- JS stacktrace --->

<--- JS stacktrace --->
 1: 00007FF7F187711D node::SetCppgcReference+17725
<--- JS stacktrace --->
<--- JS stacktrace --->
<--- JS stacktrace --->
FATAL ERROR: Zone Allocation failed - process out of memory

 2: 00007FF7F175181F 
<--- JS stacktrace --->

<--- JS stacktrace --->
#FailureMessage Object: 000000AAA29FA5E0

FATAL ERROR: Zone Allocation failed - process out of memory
<--- JS stacktrace --->

 2: 00007FF7F175181F 

FATAL ERROR: Zone Allocation failed - process out of memory
<--- JS stacktrace --->

<--- JS stacktrace --->
 2: 00007FF7F175181F 

#FailureMessage Object: 000000C6EE9F7C00
<--- JS stacktrace --->

#FailureMessage Object: 000000AD213F78B0
#FailureMessage Object: 0000000C731F93E0
#FailureMessage Object: 000000F8F91FF410
<--- JS stacktrace --->
<--- JS stacktrace --->
#FailureMessage Object: 00000069F5BFB480
FATAL ERROR: Zone Allocation failed - process out of memory
<--- JS stacktrace --->
<--- JS stacktrace --->

<--- JS stacktrace --->
<--- JS stacktrace --->

<--- JS stacktrace --->
<--- JS stacktrace --->
FATAL ERROR: Zone Allocation failed - process out of memory
FATAL ERROR: Zone Allocation failed - process out of memory
<--- JS stacktrace --->
FATAL ERROR: Zone Allocation failed - process out of memory
<--- JS stacktrace --->
FATAL ERROR: MarkCompactCollector: young object promotion failed Allocation failed - JavaScript heap out of memory
FATAL ERROR: Zone Allocation failed - process out of memory

FATAL ERROR: Zone Allocation failed - process out of memory
FATAL ERROR: Zone Allocation failed - process out of memory
FATAL ERROR: MarkCompactCollector: young object promotion failed Allocation failed - JavaScript heap out of memory
FATAL ERROR: MarkCompactCollector: young object promotion failed Allocation failed - JavaScript heap out of memory

FATAL ERROR: NewSpace::EnsureCurrentCapacity Allocation failed - JavaScript heap out of memory
FATAL ERROR: MarkCompactCollector: young object promotion failed Allocation failed - JavaScript heap out of memory

<--- JS stacktrace --->
FATAL ERROR: MarkCompactCollector: young object promotion failed Allocation failed - JavaScript heap out of memory
#FailureMessage Object: 000000D478BFB8E0


FATAL ERROR: NewSpace::EnsureCurrentCapacity Allocation failed - JavaScript heap out of memory
FATAL ERROR: NewSpace::EnsureCurrentCapacity Allocation failed - JavaScript heap out of memory
 2: 00007FF7F175181F 
FATAL ERROR: MarkCompactCollector: young object promotion failed Allocation failed - JavaScript heap out of memory

<--- JS stacktrace --->


<--- JS stacktrace --->
<--- JS stacktrace --->
<--- JS stacktrace --->
<--- JS stacktrace --->
<--- JS stacktrace --->
<--- JS stacktrace --->
<--- JS stacktrace --->
<--- JS stacktrace --->
<--- JS stacktrace --->
<--- JS stacktrace --->
<--- JS stacktrace --->
<--- JS stacktrace --->
<--- JS stacktrace --->
<--- JS stacktrace --->
<--- JS stacktrace --->
<--- JS stacktrace --->
<--- JS stacktrace --->
<--- JS stacktrace --->
<--- JS stacktrace --->
<--- JS stacktrace --->
<--- JS stacktrace --->
<--- JS stacktrace --->
<--- JS stacktrace --->
<--- JS stacktrace --->
<--- JS stacktrace --->
<--- JS stacktrace --->
<--- JS stacktrace --->
<--- JS stacktrace --->
<--- JS stacktrace --->
<--- JS stacktrace --->
<--- JS stacktrace --->
<--- JS stacktrace --->
<--- JS stacktrace --->
<--- JS stacktrace --->
<--- JS stacktrace --->
<--- JS stacktrace --->
<--- JS stacktrace --->
<--- JS stacktrace --->
<--- JS stacktrace --->
<--- JS stacktrace --->
<--- JS stacktrace --->
<--- JS stacktrace --->
<--- JS stacktrace --->
<--- JS stacktrace --->
<--- JS stacktrace --->
<--- JS stacktrace --->
<--- JS stacktrace --->
<--- JS stacktrace --->
<--- JS stacktrace --->
<--- JS stacktrace --->
<--- JS stacktrace --->
<--- JS stacktrace --->
<--- JS stacktrace --->
<--- JS stacktrace --->
<--- JS stacktrace --->
<--- JS stacktrace --->
<--- JS stacktrace --->
<--- JS stacktrace --->
<--- JS stacktrace --->
<--- JS stacktrace --->
<--- JS stacktrace --->
<--- JS stacktrace --->
<--- JS stacktrace --->
<--- JS stacktrace --->
<--- JS stacktrace --->
<--- JS stacktrace --->
<--- JS stacktrace --->
<--- JS stacktrace --->
<--- JS stacktrace --->
<--- JS stacktrace --->

#FailureMessage Object: 0000005EAB7FF650
FATAL ERROR: Zone Allocation failed - process out of memory

FATAL ERROR: MarkCompactCollector: young object promotion failed Allocation failed - JavaScript heap out of memory
#FailureMessage Object: 0000005EC75FEF10
FATAL ERROR: Zone Allocation failed - process out of memory
FATAL ERROR: Zone Allocation failed - process out of memory
<--- JS stacktrace --->

FATAL ERROR: NewSpace::EnsureCurrentCapacity Allocation failed - JavaScript heap out of memory
#FailureMessage Object: 000000F213DFACC0



<--- JS stacktrace --->


FATAL ERROR: MarkCompactCollector: young object promotion failed Allocation failed - JavaScript heap out of memory


FATAL ERROR: NewSpace::EnsureCurrentCapacity Allocation failed - JavaScript heap out of memory




FATAL ERROR: Zone Allocation failed - process out of memory

FATAL ERROR: MarkCompactCollector: young object promotion failed Allocation failed - JavaScript heap out of memory
FATAL ERROR: MarkCompactCollector: young object promotion failed Allocation failed - JavaScript heap out of memory

<--- JS stacktrace --->
FATAL ERROR: NewSpace::EnsureCurrentCapacity Allocation failed - JavaScript heap out of memory

#FailureMessage Object: 0000000D055F7CD0
#FailureMessage Object: 0000009F081FA470

FATAL ERROR: MarkCompactCollector: young object promotion failed Allocation failed - JavaScript heap out of memory
FATAL ERROR: NewSpace::EnsureCurrentCapacity Allocation failed - JavaScript heap out of memory
<--- JS stacktrace --->
<--- JS stacktrace --->
FATAL ERROR: MarkCompactCollector: young object promotion failed Allocation failed - JavaScript heap out of memory

FATAL ERROR: MarkCompactCollector: young object promotion failed Allocation failed - JavaScript heap out of memory
FATAL ERROR: MarkCompactCollector: young object promotion failed Allocation failed - JavaScript heap out of memory
FATAL ERROR: Zone Allocation failed - process out of memory

FATAL ERROR: MarkCompactCollector: young object promotion failed Allocation failed - JavaScript heap out of memory
FATAL ERROR: MarkCompactCollector: young object promotion failed Allocation failed - JavaScript heap out of memory

<--- JS stacktrace --->


----- Native stack trace -----
FATAL ERROR: MarkCompactCollector: young object promotion failed Allocation failed - JavaScript heap out of memory

FATAL ERROR: MarkCompactCollector: young object promotion failed Allocation failed - JavaScript heap out of memory

----- Native stack trace -----

FATAL ERROR: MarkCompactCollector: young object promotion failed Allocation failed - JavaScript heap out of memory

FATAL ERROR: MarkCompactCollector: young object promotion failed Allocation failed - JavaScript heap out of memory

#FailureMessage Object: 0000005EFAFFF540

FATAL ERROR: NewSpace::EnsureCurrentCapacity Allocation failed - JavaScript heap out of memory
[74644:0000010B26C91000]      324 ms: Scavenge 6.4 (8.0) -> 6.3 (10.8) MB, pooled: 0 MB, 1.84 / 0.00 ms  (average mu = 1.000, current mu = 1.000) allocation failure; 
#FailureMessage Object: 00000001ECDFC5B0


<--- JS stacktrace --->

FATAL ERROR: Zone Allocation failed - process out of memory

<--- JS stacktrace --->
FATAL ERROR: MarkCompactCollector: young object promotion failed Allocation failed - JavaScript heap out of memory
#FailureMessage Object: 000000D1FBFFB070
[70284:000001B0E5F51000]      295 ms: Scavenge 6.4 (8.0) -> 6.3 (10.8) MB, pooled: 0 MB, 3.78 / 0.00 ms  (average mu = 1.000, current mu = 1.000) allocation failure; 
FATAL ERROR: MarkCompactCollector: young object promotion failed Allocation failed - JavaScript heap out of memory
FATAL ERROR: MarkCompactCollector: young object promotion failed Allocation failed - JavaScript heap out of memory
FATAL ERROR: MarkCompactCollector: young object promotion failed Allocation failed - JavaScript heap out of memory
<--- JS stacktrace --->




FATAL ERROR: MarkCompactCollector: young object promotion failed Allocation failed - JavaScript heap out of memory
FATAL ERROR: MarkCompactCollector: young object promotion failed Allocation failed - JavaScript heap out of memory
<--- JS stacktrace --->
----- Native stack trace -----
FATAL ERROR: MarkCompactCollector: young object promotion failed Allocation failed - JavaScript heap out of memory

 2: 00007FF7F175181F 

FATAL ERROR: MarkCompactCollector: young object promotion failed Allocation failed - JavaScript heap out of memory


FATAL ERROR: MarkCompactCollector: young object promotion failed Allocation failed - JavaScript heap out of memory

FATAL ERROR: MarkCompactCollector: young object promotion failed Allocation failed - JavaScript heap out of memory
<--- JS stacktrace --->




FATAL ERROR: MarkCompactCollector: young object promotion failed Allocation failed - JavaScript heap out of memory
FATAL ERROR: MarkCompactCollector: young object promotion failed Allocation failed - JavaScript heap out of memory



<--- JS stacktrace --->
FATAL ERROR: MarkCompactCollector: young object promotion failed Allocation failed - JavaScript heap out of memory

FATAL ERROR: MarkCompactCollector: young object promotion failed Allocation failed - JavaScript heap out of memory

<--- JS stacktrace --->
FATAL ERROR: MarkCompactCollector: young object promotion failed Allocation failed - JavaScript heap out of memory
FATAL ERROR: NewSpace::EnsureCurrentCapacity Allocation failed - JavaScript heap out of memory
FATAL ERROR: MarkCompactCollector: young object promotion failed Allocation failed - JavaScript heap out of memory

FATAL ERROR: NewSpace::EnsureCurrentCapacity Allocation failed - JavaScript heap out of memory
 2: 00007FF7F175181F 
FATAL ERROR: MarkCompactCollector: young object promotion failed Allocation failed - JavaScript heap out of memory
#FailureMessage Object: 000000806BBF97A0

FATAL ERROR: MarkCompactCollector: young object promotion failed Allocation failed - JavaScript heap out of memory
FATAL ERROR: MarkCompactCollector: young object promotion failed Allocation failed - JavaScript heap out of memory
FATAL ERROR: MarkCompactCollector: young object promotion failed Allocation failed - JavaScript heap out of memory
FATAL ERROR: MarkCompactCollector: young object promotion failed Allocation failed - JavaScript heap out of memory

FATAL ERROR: NewSpace::EnsureCurrentCapacity Allocation failed - JavaScript heap out of memory
<--- Last few GCs --->
FATAL ERROR: MarkCompactCollector: young object promotion failed Allocation failed - JavaScript heap out of memory

<--- JS stacktrace --->
FATAL ERROR: MarkCompactCollector: young object promotion failed Allocation failed - JavaScript heap out of memory
FATAL ERROR: MarkCompactCollector: young object promotion failed Allocation failed - JavaScript heap out of memory
FATAL ERROR: MarkCompactCollector: young object promotion failed Allocation failed - JavaScript heap out of memory
FATAL ERROR: MarkCompactCollector: young object promotion failed Allocation failed - JavaScript heap out of memory

FATAL ERROR: MarkCompactCollector: young object promotion failed Allocation failed - JavaScript heap out of memory

 2: 00007FF7F175181F 
FATAL ERROR: MarkCompactCollector: young object promotion failed Allocation failed - JavaScript heap out of memory
<--- JS stacktrace --->
FATAL ERROR: MarkCompactCollector: young object promotion failed Allocation failed - JavaScript heap out of memory
FATAL ERROR: NewSpace::EnsureCurrentCapacity Allocation failed - JavaScript heap out of memory
<--- JS stacktrace --->
<--- JS stacktrace --->
FATAL ERROR: NewSpace::EnsureCurrentCapacity Allocation failed - JavaScript heap out of memory
<--- JS stacktrace --->
FATAL ERROR: MarkCompactCollector: young object promotion failed Allocation failed - JavaScript heap out of memory
FATAL ERROR: MarkCompactCollector: young object promotion failed Allocation failed - JavaScript heap out of memory

FATAL ERROR: NewSpace::EnsureCurrentCapacity Allocation failed - JavaScript heap out of memory
#FailureMessage Object: 000000D1D59F81C0
FATAL ERROR: MarkCompactCollector: young object promotion failed Allocation failed - JavaScript heap out of memory
FATAL ERROR: MarkCompactCollector: young object promotion failed Allocation failed - JavaScript heap out of memory

 2: 00007FF7F175181F 
FATAL ERROR: NewSpace::EnsureCurrentCapacity Allocation failed - JavaScript heap out of memory

<--- JS stacktrace --->
<--- JS stacktrace --->

<--- JS stacktrace --->
 2: 00007FF7F175181F node::TriggerNodeReport+73231
<--- JS stacktrace --->

<--- JS stacktrace --->
 2: 00007FF7F175181F 
<--- JS stacktrace --->
<--- JS stacktrace --->
<--- JS stacktrace --->
<--- JS stacktrace --->
 2: 00007FF7F175181F node::TriggerNodeReport+73231

<--- JS stacktrace --->

<--- JS stacktrace --->

<--- JS stacktrace --->
<--- JS stacktrace --->
<--- JS stacktrace --->
<--- JS stacktrace --->
<--- JS stacktrace --->
 2: 00007FF7F175181F node::TriggerNodeReport+73231

<--- JS stacktrace --->

<--- JS stacktrace --->

<--- JS stacktrace --->

 2: 00007FF7F175181F node::TriggerNodeReport+73231



----- Native stack trace -----

FATAL ERROR: Zone Allocation failed - process out of memory
 3: 00007FF7F29C95C6 

FATAL ERROR: Zone Allocation failed - process out of memory

----- Native stack trace -----
FATAL ERROR: Zone Allocation failed - process out of memory
----- Native stack trace -----

FATAL ERROR: Zone Allocation failed - process out of memory
 3: 00007FF7F29C95C6 
FATAL ERROR: Zone Allocation failed - process out of memory
----- Native stack trace -----

FATAL ERROR: Committing semi space failed. Allocation failed - JavaScript heap out of memory

FATAL ERROR: Zone Allocation failed - process out of memory
 3: 00007FF7F29C95C6 
----- Native stack trace -----
FATAL ERROR: Committing semi space failed. Allocation failed - JavaScript heap out of memory

----- Native stack trace -----
----- Native stack trace -----
----- Native stack trace -----


----- Native stack trace -----
----- Native stack trace -----





FATAL ERROR: Zone Allocation failed - process out of memory


----- Native stack trace -----
----- Native stack trace -----

----- Native stack trace -----

----- Native stack trace -----
----- Native stack trace -----
FATAL ERROR: Committing semi space failed. Allocation failed - JavaScript heap out of memory
----- Native stack trace -----
----- Native stack trace -----
----- Native stack trace -----
----- Native stack trace -----
<--- Last few GCs --->
----- Native stack trace -----
----- Native stack trace -----
<--- Last few GCs --->

----- Native stack trace -----
----- Native stack trace -----
<--- Last few GCs --->
FATAL ERROR: Zone Allocation failed - process out of memory
----- Native stack trace -----
----- Native stack trace -----

 3: 00007FF7F29C95C6 
FATAL ERROR: Committing semi space failed. Allocation failed - JavaScript heap out of memory
FATAL ERROR: Committing semi space failed. Allocation failed - JavaScript heap out of memory

FATAL ERROR: Committing semi space failed. Allocation failed - JavaScript heap out of memory






































































FATAL ERROR: Committing semi space failed. Allocation failed - JavaScript heap out of memory
----- Native stack trace -----
----- Native stack trace -----
FATAL ERROR: MarkCompactCollector: young object promotion failed Allocation failed - JavaScript heap out of memory
----- Native stack trace -----
----- Native stack trace -----
----- Native stack trace -----
----- Native stack trace -----

FATAL ERROR: Zone Allocation failed - process out of memory
----- Native stack trace -----
----- Native stack trace -----
FATAL ERROR: Zone Allocation failed - process out of memory
<--- Last few GCs --->
FATAL ERROR: Zone Allocation failed - process out of memory

FATAL ERROR: Committing semi space failed. Allocation failed - JavaScript heap out of memory
FATAL ERROR: Committing semi space failed. Allocation failed - JavaScript heap out of memory
----- Native stack trace -----
FATAL ERROR: Committing semi space failed. Allocation failed - JavaScript heap out of memory
----- Native stack trace -----
FATAL ERROR: Committing semi space failed. Allocation failed - JavaScript heap out of memory
FATAL ERROR: Committing semi space failed. Allocation failed - JavaScript heap out of memory
FATAL ERROR: Committing semi space failed. Allocation failed - JavaScript heap out of memory
FATAL ERROR: Committing semi space failed. Allocation failed - JavaScript heap out of memory
----- Native stack trace -----
FATAL ERROR: Committing semi space failed. Allocation failed - JavaScript heap out of memory
----- Native stack trace -----
FATAL ERROR: MarkCompactCollector: young object promotion failed Allocation failed - JavaScript heap out of memory
----- Native stack trace -----
FATAL ERROR: Committing semi space failed. Allocation failed - JavaScript heap out of memory

----- Native stack trace -----
FATAL ERROR: Committing semi space failed. Allocation failed - JavaScript heap out of memory
----- Native stack trace -----
----- Native stack trace -----
FATAL ERROR: Zone Allocation failed - process out of memory
----- Native stack trace -----
----- Native stack trace -----


----- Native stack trace -----
FATAL ERROR: Zone Allocation failed - process out of memory
----- Native stack trace -----
----- Native stack trace -----
----- Native stack trace -----
<--- Last few GCs --->
----- Native stack trace -----
----- Native stack trace -----
FATAL ERROR: Zone Allocation failed - process out of memory

FATAL ERROR: Committing semi space failed. Allocation failed - JavaScript heap out of memory
FATAL ERROR: NewSpace::EnsureCurrentCapacity Allocation failed - JavaScript heap out of memory

----- Native stack trace -----
FATAL ERROR: Committing semi space failed. Allocation failed - JavaScript heap out of memory
----- Native stack trace -----
FATAL ERROR: Committing semi space failed. Allocation failed - JavaScript heap out of memory

FATAL ERROR: Committing semi space failed. Allocation failed - JavaScript heap out of memory
----- Native stack trace -----
FATAL ERROR: Committing semi space failed. Allocation failed - JavaScript heap out of memory

FATAL ERROR: Committing semi space failed. Allocation failed - JavaScript heap out of memory
----- Native stack trace -----
FATAL ERROR: Zone Allocation failed - process out of memory
----- Native stack trace -----

----- Native stack trace -----
FATAL ERROR: Zone Allocation failed - process out of memory
FATAL ERROR: Committing semi space failed. Allocation failed - JavaScript heap out of memory

FATAL ERROR: Committing semi space failed. Allocation failed - JavaScript heap out of memory
----- Native stack trace -----
FATAL ERROR: Committing semi space failed. Allocation failed - JavaScript heap out of memory

----- Native stack trace -----
----- Native stack trace -----

----- Native stack trace -----
----- Native stack trace -----
----- Native stack trace -----
FATAL ERROR: Zone Allocation failed - process out of memory

FATAL ERROR: Zone Allocation failed - process out of memory
FATAL ERROR: Committing semi space failed. Allocation failed - JavaScript heap out of memory
FATAL ERROR: Committing semi space failed. Allocation failed - JavaScript heap out of memory
----- Native stack trace -----
FATAL ERROR: NewSpace::EnsureCurrentCapacity Allocation failed - JavaScript heap out of memory
----- Native stack trace -----
FATAL ERROR: Committing semi space failed. Allocation failed - JavaScript heap out of memory
----- Native stack trace -----
FATAL ERROR: MarkCompactCollector: young object promotion failed Allocation failed - JavaScript heap out of memory
 3: 00007FF7F29C95C6 
FATAL ERROR: Committing semi space failed. Allocation failed - JavaScript heap out of memory
----- Native stack trace -----
FATAL ERROR: Committing semi space failed. Allocation failed - JavaScript heap out of memory
FATAL ERROR: Committing semi space failed. Allocation failed - JavaScript heap out of memory
----- Native stack trace -----
FATAL ERROR: Committing semi space failed. Allocation failed - JavaScript heap out of memory
----- Native stack trace -----

<--- Last few GCs --->
FATAL ERROR: Committing semi space failed. Allocation failed - JavaScript heap out of memory
FATAL ERROR: Committing semi space failed. Allocation failed - JavaScript heap out of memory
FATAL ERROR: Committing semi space failed. Allocation failed - JavaScript heap out of memory
----- Native stack trace -----
----- Native stack trace -----
FATAL ERROR: MarkCompactCollector: young object promotion failed Allocation failed - JavaScript heap out of memory
FATAL ERROR: Committing semi space failed. Allocation failed - JavaScript heap out of memory

----- Native stack trace -----
FATAL ERROR: Committing semi space failed. Allocation failed - JavaScript heap out of memory
FATAL ERROR: Committing semi space failed. Allocation failed - JavaScript heap out of memory
----- Native stack trace -----
----- Native stack trace -----

----- Native stack trace -----
----- Native stack trace -----
----- Native stack trace -----

----- Native stack trace -----
FATAL ERROR: Committing semi space failed. Allocation failed - JavaScript heap out of memory
FATAL ERROR: Committing semi space failed. Allocation failed - JavaScript heap out of memory
FATAL ERROR: Zone Allocation failed - process out of memory
FATAL ERROR: Committing semi space failed. Allocation failed - JavaScript heap out of memory
----- Native stack trace -----
----- Native stack trace -----
FATAL ERROR: Committing semi space failed. Allocation failed - JavaScript heap out of memory




FATAL ERROR: Zone Allocation failed - process out of memory


FATAL ERROR: Committing semi space failed. Allocation failed - JavaScript heap out of memory
FATAL ERROR: Zone Allocation failed - process out of memory

 3: 00007FF7F29C95C6 v8::base::FatalOOM+54

FATAL ERROR: Committing semi space failed. Allocation failed - JavaScript heap out of memory

<--- Last few GCs --->


FATAL ERROR: Zone Allocation failed - process out of memory
----- Native stack trace -----
 3: 00007FF7F29C95C6 
FATAL ERROR: Zone Allocation failed - process out of memory
----- Native stack trace -----
----- Native stack trace -----

----- Native stack trace -----
FATAL ERROR: Committing semi space failed. Allocation failed - JavaScript heap out of memory
----- Native stack trace -----
FATAL ERROR: AlignedAlloc Allocation failed - process out of memory
----- Native stack trace -----


----- Native stack trace -----



----- Native stack trace -----
FATAL ERROR: Committing semi space failed. Allocation failed - JavaScript heap out of memory
----- Native stack trace -----
----- Native stack trace -----

 3: 00007FF7F29C95C6 v8::base::FatalOOM+54
 3: 00007FF7F29C95C6 
FATAL ERROR: Committing semi space failed. Allocation failed - JavaScript heap out of memory
<--- Last few GCs --->
----- Native stack trace -----

----- Native stack trace -----
<--- Last few GCs --->
----- Native stack trace -----


----- Native stack trace -----
----- Native stack trace -----
FATAL ERROR: Committing semi space failed. Allocation failed - JavaScript heap out of memory

FATAL ERROR: Committing semi space failed. Allocation failed - JavaScript heap out of memory

----- Native stack trace -----
 4: 00007FF7F234D6E1 
----- Native stack trace -----
----- Native stack trace -----

----- Native stack trace -----
----- Native stack trace -----
----- Native stack trace -----
<--- Last few GCs --->
----- Native stack trace -----
FATAL ERROR: Committing semi space failed. Allocation failed - JavaScript heap out of memory
----- Native stack trace -----
 3: 00007FF7F29C95C6 
FATAL ERROR: Committing semi space failed. Allocation failed - JavaScript heap out of memory
FATAL ERROR: Zone Allocation failed - process out of memory
----- Native stack trace -----
 3: 00007FF7F29C95C6 
FATAL ERROR: Committing semi space failed. Allocation failed - JavaScript heap out of memory



 3: 00007FF7F29C95C6 v8::base::FatalOOM+54
FATAL ERROR: Committing semi space failed. Allocation failed - JavaScript heap out of memory

 4: 00007FF7F234D6E1 
----- Native stack trace -----
----- Native stack trace -----

FATAL ERROR: Zone Allocation failed - process out of memory
----- Native stack trace -----
FATAL ERROR: Committing semi space failed. Allocation failed - JavaScript heap out of memory
----- Native stack trace -----
 4: 00007FF7F234D6E1 

----- Native stack trace -----
FATAL ERROR: Committing semi space failed. Allocation failed - JavaScript heap out of memory



FATAL ERROR: MarkCompactCollector: young object promotion failed Allocation failed - JavaScript heap out of memory
FATAL ERROR: Committing semi space failed. Allocation failed - JavaScript heap out of memory


FATAL ERROR: Committing semi space failed. Allocation failed - JavaScript heap out of memory
FATAL ERROR: Committing semi space failed. Allocation failed - JavaScript heap out of memory

FATAL ERROR: Committing semi space failed. Allocation failed - JavaScript heap out of memory
FATAL ERROR: Committing semi space failed. Allocation failed - JavaScript heap out of memory
----- Native stack trace -----
FATAL ERROR: MarkCompactCollector: young object promotion failed Allocation failed - JavaScript heap out of memory

FATAL ERROR: Committing semi space failed. Allocation failed - JavaScript heap out of memory

FATAL ERROR: AlignedAlloc Allocation failed - process out of memory

FATAL ERROR: Committing semi space failed. Allocation failed - JavaScript heap out of memory


----- Native stack trace -----








FATAL ERROR: Committing semi space failed. Allocation failed - JavaScript heap out of memory



----- Native stack trace -----


<--- Last few GCs --->
 4: 00007FF7F234D6E1 
----- Native stack trace -----
FATAL ERROR: Committing semi space failed. Allocation failed - JavaScript heap out of memory
----- Native stack trace -----
----- Native stack trace -----
FATAL ERROR: Committing semi space failed. Allocation failed - JavaScript heap out of memory
FATAL ERROR: Zone Allocation failed - process out of memory
FATAL ERROR: Committing semi space failed. Allocation failed - JavaScript heap out of memory
FATAL ERROR: Zone Allocation failed - process out of memory
FATAL ERROR: Committing semi space failed. Allocation failed - JavaScript heap out of memory
FATAL ERROR: Committing semi space failed. Allocation failed - JavaScript heap out of memory
FATAL ERROR: Committing semi space failed. Allocation failed - JavaScript heap out of memory
FATAL ERROR: Committing semi space failed. Allocation failed - JavaScript heap out of memory
FATAL ERROR: Zone Allocation failed - process out of memory
FATAL ERROR: Zone Allocation failed - process out of memory
FATAL ERROR: Zone Allocation failed - process out of memory
FATAL ERROR: Committing semi space failed. Allocation failed - JavaScript heap out of memory
FATAL ERROR: Committing semi space failed. Allocation failed - JavaScript heap out of memory
FATAL ERROR: Committing semi space failed. Allocation failed - JavaScript heap out of memory
FATAL ERROR: Committing semi space failed. Allocation failed - JavaScript heap out of memory
FATAL ERROR: Zone Allocation failed - process out of memory
FATAL ERROR: Committing semi space failed. Allocation failed - JavaScript heap out of memory
FATAL ERROR: MarkCompactCollector: young object promotion failed Allocation failed - JavaScript heap out of memory
FATAL ERROR: Committing semi space failed. Allocation failed - JavaScript heap out of memory
FATAL ERROR: Committing semi space failed. Allocation failed - JavaScript heap out of memory
FATAL ERROR: Committing semi space failed. Allocation failed - JavaScript heap out of memory
FATAL ERROR: Committing semi space failed. Allocation failed - JavaScript heap out of memory
FATAL ERROR: Committing semi space failed. Allocation failed - JavaScript heap out of memory
FATAL ERROR: Committing semi space failed. Allocation failed - JavaScript heap out of memory
FATAL ERROR: Committing semi space failed. Allocation failed - JavaScript heap out of memory
FATAL ERROR: Committing semi space failed. Allocation failed - JavaScript heap out of memory
FATAL ERROR: Committing semi space failed. Allocation failed - JavaScript heap out of memory
FATAL ERROR: Committing semi space failed. Allocation failed - JavaScript heap out of memory
FATAL ERROR: Committing semi space failed. Allocation failed - JavaScript heap out of memory
FATAL ERROR: Zone Allocation failed - process out of memory
FATAL ERROR: Zone Allocation failed - process out of memory
FATAL ERROR: Committing semi space failed. Allocation failed - JavaScript heap out of memory
FATAL ERROR: Committing semi space failed. Allocation failed - JavaScript heap out of memory
FATAL ERROR: Committing semi space failed. Allocation failed - JavaScript heap out of memory
FATAL ERROR: Committing semi space failed. Allocation failed - JavaScript heap out of memory
FATAL ERROR: MarkCompactCollector: young object promotion failed Allocation failed - JavaScript heap out of memory
FATAL ERROR: Committing semi space failed. Allocation failed - JavaScript heap out of memory
FATAL ERROR: Committing semi space failed. Allocation failed - JavaScript heap out of memory
FATAL ERROR: Committing semi space failed. Allocation failed - JavaScript heap out of memory
FATAL ERROR: Zone Allocation failed - process out of memory
FATAL ERROR: Committing semi space failed. Allocation failed - JavaScript heap out of memory
FATAL ERROR: MarkCompactCollector: young object promotion failed Allocation failed - JavaScript heap out of memory
FATAL ERROR: Zone Allocation failed - process out of memory
FATAL ERROR: Committing semi space failed. Allocation failed - JavaScript heap out of memory
FATAL ERROR: Committing semi space failed. Allocation failed - JavaScript heap out of memory
FATAL ERROR: NewSpace::EnsureCurrentCapacity Allocation failed - JavaScript heap out of memory
FATAL ERROR: Zone Allocation failed - process out of memory
FATAL ERROR: NewSpace::EnsureCurrentCapacity Allocation failed - JavaScript heap out of memory
FATAL ERROR: NewSpace::EnsureCurrentCapacity Allocation failed - JavaScript heap out of memory
FATAL ERROR: Zone Allocation failed - process out of memory
FATAL ERROR: Zone Allocation failed - process out of memory
FATAL ERROR: Zone Allocation failed - process out of memory
FATAL ERROR: Zone Allocation failed - process out of memory
FATAL ERROR: NewSpace::EnsureCurrentCapacity Allocation failed - JavaScript heap out of memory
FATAL ERROR: Zone Allocation failed - process out of memory
FATAL ERROR: MarkCompactCollector: young object promotion failed Allocation failed - JavaScript heap out of memory
FATAL ERROR: NewSpace::EnsureCurrentCapacity Allocation failed - JavaScript heap out of memory
FATAL ERROR: Zone Allocation failed - process out of memory
FATAL ERROR: Zone Allocation failed - process out of memory
FATAL ERROR: Zone Allocation failed - process out of memory
FATAL ERROR: NewSpace::EnsureCurrentCapacity Allocation failed - JavaScript heap out of memory
FATAL ERROR: Zone Allocation failed - process out of memory
FATAL ERROR: Committing semi space failed. Allocation failed - JavaScript heap out of memory
FATAL ERROR: Committing semi space failed. Allocation failed - JavaScript heap out of memory
FATAL ERROR: Zone Allocation failed - process out of memory
FATAL ERROR: Zone Allocation failed - process out of memory
FATAL ERROR: Zone Allocation failed - process out of memory
FATAL ERROR: Zone Allocation failed - process out of memory
FATAL ERROR: Zone Allocation failed - process out of memory
----- Native stack trace -----


----- Native stack trace -----




FATAL ERROR: Zone Allocation failed - process out of memory

----- Native stack trace -----


----- Native stack trace -----

----- Native stack trace -----
FATAL ERROR: Zone Allocation failed - process out of memory
----- Native stack trace -----
----- Native stack trace -----

----- Native stack trace -----

----- Native stack trace -----
----- Native stack trace -----
----- Native stack trace -----
----- Native stack trace -----

----- Native stack trace -----

----- Native stack trace -----

----- Native stack trace -----
FATAL ERROR: Zone Allocation failed - process out of memory

----- Native stack trace -----


----- Native stack trace -----


FATAL ERROR: Zone Allocation failed - process out of memory
FATAL ERROR: Zone Allocation failed - process out of memory








----- Native stack trace -----
FATAL ERROR: NewSpace::EnsureCurrentCapacity Allocation failed - JavaScript heap out of memory
----- Native stack trace -----
----- Native stack trace -----
 1: 00007FF7F187711D 

 3: 00007FF7F29C95C6 v8::base::FatalOOM+54

----- Native stack trace -----
 1: 00007FF7F187711D 
----- Native stack trace -----

----- Native stack trace -----
<--- Last few GCs --->
----- Native stack trace -----

----- Native stack trace -----



----- Native stack trace -----
----- Native stack trace -----
FATAL ERROR: Zone Allocation failed - process out of memory
----- Native stack trace -----

----- Native stack trace -----
FATAL ERROR: Zone Allocation failed - process out of memory






----- Native stack trace -----
FATAL ERROR: Zone Allocation failed - process out of memory
----- Native stack trace -----
----- Native stack trace -----
----- Native stack trace -----


----- Native stack trace -----


----- Native stack trace -----
 4: 00007FF7F234D6E1 
----- Native stack trace -----

----- Native stack trace -----
----- Native stack trace -----

----- Native stack trace -----

FATAL ERROR: Committing semi space failed. Allocation failed - JavaScript heap out of memory

----- Native stack trace -----
----- Native stack trace -----
----- Native stack trace -----


----- Native stack trace -----
----- Native stack trace -----
----- Native stack trace -----
FATAL ERROR: NewSpace::EnsureCurrentCapacity Allocation failed - JavaScript heap out of memory

----- Native stack trace -----


FATAL ERROR: NewSpace::EnsureCurrentCapacity Allocation failed - JavaScript heap out of memory



----- Native stack trace -----

 4: 00007FF7F234D6E1 




----- Native stack trace -----


----- Native stack trace -----
----- Native stack trace -----
[93936:000002268E0F1000]    11634 ms: Scavenge 6.4 (7.0) -> 5.6 (7.7) MB, pooled: 0 MB, 1.65 / 0.00 ms  (average mu = 1.000, current mu = 1.000) allocation failure; 

----- Native stack trace -----
FATAL ERROR: NewSpace::EnsureCurrentCapacity Allocation failed - JavaScript heap out of memory






----- Native stack trace -----
 4: 00007FF7F234D6E1 

FATAL ERROR: Zone Allocation failed - process out of memory


FATAL ERROR: Zone Allocation failed - process out of memory
FATAL ERROR: Zone Allocation failed - process out of memory

FATAL ERROR: NewSpace::EnsureCurrentCapacity Allocation failed - JavaScript heap out of memory


----- Native stack trace -----




----- Native stack trace -----
 4: 00007FF7F234D6E1 

----- Native stack trace -----
FATAL ERROR: NewSpace::EnsureCurrentCapacity Allocation failed - JavaScript heap out of memory
FATAL ERROR: Zone Allocation failed - process out of memory

FATAL ERROR: Zone Allocation failed - process out of memory
FATAL ERROR: Zone Allocation failed - process out of memory
 4: 00007FF7F234D6E1 v8::Function::Experimental_IsNopFunction+2369
FATAL ERROR: MarkCompactCollector: young object promotion failed Allocation failed - JavaScript heap out of memory
----- Native stack trace -----
FATAL ERROR: NewSpace::EnsureCurrentCapacity Allocation failed - JavaScript heap out of memory
 4: 00007FF7F234D6E1 
FATAL ERROR: Zone Allocation failed - process out of memory
FATAL ERROR: NewSpace::EnsureCurrentCapacity Allocation failed - JavaScript heap out of memory
FATAL ERROR: Zone Allocation failed - process out of memory
FATAL ERROR: NewSpace::EnsureCurrentCapacity Allocation failed - JavaScript heap out of memory
 4: 00007FF7F234D6E1 v8::Function::Experimental_IsNopFunction+2369
----- Native stack trace -----
FATAL ERROR: MarkCompactCollector: young object promotion failed Allocation failed - JavaScript heap out of memory
----- Native stack trace -----
FATAL ERROR: Zone Allocation failed - process out of memory
----- Native stack trace -----
FATAL ERROR: Zone Allocation failed - process out of memory
FATAL ERROR: Zone Allocation failed - process out of memory
FATAL ERROR: NewSpace::EnsureCurrentCapacity Allocation failed - JavaScript heap out of memory
FATAL ERROR: Zone Allocation failed - process out of memory
FATAL ERROR: NewSpace::EnsureCurrentCapacity Allocation failed - JavaScript heap out of memory
 4: 00007FF7F234D6E1 v8::Function::Experimental_IsNopFunction+2369
----- Native stack trace -----
FATAL ERROR: Zone Allocation failed - process out of memory
----- Native stack trace -----
FATAL ERROR: Zone Allocation failed - process out of memory
----- Native stack trace -----
FATAL ERROR: MarkCompactCollector: young object promotion failed Allocation failed - JavaScript heap out of memory
----- Native stack trace -----
 4: 00007FF7F234D6E1 v8::Function::Experimental_IsNopFunction+2369
----- Native stack trace -----
----- Native stack trace -----
----- Native stack trace -----
 1: 00007FF7F187711D 

 5: 00007FF7F1E1C79B 
----- Native stack trace -----

----- Native stack trace -----
 1: 00007FF7F187711D 

 1: 00007FF7F187711D 
----- Native stack trace -----

 5: 00007FF7F1E1C79B 

 1: 00007FF7F187711D 
----- Native stack trace -----

----- Native stack trace -----

 5: 00007FF7F1E1C79B 
 1: 00007FF7F187711D 

----- Native stack trace -----
 1: 00007FF7F187711D 
 1: 00007FF7F187711D 

----- Native stack trace -----
 1: 00007FF7F187711D 
 1: 00007FF7F187711D 
----- Native stack trace -----
----- Native stack trace -----
#
----- Native stack trace -----
----- Native stack trace -----

----- Native stack trace -----
----- Native stack trace -----
 1: 00007FF7F187711D 
 1: 00007FF7F187711D 
----- Native stack trace -----
 1: 00007FF7F187711D 
----- Native stack trace -----

 1: 00007FF7F187711D 

 1: 00007FF7F187711D 
 1: 00007FF7F187711D 
 1: 00007FF7F187711D 
 1: 00007FF7F187711D 
[94596:0000024C592A7000]     3627 ms: Scavenge 6.4 (8.0) -> 6.3 (10.8) MB, pooled: 0 MB, 5.69 / 0.00 ms  (average mu = 1.000, current mu = 1.000) allocation failure; 
 1: 00007FF7F187711D 
 1: 00007FF7F187711D 

[76904:000001320C163000]      985 ms: Scavenge 6.4 (8.0) -> 6.3 (10.8) MB, pooled: 0 MB, 81.71 / 0.00 ms  (average mu = 1.000, current mu = 1.000) allocation failure; 
----- Native stack trace -----

 1: 00007FF7F187711D 
 1: 00007FF7F187711D 
[74512:000001CAAD971000]      852 ms: Scavenge 6.4 (8.0) -> 6.3 (10.8) MB, pooled: 0 MB, 2.18 / 0.00 ms  (average mu = 1.000, current mu = 1.000) allocation failure; 

 1: 00007FF7F187711D 
 1: 00007FF7F187711D 

 5: 00007FF7F1E1C79B 

----- Native stack trace -----

 1: 00007FF7F187711D 
----- Native stack trace -----
----- Native stack trace -----
----- Native stack trace -----
----- Native stack trace -----
----- Native stack trace -----
----- Native stack trace -----
----- Native stack trace -----
----- Native stack trace -----
----- Native stack trace -----
----- Native stack trace -----
----- Native stack trace -----
----- Native stack trace -----
----- Native stack trace -----
----- Native stack trace -----
----- Native stack trace -----
----- Native stack trace -----
----- Native stack trace -----
----- Native stack trace -----
----- Native stack trace -----
----- Native stack trace -----
----- Native stack trace -----
----- Native stack trace -----
----- Native stack trace -----
----- Native stack trace -----
----- Native stack trace -----
----- Native stack trace -----
----- Native stack trace -----
----- Native stack trace -----
----- Native stack trace -----
----- Native stack trace -----
----- Native stack trace -----
----- Native stack trace -----
----- Native stack trace -----
----- Native stack trace -----
----- Native stack trace -----
----- Native stack trace -----
----- Native stack trace -----
----- Native stack trace -----
----- Native stack trace -----
----- Native stack trace -----
----- Native stack trace -----
----- Native stack trace -----
----- Native stack trace -----
----- Native stack trace -----
----- Native stack trace -----
----- Native stack trace -----
----- Native stack trace -----
----- Native stack trace -----
----- Native stack trace -----
----- Native stack trace -----
----- Native stack trace -----
----- Native stack trace -----
----- Native stack trace -----
----- Native stack trace -----
----- Native stack trace -----
----- Native stack trace -----
----- Native stack trace -----
----- Native stack trace -----
----- Native stack trace -----
----- Native stack trace -----
----- Native stack trace -----
----- Native stack trace -----
----- Native stack trace -----
----- Native stack trace -----
----- Native stack trace -----
----- Native stack trace -----
----- Native stack trace -----
----- Native stack trace -----
----- Native stack trace -----
----- Native stack trace -----

 1: 00007FF7F187711D 
 1: 00007FF7F187711D 



 1: 00007FF7F187711D 
 1: 00007FF7F187711D 
----- Native stack trace -----

 1: 00007FF7F187711D 


[68352:0000017AB1875000]      585 ms: Scavenge 6.4 (8.0) -> 6.4 (10.8) MB, pooled: 0 MB, 1.38 / 0.00 ms  (average mu = 1.000, current mu = 1.000) allocation failure; 

----- Native stack trace -----


 1: 00007FF7F187711D 

 1: 00007FF7F187711D 




 1: 00007FF7F187711D 

 1: 00007FF7F187711D 

 1: 00007FF7F187711D 

----- Native stack trace -----
 1: 00007FF7F187711D 

 1: 00007FF7F187711D 
 1: 00007FF7F187711D 

 1: 00007FF7F187711D 
 1: 00007FF7F187711D 
----- Native stack trace -----
----- Native stack trace -----


 1: 00007FF7F187711D 

 1: 00007FF7F187711D 
[59804:000001A3E8211000]      316 ms: Scavenge 6.4 (8.0) -> 6.3 (10.8) MB, pooled: 0 MB, 1.31 / 0.00 ms  (average mu = 1.000, current mu = 1.000) allocation failure; 



----- Native stack trace -----


 2: 00007FF7F175181F 
 1: 00007FF7F187711D 

 1: 00007FF7F187711D 

 2: 00007FF7F175181F 





 1: 00007FF7F187711D 

 1: 00007FF7F187711D 
<--- JS stacktrace --->
 1: 00007FF7F187711D 

----- Native stack trace -----


 1: 00007FF7F187711D 

----- Native stack trace -----

 1: 00007FF7F187711D 
<--- JS stacktrace --->

 1: 00007FF7F187711D 
 1: 00007FF7F187711D 

----- Native stack trace -----



 1: 00007FF7F187711D 


 1: 00007FF7F187711D 


 5: 00007FF7F1E1C79B 

 1: 00007FF7F187711D 





----- Native stack trace -----
[73008:0000022E418D3000]      669 ms: Scavenge 6.4 (8.0) -> 6.3 (11.0) MB, pooled: 0 MB, 1.12 / 0.00 ms  (average mu = 1.000, current mu = 1.000) allocation failure; 



 1: 00007FF7F187711D 




----- Native stack trace -----
 1: 00007FF7F187711D 


[70972:000001DFCC373000]      302 ms: Scavenge 6.4 (8.0) -> 5.6 (9.9) MB, pooled: 0 MB, 1.29 / 0.00 ms  (average mu = 1.000, current mu = 1.000) allocation failure; 
----- Native stack trace -----

 1: 00007FF7F187711D 
 1: 00007FF7F187711D 

 1: 00007FF7F187711D 
 5: 00007FF7F1E1C79B 
 1: 00007FF7F187711D 
 1: 00007FF7F187711D 
[85280:000001D91109B000]      113 ms: Scavenge 6.4 (8.0) -> 6.3 (10.8) MB, pooled: 0 MB, 1.09 / 0.00 ms  (average mu = 1.000, current mu = 1.000) allocation failure; 



 1: 00007FF7F187711D 

 1: 00007FF7F187711D 
[93936:000002268E0F1000]    13010 ms: Scavenge 6.2 (7.7) -> 6.1 (7.2) MB, pooled: 1 MB, 1.13 / 0.00 ms  (average mu = 1.000, current mu = 1.000) allocation failure; 
 1: 00007FF7F187711D 

----- Native stack trace -----
 1: 00007FF7F187711D 

 1: 00007FF7F187711D 

[97488:00000202E5ED9000]     4606 ms: Scavenge 6.4 (8.0) -> 5.6 (10.0) MB, pooled: 0 MB, 1.27 / 0.00 ms  (average mu = 1.000, current mu = 1.000) allocation failure; 


 5: 00007FF7F1E1C79B 
 1: 00007FF7F187711D 
----- Native stack trace -----
 1: 00007FF7F187711D 
 1: 00007FF7F187711D 
----- Native stack trace -----
----- Native stack trace -----
 1: 00007FF7F187711D 
----- Native stack trace -----
 1: 00007FF7F187711D 
 1: 00007FF7F187711D 

 1: 00007FF7F187711D 
#



 5: 00007FF7F1E1C79B 
 1: 00007FF7F187711D 

----- Native stack trace -----
----- Native stack trace -----
[79556:000001F9CE8D5000]      990 ms: Scavenge 6.4 (8.0) -> 6.3 (10.5) MB, pooled: 0 MB, 1.03 / 0.00 ms  (average mu = 1.000, current mu = 1.000) allocation failure; 
----- Native stack trace -----
----- Native stack trace -----
 5: 00007FF7F1E1C79B v8::SnapshotCreator::GetIsolate+52395
----- Native stack trace -----

----- Native stack trace -----
 5: 00007FF7F1E1C79B 
----- Native stack trace -----
----- Native stack trace -----
----- Native stack trace -----
----- Native stack trace -----
 5: 00007FF7F1E1C79B v8::SnapshotCreator::GetIsolate+52395

----- Native stack trace -----

----- Native stack trace -----

----- Native stack trace -----
----- Native stack trace -----
----- Native stack trace -----
----- Native stack trace -----
----- Native stack trace -----
 5: 00007FF7F1E1C79B v8::SnapshotCreator::GetIsolate+52395

----- Native stack trace -----
----- Native stack trace -----


----- Native stack trace -----

 5: 00007FF7F1E1C79B v8::SnapshotCreator::GetIsolate+52395



 2: 00007FF7F17DA138 
 1: 00007FF7F187711D 
 6: 00007FF7F1B929F7 

 1: 00007FF7F187711D 

 2: 00007FF7F175181F 
 1: 00007FF7F187711D 
 2: 00007FF7F17DA138 

 1: 00007FF7F187711D 
 6: 00007FF7F2B577B0 
 1: 00007FF7F187711D 
 2: 00007FF7F17DA138 

 1: 00007FF7F187711D 

 1: 00007FF7F187711D 
 6: 00007FF7F2B17185 
 2: 00007FF7F175181F 
 1: 00007FF7F187711D 

 2: 00007FF7F175181F 
 2: 00007FF7F175181F 



 2: 00007FF7F175181F 
 2: 00007FF7F17DA138 


# Fatal error in , line 0


 1: 00007FF7F187711D 


 2: 00007FF7F17DA138 
 2: 00007FF7F17DA138 

 2: 00007FF7F17DA138 

<--- Last few GCs --->
 2: 00007FF7F17DA138 
 1: 00007FF7F187711D 
 2: 00007FF7F17DA138 
 2: 00007FF7F17DA138 
 2: 00007FF7F17DA138 
 2: 00007FF7F17DA138 

 2: 00007FF7F17DA138 
 2: 00007FF7F17DA138 

 2: 00007FF7F17DA138 
 2: 00007FF7F175181F 

 1: 00007FF7F187711D 
 2: 00007FF7F17DA138 
 2: 00007FF7F17DA138 
[78872:0000027CDDA21000]      480 ms: Scavenge 6.4 (8.0) -> 6.3 (10.8) MB, pooled: 0 MB, 1.05 / 0.00 ms  (average mu = 1.000, current mu = 1.000) allocation failure; 
 6: 00007FF7F1B929F7 


 1: 00007FF7F187711D 
 1: 00007FF7F187711D 





 1: 00007FF7F187711D 












<--- Last few GCs --->

 1: 00007FF7F187711D 



 1: 00007FF7F187711D 









 1: 00007FF7F187711D 




 1: 00007FF7F187711D 


 1: 00007FF7F187711D 


 3: 00007FF7F29C99E5 
























 1: 00007FF7F187711D 
 2: 00007FF7F175181F 
 2: 00007FF7F17DA138 
 1: 00007FF7F187711D 
<--- Last few GCs --->

 2: 00007FF7F17DA138 
 2: 00007FF7F17DA138 

 1: 00007FF7F187711D 
 2: 00007FF7F17DA138 

 1: 00007FF7F187711D 

 1: 00007FF7F187711D 

 1: 00007FF7F187711D 
 1: 00007FF7F187711D 
 2: 00007FF7F17DA138 
 1: 00007FF7F187711D 
 2: 00007FF7F17DA138 
 1: 00007FF7F187711D 
 1: 00007FF7F187711D 
 1: 00007FF7F187711D 
 1: 00007FF7F187711D 
 2: 00007FF7F17DA138 
 2: 00007FF7F17DA138 

 1: 00007FF7F187711D 
 1: 00007FF7F187711D 
 1: 00007FF7F187711D 

 2: 00007FF7F17DA138 
 1: 00007FF7F187711D 
 2: 00007FF7F175181F 
 2: 00007FF7F175181F 
 1: 00007FF7F187711D 
 2: 00007FF7F17DA138 
 2: 00007FF7F17DA138 

<--- Last few GCs --->
 1: 00007FF7F187711D 

 2: 00007FF7F17DA138 
<--- Last few GCs --->
 2: 00007FF7F17DA138 


 1: 00007FF7F187711D node::SetCppgcReference+17725

<--- Last few GCs --->
 1: 00007FF7F187711D 
 1: 00007FF7F187711D 
 3: 00007FF7F29C99E5 
 2: 00007FF7F17DA138 
 1: 00007FF7F187711D 
 2: 00007FF7F17DA138 
 1: 00007FF7F187711D 
 3: 00007FF7F29C99E5 
 1: 00007FF7F187711D 
<--- Last few GCs --->
 1: 00007FF7F187711D 
[52948:0000023B85911000]     2332 ms: Scavenge 6.4 (8.0) -> 6.3 (10.8) MB, pooled: 0 MB, 4.60 / 0.00 ms  (average mu = 1.000, current mu = 1.000) allocation failure; 
 1: 00007FF7F187711D 
 2: 00007FF7F175181F 
 1: 00007FF7F187711D 
 2: 00007FF7F17DA138 

 2: 00007FF7F175181F 
 1: 00007FF7F187711D 
 1: 00007FF7F187711D 

 1: 00007FF7F187711D 
 2: 00007FF7F17DA138 
 1: 00007FF7F187711D 

<--- Last few GCs --->
 2: 00007FF7F175181F 

<--- Last few GCs --->
 2: 00007FF7F17DA138 
 2: 00007FF7F17DA138 
 1: 00007FF7F187711D 

 1: 00007FF7F187711D 
 1: 00007FF7F187711D 
 1: 00007FF7F187711D 
 2: 00007FF7F17DA138 
<--- Last few GCs --->
 1: 00007FF7F187711D 
 2: 00007FF7F17DA138 
<--- Last few GCs --->

 6: 00007FF7F2A3F41D 
 1: 00007FF7F187711D 
 2: 00007FF7F17DA138 
 1: 00007FF7F187711D 
 1: 00007FF7F187711D 
<--- Last few GCs --->
 1: 00007FF7F187711D 
<--- Last few GCs --->


 1: 00007FF7F187711D 
 1: 00007FF7F187711D 
 1: 00007FF7F187711D 
 2: 00007FF7F17DA138 
<--- Last few GCs --->
 1: 00007FF7F187711D 
 1: 00007FF7F187711D 
 1: 00007FF7F187711D 

 2: 00007FF7F17DA138 
 1: 00007FF7F187711D 
<--- Last few GCs --->


<--- Last few GCs --->
 2: 00007FF7F17DA138 
 2: 00007FF7F17DA138 
 1: 00007FF7F187711D 
 2: 00007FF7F17DA138 
 6: 00007FF7F2B577B0 
 2: 00007FF7F17DA138 
 2: 00007FF7F175181F 

<--- Last few GCs --->
<--- Last few GCs --->
<--- Last few GCs --->
 2: 00007FF7F17DA138 
 1: 00007FF7F187711D 
 2: 00007FF7F17DA138 

 2: 00007FF7F17DA138 
 1: 00007FF7F187711D 

 2: 00007FF7F17DA138 
<--- Last few GCs --->
 2: 00007FF7F17DA138 
<--- Last few GCs --->

<--- Last few GCs --->
 1: 00007FF7F187711D 
 6: 00007FF7F1B929F7 
 2: 00007FF7F17DA138 

 2: 00007FF7F17DA138 
 2: 00007FF7F17DA138 


 2: 00007FF7F17DA138 

 2: 00007FF7F17DA138 
 2: 00007FF7F17DA138 
 1: 00007FF7F187711D 
 2: 00007FF7F17DA138 
# Fatal error in , line 0
<--- Last few GCs --->
<--- Last few GCs --->
 1: 00007FF7F187711D 
 6: 00007FF7F2C073C8 
 2: 00007FF7F17DA138 
 1: 00007FF7F187711D 





 6: 00007FF7F1B88990 CrashForExceptionInNonABICompliantCodeRange+294624



 6: 00007FF7F1B9F95D 




 6: 00007FF7F2B17185 v8::internal::compiler::CompilationDependencies::TransitionDependencyOffTheRecord+80869
 1: 00007FF7F187711D 


 1: 00007FF7F187711D 





 6: 00007FF7F2B577B0 v8::internal::compiler::CompilationDependencies::TransitionDependencyOffTheRecord+344592
 1: 00007FF7F187711D 



 1: 00007FF7F187711D 

 1: 00007FF7F187711D 
 6: 00007FF7F2B577B0 v8::internal::compiler::CompilationDependencies::TransitionDependencyOffTheRecord+344592
 1: 00007FF7F187711D 
 1: 00007FF7F187711D 

 3: 00007FF7F2360C51 
 2: 00007FF7F17DA138 
 7: 00007FF7F2E7653B 
 2: 00007FF7F17DA138 

 1: 00007FF7F187711D 

 2: 00007FF7F17DA138 
 3: 00007FF7F2360C51 
 1: 00007FF7F187711D 
 2: 00007FF7F17DA138 
 7: 00007FF7F2B59058 
 2: 00007FF7F17DA138 
 3: 00007FF7F2360C51 
 1: 00007FF7F187711D 
 1: 00007FF7F187711D node::SetCppgcReference+17725
 2: 00007FF7F17DA138 
 1: 00007FF7F187711D 
 2: 00007FF7F17DA138 
 7: 00007FF7F2B34A4A 
 3: 00007FF7F29C99E5 
 2: 00007FF7F17DA138 
 1: 00007FF7F187711D 
 3: 00007FF7F29C99E5 
 3: 00007FF7F29C99E5 
#
 1: 00007FF7F187711D 
 1: 00007FF7F187711D 
 3: 00007FF7F29C99E5 
 3: 00007FF7F2360C51 
 1: 00007FF7F187711D 
 1: 00007FF7F187711D 
# Check failed: (result.ptr) != nullptr.
 1: 00007FF7F187711D 
 1: 00007FF7F187711D 
 2: 00007FF7F17DA138 
 1: 00007FF7F187711D 
 1: 00007FF7F187711D 
 3: 00007FF7F2360C51 
 3: 00007FF7F2360C51 
 1: 00007FF7F187711D 
 3: 00007FF7F2360C51 
 1: 00007FF7F187711D 

 3: 00007FF7F2360C51 
 2: 00007FF7F17DA138 
 3: 00007FF7F2360C51 
 3: 00007FF7F2360C51 
 3: 00007FF7F2360C51 
 3: 00007FF7F2360C51 

 3: 00007FF7F2360C51 
 3: 00007FF7F2360C51 
FATAL ERROR: MarkCompactCollector: young object promotion failed Allocation failed - JavaScript heap out of memory
 1: 00007FF7F187711D 
 3: 00007FF7F2360C51 
 3: 00007FF7F29C99E5 

 2: 00007FF7F17DA138 
 3: 00007FF7F2360C51 
 3: 00007FF7F2360C51 

 7: 00007FF7F2E7653B 
 2: 00007FF7F17DA138 
 1: 00007FF7F187711D 
 2: 00007FF7F17DA138 
 2: 00007FF7F17DA138 
 1: 00007FF7F187711D 
 1: 00007FF7F187711D 
 1: 00007FF7F187711D 
 1: 00007FF7F187711D 
 1: 00007FF7F187711D 
 1: 00007FF7F187711D 
 1: 00007FF7F187711D 
 1: 00007FF7F187711D 
 2: 00007FF7F17DA138 
 1: 00007FF7F187711D node::SetCppgcReference+17725
 1: 00007FF7F187711D 
 1: 00007FF7F187711D 
 1: 00007FF7F187711D 
 1: 00007FF7F187711D 
 1: 00007FF7F187711D 
 1: 00007FF7F187711D node::SetCppgcReference+17725
 1: 00007FF7F187711D 
 1: 00007FF7F187711D node::SetCppgcReference+17725
 1: 00007FF7F187711D 

 1: 00007FF7F187711D node::SetCppgcReference+17725
 1: 00007FF7F187711D node::SetCppgcReference+17725
 1: 00007FF7F187711D node::SetCppgcReference+17725
 1: 00007FF7F187711D 
 1: 00007FF7F187711D node::SetCppgcReference+17725
 1: 00007FF7F187711D node::SetCppgcReference+17725
 1: 00007FF7F187711D node::SetCppgcReference+17725
 1: 00007FF7F187711D 
 2: 00007FF7F17DA138 
 1: 00007FF7F187711D 
 1: 00007FF7F187711D node::SetCppgcReference+17725
 1: 00007FF7F187711D node::SetCppgcReference+17725
 1: 00007FF7F187711D node::SetCppgcReference+17725
 1: 00007FF7F187711D node::SetCppgcReference+17725
 1: 00007FF7F187711D node::SetCppgcReference+17725
 1: 00007FF7F187711D node::SetCppgcReference+17725
 1: 00007FF7F187711D node::SetCppgcReference+17725
 1: 00007FF7F187711D node::SetCppgcReference+17725
 1: 00007FF7F187711D node::SetCppgcReference+17725
 1: 00007FF7F187711D node::SetCppgcReference+17725
 1: 00007FF7F187711D node::SetCppgcReference+17725
 1: 00007FF7F187711D node::SetCppgcReference+17725
 1: 00007FF7F187711D node::SetCppgcReference+17725
 1: 00007FF7F187711D node::SetCppgcReference+17725
 1: 00007FF7F187711D 
 1: 00007FF7F187711D 
 1: 00007FF7F187711D 
 1: 00007FF7F187711D 
 1: 00007FF7F187711D 
 1: 00007FF7F187711D 
 1: 00007FF7F187711D 
 1: 00007FF7F187711D 
 1: 00007FF7F187711D 
 1: 00007FF7F187711D 
 1: 00007FF7F187711D 
 1: 00007FF7F187711D 
 1: 00007FF7F187711D 
 1: 00007FF7F187711D 
 1: 00007FF7F187711D 
 1: 00007FF7F187711D 
 1: 00007FF7F187711D 
 1: 00007FF7F187711D 
 1: 00007FF7F187711D 
 1: 00007FF7F187711D 
 1: 00007FF7F187711D 
 1: 00007FF7F187711D 
 1: 00007FF7F187711D 
 1: 00007FF7F187711D 
 1: 00007FF7F187711D 
 1: 00007FF7F187711D 
 2: 00007FF7F17DA138 
 3: 00007FF7F29C99E5 
 3: 00007FF7F2360C51 
 2: 00007FF7F17DA138 

#
 3: 00007FF7F2360C51 
 3: 00007FF7F2360C51 
 1: 00007FF7F187711D 
 2: 00007FF7F17DA138 
 3: 00007FF7F2360C51 
#
 2: 00007FF7F17DA138 

 2: 00007FF7F17DA138 
 1: 00007FF7F187711D 
 2: 00007FF7F17DA138 
 2: 00007FF7F17DA138 
 3: 00007FF7F2360C51 
 2: 00007FF7F17DA138 
 3: 00007FF7F2360C51 
 2: 00007FF7F17DA138 
 2: 00007FF7F17DA138 
 2: 00007FF7F17DA138 
 2: 00007FF7F17DA138 
 3: 00007FF7F2360C51 
 2: 00007FF7F17DA138 
 3: 00007FF7F2360C51 
 2: 00007FF7F17DA138 
 3: 00007FF7F2360C51 
 2: 00007FF7F17DA138 
 1: 00007FF7F187711D 
 3: 00007FF7F2360C51 
 2: 00007FF7F17DA138 
 3: 00007FF7F29C99E5 
 3: 00007FF7F29C99E5 
 2: 00007FF7F17DA138 
 3: 00007FF7F2360C51 
 3: 00007FF7F2360C51 
 1: 00007FF7F187711D 
 1: 00007FF7F187711D 

 2: 00007FF7F17DA138 
 3: 00007FF7F2360C51 

 3: 00007FF7F2360C51 



 2: 00007FF7F17DA138 
 1: 00007FF7F187711D 
 2: 00007FF7F17DA138 
 2: 00007FF7F17DA138 
 4: 00007FF7F233ED43 
 3: 00007FF7F2360C51 
 2: 00007FF7F17DA138 
 3: 00007FF7F2360C51 
 2: 00007FF7F17DA138 
 4: 00007FF7F233ED43 
 2: 00007FF7F17DA138 

 2: 00007FF7F17DA138 

 2: 00007FF7F17DA138 
 3: 00007FF7F29C99E5 
 2: 00007FF7F17DA138 
 3: 00007FF7F2360C51 

 3: 00007FF7F29C99E5 
 2: 00007FF7F17DA138 
 2: 00007FF7F17DA138 
 1: 00007FF7F187711D 
 2: 00007FF7F17DA138 
 3: 00007FF7F2360C51 
 2: 00007FF7F17DA138 
 1: 00007FF7F187711D 

 3: 00007FF7F29C99E5 


 3: 00007FF7F2360C51 
 3: 00007FF7F2360C51 
 2: 00007FF7F17DA138 
 1: 00007FF7F187711D 
 2: 00007FF7F17DA138 
 2: 00007FF7F17DA138 
 2: 00007FF7F17DA138 
 3: 00007FF7F2360C51 

 2: 00007FF7F17DA138 
 3: 00007FF7F2360C51 

<--- Last few GCs --->
 7: 00007FF7F2B5D273 
 2: 00007FF7F17DA138 
 3: 00007FF7F2360C51 
 2: 00007FF7F17DA138 
 2: 00007FF7F17DA138 

 2: 00007FF7F17DA138 

 1: 00007FF7F187711D 

 2: 00007FF7F17DA138 
 2: 00007FF7F17DA138 
 2: 00007FF7F17DA138 
 3: 00007FF7F2360C51 

 2: 00007FF7F17DA138 
 2: 00007FF7F17DA138 
 2: 00007FF7F17DA138 
 1: 00007FF7F187711D 
 3: 00007FF7F2360C51 
 2: 00007FF7F17DA138 


 1: 00007FF7F187711D 

 3: 00007FF7F2360C51 
 3: 00007FF7F2360C51 
 2: 00007FF7F17DA138 
 3: 00007FF7F2360C51 
 7: 00007FF7F2B59058 
 3: 00007FF7F2360C51 
 3: 00007FF7F29C99E5 
FATAL ERROR: MarkCompactCollector: young object promotion failed Allocation failed - JavaScript heap out of memory



 3: 00007FF7F2360C51 
 2: 00007FF7F17DA138 
 3: 00007FF7F2360C51 

 3: 00007FF7F2360C51 
 2: 00007FF7F17DA138 
 1: 00007FF7F187711D 
 3: 00007FF7F2360C51 

 3: 00007FF7F2360C51 



 2: 00007FF7F17DA138 
 3: 00007FF7F2360C51 
 7: 00007FF7F2E7653B 
 1: 00007FF7F187711D 
 3: 00007FF7F2360C51 
 3: 00007FF7F2360C51 
 1: 00007FF7F187711D 
 1: 00007FF7F187711D 
 3: 00007FF7F2360C51 
 1: 00007FF7F187711D 
 3: 00007FF7F2360C51 
 3: 00007FF7F2360C51 
 2: 00007FF7F17DA138 
 3: 00007FF7F2360C51 
# ----- Native stack trace -----


 2: 00007FF7F17DA138 
 7: 00007FF7F2C0C5DA 
 3: 00007FF7F2360C51 
 2: 00007FF7F17DA138 
 1: 00007FF7F187711D 
 1: 00007FF7F187711D 
FATAL ERROR: MarkCompactCollector: young object promotion failed Allocation failed - JavaScript heap out of memory
 1: 00007FF7F187711D 
 1: 00007FF7F187711D 
 7: 00007FF7F1B9FC86 CrashForExceptionInNonABICompliantCodeRange+389590
 1: 00007FF7F187711D 
 2: 00007FF7F17DA138 
 1: 00007FF7F187711D 
 7: 00007FF7F2F6059F 
 1: 00007FF7F187711D node::SetCppgcReference+17725
 1: 00007FF7F187711D node::SetCppgcReference+17725
 1: 00007FF7F187711D node::SetCppgcReference+17725
 1: 00007FF7F187711D 
 7: 00007FF7F2B34A4A v8::internal::compiler::CompilationDependencies::TransitionDependencyOffTheRecord+201898
 2: 00007FF7F17DA138 
 1: 00007FF7F187711D node::SetCppgcReference+17725
 1: 00007FF7F187711D 
 2: 00007FF7F17DA138 
 1: 00007FF7F187711D node::SetCppgcReference+17725
 1: 00007FF7F187711D node::SetCppgcReference+17725
 1: 00007FF7F187711D node::SetCppgcReference+17725
 1: 00007FF7F187711D node::SetCppgcReference+17725
 1: 00007FF7F187711D node::SetCppgcReference+17725
 7: 00007FF7F2B59058 v8::internal::compiler::CompilationDependencies::TransitionDependencyOffTheRecord+350904
 2: 00007FF7F17DA138 
 1: 00007FF7F187711D node::SetCppgcReference+17725
 2: 00007FF7F17DA138 
 1: 00007FF7F187711D node::SetCppgcReference+17725
 2: 00007FF7F17DA138 
 1: 00007FF7F187711D node::SetCppgcReference+17725
 2: 00007FF7F17DA138 
 7: 00007FF7F2B59058 v8::internal::compiler::CompilationDependencies::TransitionDependencyOffTheRecord+350904
 2: 00007FF7F17DA138 
 2: 00007FF7F17DA138 
 2: 00007FF7F17DA138 
 4: 00007FF7F234D8D6 
 3: 00007FF7F2360C51 
 8: 00007FF7F2E8D710 
 2: 00007FF7F17DA138 
 3: 00007FF7F2360C51 
 2: 00007FF7F17DA138 
 4: 00007FF7F233ED43 
 3: 00007FF7F2360C51 
 4: 00007FF7F234D8D6 
 2: 00007FF7F17DA138 
 3: 00007FF7F2360C51 
 8: 00007FF7F2B58BE2 
 3: 00007FF7F2360C51 
 4: 00007FF7F234D8D6 
 2: 00007FF7F17DA138 
 2: 00007FF7F17DA138 SSL_get_quiet_shutdown+92344
 3: 00007FF7F2360C51 
 2: 00007FF7F17DA138 
 3: 00007FF7F2360C51 
 8: 00007FF7F2B31660 
 4: 00007FF7F233ED43 
 3: 00007FF7F2360C51 
 2: 00007FF7F17DA138 
 4: 00007FF7F233ED43 
# Fatal error in , line 0
 4: 00007FF7F233ED43 
 2: 00007FF7F17DA138 
 2: 00007FF7F17DA138 
 4: 00007FF7F233ED43 
 4: 00007FF7F234D8D6 
 2: 00007FF7F17DA138 
 2: 00007FF7F17DA138 
#
 2: 00007FF7F17DA138 
 2: 00007FF7F17DA138 
 3: 00007FF7F2360C51 
 2: 00007FF7F17DA138 
 2: 00007FF7F17DA138 
 4: 00007FF7F234D8D6 
 4: 00007FF7F234D8D6 
 2: 00007FF7F17DA138 
 4: 00007FF7F234D8D6 
 2: 00007FF7F17DA138 
[80744:0000024A15415000]     2651 ms: Scavenge 6.4 (8.0) -> 6.4 (11.0) MB, pooled: 0 MB, 1162.25 / 0.00 ms  (average mu = 1.000, current mu = 1.000) allocation failure; 
 4: 00007FF7F234D8D6 
 3: 00007FF7F2360C51 
 4: 00007FF7F234D8D6 
 4: 00007FF7F234D8D6 
 4: 00007FF7F234D8D6 
 4: 00007FF7F234D8D6 
<--- JS stacktrace --->
 4: 00007FF7F234D8D6 
 4: 00007FF7F234D8D6 
----- Native stack trace -----
 2: 00007FF7F17DA138 
 4: 00007FF7F234D8D6 
 4: 00007FF7F213D3BB 
<--- JS stacktrace --->
 3: 00007FF7F2360C51 
 4: 00007FF7F234D8D6 
 4: 00007FF7F234D8D6 

 8: 00007FF7F2E8D710 
 3: 00007FF7F2360C51 
 2: 00007FF7F17DA138 
 3: 00007FF7F2360C51 
 3: 00007FF7F2360C51 
 2: 00007FF7F17DA138 
 2: 00007FF7F17DA138 
 2: 00007FF7F17DA138 
 2: 00007FF7F17DA138 
 2: 00007FF7F17DA138 
 2: 00007FF7F17DA138 
 2: 00007FF7F17DA138 
 2: 00007FF7F17DA138 
 2: 00007FF7F17DA138 
 2: 00007FF7F17DA138 SSL_get_quiet_shutdown+92344
 2: 00007FF7F17DA138 
 2: 00007FF7F17DA138 
 2: 00007FF7F17DA138 
 2: 00007FF7F17DA138 
 2: 00007FF7F17DA138 
 2: 00007FF7F17DA138 SSL_get_quiet_shutdown+92344
 2: 00007FF7F17DA138 
 2: 00007FF7F17DA138 SSL_get_quiet_shutdown+92344
 2: 00007FF7F17DA138 SSL_get_quiet_shutdown+92344
 2: 00007FF7F17DA138 
 2: 00007FF7F17DA138 SSL_get_quiet_shutdown+92344
 2: 00007FF7F17DA138 SSL_get_quiet_shutdown+92344
 2: 00007FF7F17DA138 SSL_get_quiet_shutdown+92344
 2: 00007FF7F17DA138 
 2: 00007FF7F17DA138 SSL_get_quiet_shutdown+92344
 2: 00007FF7F17DA138 SSL_get_quiet_shutdown+92344
 2: 00007FF7F17DA138 SSL_get_quiet_shutdown+92344
 1: 00007FF7F187711D node::SetCppgcReference+17725
 2: 00007FF7F17DA138 SSL_get_quiet_shutdown+92344
 2: 00007FF7F17DA138 
 2: 00007FF7F17DA138 SSL_get_quiet_shutdown+92344
 2: 00007FF7F17DA138 SSL_get_quiet_shutdown+92344
 2: 00007FF7F17DA138 SSL_get_quiet_shutdown+92344
 2: 00007FF7F17DA138 SSL_get_quiet_shutdown+92344
 2: 00007FF7F17DA138 SSL_get_quiet_shutdown+92344
 2: 00007FF7F17DA138 SSL_get_quiet_shutdown+92344
 2: 00007FF7F17DA138 SSL_get_quiet_shutdown+92344
 2: 00007FF7F17DA138 SSL_get_quiet_shutdown+92344
 2: 00007FF7F17DA138 SSL_get_quiet_shutdown+92344
 2: 00007FF7F17DA138 SSL_get_quiet_shutdown+92344
 2: 00007FF7F17DA138 SSL_get_quiet_shutdown+92344
 2: 00007FF7F17DA138 SSL_get_quiet_shutdown+92344
 2: 00007FF7F17DA138 SSL_get_quiet_shutdown+92344
 2: 00007FF7F17DA138 SSL_get_quiet_shutdown+92344
 2: 00007FF7F17DA138 
 2: 00007FF7F17DA138 
 2: 00007FF7F17DA138 
 2: 00007FF7F17DA138 
 2: 00007FF7F17DA138 
 2: 00007FF7F17DA138 
 2: 00007FF7F17DA138 
 2: 00007FF7F17DA138 
 2: 00007FF7F17DA138 
 2: 00007FF7F17DA138 
 2: 00007FF7F17DA138 
 2: 00007FF7F17DA138 
 2: 00007FF7F17DA138 
 2: 00007FF7F17DA138 
 2: 00007FF7F17DA138 
 2: 00007FF7F17DA138 
 2: 00007FF7F17DA138 
 2: 00007FF7F17DA138 
 2: 00007FF7F17DA138 
 2: 00007FF7F17DA138 
 2: 00007FF7F17DA138 
 2: 00007FF7F17DA138 
 2: 00007FF7F17DA138 
 2: 00007FF7F17DA138 
 2: 00007FF7F17DA138 
 2: 00007FF7F17DA138 
 3: 00007FF7F2360C51 
 4: 00007FF7F213D3BB 
 4: 00007FF7F234D8D6 
 3: 00007FF7F2360C51 
[89500:000002734FCA1000]     5917 ms: Scavenge 6.4 (7.0) -> 5.6 (9.9) MB, pooled: 0 MB, 1.33 / 0.00 ms  (average mu = 1.000, current mu = 1.000) allocation failure; 
# Fatal error in , line 0
 4: 00007FF7F234D8D6 
 4: 00007FF7F234D8D6 
 2: 00007FF7F17DA138 
 3: 00007FF7F2360C51 
 4: 00007FF7F234D8D6 
# Fatal error in , line 0
 3: 00007FF7F2360C51 
 3: 00007FF7F2360C51 
 4: 00007FF7F234D8D6 
 2: 00007FF7F17DA138 
 3: 00007FF7F2360C51 
 3: 00007FF7F2360C51 
 4: 00007FF7F234D8D6 
 3: 00007FF7F2360C51 
 4: 00007FF7F234D8D6 
 3: 00007FF7F2360C51 
 3: 00007FF7F2360C51 
 3: 00007FF7F2360C51 
 3: 00007FF7F2360C51 
 4: 00007FF7F234D8D6 
 3: 00007FF7F2360C51 
 4: 00007FF7F234D8D6 
 3: 00007FF7F2360C51 
 4: 00007FF7F234D8D6 
 3: 00007FF7F2360C51 
 2: 00007FF7F17DA138 
 4: 00007FF7F234D8D6 
 3: 00007FF7F2360C51 
 4: 00007FF7F213D3BB 
 4: 00007FF7F233ED43 
 3: 00007FF7F2360C51 
 4: 00007FF7F234D8D6 
 4: 00007FF7F234D8D6 
 2: 00007FF7F17DA138 
 2: 00007FF7F17DA138 
[45960:0000022D33EE6000]     3442 ms: Scavenge 6.4 (8.0) -> 5.6 (9.9) MB, pooled: 0 MB, 0.99 / 0.00 ms  (average mu = 1.000, current mu = 1.000) allocation failure; 
 3: 00007FF7F2360C51 
 4: 00007FF7F234D8D6 
[98664:000001845F1C1000]     5034 ms: Scavenge 6.4 (8.0) -> 6.3 (10.5) MB, pooled: 0 MB, 1.89 / 0.00 ms  (average mu = 1.000, current mu = 1.000) allocation failure; 
 4: 00007FF7F234D8D6 
<--- JS stacktrace --->
[94164:0000025808961000]     5715 ms: Scavenge 6.4 (7.0) -> 6.3 (10.8) MB, pooled: 0 MB, 371.56 / 0.00 ms  (average mu = 1.000, current mu = 1.000) allocation failure; 
[91352:00000170FD6B5000]     3206 ms: Scavenge 6.4 (8.0) -> 6.3 (10.8) MB, pooled: 0 MB, 1.58 / 0.00 ms  (average mu = 1.000, current mu = 1.000) allocation failure; 
 3: 00007FF7F2360C51 
 2: 00007FF7F17DA138 
 3: 00007FF7F2360C51 
<--- JS stacktrace --->
 5: 00007FF7F233E7D6 
 4: 00007FF7F234D8D6 
 3: 00007FF7F2360C51 
 4: 00007FF7F234D8D6 
 3: 00007FF7F2360C51 
 5: 00007FF7F233E7D6 
 3: 00007FF7F2360C51 
[77772:0000028731081000]      962 ms: Scavenge 6.4 (8.0) -> 6.3 (10.8) MB, pooled: 0 MB, 0.91 / 0.00 ms  (average mu = 1.000, current mu = 1.000) allocation failure; 
 3: 00007FF7F2360C51 
----- Native stack trace -----
 3: 00007FF7F2360C51 
 4: 00007FF7F213D3BB 
 3: 00007FF7F2360C51 
 3: 00007FF7F2360C51 
 4: 00007FF7F234D8D6 
 3: 00007FF7F2360C51 
 4: 00007FF7F213D3BB 
 3: 00007FF7F2360C51 
 3: 00007FF7F2360C51 
 2: 00007FF7F17DA138 
 3: 00007FF7F2360C51 
 4: 00007FF7F234D8D6 
 3: 00007FF7F2360C51 
 2: 00007FF7F17DA138 
[71388:0000026767CC1000]      386 ms: Scavenge 6.4 (8.0) -> 5.6 (9.7) MB, pooled: 0 MB, 1.65 / 0.00 ms  (average mu = 1.000, current mu = 1.000) allocation failure; 
 4: 00007FF7F233ED43 
<--- JS stacktrace --->
[88712:000001B65CAC1000]     4389 ms: Scavenge 6.4 (8.0) -> 6.3 (10.5) MB, pooled: 0 MB, 1.44 / 0.00 ms  (average mu = 1.000, current mu = 1.000) allocation failure; 
 4: 00007FF7F234D8D6 
 4: 00007FF7F234D8D6 
 3: 00007FF7F2360C51 
 2: 00007FF7F17DA138 
 3: 00007FF7F2360C51 
 3: 00007FF7F2360C51 
 3: 00007FF7F2360C51 
 4: 00007FF7F234D8D6 
[97240:000001A402D21000]     3888 ms: Scavenge 6.4 (8.0) -> 5.6 (9.7) MB, pooled: 0 MB, 14.52 / 0.00 ms  (average mu = 1.000, current mu = 1.000) allocation failure; 
 3: 00007FF7F2360C51 
 4: 00007FF7F234D8D6 
[58100:00000217FE9C1000]      472 ms: Scavenge 6.4 (8.0) -> 6.3 (10.5) MB, pooled: 0 MB, 2.41 / 0.00 ms  (average mu = 1.000, current mu = 1.000) allocation failure; 

 8: 00007FF7F2B5F0B2 
 3: 00007FF7F2360C51 
 4: 00007FF7F234D8D6 
 3: 00007FF7F2360C51 
 3: 00007FF7F2360C51 
[70912:0000020FF1665000]      217 ms: Scavenge 6.4 (8.0) -> 6.3 (10.8) MB, pooled: 0 MB, 1.48 / 0.00 ms  (average mu = 1.000, current mu = 1.000) allocation failure; 
 3: 00007FF7F2360C51 
[59628:0000019C74D91000]      965 ms: Scavenge 6.4 (8.0) -> 5.6 (9.7) MB, pooled: 0 MB, 189.16 / 0.00 ms  (average mu = 1.000, current mu = 1.000) allocation failure; 
 2: 00007FF7F17DA138 
<--- JS stacktrace --->
 3: 00007FF7F2360C51 
 3: 00007FF7F2360C51 
 3: 00007FF7F2360C51 
 4: 00007FF7F234D8D6 
[55068:000001DE536B7000]      214 ms: Scavenge 6.4 (8.0) -> 5.6 (9.9) MB, pooled: 0 MB, 1.25 / 0.00 ms  (average mu = 1.000, current mu = 1.000) allocation failure; 
 3: 00007FF7F2360C51 
 3: 00007FF7F2360C51 
 3: 00007FF7F2360C51 
 2: 00007FF7F17DA138 
 4: 00007FF7F234D8D6 
 3: 00007FF7F2360C51 
[77792:000001A583E78000]      634 ms: Scavenge 6.4 (8.0) -> 6.3 (10.8) MB, pooled: 0 MB, 1.07 / 0.00 ms  (average mu = 1.000, current mu = 1.000) allocation failure; 
<--- JS stacktrace --->
 2: 00007FF7F17DA138 
[82380:000002802B6C1000]      375 ms: Scavenge 6.4 (8.0) -> 5.6 (9.7) MB, pooled: 0 MB, 2.06 / 0.00 ms  (average mu = 1.000, current mu = 1.000) allocation failure; 
 4: 00007FF7F234D8D6 
 4: 00007FF7F234D8D6 
 3: 00007FF7F2360C51 
 4: 00007FF7F234D8D6 
 8: 00007FF7F2B58BE2 
 4: 00007FF7F234D8D6 
 4: 00007FF7F233ED43 

[68112:00000272F66F3000]      153 ms: Scavenge 6.4 (8.0) -> 5.6 (9.9) MB, pooled: 0 MB, 35.53 / 0.00 ms  (average mu = 1.000, current mu = 1.000) allocation failure; 
[77544:000002A59BC11000]      972 ms: Scavenge 6.4 (8.0) -> 6.3 (11.0) MB, pooled: 0 MB, 1.16 / 0.00 ms  (average mu = 1.000, current mu = 1.000) allocation failure; 
[84556:0000028855BE3000]     4851 ms: Scavenge 6.4 (8.0) -> 6.3 (10.8) MB, pooled: 0 MB, 1.32 / 0.00 ms  (average mu = 1.000, current mu = 1.000) allocation failure; 
 4: 00007FF7F234D8D6 
 3: 00007FF7F2360C51 
 4: 00007FF7F234D8D6 
<--- JS stacktrace --->
 4: 00007FF7F234D8D6 
 3: 00007FF7F2360C51 
 2: 00007FF7F17DA138 
 4: 00007FF7F234D8D6 
[57196:0000023975801000]      394 ms: Scavenge 6.4 (8.0) -> 5.6 (10.0) MB, pooled: 0 MB, 1.15 / 0.00 ms  (average mu = 1.000, current mu = 1.000) allocation failure; 
 4: 00007FF7F234D8D6 
[73808:000001A61E7A5000]      671 ms: Scavenge 6.4 (8.0) -> 6.3 (10.5) MB, pooled: 0 MB, 116.83 / 0.00 ms  (average mu = 1.000, current mu = 1.000) allocation failure; 
<--- JS stacktrace --->
[78024:000002A4F1FBC000]      290 ms: Scavenge 6.4 (8.0) -> 6.3 (10.8) MB, pooled: 0 MB, 1.50 / 0.00 ms  (average mu = 1.000, current mu = 1.000) allocation failure; 
 3: 00007FF7F2360C51 
 8: 00007FF7F2E8D710 
 4: 00007FF7F234D8D6 
 2: 00007FF7F17DA138 
 4: 00007FF7F234D8D6 
 4: 00007FF7F234D8D6 
 2: 00007FF7F17DA138 
 2: 00007FF7F17DA138 
 4: 00007FF7F234D8D6 
 2: 00007FF7F17DA138 
 4: 00007FF7F234D8D6 
 4: 00007FF7F234D8D6 
 3: 00007FF7F2360C51 
 4: 00007FF7F234D8D6 

[80088:000001F065077000]      110 ms: Scavenge 6.4 (8.0) -> 5.6 (9.9) MB, pooled: 0 MB, 1.10 / 0.00 ms  (average mu = 1.000, current mu = 1.000) allocation failure; 
[100672:000001BF256D1000]     4152 ms: Scavenge 6.4 (8.0) -> 5.6 (9.7) MB, pooled: 0 MB, 1.73 / 0.00 ms  (average mu = 1.000, current mu = 1.000) allocation failure; 
 3: 00007FF7F2360C51 
 8: 00007FF7F2C0B2B1 
 4: 00007FF7F234D8D6 
 3: 00007FF7F2360C51 
 2: 00007FF7F17DA138 
 2: 00007FF7F17DA138 

 2: 00007FF7F17DA138 
 2: 00007FF7F17DA138 
 8: 00007FF7F2F5F55F v8::internal::compiler::CompilationDependencies::TransitionDependencyOffTheRecord+4571071
 2: 00007FF7F17DA138 
 3: 00007FF7F2360C51 
 2: 00007FF7F17DA138 
 8: 00007FF7F2F5F2AA 
 2: 00007FF7F17DA138 SSL_get_quiet_shutdown+92344
 2: 00007FF7F17DA138 SSL_get_quiet_shutdown+92344
 2: 00007FF7F17DA138 SSL_get_quiet_shutdown+92344
 2: 00007FF7F17DA138 
 8: 00007FF7F2B31660 v8::internal::compiler::CompilationDependencies::TransitionDependencyOffTheRecord+188608
 3: 00007FF7F2360C51 
 2: 00007FF7F17DA138 SSL_get_quiet_shutdown+92344
 2: 00007FF7F17DA138 
 3: 00007FF7F2360C51 
 2: 00007FF7F17DA138 SSL_get_quiet_shutdown+92344
 2: 00007FF7F17DA138 SSL_get_quiet_shutdown+92344
 2: 00007FF7F17DA138 SSL_get_quiet_shutdown+92344
 2: 00007FF7F17DA138 SSL_get_quiet_shutdown+92344
 2: 00007FF7F17DA138 SSL_get_quiet_shutdown+92344
 8: 00007FF7F2B58BE2 v8::internal::compiler::CompilationDependencies::TransitionDependencyOffTheRecord+349762
 3: 00007FF7F2360C51 
 2: 00007FF7F17DA138 SSL_get_quiet_shutdown+92344
 3: 00007FF7F2360C51 
 2: 00007FF7F17DA138 SSL_get_quiet_shutdown+92344
 3: 00007FF7F2360C51 
 2: 00007FF7F17DA138 SSL_get_quiet_shutdown+92344
 3: 00007FF7F2360C51 
 8: 00007FF7F2B58BE2 v8::internal::compiler::CompilationDependencies::TransitionDependencyOffTheRecord+349762
 3: 00007FF7F2360C51 
 3: 00007FF7F2360C51 
 3: 00007FF7F2360C51 
 5: 00007FF7F1E1C79B 
 4: 00007FF7F234D8D6 
 9: 00007FF7F2E8D943 
 3: 00007FF7F2360C51 
 4: 00007FF7F234D8D6 
 3: 00007FF7F2360C51 
 5: 00007FF7F233E7D6 
 4: 00007FF7F234D8D6 
 5: 00007FF7F1E1C79B 
 3: 00007FF7F2360C51 
 4: 00007FF7F234D8D6 
 9: 00007FF7F2B57ADB 
 4: 00007FF7F234D8D6 
 5: 00007FF7F1E1C79B 
 3: 00007FF7F2360C51 
 3: 00007FF7F2360C51 v8::Isolate::ReportExternalAllocationLimitReached+65
 4: 00007FF7F234D8D6 
 3: 00007FF7F2360C51 
 4: 00007FF7F234D8D6 
 9: 00007FF7F2B297C3 
 5: 00007FF7F233E7D6 
 4: 00007FF7F234D8D6 
 3: 00007FF7F2360C51 
 5: 00007FF7F233E7D6 
 5: 00007FF7F233E7D6 
# Check failed: (result.ptr) != nullptr.
 3: 00007FF7F2360C51 
 3: 00007FF7F2360C51 
 5: 00007FF7F233E7D6 
 5: 00007FF7F1E1C79B 
 3: 00007FF7F2360C51 
 3: 00007FF7F2360C51 
#
 3: 00007FF7F2360C51 
 3: 00007FF7F2360C51 
 4: 00007FF7F234D8D6 
 3: 00007FF7F2360C51 
 3: 00007FF7F2360C51 
 5: 00007FF7F1E1C79B 
 5: 00007FF7F1E1C79B 
 3: 00007FF7F2360C51 
 5: 00007FF7F1E1C79B 
 3: 00007FF7F2360C51 

 5: 00007FF7F1E1C79B 
 4: 00007FF7F234D8D6 
 5: 00007FF7F1E1C79B 
 5: 00007FF7F1E1C79B 
 5: 00007FF7F219AA20 
 5: 00007FF7F219AA20 

 5: 00007FF7F219AA20 
 5: 00007FF7F219AA20 

 3: 00007FF7F2360C51 
 5: 00007FF7F219AA20 
 5: 00007FF7F213EAD5 

 4: 00007FF7F234D8D6 
 5: 00007FF7F219AA20 
 5: 00007FF7F219AA20 
<--- JS stacktrace --->
 9: 00007FF7F2E8D943 
 4: 00007FF7F234D8D6 
 3: 00007FF7F2360C51 
 4: 00007FF7F234D8D6 
 4: 00007FF7F234D8D6 
 3: 00007FF7F2360C51 
 3: 00007FF7F2360C51 
 3: 00007FF7F2360C51 
 3: 00007FF7F2360C51 
 3: 00007FF7F2360C51 
 3: 00007FF7F2360C51 
 3: 00007FF7F2360C51 
 3: 00007FF7F2360C51 
 3: 00007FF7F2360C51 
 3: 00007FF7F2360C51 v8::Isolate::ReportExternalAllocationLimitReached+65
 3: 00007FF7F2360C51 
 3: 00007FF7F2360C51 
 3: 00007FF7F2360C51 
 3: 00007FF7F2360C51 
 3: 00007FF7F2360C51 
 3: 00007FF7F2360C51 v8::Isolate::ReportExternalAllocationLimitReached+65
 3: 00007FF7F2360C51 
 3: 00007FF7F2360C51 v8::Isolate::ReportExternalAllocationLimitReached+65
 3: 00007FF7F2360C51 v8::Isolate::ReportExternalAllocationLimitReached+65
 3: 00007FF7F2360C51 
 3: 00007FF7F2360C51 v8::Isolate::ReportExternalAllocationLimitReached+65
 3: 00007FF7F2360C51 v8::Isolate::ReportExternalAllocationLimitReached+65
 3: 00007FF7F2360C51 v8::Isolate::ReportExternalAllocationLimitReached+65
 3: 00007FF7F2360C51 
 3: 00007FF7F2360C51 v8::Isolate::ReportExternalAllocationLimitReached+65
 3: 00007FF7F2360C51 v8::Isolate::ReportExternalAllocationLimitReached+65
 3: 00007FF7F2360C51 v8::Isolate::ReportExternalAllocationLimitReached+65
 3: 00007FF7F2360C51 
 3: 00007FF7F2360C51 v8::Isolate::ReportExternalAllocationLimitReached+65
 3: 00007FF7F2360C51 
 3: 00007FF7F2360C51 v8::Isolate::ReportExternalAllocationLimitReached+65
 3: 00007FF7F2360C51 v8::Isolate::ReportExternalAllocationLimitReached+65
 3: 00007FF7F2360C51 v8::Isolate::ReportExternalAllocationLimitReached+65
 3: 00007FF7F2360C51 v8::Isolate::ReportExternalAllocationLimitReached+65
 3: 00007FF7F2360C51 v8::Isolate::ReportExternalAllocationLimitReached+65
 3: 00007FF7F2360C51 v8::Isolate::ReportExternalAllocationLimitReached+65
 3: 00007FF7F2360C51 v8::Isolate::ReportExternalAllocationLimitReached+65
 3: 00007FF7F2360C51 v8::Isolate::ReportExternalAllocationLimitReached+65
 3: 00007FF7F2360C51 v8::Isolate::ReportExternalAllocationLimitReached+65
 3: 00007FF7F2360C51 v8::Isolate::ReportExternalAllocationLimitReached+65
 3: 00007FF7F2360C51 v8::Isolate::ReportExternalAllocationLimitReached+65
 3: 00007FF7F2360C51 v8::Isolate::ReportExternalAllocationLimitReached+65
 3: 00007FF7F2360C51 v8::Isolate::ReportExternalAllocationLimitReached+65
 3: 00007FF7F2360C51 v8::Isolate::ReportExternalAllocationLimitReached+65
 3: 00007FF7F2360C51 
 3: 00007FF7F2360C51 
 3: 00007FF7F2360C51 
 3: 00007FF7F2360C51 
 3: 00007FF7F2360C51 
 3: 00007FF7F2360C51 
 3: 00007FF7F2360C51 
 3: 00007FF7F2360C51 
 3: 00007FF7F2360C51 
 3: 00007FF7F2360C51 
 3: 00007FF7F2360C51 
 3: 00007FF7F2360C51 
 3: 00007FF7F2360C51 
 3: 00007FF7F2360C51 
 3: 00007FF7F2360C51 
 3: 00007FF7F2360C51 
 3: 00007FF7F2360C51 
 3: 00007FF7F2360C51 
 3: 00007FF7F2360C51 
 3: 00007FF7F2360C51 
 3: 00007FF7F2360C51 
 3: 00007FF7F2360C51 
 3: 00007FF7F2360C51 
 3: 00007FF7F2360C51 
 3: 00007FF7F2360C51 
 3: 00007FF7F2360C51 
 4: 00007FF7F234D8D6 
 5: 00007FF7F213EAD5 
 5: 00007FF7F1E1C79B 
 4: 00007FF7F234D8D6 

# Check failed: (result.ptr) != nullptr.
 5: 00007FF7F1E1C79B 
 5: 00007FF7F1E1C79B 
 3: 00007FF7F2360C51 
 4: 00007FF7F234D8D6 
 5: 00007FF7F219AA20 
# Check failed: (result.ptr) != nullptr.
 4: 00007FF7F234D8D6 

<--- JS stacktrace --->

 4: 00007FF7F234D8D6 
 5: 00007FF7F219AA20 
 4: 00007FF7F234D8D6 
 5: 00007FF7F219AA20 
 4: 00007FF7F234D8D6 
 4: 00007FF7F234D8D6 
 4: 00007FF7F234D8D6 
 4: 00007FF7F234D8D6 
 5: 00007FF7F1E1C79B 
 4: 00007FF7F234D8D6 
 5: 00007FF7F219AA20 
 4: 00007FF7F234D8D6 
 4: 00007FF7F234D8D6 
 4: 00007FF7F234D8D6 
 3: 00007FF7F2360C51 
 4: 00007FF7F234D8D6 
 4: 00007FF7F234D8D6 
 5: 00007FF7F213EAD5 
 5: 00007FF7F233E7D6 
 4: 00007FF7F234D8D6 
 6: 00007FF7F2138602 
 5: 00007FF7F219AA20 
 3: 00007FF7F2360C51 
 3: 00007FF7F2360C51 

 4: 00007FF7F234D8D6 
 5: 00007FF7F219AA20 

 5: 00007FF7F1E1C79B 



 4: 00007FF7F234D8D6 
 3: 00007FF7F2360C51 
 4: 00007FF7F234D8D6 
 4: 00007FF7F234D8D6 
 6: 00007FF7F233EA7B 
 5: 00007FF7F219AA20 
 4: 00007FF7F234D8D6 
 5: 00007FF7F219AA20 
 4: 00007FF7F234D8D6 
 6: 00007FF7F233EA7B 
 4: 00007FF7F234D8D6 

 4: 00007FF7F234D8D6 

 4: 00007FF7F234D8D6 
 5: 00007FF7F213EAD5 
 4: 00007FF7F234D8D6 
 5: 00007FF7F219AA20 
 5: 00007FF7F213EAD5 
 4: 00007FF7F234D8D6 
 4: 00007FF7F234D8D6 
 4: 00007FF7F234D8D6 
 3: 00007FF7F2360C51 
 6: 00007FF7F2178502 
 5: 00007FF7F1E1C79B 
 4: 00007FF7F234D8D6 
 3: 00007FF7F2360C51 

 5: 00007FF7F233E7D6 


 5: 00007FF7F219AA20 
 5: 00007FF7F219AA20 
 4: 00007FF7F234D8D6 
 3: 00007FF7F2360C51 
 4: 00007FF7F234D8D6 
 4: 00007FF7F234D8D6 
 4: 00007FF7F234D8D6 
 5: 00007FF7F219AA20 

 4: 00007FF7F234D8D6 
 5: 00007FF7F219AA20 

[82628:0000023D6A458000]     8551 ms: Scavenge 6.4 (7.0) -> 6.3 (8.5) MB, pooled: 0 MB, 1.50 / 0.00 ms  (average mu = 1.000, current mu = 1.000) allocation failure; 
 9: 00007FF7F2B5B8B9 
 4: 00007FF7F234D8D6 
 5: 00007FF7F219AA20 
 4: 00007FF7F234D8D6 
 4: 00007FF7F234D8D6 

 4: 00007FF7F234D8D6 

 3: 00007FF7F2360C51 

 4: 00007FF7F234D8D6 
 4: 00007FF7F234D8D6 
 4: 00007FF7F234D8D6 
 5: 00007FF7F219AA20 

 4: 00007FF7F234D8D6 
 4: 00007FF7F234D8D6 
 4: 00007FF7F234D8D6 
 3: 00007FF7F2360C51 
 5: 00007FF7F219AA20 
 4: 00007FF7F234D8D6 


 3: 00007FF7F2360C51 

 5: 00007FF7F219AA20 
 5: 00007FF7F219AA20 
 4: 00007FF7F234D8D6 
 5: 00007FF7F219AA20 
 9: 00007FF7F2B57ADB 
 5: 00007FF7F219AA20 
 5: 00007FF7F233E7D6 
<--- JS stacktrace --->



 5: 00007FF7F219AA20 
 4: 00007FF7F234D8D6 
 5: 00007FF7F219AA20 

 5: 00007FF7F219AA20 
 4: 00007FF7F234D8D6 
 3: 00007FF7F2360C51 
 5: 00007FF7F219AA20 

 5: 00007FF7F219AA20 



 4: 00007FF7F234D8D6 
 9: 00007FF7F2E8D943 
 5: 00007FF7F219AA20 
 3: 00007FF7F2360C51 
 5: 00007FF7F219AA20 
 5: 00007FF7F219AA20 
 3: 00007FF7F2360C51 
 3: 00007FF7F2360C51 
 5: 00007FF7F219AA20 
 3: 00007FF7F2360C51 
 5: 00007FF7F219AA20 
 5: 00007FF7F219AA20 
 4: 00007FF7F234D8D6 
 5: 00007FF7F219AA20 
Check failed: (result.ptr) != nullptr.


 4: 00007FF7F234D8D6 
 9: 00007FF7F2B15607 
 5: 00007FF7F219AA20 
 4: 00007FF7F234D8D6 
 3: 00007FF7F2360C51 
 3: 00007FF7F2360C51 
<--- JS stacktrace --->
 3: 00007FF7F2360C51 
 3: 00007FF7F2360C51 
 9: 00007FF7F2F6EE15 v8::internal::compiler::CompilationDependencies::TransitionDependencyOffTheRecord+4634741
 3: 00007FF7F2360C51 
 4: 00007FF7F234D8D6 
 3: 00007FF7F2360C51 
 9: 00007FF7F2F55F7D 
 3: 00007FF7F2360C51 v8::Isolate::ReportExternalAllocationLimitReached+65
 3: 00007FF7F2360C51 v8::Isolate::ReportExternalAllocationLimitReached+65
 3: 00007FF7F2360C51 v8::Isolate::ReportExternalAllocationLimitReached+65
 3: 00007FF7F2360C51 
 9: 00007FF7F2B297C3 v8::internal::compiler::CompilationDependencies::TransitionDependencyOffTheRecord+156195
 4: 00007FF7F234D8D6 
 3: 00007FF7F2360C51 v8::Isolate::ReportExternalAllocationLimitReached+65
 3: 00007FF7F2360C51 
 4: 00007FF7F234D8D6 
 3: 00007FF7F2360C51 v8::Isolate::ReportExternalAllocationLimitReached+65
 3: 00007FF7F2360C51 v8::Isolate::ReportExternalAllocationLimitReached+65
 3: 00007FF7F2360C51 v8::Isolate::ReportExternalAllocationLimitReached+65
 3: 00007FF7F2360C51 v8::Isolate::ReportExternalAllocationLimitReached+65
 3: 00007FF7F2360C51 v8::Isolate::ReportExternalAllocationLimitReached+65
 9: 00007FF7F2B57ADB v8::internal::compiler::CompilationDependencies::TransitionDependencyOffTheRecord+345403
 4: 00007FF7F234D8D6 
 3: 00007FF7F2360C51 v8::Isolate::ReportExternalAllocationLimitReached+65
 4: 00007FF7F234D8D6 
 3: 00007FF7F2360C51 v8::Isolate::ReportExternalAllocationLimitReached+65
 4: 00007FF7F234D8D6 
 3: 00007FF7F2360C51 v8::Isolate::ReportExternalAllocationLimitReached+65
 4: 00007FF7F234D8D6 
 9: 00007FF7F2B57ADB v8::internal::compiler::CompilationDependencies::TransitionDependencyOffTheRecord+345403
 4: 00007FF7F234D8D6 
 4: 00007FF7F234D8D6 
 4: 00007FF7F234D8D6 
 6: 00007FF7F1EFE442 
 5: 00007FF7F1E1C79B 
10: 00007FF7F2E8D911 
 4: 00007FF7F234D8D6 
 5: 00007FF7F1E1C79B 
 4: 00007FF7F234D8D6 
 6: 00007FF7F233EA7B 
 5: 00007FF7F1E1C79B 
 6: 00007FF7F1F36F14 
 4: 00007FF7F234D8D6 
 5: 00007FF7F1E1C79B 
10: 00007FF7F2B15607 
 5: 00007FF7F1E1C79B 
 6: 00007FF7F2332123 
 4: 00007FF7F234D8D6 
 4: 00007FF7F234D8D6 v8::Function::Experimental_IsNopFunction+2870
 5: 00007FF7F219AA20 
 4: 00007FF7F234D8D6 
 5: 00007FF7F1E1C79B 
10: 00007FF7F2B27B95 
 6: 00007FF7F233EA7B 
 5: 00007FF7F219AA20 
 4: 00007FF7F234D8D6 
 6: 00007FF7F233EA7B 
 6: 00007FF7F233EA7B 
#
 4: 00007FF7F234D8D6 
 4: 00007FF7F234D8D6 
 6: 00007FF7F233EA7B 
 6: 00007FF7F1F36F14 
 4: 00007FF7F234D8D6 
 4: 00007FF7F234D8D6 
#
 4: 00007FF7F234D8D6 
 4: 00007FF7F234D8D6 
 5: 00007FF7F1E1C79B 
 4: 00007FF7F234D8D6 
 4: 00007FF7F234D8D6 
 6: 00007FF7F1F014A3 
 6: 00007FF7F2332123 
 4: 00007FF7F234D8D6 
 6: 00007FF7F1F014A3 
 4: 00007FF7F234D8D6 

 6: 00007FF7F1EC78AC 
 5: 00007FF7F219AA20 
 6: 00007FF7F2332123 
 6: 00007FF7F2332123 
 6: 00007FF7F216E5EF 
 6: 00007FF7F216E5EF 
FATAL ERROR: MarkCompactCollector: young object promotion failed Allocation failed - JavaScript heap out of memory
 6: 00007FF7F2178502 
 6: 00007FF7F216E5EF 

 4: 00007FF7F234D8D6 
 6: 00007FF7F216E5EF 
 6: 00007FF7F2138602 
FATAL ERROR: MarkCompactCollector: young object promotion failed Allocation failed - JavaScript heap out of memory
 5: 00007FF7F1E1C79B 
 6: 00007FF7F2178502 
 6: 00007FF7F2178502 

10: 00007FF7F2E8D911 
 5: 00007FF7F219AA20 
 4: 00007FF7F234D8D6 
 5: 00007FF7F219AA20 
 5: 00007FF7F219AA20 
 4: 00007FF7F234D8D6 
 4: 00007FF7F234D8D6 
 4: 00007FF7F234D8D6 
 4: 00007FF7F234D8D6 
 4: 00007FF7F234D8D6 
 4: 00007FF7F234D8D6 
 4: 00007FF7F234D8D6 
 4: 00007FF7F234D8D6 
 4: 00007FF7F234D8D6 
 4: 00007FF7F234D8D6 v8::Function::Experimental_IsNopFunction+2870
 4: 00007FF7F234D8D6 
 4: 00007FF7F234D8D6 
 4: 00007FF7F234D8D6 
 4: 00007FF7F234D8D6 
 4: 00007FF7F234D8D6 
 4: 00007FF7F234D8D6 v8::Function::Experimental_IsNopFunction+2870
 4: 00007FF7F234D8D6 
 4: 00007FF7F234D8D6 v8::Function::Experimental_IsNopFunction+2870
 4: 00007FF7F234D8D6 v8::Function::Experimental_IsNopFunction+2870
 4: 00007FF7F234D8D6 
 4: 00007FF7F234D8D6 v8::Function::Experimental_IsNopFunction+2870
 4: 00007FF7F234D8D6 v8::Function::Experimental_IsNopFunction+2870
 4: 00007FF7F234D8D6 v8::Function::Experimental_IsNopFunction+2870
 4: 00007FF7F234D8D6 
 4: 00007FF7F234D8D6 v8::Function::Experimental_IsNopFunction+2870
 4: 00007FF7F234D8D6 v8::Function::Experimental_IsNopFunction+2870
 4: 00007FF7F234D8D6 v8::Function::Experimental_IsNopFunction+2870
 4: 00007FF7F234D8D6 
 4: 00007FF7F234D8D6 v8::Function::Experimental_IsNopFunction+2870
 4: 00007FF7F234D8D6 
 4: 00007FF7F234D8D6 v8::Function::Experimental_IsNopFunction+2870
 4: 00007FF7F234D8D6 v8::Function::Experimental_IsNopFunction+2870
 4: 00007FF7F234D8D6 v8::Function::Experimental_IsNopFunction+2870
 4: 00007FF7F234D8D6 v8::Function::Experimental_IsNopFunction+2870
 4: 00007FF7F234D8D6 v8::Function::Experimental_IsNopFunction+2870
 4: 00007FF7F234D8D6 v8::Function::Experimental_IsNopFunction+2870
 4: 00007FF7F234D8D6 v8::Function::Experimental_IsNopFunction+2870
 4: 00007FF7F234D8D6 v8::Function::Experimental_IsNopFunction+2870
 4: 00007FF7F234D8D6 v8::Function::Experimental_IsNopFunction+2870
 4: 00007FF7F234D8D6 v8::Function::Experimental_IsNopFunction+2870
 4: 00007FF7F234D8D6 v8::Function::Experimental_IsNopFunction+2870
 4: 00007FF7F234D8D6 v8::Function::Experimental_IsNopFunction+2870
 4: 00007FF7F234D8D6 v8::Function::Experimental_IsNopFunction+2870
 4: 00007FF7F234D8D6 v8::Function::Experimental_IsNopFunction+2870
 4: 00007FF7F234D8D6 
 4: 00007FF7F234D8D6 
 4: 00007FF7F234D8D6 
 5: 00007FF7F219AA20 
 4: 00007FF7F234D8D6 
 4: 00007FF7F234D8D6 
 5: 00007FF7F219AA20 
 6: 00007FF7F2178502 
 4: 00007FF7F234D8D6 
 4: 00007FF7F234D8D6 
 4: 00007FF7F234D8D6 
 4: 00007FF7F234D8D6 
 6: 00007FF7F233EA7B 
 4: 00007FF7F234D8D6 
 4: 00007FF7F234D8D6 
 4: 00007FF7F234D8D6 
 4: 00007FF7F234D8D6 
 4: 00007FF7F234D8D6 
 4: 00007FF7F234D8D6 
 4: 00007FF7F234D8D6 
 4: 00007FF7F234D8D6 
 4: 00007FF7F234D8D6 
 4: 00007FF7F234D8D6 
 4: 00007FF7F234D8D6 
 4: 00007FF7F234D8D6 
 4: 00007FF7F234D8D6 
 5: 00007FF7F219AA20 
 6: 00007FF7F1F014A3 
 5: 00007FF7F219AA20 

#
 6: 00007FF7F233EA0F 
 6: 00007FF7F2332123 
 4: 00007FF7F234D8D6 
 5: 00007FF7F1E1C79B 
 6: 00007FF7F2178502 
#
 5: 00007FF7F1E1C79B 
FATAL ERROR: MarkCompactCollector: young object promotion failed Allocation failed - JavaScript heap out of memory
 5: 00007FF7F1E1C79B 
 4: 00007FF7F234D8D6 
 5: 00007FF7F219AA20 
 5: 00007FF7F219AA20 
 5: 00007FF7F219AA20 
 6: 00007FF7F216E5EF 
 5: 00007FF7F219AA20 
 4: 00007FF7F234D8D6 
 5: 00007FF7F219AA20 
 4: 00007FF7F234D8D6 

 5: 00007FF7F219AA20 
 6: 00007FF7F1B9BCC8 
 5: 00007FF7F219AA20 
 6: 00007FF7F216E5EF 
 5: 00007FF7F219AA20 
 6: 00007FF7F216E5EF 
 5: 00007FF7F219AA20 
 4: 00007FF7F234D8D6 
 4: 00007FF7F234D8D6 
 5: 00007FF7F219AA20 
 6: 00007FF7F2138602 
 4: 00007FF7F234D8D6 
 5: 00007FF7F1E1C79B 
 6: 00007FF7F216E5EF 
 6: 00007FF7F2178502 
 7: 00007FF7F2135667 
 4: 00007FF7F234D8D6 

 5: 00007FF7F1E1C79B 
 6: 00007FF7F216E5EF 

 6: 00007FF7F1F014A3 
FATAL ERROR: MarkCompactCollector: young object promotion failed Allocation failed - JavaScript heap out of memory


 5: 00007FF7F1E1C79B 
 4: 00007FF7F234D8D6 
 5: 00007FF7F219AA20 
 5: 00007FF7F219AA20 
 7: 00007FF7F233E918 
 6: 00007FF7F216E5EF 
 5: 00007FF7F219AA20 
 6: 00007FF7F216E5EF 
 5: 00007FF7F219AA20 
 7: 00007FF7F233E918 
 5: 00007FF7F219AA20 

 5: 00007FF7F219AA20 

 5: 00007FF7F219AA20 
 6: 00007FF7F2138602 
 5: 00007FF7F1E1C79B 
 6: 00007FF7F2178502 
FATAL ERROR: MarkCompactCollector: young object promotion failed Allocation failed - JavaScript heap out of memory
 6: 00007FF7F2138602 
 5: 00007FF7F1E1C79B 
 5: 00007FF7F219AA20 
 4: 00007FF7F234D8D6 
 5: 00007FF7F219AA20 
 6: 00007FF7F2332123 
 5: 00007FF7F219AA20 
 4: 00007FF7F234D8D6 

 6: 00007FF7F233EA7B 
FATAL ERROR: MarkCompactCollector: young object promotion failed Allocation failed - JavaScript heap out of memory

 6: 00007FF7F216E5EF 
 6: 00007FF7F216E5EF 
 5: 00007FF7F1E1C79B 
 5: 00007FF7F1E1C79B 
 5: 00007FF7F219AA20 
 5: 00007FF7F219AA20 
 6: 00007FF7F216E5EF 

 5: 00007FF7F219AA20 
 6: 00007FF7F2178502 

 5: 00007FF7F219AA20 
 6: 00007FF7F2153533 
 5: 00007FF7F219AA20 
10: 00007FF7F2B652C6 
 6: 00007FF7F216E5EF 
 5: 00007FF7F219AA20 
 5: 00007FF7F219AA20 

 5: 00007FF7F219AA20 
 5: 00007FF7F219AA20 
 4: 00007FF7F234D8D6 
FATAL ERROR: MarkCompactCollector: young object promotion failed Allocation failed - JavaScript heap out of memory
 5: 00007FF7F219AA20 
 5: 00007FF7F219AA20 
 5: 00007FF7F219AA20 
 6: 00007FF7F2153533 

 5: 00007FF7F219AA20 
 5: 00007FF7F219AA20 
 5: 00007FF7F219AA20 
 4: 00007FF7F234D8D6 
 6: 00007FF7F216E5EF 
 5: 00007FF7F219AA20 

FATAL ERROR: MarkCompactCollector: young object promotion failed Allocation failed - JavaScript heap out of memory
 4: 00007FF7F234D8D6 

 6: 00007FF7F2178502 
 6: 00007FF7F216E5EF 
 5: 00007FF7F219AA20 
 6: 00007FF7F2178502 
10: 00007FF7F2B15607 
 6: 00007FF7F216E5EF 
 6: 00007FF7F233EA7B 




 6: 00007FF7F216E5EF 
 5: 00007FF7F219AA20 
 6: 00007FF7F2178502 
FATAL ERROR: Zone Allocation failed - process out of memory
 6: 00007FF7F216E5EF 
 5: 00007FF7F219AA20 
 4: 00007FF7F234D8D6 
 6: 00007FF7F216E5EF 

 6: 00007FF7F216E5EF 

FATAL ERROR: MarkCompactCollector: young object promotion failed Allocation failed - JavaScript heap out of memory

 5: 00007FF7F219AA20 
10: 00007FF7F2E8D911 
 4: 00007FF7F234D8D6 
 6: 00007FF7F216E5EF 
 6: 00007FF7F216E5EF 
 6: 00007FF7F2178502 
 4: 00007FF7F234D8D6 
 4: 00007FF7F234D8D6 
 4: 00007FF7F234D8D6 
 6: 00007FF7F216E5EF 
 6: 00007FF7F2178502 
 6: 00007FF7F216E5EF 
 5: 00007FF7F219AA20 
 6: 00007FF7F2178502 
#


 5: 00007FF7F1E1C79B 
10: 00007FF7F2AE80B1 
 6: 00007FF7F2178502 
 5: 00007FF7F1E1C79B 
 4: 00007FF7F234D8D6 
 4: 00007FF7F234D8D6 

 4: 00007FF7F234D8D6 
 4: 00007FF7F234D8D6 
10: 00007FF7F2AE6AD4 v8::internal::compiler::CompilationDependencies::~CompilationDependencies+791892
 4: 00007FF7F234D8D6 
 5: 00007FF7F1E1C79B 
 4: 00007FF7F234D8D6 
10: 00007FF7F2F559EB 
 4: 00007FF7F234D8D6 v8::Function::Experimental_IsNopFunction+2870
 4: 00007FF7F234D8D6 v8::Function::Experimental_IsNopFunction+2870
 4: 00007FF7F234D8D6 v8::Function::Experimental_IsNopFunction+2870
 4: 00007FF7F234D8D6 
10: 00007FF7F2B27B95 v8::internal::compiler::CompilationDependencies::TransitionDependencyOffTheRecord+148981
 5: 00007FF7F219AA20 
 4: 00007FF7F234D8D6 v8::Function::Experimental_IsNopFunction+2870
 4: 00007FF7F234D8D6 
 5: 00007FF7F1E1C79B 
 4: 00007FF7F234D8D6 v8::Function::Experimental_IsNopFunction+2870
 4: 00007FF7F234D8D6 v8::Function::Experimental_IsNopFunction+2870
 4: 00007FF7F234D8D6 v8::Function::Experimental_IsNopFunction+2870
 4: 00007FF7F234D8D6 v8::Function::Experimental_IsNopFunction+2870
 4: 00007FF7F234D8D6 v8::Function::Experimental_IsNopFunction+2870
10: 00007FF7F2B15607 v8::internal::compiler::CompilationDependencies::TransitionDependencyOffTheRecord+73831
 5: 00007FF7F219AA20 
 4: 00007FF7F234D8D6 v8::Function::Experimental_IsNopFunction+2870
 5: 00007FF7F219AA20 
 4: 00007FF7F234D8D6 v8::Function::Experimental_IsNopFunction+2870
 5: 00007FF7F1E1C79B 
 4: 00007FF7F234D8D6 v8::Function::Experimental_IsNopFunction+2870
 5: 00007FF7F1E1C79B 
10: 00007FF7F2B15607 v8::internal::compiler::CompilationDependencies::TransitionDependencyOffTheRecord+73831
 5: 00007FF7F219AA20 
 5: 00007FF7F219AA20 
 5: 00007FF7F219AA20 
 7: 00007FF7F1F13D2A 
 6: 00007FF7F2332123 
11: 00007FF7F2E8B1E7 
 5: 00007FF7F219AA20 
 6: 00007FF7F1F014A3 
 5: 00007FF7F219AA20 
 7: 00007FF7F233E918 
 6: 00007FF7F2332123 
 7: 00007FF7F1F371D4 
 5: 00007FF7F219AA20 
 6: 00007FF7F1EFE442 
11: 00007FF7F2AE80B1 
 6: 00007FF7F233EEB7 
 7: 00007FF7F232F06C 
 5: 00007FF7F1E1C79B 
 5: 00007FF7F1E1F77F v8::internal::Version::GetString+11407
 6: 00007FF7F2153533 
 5: 00007FF7F219AA20 
 6: 00007FF7F2332123 
11: 00007FF7F2B27E7B 
 7: 00007FF7F233E918 
 6: 00007FF7F2153533 
 5: 00007FF7F219AA20 
 7: 00007FF7F233E918 
 7: 00007FF7F233E918 
#
 5: 00007FF7F219AA20 
 5: 00007FF7F219AA20 
 7: 00007FF7F233E918 
 7: 00007FF7F1F371D4 
 5: 00007FF7F219AA20 
 5: 00007FF7F219AA20 
#FailureMessage Object: 000000DBDF9FF0B0
 5: 00007FF7F219AA20 
 5: 00007FF7F219AA20 
 6: 00007FF7F1F012B1 
 5: 00007FF7F219AA20 
 5: 00007FF7F219AA20 
 7: 00007FF7F1F01329 
 7: 00007FF7F232F06C 
 5: 00007FF7F1E1F77F 
 7: 00007FF7F1F01329 
 5: 00007FF7F219AA20 
<--- JS stacktrace --->
 7: 00007FF7F1EC7DA9 
 6: 00007FF7F2153533 
 7: 00007FF7F232F06C 
 7: 00007FF7F232F06C 
 7: 00007FF7F217F77A 
 7: 00007FF7F217F77A 
FATAL ERROR: MarkCompactCollector: young object promotion failed Allocation failed - JavaScript heap out of memory
 7: 00007FF7F21A15EB 
 7: 00007FF7F217F77A 
<--- JS stacktrace --->
 5: 00007FF7F219AA20 
 7: 00007FF7F217F77A 
 7: 00007FF7F2135667 
FATAL ERROR: MarkCompactCollector: young object promotion failed Allocation failed - JavaScript heap out of memory
 6: 00007FF7F1F014A3 
 7: 00007FF7F21A15EB 
 7: 00007FF7F21A15EB 
FATAL ERROR: MarkCompactCollector: young object promotion failed Allocation failed - JavaScript heap out of memory
11: 00007FF7F2E8B1E7 
 6: 00007FF7F2153533 
 5: 00007FF7F219AA20 
 6: 00007FF7F2153533 
 6: 00007FF7F2153533 
 5: 00007FF7F219AA20 
 5: 00007FF7F1E1C79B 
 5: 00007FF7F219AA20 
 5: 00007FF7F1E1C79B 
 5: 00007FF7F219AA20 
 5: 00007FF7F219AA20 
 5: 00007FF7F219AA20 
 5: 00007FF7F219AA20 
 5: 00007FF7F1E1C79B 
 5: 00007FF7F219AA20 v8::internal::StrongRootAllocatorBase::StrongRootAllocatorBase+31456
 5: 00007FF7F1E1C79B 
 5: 00007FF7F219AA20 
 5: 00007FF7F219AA20 
 5: 00007FF7F219AA20 
 5: 00007FF7F219AA20 
 5: 00007FF7F1E1C79B v8::SnapshotCreator::GetIsolate+52395
 5: 00007FF7F219AA20 
 5: 00007FF7F219AA20 v8::internal::StrongRootAllocatorBase::StrongRootAllocatorBase+31456
 5: 00007FF7F219AA20 v8::internal::StrongRootAllocatorBase::StrongRootAllocatorBase+31456
 5: 00007FF7F219AA20 
 5: 00007FF7F219AA20 v8::internal::StrongRootAllocatorBase::StrongRootAllocatorBase+31456
 5: 00007FF7F219AA20 v8::internal::StrongRootAllocatorBase::StrongRootAllocatorBase+31456
 5: 00007FF7F219AA20 v8::internal::StrongRootAllocatorBase::StrongRootAllocatorBase+31456
 5: 00007FF7F219AA20 
 5: 00007FF7F219AA20 v8::internal::StrongRootAllocatorBase::StrongRootAllocatorBase+31456
 5: 00007FF7F219AA20 v8::internal::StrongRootAllocatorBase::StrongRootAllocatorBase+31456
 5: 00007FF7F219AA20 v8::internal::StrongRootAllocatorBase::StrongRootAllocatorBase+31456
 5: 00007FF7F219AA20 
 5: 00007FF7F219AA20 v8::internal::StrongRootAllocatorBase::StrongRootAllocatorBase+31456
 5: 00007FF7F1E1C79B 
 5: 00007FF7F1E1C79B v8::SnapshotCreator::GetIsolate+52395
 5: 00007FF7F219AA20 v8::internal::StrongRootAllocatorBase::StrongRootAllocatorBase+31456
 5: 00007FF7F219AA20 v8::internal::StrongRootAllocatorBase::StrongRootAllocatorBase+31456
 5: 00007FF7F219AA20 v8::internal::StrongRootAllocatorBase::StrongRootAllocatorBase+31456
 5: 00007FF7F219AA20 v8::internal::StrongRootAllocatorBase::StrongRootAllocatorBase+31456
 5: 00007FF7F219AA20 v8::internal::StrongRootAllocatorBase::StrongRootAllocatorBase+31456
 5: 00007FF7F219AA20 v8::internal::StrongRootAllocatorBase::StrongRootAllocatorBase+31456
 5: 00007FF7F219AA20 v8::internal::StrongRootAllocatorBase::StrongRootAllocatorBase+31456
 5: 00007FF7F219AA20 v8::internal::StrongRootAllocatorBase::StrongRootAllocatorBase+31456
 5: 00007FF7F1E1C79B v8::SnapshotCreator::GetIsolate+52395
 5: 00007FF7F219AA20 v8::internal::StrongRootAllocatorBase::StrongRootAllocatorBase+31456
 5: 00007FF7F219AA20 v8::internal::StrongRootAllocatorBase::StrongRootAllocatorBase+31456
 5: 00007FF7F1E1C79B v8::SnapshotCreator::GetIsolate+52395
 5: 00007FF7F219AA20 v8::internal::StrongRootAllocatorBase::StrongRootAllocatorBase+31456
 5: 00007FF7F219AA20 
 5: 00007FF7F219AA20 
 5: 00007FF7F1E1C79B 
 5: 00007FF7F219AA20 
 5: 00007FF7F219AA20 
 5: 00007FF7F1E1C79B 
 5: 00007FF7F1E1C79B 
 5: 00007FF7F1E1C79B 
 5: 00007FF7F1E1C79B 
 5: 00007FF7F219AA20 
 5: 00007FF7F1E1C79B 
 5: 00007FF7F219AA20 
 5: 00007FF7F219AA20 
 5: 00007FF7F1E1C79B 
 5: 00007FF7F1E1C79B 
 5: 00007FF7F1E1C79B 
 5: 00007FF7F219AA20 
 5: 00007FF7F1E1C79B 
 5: 00007FF7F219AA20 
 5: 00007FF7F219AA20 
 5: 00007FF7F1E1C79B 
 5: 00007FF7F1E1C79B 
 5: 00007FF7F1E1C79B 
 5: 00007FF7F1E1C79B 
 5: 00007FF7F1E1C79B 
 5: 00007FF7F1E1C79B 
 6: 00007FF7F2153533 
 4: 00007FF7F234D8D6 
 7: 00007FF7F1F01329 
 6: 00007FF7F216E5EF 
<--- JS stacktrace --->
#
 7: 00007FF7F233E918 
 7: 00007FF7F232F06C 
 5: 00007FF7F1E1C79B 
 6: 00007FF7F1F12007 
 7: 00007FF7F21A15EB 
#
 6: 00007FF7F1F014A3 
FATAL ERROR: MarkCompactCollector: young object promotion failed Allocation failed - JavaScript heap out of memory
 6: 00007FF7F1F014A3 
 5: 00007FF7F1E1C79B 
 6: 00007FF7F2153533 
 6: 00007FF7F2153533 
 7: 00007FF7F217F77A 
 6: 00007FF7F2153533 
 7: 00007FF7F21A15EB 
 6: 00007FF7F2153533 
[82628:0000023D6A458000]     8591 ms: Scavenge 7.0 (8.5) -> 6.8 (9.0) MB, pooled: 0 MB, 1.13 / 0.00 ms  (average mu = 1.000, current mu = 1.000) allocation failure; 
 6: 00007FF7F2153533 
 6: 00007FF7F2153533 
 7: 00007FF7F20CA3DF 
 6: 00007FF7F216E5EF 
 7: 00007FF7F217F77A 
 6: 00007FF7F216E5EF 
 7: 00007FF7F217F77A 
 6: 00007FF7F2153533 
 5: 00007FF7F1E1C79B 
 7: 00007FF7F21A15EB 
 6: 00007FF7F2153533 
 7: 00007FF7F2135667 
 7: 00007FF7F233E918 
 6: 00007FF7F1F1D49B 
 7: 00007FF7F217F77A 
 7: 00007FF7F21A15EB 
 5: 00007FF7F1E1C79B 
 5: 00007FF7F1E1C79B 
<--- JS stacktrace --->
 6: 00007FF7F1BBBFF6 
 7: 00007FF7F217F77A 
<--- JS stacktrace --->
 7: 00007FF7F1F01329 
FATAL ERROR: MarkCompactCollector: young object promotion failed Allocation failed - JavaScript heap out of memory
<--- JS stacktrace --->

 6: 00007FF7F233E9C9 
 5: 00007FF7F219AA20 
 6: 00007FF7F2153533 
 6: 00007FF7F2178502 
 8: 00007FF7F1EF4751 
 7: 00007FF7F217F77A 
 6: 00007FF7F2153533 
 7: 00007FF7F217F77A 
 6: 00007FF7F2153533 
 8: 00007FF7F1EF4751 
 6: 00007FF7F2153533 
<--- JS stacktrace --->
 6: 00007FF7F2153533 
<--- JS stacktrace --->
 6: 00007FF7F2153533 
 7: 00007FF7F2135667 
 6: 00007FF7F233049C 
 7: 00007FF7F21A15EB 
FATAL ERROR: MarkCompactCollector: young object promotion failed Allocation failed - JavaScript heap out of memory
 7: 00007FF7F2135667 
 6: 00007FF7F20CA943 
 6: 00007FF7F2153533 
 5: 00007FF7F1E1C79B 
 6: 00007FF7F2153533 
 7: 00007FF7F232F06C 
 6: 00007FF7F2153533 
 5: 00007FF7F1E1C79B 
<--- JS stacktrace --->
 7: 00007FF7F233E918 
----- Native stack trace -----
<--- JS stacktrace --->
 7: 00007FF7F217F77A 
 7: 00007FF7F217F77A 
 6: 00007FF7F2332123 
 5: 00007FF7F1E1C79B 
 6: 00007FF7F2332123 
 6: 00007FF7F2153533 
 6: 00007FF7F2153533 
 7: 00007FF7F217F77A 
<--- JS stacktrace --->
 6: 00007FF7F2153533 
 7: 00007FF7F21A15EB 
<--- JS stacktrace --->

11: 00007FF7F2B5F758 
 6: 00007FF7F2153533 
 7: 00007FF7F217F77A 
 6: 00007FF7F2153533 
 6: 00007FF7F2153533 
<--- JS stacktrace --->
 6: 00007FF7F2153533 
<--- JS stacktrace --->
 5: 00007FF7F219AA20 
FATAL ERROR: MarkCompactCollector: young object promotion failed Allocation failed - JavaScript heap out of memory
 6: 00007FF7F2153533 
 6: 00007FF7F2153533 
 6: 00007FF7F2153533 
 7: 00007FF7F217F77A 
<--- JS stacktrace --->
 6: 00007FF7F216E5EF 
 6: 00007FF7F2153533 
 6: 00007FF7F2153533 
 5: 00007FF7F219AA20 
 7: 00007FF7F217F77A 
 6: 00007FF7F2153533 
<--- JS stacktrace --->
FATAL ERROR: MarkCompactCollector: young object promotion failed Allocation failed - JavaScript heap out of memory
 5: 00007FF7F219AA20 
<--- JS stacktrace --->
 7: 00007FF7F21A15EB 
 7: 00007FF7F217F77A 
 6: 00007FF7F2153533 
 7: 00007FF7F21A15EB 
11: 00007FF7F2AE80B1 
 7: 00007FF7F217F77A 
 7: 00007FF7F233E918 
----- Native stack trace -----
<--- JS stacktrace --->
<--- JS stacktrace --->
<--- JS stacktrace --->
 7: 00007FF7F217F77A 
 6: 00007FF7F2153533 
 7: 00007FF7F21A15EB 
----- Native stack trace -----
 7: 00007FF7F217F77A 
 6: 00007FF7F2153533 
 5: 00007FF7F219AA20 
 7: 00007FF7F217F77A 
<--- JS stacktrace --->
 7: 00007FF7F217F77A 
<--- JS stacktrace --->
FATAL ERROR: MarkCompactCollector: young object promotion failed Allocation failed - JavaScript heap out of memory
<--- JS stacktrace --->
 6: 00007FF7F2153533 
11: 00007FF7F2E8B1E7 
 7: 00007FF7F217F77A 
 5: 00007FF7F1E1C79B 
 7: 00007FF7F217F77A 
 7: 00007FF7F21A15EB 
 5: 00007FF7F1E1C79B 
 5: 00007FF7F1E1C79B 
 7: 00007FF7F21A15EB 
 5: 00007FF7F219AA20 
 7: 00007FF7F217F77A 
 7: 00007FF7F217F77A 
 6: 00007FF7F2153533 
 7: 00007FF7F21A15EB 
#
<--- JS stacktrace --->
<--- JS stacktrace --->
 6: 00007FF7F2332123 
11: 00007FF7F2B151EE 
 7: 00007FF7F21A15EB 
 6: 00007FF7F20CA943 
 5: 00007FF7F219AA20 
 5: 00007FF7F1E1C79B 
----- Native stack trace -----
 5: 00007FF7F1E1C79B 
 5: 00007FF7F1E1C79B 
11: 00007FF7F2AE064A v8::internal::compiler::CompilationDependencies::~CompilationDependencies+766154
 5: 00007FF7F219AA20 
 6: 00007FF7F1EBA45F 
 5: 00007FF7F219AA20 
11: 00007FF7F2F6564A 
 5: 00007FF7F1E1C79B v8::SnapshotCreator::GetIsolate+52395
 5: 00007FF7F219AA20 v8::internal::StrongRootAllocatorBase::StrongRootAllocatorBase+31456
 5: 00007FF7F1E1C79B v8::SnapshotCreator::GetIsolate+52395
 5: 00007FF7F219AA20 
11: 00007FF7F2B27E7B v8::internal::compiler::CompilationDependencies::TransitionDependencyOffTheRecord+149723
 6: 00007FF7F2153533 
 5: 00007FF7F219AA20 v8::internal::StrongRootAllocatorBase::StrongRootAllocatorBase+31456
 5: 00007FF7F1E1C79B 
 6: 00007FF7F1C4CD5B 
 5: 00007FF7F1E1C79B v8::SnapshotCreator::GetIsolate+52395
 5: 00007FF7F1E1C79B v8::SnapshotCreator::GetIsolate+52395
 5: 00007FF7F219AA20 v8::internal::StrongRootAllocatorBase::StrongRootAllocatorBase+31456
 5: 00007FF7F1E1C79B v8::SnapshotCreator::GetIsolate+52395
 5: 00007FF7F219AA20 v8::internal::StrongRootAllocatorBase::StrongRootAllocatorBase+31456
11: 00007FF7F2AE80B1 v8::internal::compiler::CompilationDependencies::~CompilationDependencies+797489
 6: 00007FF7F2153533 
 5: 00007FF7F1E1C79B v8::SnapshotCreator::GetIsolate+52395
 6: 00007FF7F2153533 
 5: 00007FF7F1E1C79B v8::SnapshotCreator::GetIsolate+52395
 6: 00007FF7F1B9BCC8 
 5: 00007FF7F219AA20 v8::internal::StrongRootAllocatorBase::StrongRootAllocatorBase+31456
 6: 00007FF7F20CA943 
11: 00007FF7F2AE80B1 v8::internal::compiler::CompilationDependencies::~CompilationDependencies+797489
 6: 00007FF7F2153533 
 6: 00007FF7F2153533 
 6: 00007FF7F2153533 
 8: 00007FF7F1F14666 
 7: 00007FF7F232F06C 
12: 00007FF7F2EB280E 
 6: 00007FF7F2153533 
 7: 00007FF7F1F1D0D9 
 6: 00007FF7F2153533 
 8: 00007FF7F1EF4751 
 7: 00007FF7F232F06C 
 8: 00007FF7F22CBC8E 
 6: 00007FF7F2153533 
 7: 00007FF7F1F13D2A 
12: 00007FF7F2B151EE 
 7: 00007FF7F1F1EF5A 
 8: 00007FF7F1F0CD97 
 6: 00007FF7F1F014A3 
 6: 00007FF7F1F520DA v8::MemorySpan<std::basic_string_view<char,std::char_traits<char> > const >::end+54330
 7: 00007FF7F21A3B6F 
 6: 00007FF7F2153533 
 7: 00007FF7F232F06C 
12: 00007FF7F2E07152 
 8: 00007FF7F1EF4751 
 7: 00007FF7F21A3B6F 
 6: 00007FF7F2153533 
 8: 00007FF7F1EF4751 
 8: 00007FF7F1EF4751 
#
 6: 00007FF7F216E5EF 
 6: 00007FF7F2153533 
 8: 00007FF7F1EF4751 
 8: 00007FF7F22CBC8E 
 6: 00007FF7F2153533 
 6: 00007FF7F2153533 
----- Native stack trace -----
 6: 00007FF7F2153533 
 6: 00007FF7F2153533 
 7: 00007FF7F1F07978 
 6: 00007FF7F216E5EF 
 6: 00007FF7F2153533 
 8: 00007FF7F1F0B3D9 
 8: 00007FF7F1F0CD97 
 6: 00007FF7F1F520DA 
 8: 00007FF7F1F0B3D9 
 6: 00007FF7F2153533 

 8: 00007FF7F1EB6B37 
 7: 00007FF7F21A3B6F 
 8: 00007FF7F232ED3A 
 8: 00007FF7F1F0CD97 
 8: 00007FF7F2176B2E 
 8: 00007FF7F2176B2E 
----- Native stack trace -----
 8: 00007FF7F21A3BDB 
 8: 00007FF7F2176B2E 

 6: 00007FF7F2153533 
 8: 00007FF7F2176B2E 
 8: 00007FF7F21354FF 
----- Native stack trace -----
 7: 00007FF7F1F01329 
 8: 00007FF7F21A3BDB 
 8: 00007FF7F21A3BDB 
----- Native stack trace -----
12: 00007FF7F2EB280E 
 7: 00007FF7F21A3B6F 
 6: 00007FF7F2153533 
 7: 00007FF7F21A3B6F 
 7: 00007FF7F21A3B6F 
 6: 00007FF7F2153533 
 6: 00007FF7F2332123 
 6: 00007FF7F2153533 
 6: 00007FF7F1B9BCC8 
 6: 00007FF7F2153533 
 6: 00007FF7F2153533 
 6: 00007FF7F2153533 
 6: 00007FF7F2153533 
 6: 00007FF7F1F1C633 
 6: 00007FF7F2153533 v8::FixedArray::Length+130291
 6: 00007FF7F233002E 
 6: 00007FF7F2153533 
 6: 00007FF7F2153533 
 6: 00007FF7F2153533 
 6: 00007FF7F2153533 
 6: 00007FF7F1F1C44B v8::base::Thread::StartSynchronously+173755
 6: 00007FF7F2153533 
 6: 00007FF7F216E5EF v8::CpuProfileNode::GetScriptResourceNameStr+51295
 6: 00007FF7F2153533 v8::FixedArray::Length+130291
 6: 00007FF7F2153533 
 6: 00007FF7F2153533 v8::FixedArray::Length+130291
 6: 00007FF7F2153533 v8::FixedArray::Length+130291
 6: 00007FF7F2153533 v8::FixedArray::Length+130291
 6: 00007FF7F2153533 
 6: 00007FF7F2153533 v8::FixedArray::Length+130291
 6: 00007FF7F2153533 v8::FixedArray::Length+130291
 6: 00007FF7F2153533 v8::FixedArray::Length+130291
 6: 00007FF7F2153533 
 6: 00007FF7F2153533 v8::FixedArray::Length+130291
 6: 00007FF7F1B9BCC8 
 6: 00007FF7F1F1BF86 v8::base::Thread::StartSynchronously+172534
 6: 00007FF7F2153533 v8::FixedArray::Length+130291
 6: 00007FF7F2153533 v8::FixedArray::Length+130291
 6: 00007FF7F2153533 v8::FixedArray::Length+130291
 6: 00007FF7F2153533 v8::FixedArray::Length+130291
 6: 00007FF7F216E5EF v8::CpuProfileNode::GetScriptResourceNameStr+51295
 6: 00007FF7F2153533 v8::FixedArray::Length+130291
 6: 00007FF7F2153533 v8::FixedArray::Length+130291
 6: 00007FF7F2153533 v8::FixedArray::Length+130291
 6: 00007FF7F1B9BCC8 CrashForExceptionInNonABICompliantCodeRange+373272
 6: 00007FF7F2153533 v8::FixedArray::Length+130291
 6: 00007FF7F216E5EF v8::CpuProfileNode::GetScriptResourceNameStr+51295
 6: 00007FF7F1F1C633 v8::base::Thread::StartSynchronously+174243
 6: 00007FF7F2153533 v8::FixedArray::Length+130291
 6: 00007FF7F2153533 
 6: 00007FF7F2178502 
 6: 00007FF7F1BBBFF6 
 6: 00007FF7F2178502 
 6: 00007FF7F2178502 
 6: 00007FF7F1B9BCC8 
 6: 00007FF7F1F1C44B 
 6: 00007FF7F1F1A0EB 
 6: 00007FF7F1F1C44B 
 6: 00007FF7F2178502 
 6: 00007FF7F1B9BCC8 
 6: 00007FF7F2178502 
 6: 00007FF7F216E5EF 
 6: 00007FF7F1BBBFF6 
 6: 00007FF7F1F1A0EB 
 6: 00007FF7F1EFE442 
 6: 00007FF7F2178502 
 6: 00007FF7F2332123 
 6: 00007FF7F2153533 
 6: 00007FF7F2153533 
 6: 00007FF7F1B9BCC8 
 6: 00007FF7F1B9BCC8 
 6: 00007FF7F1F1A0EB 
 6: 00007FF7F1BBBFF6 
 6: 00007FF7F20CA943 
 6: 00007FF7F1B9BCC8 
 7: 00007FF7F21A3B6F 
 8: 00007FF7F21354FF 
 8: 00007FF7F1F0B3D9 
 7: 00007FF7F217F77A 

#
 8: 00007FF7F1EF4751 
 8: 00007FF7F232ED3A 
 6: 00007FF7F1B9BCC8 
 7: 00007FF7F1F0860D 
 8: 00007FF7F21A3BDB 
#
 7: 00007FF7F1F01329 
----- Native stack trace -----
 7: 00007FF7F1F01329 
 6: 00007FF7F20DA59A 
 7: 00007FF7F21A3B6F 
 7: 00007FF7F21A3B6F 
 8: 00007FF7F2176B2E 
 7: 00007FF7F21A3B6F 
 8: 00007FF7F21A3BDB 
 7: 00007FF7F21A3B6F 
 7: 00007FF7F21A3B6F 
 7: 00007FF7F21A3B6F 
 7: 00007FF7F21A3B6F 
 8: 00007FF7F20CAC3D 
 8: 00007FF7F2176B2E 
 7: 00007FF7F21A3B6F 
 7: 00007FF7F217F77A 
 8: 00007FF7F2176B2E 
 7: 00007FF7F21A3B6F 
 6: 00007FF7F1BBBFF6 
 8: 00007FF7F21A3BDB 
 7: 00007FF7F21A3B6F 
 8: 00007FF7F21354FF 
 8: 00007FF7F1EF4751 
 7: 00007FF7F1F31E2D 
 8: 00007FF7F2176B2E 
 8: 00007FF7F21A3BDB 
 6: 00007FF7F20CA943 
 6: 00007FF7F20CA943 

 7: 00007FF7F1EC88A0 
 8: 00007FF7F2176B2E 

 8: 00007FF7F1F0B3D9 
----- Native stack trace -----
<--- JS stacktrace --->

 7: 00007FF7F233E918 
 6: 00007FF7F2178502 
 7: 00007FF7F21A3B6F 
 7: 00007FF7F21A15EB 
 9: 00007FF7F1F00DF0 
 8: 00007FF7F2176B2E 
 7: 00007FF7F21A3B6F 
 8: 00007FF7F2176B2E 
 7: 00007FF7F21A3B6F 
 9: 00007FF7F1F00DF0 
 7: 00007FF7F21A3B6F 

 7: 00007FF7F21A3B6F 

 7: 00007FF7F21A3B6F 
 8: 00007FF7F21354FF 
 7: 00007FF7F2330C1A 
 8: 00007FF7F21A3BDB 
----- Native stack trace -----
 8: 00007FF7F21354FF 
 7: 00007FF7F20CA811 
 7: 00007FF7F21A3B6F 
 6: 00007FF7F2332123 
 7: 00007FF7F21A3B6F 
 8: 00007FF7F1F2BEF5 
 7: 00007FF7F21A3B6F 
 6: 00007FF7F1F010F6 

 8: 00007FF7F1EF4751 


FATAL ERROR: MarkCompactCollector: young object promotion failed Allocation failed - JavaScript heap out of memory
 8: 00007FF7F2176B2E 
 7: 00007FF7F232F06C 
 6: 00007FF7F1F014A3 
 7: 00007FF7F232F06C 
 7: 00007FF7F21A3B6F 
 7: 00007FF7F21A3B6F 
 8: 00007FF7F2176B2E 

 7: 00007FF7F21A3B6F 
 8: 00007FF7F21A3BDB 


12: 00007FF7F2B5D5A5 
 7: 00007FF7F21A3B6F 
 8: 00007FF7F2176B2E 
 7: 00007FF7F21A3B6F 
 7: 00007FF7F21A3B6F 

 7: 00007FF7F21A3B6F 

 6: 00007FF7F2153533 

 7: 00007FF7F21A3B6F 
 7: 00007FF7F21A3B6F 
 7: 00007FF7F21A3B6F 
 8: 00007FF7F2176B2E 

 7: 00007FF7F217F77A 
 7: 00007FF7F21A3B6F 
 7: 00007FF7F21A3B6F 
 6: 00007FF7F2178502 
 8: 00007FF7F2176B2E 
 7: 00007FF7F21A3B6F 

----- Native stack trace -----
 6: 00007FF7F2178502 

 8: 00007FF7F21A3BDB 
 8: 00007FF7F2176B2E 
 7: 00007FF7F21A3B6F 
 8: 00007FF7F21A3BDB 
12: 00007FF7F2B151EE 
 8: 00007FF7F2176B2E 
 8: 00007FF7F1EF4751 




 8: 00007FF7F2176B2E 
 7: 00007FF7F21A3B6F 
 8: 00007FF7F21A3BDB 

 8: 00007FF7F2176B2E 
 7: 00007FF7F21A3B6F 
 6: 00007FF7F2178502 
 8: 00007FF7F2176B2E 

 8: 00007FF7F2176B2E 

----- Native stack trace -----

 7: 00007FF7F21A3B6F 
12: 00007FF7F2EB280E 
 8: 00007FF7F2176B2E 
 6: 00007FF7F233049C 
 8: 00007FF7F2176B2E 
 8: 00007FF7F21A3BDB 
 6: 00007FF7F20CA943 
 6: 00007FF7F20CA943 
 8: 00007FF7F21A3BDB 
 6: 00007FF7F2178502 
 8: 00007FF7F2176B2E 
 8: 00007FF7F2176B2E 
 7: 00007FF7F21A3B6F 
 8: 00007FF7F21A3BDB 
#


 7: 00007FF7F232F06C 
12: 00007FF7F2B1599E 
 8: 00007FF7F21A3BDB 
 7: 00007FF7F20CA811 
 6: 00007FF7F2178502 
 6: 00007FF7F1B9BCC8 

 6: 00007FF7F233049C 
 6: 00007FF7F1BBBFF6 
12: 00007FF7F22C8314 v8::SharedValueConveyor::SharedValueConveyor+30596
 6: 00007FF7F216E5EF 
 7: 00007FF7F1EB8AF5 
 6: 00007FF7F2178502 
12: 00007FF7F2F657E6 
 6: 00007FF7F20CD702 v8::Context::GetIsolate+407138
 6: 00007FF7F2178502 v8::CpuProfileNode::GetScriptResourceNameStr+92018
 6: 00007FF7F20CD702 v8::Context::GetIsolate+407138
 6: 00007FF7F2178502 
12: 00007FF7F2E07152 v8::internal::compiler::CompilationDependencies::TransitionDependencyOffTheRecord+3161010
 7: 00007FF7F21A3B6F 
 6: 00007FF7F216E5EF v8::CpuProfileNode::GetScriptResourceNameStr+51295
 6: 00007FF7F1F1A0EB 
 7: 00007FF7F1E9DC1C 
 6: 00007FF7F1F014A3 v8::base::Thread::StartSynchronously+63251
 6: 00007FF7F1F1A0EB v8::base::Thread::StartSynchronously+164699
 6: 00007FF7F2178502 v8::CpuProfileNode::GetScriptResourceNameStr+92018
 6: 00007FF7F1F1A0EB v8::base::Thread::StartSynchronously+164699
 6: 00007FF7F2178502 v8::CpuProfileNode::GetScriptResourceNameStr+92018
12: 00007FF7F2B151EE v8::internal::compiler::CompilationDependencies::TransitionDependencyOffTheRecord+72782
 7: 00007FF7F21A3B6F 
 6: 00007FF7F1B9BCC8 CrashForExceptionInNonABICompliantCodeRange+373272
 7: 00007FF7F21A3B6F 
 6: 00007FF7F1BBBFF6 v8::internal::Version::IsCandidate+77062
 7: 00007FF7F20CA3DF 
 6: 00007FF7F216E5EF v8::CpuProfileNode::GetScriptResourceNameStr+51295
 7: 00007FF7F20CA811 
12: 00007FF7F2B151EE v8::internal::compiler::CompilationDependencies::TransitionDependencyOffTheRecord+72782
 7: 00007FF7F21A3B6F 
 7: 00007FF7F21A3B6F 
 7: 00007FF7F21A3B6F 
 9: 00007FF7F1F131F4 
 8: 00007FF7F1F0CD97 
13: 00007FF7F2EA7C99 
 7: 00007FF7F21A3B6F 
 8: 00007FF7F1F2D692 
 7: 00007FF7F21A3B6F 
 9: 00007FF7F1F292DB 
 8: 00007FF7F232ED3A 
 9: 00007FF7F23485E9 
 7: 00007FF7F21A3B6F 
 8: 00007FF7F1F14666 
13: 00007FF7F2B1599E 
 8: 00007FF7F1F1F417 
 9: 00007FF7F1F0CCD8 
 7: 00007FF7F1F1D0D9 
 7: 00007FF7F1F51B3A v8::MemorySpan<std::basic_string_view<char,std::char_traits<char> > const >::end+52890
 8: 00007FF7F21943B2 
 7: 00007FF7F21A3B6F 
 8: 00007FF7F232ED3A 
13: 00007FF7F2AEC664 
 9: 00007FF7F1F00DF0 
 8: 00007FF7F21943B2 
 7: 00007FF7F21A3B6F 
 9: 00007FF7F1F00DF0 
 9: 00007FF7F1F329E9 
#FailureMessage Object: 000000F8F39FBCE0
 7: 00007FF7F217F77A 
 7: 00007FF7F21A3B6F 
 9: 00007FF7F1F2D7C6 
 9: 00007FF7F23485E9 
 7: 00007FF7F21A3B6F 
 7: 00007FF7F21A3B6F 

 7: 00007FF7F21A3B6F 
 7: 00007FF7F21A3B6F 
 8: 00007FF7F1F01E6D 
 7: 00007FF7F217F77A 
 7: 00007FF7F21A3B6F 
 9: 00007FF7F1F02B73 
 9: 00007FF7F1F0CCD8 
 7: 00007FF7F1F51B3A 
 9: 00007FF7F1F02B73 
 7: 00007FF7F21A3B6F 

 9: 00007FF7F1EB54DA 
 8: 00007FF7F21943B2 
 9: 00007FF7F1F0111D 
 9: 00007FF7F1F0CCD8 
 9: 00007FF7F217CE69 
 9: 00007FF7F217CE69 

 9: 00007FF7F21943B2 
 9: 00007FF7F217CE69 
FATAL ERROR: MarkCompactCollector: young object promotion failed Allocation failed - JavaScript heap out of memory
 7: 00007FF7F21A3B6F 
 9: 00007FF7F217CE69 
 9: 00007FF7F2135A13 

 8: 00007FF7F1F0B3D9 
 9: 00007FF7F21943B2 
 9: 00007FF7F21943B2 

13: 00007FF7F2EA7C99 
 8: 00007FF7F21943B2 
 7: 00007FF7F21A3B6F 
 8: 00007FF7F21943B2 
 8: 00007FF7F21943B2 
 7: 00007FF7F21A3B6F 
 7: 00007FF7F232F06C 
 7: 00007FF7F21A3B6F 
 7: 00007FF7F20CA3DF 
 7: 00007FF7F21A3B6F 
 7: 00007FF7F21A3B6F 
 7: 00007FF7F21A3B6F 
 7: 00007FF7F21A3B6F 
 7: 00007FF7F1F2E9E8 
 7: 00007FF7F21A3B6F v8::internal::StrongRootAllocatorBase::StrongRootAllocatorBase+68655
 7: 00007FF7F1F353B8 
 7: 00007FF7F21A3B6F 
 7: 00007FF7F21A3B6F 
 7: 00007FF7F21A3B6F 
 7: 00007FF7F21A3B6F 
 7: 00007FF7F1F2F570 v8::base::Thread::StartSynchronously+251872
 7: 00007FF7F21A3B6F 
 7: 00007FF7F217F77A v8::CpuProfileNode::GetScriptResourceNameStr+121322
 7: 00007FF7F21A3B6F v8::internal::StrongRootAllocatorBase::StrongRootAllocatorBase+68655
 7: 00007FF7F21A3B6F 
 7: 00007FF7F21A3B6F v8::internal::StrongRootAllocatorBase::StrongRootAllocatorBase+68655
 7: 00007FF7F21A3B6F v8::internal::StrongRootAllocatorBase::StrongRootAllocatorBase+68655
 7: 00007FF7F21A3B6F v8::internal::StrongRootAllocatorBase::StrongRootAllocatorBase+68655
 7: 00007FF7F21A3B6F 
 7: 00007FF7F21A3B6F v8::internal::StrongRootAllocatorBase::StrongRootAllocatorBase+68655
 7: 00007FF7F21A3B6F v8::internal::StrongRootAllocatorBase::StrongRootAllocatorBase+68655
 7: 00007FF7F21A3B6F v8::internal::StrongRootAllocatorBase::StrongRootAllocatorBase+68655
 7: 00007FF7F21A3B6F 
 7: 00007FF7F21A3B6F v8::internal::StrongRootAllocatorBase::StrongRootAllocatorBase+68655
 7: 00007FF7F20CA3DF 
 7: 00007FF7F1F28CD6 v8::base::Thread::StartSynchronously+225094
 7: 00007FF7F21A3B6F v8::internal::StrongRootAllocatorBase::StrongRootAllocatorBase+68655
 7: 00007FF7F21A3B6F v8::internal::StrongRootAllocatorBase::StrongRootAllocatorBase+68655
 7: 00007FF7F21A3B6F v8::internal::StrongRootAllocatorBase::StrongRootAllocatorBase+68655
 7: 00007FF7F21A3B6F v8::internal::StrongRootAllocatorBase::StrongRootAllocatorBase+68655
 7: 00007FF7F217F77A v8::CpuProfileNode::GetScriptResourceNameStr+121322
 7: 00007FF7F21A3B6F v8::internal::StrongRootAllocatorBase::StrongRootAllocatorBase+68655
 7: 00007FF7F21A3B6F v8::internal::StrongRootAllocatorBase::StrongRootAllocatorBase+68655
 7: 00007FF7F21A3B6F v8::internal::StrongRootAllocatorBase::StrongRootAllocatorBase+68655
 7: 00007FF7F20CA3DF v8::Context::GetIsolate+394047
 7: 00007FF7F21A3B6F v8::internal::StrongRootAllocatorBase::StrongRootAllocatorBase+68655
 7: 00007FF7F217F77A v8::CpuProfileNode::GetScriptResourceNameStr+121322
 7: 00007FF7F1F2D7D5 v8::base::Thread::StartSynchronously+244293
 7: 00007FF7F21A3B6F v8::internal::StrongRootAllocatorBase::StrongRootAllocatorBase+68655
 7: 00007FF7F21A3B6F 
 7: 00007FF7F21A15EB 
 7: 00007FF7F20E8383 
 7: 00007FF7F21A15EB 
 7: 00007FF7F21A15EB 
 7: 00007FF7F20CA3DF 
 7: 00007FF7F1F2F570 
 7: 00007FF7F1F2E007 
 7: 00007FF7F1F2F570 
 7: 00007FF7F21A15EB 
 7: 00007FF7F20DE03C 
 7: 00007FF7F21A15EB 
 7: 00007FF7F217F77A 
 7: 00007FF7F20E8383 
 7: 00007FF7F1F2E007 
 7: 00007FF7F1F13D2A 
 7: 00007FF7F21A15EB 
 7: 00007FF7F232F06C 
 7: 00007FF7F21A3B6F 
 7: 00007FF7F21A3B6F 
 7: 00007FF7F20CA3DF 
 7: 00007FF7F20CA3DF 
 7: 00007FF7F1F2E007 
 7: 00007FF7F20E8383 
 7: 00007FF7F20CA811 
 7: 00007FF7F20CA3DF 
 8: 00007FF7F21943B2 
 9: 00007FF7F2135A13 
 9: 00007FF7F1F02B73 
 8: 00007FF7F2176B2E 
FATAL ERROR: MarkCompactCollector: young object promotion failed Allocation failed - JavaScript heap out of memory
#FailureMessage Object: 0000005EC35F8220
 9: 00007FF7F1F2EB8D 
 9: 00007FF7F1F0111D 
 7: 00007FF7F20CA3DF 
 8: 00007FF7F1F084E9 
 9: 00007FF7F21943B2 
#FailureMessage Object: 000000F2175FF5E0
 8: 00007FF7F1F0B3D9 

 8: 00007FF7F1F0B3D9 
 7: 00007FF7F20DA514 
 8: 00007FF7F21943B2 
 8: 00007FF7F21943B2 
 9: 00007FF7F217CE69 
 8: 00007FF7F21943B2 
 9: 00007FF7F21943B2 
 8: 00007FF7F21943B2 
 8: 00007FF7F21943B2 
 8: 00007FF7F21943B2 
 8: 00007FF7F21943B2 
 9: 00007FF7F20F85D3 
 8: 00007FF7F21943B2 
 9: 00007FF7F217CE69 
 8: 00007FF7F2176B2E 
 9: 00007FF7F217CE69 
 8: 00007FF7F21943B2 
 7: 00007FF7F20E8383 
 9: 00007FF7F21943B2 
 8: 00007FF7F21943B2 
 9: 00007FF7F2137F3E 
 9: 00007FF7F1F2D7C6 
 8: 00007FF7F1F2DD3A 
 9: 00007FF7F217CE69 
 9: 00007FF7F21943B2 
 7: 00007FF7F20CA811 
 7: 00007FF7F20CA811 
FATAL ERROR: MarkCompactCollector: young object promotion failed Allocation failed - JavaScript heap out of memory
 8: 00007FF7F1EB8C5A 
 9: 00007FF7F217CE69 
FATAL ERROR: MarkCompactCollector: young object promotion failed Allocation failed - JavaScript heap out of memory
 9: 00007FF7F1F02B73 

FATAL ERROR: MarkCompactCollector: young object promotion failed Allocation failed - JavaScript heap out of memory
 8: 00007FF7F1EF4751 
FATAL ERROR: MarkCompactCollector: young object promotion failed Allocation failed - JavaScript heap out of memory
 7: 00007FF7F21A15EB 
 8: 00007FF7F21943B2 
 8: 00007FF7F21A3BDB 
10: 00007FF7F1F0B26F 
 9: 00007FF7F217CE69 
 8: 00007FF7F21943B2 
 9: 00007FF7F217CE69 
 8: 00007FF7F21943B2 
10: 00007FF7F1F0B26F 
 8: 00007FF7F21943B2 
FATAL ERROR: MarkCompactCollector: young object promotion failed Allocation failed - JavaScript heap out of memory
 8: 00007FF7F21943B2 
FATAL ERROR: MarkCompactCollector: young object promotion failed Allocation failed - JavaScript heap out of memory
 8: 00007FF7F21943B2 
 9: 00007FF7F2135A13 
 8: 00007FF7F2331310 
 9: 00007FF7F21943B2 

 9: 00007FF7F2135A13 
 8: 00007FF7F20CAC5F 
 8: 00007FF7F21943B2 
 7: 00007FF7F232F06C 
 8: 00007FF7F21943B2 
 9: 00007FF7F1F2D999 
 8: 00007FF7F21943B2 
 7: 00007FF7F1F102FF 
FATAL ERROR: MarkCompactCollector: young object promotion failed Allocation failed - JavaScript heap out of memory
 9: 00007FF7F1F2D7C6 
FATAL ERROR: MarkCompactCollector: young object promotion failed Allocation failed - JavaScript heap out of memory
 8: 00007FF7F2176B2E 
 9: 00007FF7F217CE69 
 9: 00007FF7F217CE69 
 8: 00007FF7F1F0A0C3 
 7: 00007FF7F1F01329 
 8: 00007FF7F232ED3A 
 8: 00007FF7F21943B2 
 8: 00007FF7F21943B2 
 9: 00007FF7F217CE69 
FATAL ERROR: MarkCompactCollector: young object promotion failed Allocation failed - JavaScript heap out of memory
 8: 00007FF7F21943B2 
 9: 00007FF7F21943B2 
<--- JS stacktrace --->
FATAL ERROR: MarkCompactCollector: young object promotion failed Allocation failed - JavaScript heap out of memory
13: 00007FF7F2B5B72F 
 8: 00007FF7F21943B2 
 9: 00007FF7F217CE69 
 8: 00007FF7F21943B2 
 8: 00007FF7F21943B2 
FATAL ERROR: MarkCompactCollector: young object promotion failed Allocation failed - JavaScript heap out of memory
FATAL ERROR: MarkCompactCollector: young object promotion failed Allocation failed - JavaScript heap out of memory
FATAL ERROR: MarkCompactCollector: young object promotion failed Allocation failed - JavaScript heap out of memory
 7: 00007FF7F21A3B6F 
<--- Last few GCs --->
 8: 00007FF7F21943B2 
 8: 00007FF7F21943B2 
 8: 00007FF7F21943B2 
 9: 00007FF7F217CE69 
FATAL ERROR: MarkCompactCollector: young object promotion failed Allocation failed - JavaScript heap out of memory
 8: 00007FF7F2176B2E 
 8: 00007FF7F21943B2 
 8: 00007FF7F21943B2 
 7: 00007FF7F21A15EB 
 9: 00007FF7F217CE69 
 8: 00007FF7F21943B2 
FATAL ERROR: MarkCompactCollector: young object promotion failed Allocation failed - JavaScript heap out of memory

 7: 00007FF7F21A15EB 
FATAL ERROR: MarkCompactCollector: young object promotion failed Allocation failed - JavaScript heap out of memory
 9: 00007FF7F21943B2 
 9: 00007FF7F217CE69 
 8: 00007FF7F21943B2 
 9: 00007FF7F21943B2 
13: 00007FF7F2B1599E 
 9: 00007FF7F217CE69 
 9: 00007FF7F1F329E9 
FATAL ERROR: MarkCompactCollector: young object promotion failed Allocation failed - JavaScript heap out of memory
FATAL ERROR: MarkCompactCollector: young object promotion failed Allocation failed - JavaScript heap out of memory
FATAL ERROR: MarkCompactCollector: young object promotion failed Allocation failed - JavaScript heap out of memory
FATAL ERROR: MarkCompactCollector: young object promotion failed Allocation failed - JavaScript heap out of memory
 9: 00007FF7F217CE69 
 8: 00007FF7F21943B2 
 9: 00007FF7F21943B2 
 1: 00007FF7F187711D node::SetCppgcReference+17725
 9: 00007FF7F217CE69 
 8: 00007FF7F21943B2 
 7: 00007FF7F21A15EB 
 9: 00007FF7F217CE69 
 8: 00007FF7F21943B2 
 9: 00007FF7F217CE69 
FATAL ERROR: MarkCompactCollector: young object promotion failed Allocation failed - JavaScript heap out of memory

FATAL ERROR: MarkCompactCollector: young object promotion failed Allocation failed - JavaScript heap out of memory
 8: 00007FF7F21943B2 
13: 00007FF7F2EA7C99 
 9: 00007FF7F217CE69 
 7: 00007FF7F2330C1A 
 9: 00007FF7F217CE69 
 9: 00007FF7F21943B2 
 7: 00007FF7F20CA811 
 7: 00007FF7F20CA811 
 9: 00007FF7F21943B2 
 7: 00007FF7F21A15EB 
 9: 00007FF7F217CE69 
 9: 00007FF7F217CE69 
 8: 00007FF7F21943B2 
 9: 00007FF7F21943B2 
#FailureMessage Object: 000000D1DA1FEF60
FATAL ERROR: MarkCompactCollector: young object promotion failed Allocation failed - JavaScript heap out of memory
FATAL ERROR: MarkCompactCollector: young object promotion failed Allocation failed - JavaScript heap out of memory
 8: 00007FF7F232ED3A 
13: 00007FF7F2B15692 
 9: 00007FF7F21943B2 
 8: 00007FF7F20CAC5F 
 7: 00007FF7F21A15EB 
 7: 00007FF7F20CA3DF 
FATAL ERROR: MarkCompactCollector: young object promotion failed Allocation failed - JavaScript heap out of memory
 7: 00007FF7F233076E 
 7: 00007FF7F20E834F 
13: 00007FF7F2281C22 v8::Proxy::GetHandler+41490
 7: 00007FF7F217F77A 
 8: 00007FF7F1EB4A53 
 7: 00007FF7F21A15EB 
13: 00007FF7F2F56191 
 7: 00007FF7F20D6ACE v8::Context::GetIsolate+444974
 7: 00007FF7F21A15EB v8::internal::StrongRootAllocatorBase::StrongRootAllocatorBase+59051
 7: 00007FF7F20D6ACE v8::Context::GetIsolate+444974
 7: 00007FF7F21A15EB 
13: 00007FF7F2AEC664 v8::internal::compiler::CompilationDependencies::~CompilationDependencies+815332
 8: 00007FF7F21943B2 
 7: 00007FF7F217F77A v8::CpuProfileNode::GetScriptResourceNameStr+121322
 7: 00007FF7F1F2E007 
 8: 00007FF7F1EA853E 
 7: 00007FF7F1F01329 v8::base::Thread::StartSynchronously+62873
 7: 00007FF7F1F2E007 v8::base::Thread::StartSynchronously+246391
 7: 00007FF7F21A15EB v8::internal::StrongRootAllocatorBase::StrongRootAllocatorBase+59051
 7: 00007FF7F1F2E007 v8::base::Thread::StartSynchronously+246391
 7: 00007FF7F21A15EB v8::internal::StrongRootAllocatorBase::StrongRootAllocatorBase+59051
13: 00007FF7F2B1599E v8::internal::compiler::CompilationDependencies::TransitionDependencyOffTheRecord+74750
 8: 00007FF7F21943B2 
 7: 00007FF7F20CA3DF v8::Context::GetIsolate+394047
 8: 00007FF7F21943B2 
 7: 00007FF7F20E8383 v8::Context::GetIsolate+516835
 8: 00007FF7F20CAF2E 
 7: 00007FF7F217F77A v8::CpuProfileNode::GetScriptResourceNameStr+121322
 8: 00007FF7F20CAC5F 
13: 00007FF7F2B1599E v8::internal::compiler::CompilationDependencies::TransitionDependencyOffTheRecord+74750
 8: 00007FF7F21943B2 
 8: 00007FF7F21943B2 
 8: 00007FF7F21943B2 
10: 00007FF7F22C6650 
 9: 00007FF7F1F0CCD8 
14: 00007FF7F2E7DAFA 
 8: 00007FF7F21943B2 
 9: 00007FF7F1F2AF99 
 8: 00007FF7F21943B2 
10: 00007FF7F1F29431 
 9: 00007FF7F1F1BFAD 
10: 00007FF7F2348324 
 8: 00007FF7F21943B2 
 9: 00007FF7F1F131F4 
14: 00007FF7F2B15692 
 9: 00007FF7F1F1F254 
10: 00007FF7F1F07040 
 8: 00007FF7F1F2D692 
 8: 00007FF7F1F50B6C v8::MemorySpan<std::basic_string_view<char,std::char_traits<char> > const >::end+48844
 9: 00007FF7F218FDB5 
 8: 00007FF7F21943B2 
 9: 00007FF7F1F1BFAD 
14: 00007FF7F2AE6E6C 
10: 00007FF7F1F0B26F 
 9: 00007FF7F218FDB5 
 8: 00007FF7F21943B2 
10: 00007FF7F1F0B26F 
10: 00007FF7F1F331B4 
----- Native stack trace -----
 8: 00007FF7F2176B2E 
 8: 00007FF7F21943B2 
10: 00007FF7F1F2AF99 
10: 00007FF7F2348324 
 8: 00007FF7F21943B2 
 8: 00007FF7F21943B2 
 1: 00007FF7F187711D 
 8: 00007FF7F21943B2 
 8: 00007FF7F21943B2 
 9: 00007FF7F1F0217A 
 8: 00007FF7F2176B2E 
 8: 00007FF7F21943B2 
10: 00007FF7F1F09A45 
10: 00007FF7F1F07040 
 8: 00007FF7F1F50B6C 
10: 00007FF7F1F09A45 
 8: 00007FF7F21943B2 
<--- Last few GCs --->
10: 00007FF7F1EB49D9 
 9: 00007FF7F218FDB5 
10: 00007FF7F1F085B7 
10: 00007FF7F1F07040 
10: 00007FF7F2181304 
10: 00007FF7F2181304 
----- Native stack trace -----
10: 00007FF7F218FDB5 
10: 00007FF7F2181304 
----- Native stack trace -----
 8: 00007FF7F21943B2 
10: 00007FF7F2181304 
10: 00007FF7F213EF80 
----- Native stack trace -----
 9: 00007FF7F1F09975 
10: 00007FF7F218FDB5 
10: 00007FF7F218FDB5 
----- Native stack trace -----
14: 00007FF7F2E7DAFA 
 9: 00007FF7F218FDB5 
 8: 00007FF7F21943B2 
 9: 00007FF7F218FDB5 
 9: 00007FF7F218FDB5 
 8: 00007FF7F21943B2 
 8: 00007FF7F232ED3A 
 8: 00007FF7F21943B2 
 8: 00007FF7F20CAC3D 
 8: 00007FF7F21943B2 
 8: 00007FF7F21943B2 
 8: 00007FF7F21943B2 
 8: 00007FF7F21943B2 
 8: 00007FF7F1F2C30A 
 8: 00007FF7F21943B2 v8::internal::StrongRootAllocatorBase::StrongRootAllocatorBase+5234
 8: 00007FF7F1F28D63 
 8: 00007FF7F21943B2 
 8: 00007FF7F21943B2 
 8: 00007FF7F21943B2 
 8: 00007FF7F21943B2 
 8: 00007FF7F1F2FF5D v8::base::Thread::StartSynchronously+254413
 8: 00007FF7F21943B2 
 8: 00007FF7F2176B2E v8::CpuProfileNode::GetScriptResourceNameStr+85406
 8: 00007FF7F21943B2 v8::internal::StrongRootAllocatorBase::StrongRootAllocatorBase+5234
 8: 00007FF7F21943B2 
 8: 00007FF7F21943B2 v8::internal::StrongRootAllocatorBase::StrongRootAllocatorBase+5234
 8: 00007FF7F21943B2 v8::internal::StrongRootAllocatorBase::StrongRootAllocatorBase+5234
 8: 00007FF7F21943B2 v8::internal::StrongRootAllocatorBase::StrongRootAllocatorBase+5234
 8: 00007FF7F21943B2 
 8: 00007FF7F21943B2 v8::internal::StrongRootAllocatorBase::StrongRootAllocatorBase+5234
 8: 00007FF7F21943B2 v8::internal::StrongRootAllocatorBase::StrongRootAllocatorBase+5234
 8: 00007FF7F21943B2 v8::internal::StrongRootAllocatorBase::StrongRootAllocatorBase+5234
 8: 00007FF7F21943B2 
 8: 00007FF7F21943B2 v8::internal::StrongRootAllocatorBase::StrongRootAllocatorBase+5234
 8: 00007FF7F20CAC3D 
 8: 00007FF7F1F2259C v8::base::Thread::StartSynchronously+198668
 8: 00007FF7F21943B2 v8::internal::StrongRootAllocatorBase::StrongRootAllocatorBase+5234
 8: 00007FF7F21943B2 v8::internal::StrongRootAllocatorBase::StrongRootAllocatorBase+5234
 8: 00007FF7F21943B2 v8::internal::StrongRootAllocatorBase::StrongRootAllocatorBase+5234
 8: 00007FF7F21943B2 v8::internal::StrongRootAllocatorBase::StrongRootAllocatorBase+5234
 8: 00007FF7F2176B2E v8::CpuProfileNode::GetScriptResourceNameStr+85406
 8: 00007FF7F21943B2 v8::internal::StrongRootAllocatorBase::StrongRootAllocatorBase+5234
 8: 00007FF7F21943B2 v8::internal::StrongRootAllocatorBase::StrongRootAllocatorBase+5234
 8: 00007FF7F21943B2 v8::internal::StrongRootAllocatorBase::StrongRootAllocatorBase+5234
 8: 00007FF7F20CAF2E v8::Context::GetIsolate+396942
 8: 00007FF7F21943B2 v8::internal::StrongRootAllocatorBase::StrongRootAllocatorBase+5234
 8: 00007FF7F2176B2E v8::CpuProfileNode::GetScriptResourceNameStr+85406
 8: 00007FF7F1F2AF99 v8::base::Thread::StartSynchronously+233993
 8: 00007FF7F21943B2 v8::internal::StrongRootAllocatorBase::StrongRootAllocatorBase+5234
 8: 00007FF7F21943B2 
 8: 00007FF7F21A3BDB 
 8: 00007FF7F20E8827 
 8: 00007FF7F21A3BDB 
 8: 00007FF7F21A3BDB 
 8: 00007FF7F20CAC3D 
 8: 00007FF7F1F2FF5D 
 8: 00007FF7F1F1320C 
 8: 00007FF7F1F2FF5D 
 8: 00007FF7F21A3BDB 
 8: 00007FF7F20E02C6 
 8: 00007FF7F21A3BDB 
 8: 00007FF7F20E8827 
 8: 00007FF7F2176B2E 
 8: 00007FF7F1F1320C 
 8: 00007FF7F1F14666 
 8: 00007FF7F21A3BDB 
 8: 00007FF7F1F0A0C3 
 8: 00007FF7F21943B2 

thread 'tokio-runtime-worker' (26988) panicked at C:\Users\runneradmin\.cargo\registry\src\index.crates.io-1949cf8c6b5b557f\tokio-1.43.0\src\io\blocking.rs:124:46:
OS can't spawn worker thread: Insufficient system resources exist to complete the requested service. (os error 1450)
note: run with `RUST_BACKTRACE=1` environment variable to display a backtrace
 8: 00007FF7F21943B2 
 8: 00007FF7F20CAC3D 
 8: 00007FF7F20CAF2E 
 8: 00007FF7F1F1320C 
 8: 00007FF7F20E8827 
 8: 00007FF7F20CAC5F 
 8: 00007FF7F20CAC3D 
 9: 00007FF7F218FDB5 
10: 00007FF7F213EF80 
10: 00007FF7F1F09A45 
 9: 00007FF7F217CE69 
----- Native stack trace -----
----- Native stack trace -----
10: 00007FF7F1F196DA 
10: 00007FF7F1F085B7 
 9: 00007FF7F218FDB5 
10: 00007FF7F218FDB5 
14: 00007FF7F2AE6E6C v8::internal::compiler::CompilationDependencies::~CompilationDependencies+792812
 8: 00007FF7F2176B2E v8::CpuProfileNode::GetScriptResourceNameStr+85406
 9: 00007FF7F1F2AF99 
 9: 00007FF7F218FDB5 
 9: 00007FF7F1F09975 
 8: 00007FF7F20E0536 
 9: 00007FF7F218FDB5 
 9: 00007FF7F218FDB5 
10: 00007FF7F2181304 
 9: 00007FF7F218FDB5 
10: 00007FF7F218FDB5 
 9: 00007FF7F218FDB5 
 9: 00007FF7F218FDB5 
 9: 00007FF7F218FDB5 
 9: 00007FF7F218FDB5 
10: 00007FF7F20D1D70 
 9: 00007FF7F218FDB5 
10: 00007FF7F2181304 
 9: 00007FF7F217CE69 
10: 00007FF7F2181304 
 9: 00007FF7F218FDB5 
 8: 00007FF7F20E8827 
10: 00007FF7F218FDB5 
 9: 00007FF7F218FDB5 
10: 00007FF7F2134B65 
10: 00007FF7F1F2AF99 
 9: 00007FF7F1F2AF99 
10: 00007FF7F2181304 
10: 00007FF7F218FDB5 
 8: 00007FF7F20CAC5F 
 8: 00007FF7F20CAC5F 
----- Native stack trace -----
 9: 00007FF7F1EB9F75 
10: 00007FF7F2181304 
----- Native stack trace -----
10: 00007FF7F1F09A45 
----- Native stack trace -----
----- Native stack trace -----
 9: 00007FF7F1F2D7C6 
----- Native stack trace -----
 8: 00007FF7F21A3BDB 
 9: 00007FF7F218FDB5 
 9: 00007FF7F21943B2 
11: 00007FF7F1F09975 
10: 00007FF7F2181304 
 9: 00007FF7F218FDB5 
10: 00007FF7F2181304 
 9: 00007FF7F218FDB5 
11: 00007FF7F1F09975 
 9: 00007FF7F218FDB5 
----- Native stack trace -----
 9: 00007FF7F218FDB5 
----- Native stack trace -----
 9: 00007FF7F218FDB5 
10: 00007FF7F213EF80 
 9: 00007FF7F1F0094D 
10: 00007FF7F218FDB5 
----- Native stack trace -----
10: 00007FF7F213EF80 
 9: 00007FF7F20F85D3 
 9: 00007FF7F218FDB5 
 8: 00007FF7F232ED3A 
 9: 00007FF7F218FDB5 
10: 00007FF7F1F2AF99 
 9: 00007FF7F218FDB5 
 8: 00007FF7F1F0B22C 
----- Native stack trace -----
10: 00007FF7F1F2AF99 
----- Native stack trace -----
----- Native stack trace -----
10: 00007FF7F2181304 
10: 00007FF7F2181304 
 9: 00007FF7F1F0B578 
 8: 00007FF7F1F0B3D9 
 9: 00007FF7F1F1BFAD 
 9: 00007FF7F218FDB5 
 9: 00007FF7F218FDB5 
10: 00007FF7F2181304 
----- Native stack trace -----
 9: 00007FF7F218FDB5 
10: 00007FF7F218FDB5 
----- Native stack trace -----

14: 00007FF7F2AE8A58 
 9: 00007FF7F218FDB5 
10: 00007FF7F2181304 
 9: 00007FF7F218FDB5 
 8: 00007FF7F20CAC3D 
----- Native stack trace -----
 9: 00007FF7F218FDB5 
----- Native stack trace -----
 8: 00007FF7F21943B2 

 9: 00007FF7F218FDB5 
 9: 00007FF7F218FDB5 
 9: 00007FF7F218FDB5 
10: 00007FF7F2181304 
----- Native stack trace -----
 9: 00007FF7F217CE69 
 9: 00007FF7F218FDB5 
 9: 00007FF7F218FDB5 
 8: 00007FF7F21A3BDB 
10: 00007FF7F2181304 
 9: 00007FF7F218FDB5 
----- Native stack trace -----
----- Native stack trace -----
 8: 00007FF7F21A3BDB 
----- Native stack trace -----
10: 00007FF7F218FDB5 
10: 00007FF7F2181304 
 9: 00007FF7F218FDB5 
14: 00007FF7F2B15692 
10: 00007FF7F2181304 
 9: 00007FF7F1F0B538 
10: 00007FF7F1F331B4 
----- Native stack trace -----
----- Native stack trace -----
----- Native stack trace -----
----- Native stack trace -----
10: 00007FF7F2181304 
 9: 00007FF7F218FDB5 
10: 00007FF7F218FDB5 
 2: 00007FF7F17DA138 SSL_get_quiet_shutdown+92344
10: 00007FF7F2181304 
 9: 00007FF7F218FDB5 
 8: 00007FF7F21A3BDB 
10: 00007FF7F2181304 
----- Native stack trace -----
10: 00007FF7F2181304 
----- Native stack trace -----
----- Native stack trace -----
----- Native stack trace -----
 9: 00007FF7F218FDB5 
14: 00007FF7F2E7DAFA 
10: 00007FF7F2181304 
 8: 00007FF7F2331310 
10: 00007FF7F2181304 
10: 00007FF7F218FDB5 
 8: 00007FF7F20CAC5F 
 8: 00007FF7F20CAC5F 
10: 00007FF7F218FDB5 
 8: 00007FF7F21A3BDB 
10: 00007FF7F2181304 
10: 00007FF7F2181304 
 9: 00007FF7F218FDB5 
10: 00007FF7F218FDB5 
----- Native stack trace -----
----- Native stack trace -----
----- Native stack trace -----
 9: 00007FF7F1F012D8 
14: 00007FF7F2AE9D0D 
10: 00007FF7F218FDB5 
 9: 00007FF7F20F6792 
 8: 00007FF7F21A3BDB 
 8: 00007FF7F20CAF2E 
----- Native stack trace -----
 8: 00007FF7F1F30124 
 8: 00007FF7F20E8827 
14: 00007FF7F25524F5 v8::PropertyDescriptor::writable+1997013
 8: 00007FF7F2176B2E 
 9: 00007FF7F1EB49D9 
 8: 00007FF7F21A3BDB 
14: 00007FF7F2F55E4B 
 8: 00007FF7F20E1756 v8::Context::GetIsolate+489142
 8: 00007FF7F21A3BDB v8::internal::StrongRootAllocatorBase::StrongRootAllocatorBase+68763
 8: 00007FF7F20E1756 v8::Context::GetIsolate+489142
 8: 00007FF7F21A3BDB 
10: 00007FF7F218FDB5 
 9: 00007FF7F218FDB5 
 8: 00007FF7F2176B2E v8::CpuProfileNode::GetScriptResourceNameStr+85406
 8: 00007FF7F1F1320C 
 9: 00007FF7F1EA08B9 
 8: 00007FF7F1F0B3D9 v8::base::Thread::StartSynchronously+104009
 8: 00007FF7F1F1320C v8::base::Thread::StartSynchronously+136316
 8: 00007FF7F21A3BDB v8::internal::StrongRootAllocatorBase::StrongRootAllocatorBase+68763
 8: 00007FF7F1F1320C v8::base::Thread::StartSynchronously+136316
 8: 00007FF7F21A3BDB v8::internal::StrongRootAllocatorBase::StrongRootAllocatorBase+68763
14: 00007FF7F2B15692 v8::internal::compiler::CompilationDependencies::TransitionDependencyOffTheRecord+73970
 9: 00007FF7F218FDB5 
 8: 00007FF7F20CAC3D v8::Context::GetIsolate+396189
 9: 00007FF7F218FDB5 
 9: 00007FF7F20DDFF8 
 8: 00007FF7F20E8827 v8::Context::GetIsolate+518023
----- Native stack trace -----
 9: 00007FF7F20F85D3 
14: 00007FF7F2B15692 v8::internal::compiler::CompilationDependencies::TransitionDependencyOffTheRecord+73970
 9: 00007FF7F218FDB5 
 9: 00007FF7F218FDB5 
 9: 00007FF7F218FDB5 
11: 00007FF7F22CBDB8 
10: 00007FF7F1F07040 
15: 00007FF7F2E7B6B3 
 9: 00007FF7F218FDB5 
10: 00007FF7F1F1F207 
 9: 00007FF7F218FDB5 
11: 00007FF7F1F283C8 
10: 00007FF7F1F2DA04 
11: 00007FF7F17E7D3D 
 9: 00007FF7F218FDB5 
10: 00007FF7F22C6650 
15: 00007FF7F2AE9D0D 
10: 00007FF7F1F1E16F 
11: 00007FF7F1F0CE44 
 9: 00007FF7F1F51FD4 v8::MemorySpan<std::basic_string_view<char,std::char_traits<char> > const >::end+54068
 9: 00007FF7F1F02B73 
10: 00007FF7F1B1309D 
 9: 00007FF7F218FDB5 
10: 00007FF7F1F2DA04 
15: 00007FF7F2AE064A 
11: 00007FF7F1F09975 
10: 00007FF7F1B1309D 
 9: 00007FF7F218FDB5 
11: 00007FF7F1F09975 
11: 00007FF7F1F283C8 

 9: 00007FF7F217CE69 
 9: 00007FF7F218FDB5 
11: 00007FF7F1F1F207 
11: 00007FF7F17E7D3D 
 9: 00007FF7F218FDB5 
 9: 00007FF7F218FDB5 
 2: 00007FF7F175181F 
 9: 00007FF7F218FDB5 
10: 00007FF7F1F02061 
----- Native stack trace -----
 9: 00007FF7F217CE69 
 9: 00007FF7F218FDB5 
11: 00007FF7F1F01FF3 
11: 00007FF7F1F0CE44 
 9: 00007FF7F1F51FD4 
11: 00007FF7F1F01FF3 
 9: 00007FF7F218FDB5 

11: 00007FF7F1EB49D9 
10: 00007FF7F1B1309D 
11: 00007FF7F1F084E9 
11: 00007FF7F1F0CE44 
11: 00007FF7F255215F 
11: 00007FF7F25524F5 

11: 00007FF7F1B1309D 
11: 00007FF7F25524F5 

 9: 00007FF7F218FDB5 
11: 00007FF7F25524F5 
11: 00007FF7F213E8B9 

10: 00007FF7F1F01FF3 
11: 00007FF7F1B1309D 
11: 00007FF7F1B1309D 

 9: 00007FF7F21943B2 
 9: 00007FF7F218FDB5 

11: 00007FF7F1F01FF3 

11: 00007FF7F255215F 
10: 00007FF7F1EB4924 
 9: 00007FF7F20F6792 

 9: 00007FF7F20F6792 
11: 00007FF7F1B1309D 
11: 00007FF7F255215F 
10: 00007FF7F1F1F207 
11: 00007FF7F1F1F207 
11: 00007FF7F2137B3F 
10: 00007FF7F1B1309D 
11: 00007FF7F255215F 
 9: 00007FF7F20ECCE0 
10: 00007FF7F1B1309D 
11: 00007FF7F25524F5 
10: 00007FF7F2181304 
11: 00007FF7F25524F5 
11: 00007FF7F20E0C77 
10: 00007FF7F1B1309D 
10: 00007FF7F1B1309D 
10: 00007FF7F1B1309D 
10: 00007FF7F1B1309D 
11: 00007FF7F1B1309D 
10: 00007FF7F1B1309D 
10: 00007FF7F1B1309D 
11: 00007FF7F25524F5 
10: 00007FF7F1B1309D 
FATAL ERROR: MarkCompactCollector: young object promotion failed Allocation failed - JavaScript heap out of memory
10: 00007FF7F1B1309D 
10: 00007FF7F1F01FF3 
10: 00007FF7F1B1309D 
10: 00007FF7F1F09A45 
10: 00007FF7F1B1309D 
11: 00007FF7F1B1309D 
10: 00007FF7F1F09975 
 9: 00007FF7F20F7463 
11: 00007FF7F1F084E9 

10: 00007FF7F2181304 

11: 00007FF7F213E8B9 
11: 00007FF7F1F01FF3 
10: 00007FF7F1B1309D 
 9: 00007FF7F20F7463 
 9: 00007FF7F20ECCE0 
 9: 00007FF7F20F85D3 
 9: 00007FF7F22C6650 
10: 00007FF7F1B1309D 
 9: 00007FF7F20E1D59 
 9: 00007FF7F20F7463 
 9: 00007FF7F218FDB5 
 9: 00007FF7F218FDB5 
 9: 00007FF7F1F0B578 
10: 00007FF7F1F2AF99 
 9: 00007FF7F1F131F4 
 9: 00007FF7F22C6650 
 9: 00007FF7F217CE69 
 9: 00007FF7F20ECCE0 
 9: 00007FF7F21943B2 
 9: 00007FF7F20DA067 
 9: 00007FF7F1F2961E 
10: 00007FF7F1B1309D 
 9: 00007FF7F22C6650 
 9: 00007FF7F20F7463 
 9: 00007FF7F1F2961E 
 9: 00007FF7F21943B2 
 9: 00007FF7F21943B2 
11: 00007FF7F1B1309D 
 9: 00007FF7F21943B2 
10: 00007FF7F218FDB5 
 9: 00007FF7F218FDB5 
 9: 00007FF7F218FDB5 v8::CpuProfileNode::GetScriptResourceNameStr+188453
 9: 00007FF7F217CE69 v8::CpuProfileNode::GetScriptResourceNameStr+110809
 9: 00007FF7F20E1D59 v8::Context::GetIsolate+490681
 9: 00007FF7F218FDB5 v8::CpuProfileNode::GetScriptResourceNameStr+188453
 9: 00007FF7F218FDB5 v8::CpuProfileNode::GetScriptResourceNameStr+188453
 9: 00007FF7F1F1F207 v8::base::Thread::StartSynchronously+185463
 9: 00007FF7F218FDB5 v8::CpuProfileNode::GetScriptResourceNameStr+188453
 9: 00007FF7F218FDB5 v8::CpuProfileNode::GetScriptResourceNameStr+188453
 9: 00007FF7F217CE69 v8::CpuProfileNode::GetScriptResourceNameStr+110809
 9: 00007FF7F218FDB5 v8::CpuProfileNode::GetScriptResourceNameStr+188453
 9: 00007FF7F218FDB5 v8::CpuProfileNode::GetScriptResourceNameStr+188453
 9: 00007FF7F218FDB5 v8::CpuProfileNode::GetScriptResourceNameStr+188453
 9: 00007FF7F218FDB5 v8::CpuProfileNode::GetScriptResourceNameStr+188453
 9: 00007FF7F1F21C2B v8::base::Thread::StartSynchronously+196251
 9: 00007FF7F218FDB5 v8::CpuProfileNode::GetScriptResourceNameStr+188453
 9: 00007FF7F20F85D3 
 9: 00007FF7F218FDB5 
 9: 00007FF7F218FDB5 v8::CpuProfileNode::GetScriptResourceNameStr+188453
 9: 00007FF7F218FDB5 v8::CpuProfileNode::GetScriptResourceNameStr+188453
 9: 00007FF7F218FDB5 v8::CpuProfileNode::GetScriptResourceNameStr+188453
 9: 00007FF7F218FDB5 
 9: 00007FF7F218FDB5 v8::CpuProfileNode::GetScriptResourceNameStr+188453
 9: 00007FF7F218FDB5 v8::CpuProfileNode::GetScriptResourceNameStr+188453
 9: 00007FF7F218FDB5 v8::CpuProfileNode::GetScriptResourceNameStr+188453
 9: 00007FF7F218FDB5 
 9: 00007FF7F218FDB5 v8::CpuProfileNode::GetScriptResourceNameStr+188453
 9: 00007FF7F218FDB5 
 9: 00007FF7F217CE69 v8::CpuProfileNode::GetScriptResourceNameStr+110809
 9: 00007FF7F1F2961E v8::base::Thread::StartSynchronously+227470
 9: 00007FF7F218FDB5 
 9: 00007FF7F218FDB5 
 9: 00007FF7F218FDB5 
 9: 00007FF7F1F28A6C 
 9: 00007FF7F218FDB5 
 9: 00007FF7F218FDB5 v8::CpuProfileNode::GetScriptResourceNameStr+188453
 9: 00007FF7F218FDB5 
 9: 00007FF7F1F2BF71 
 9: 00007FF7F218FDB5 
 9: 00007FF7F218FDB5 
 9: 00007FF7F20F85D3 

 9: 00007FF7F218FDB5 
 9: 00007FF7F1F1D088 
 9: 00007FF7F218FDB5 
10: 00007FF7F1B1309D 
10: 00007FF7F1B1309D 
10: 00007FF7F1B1309D 
 9: 00007FF7F21943B2 
15: 00007FF7F2E7B6B3 

 9: 00007FF7F218FDB5 
12: 00007FF7F1F01FF3 
10: 00007FF7F1B1309D 
10: 00007FF7F1B1309D 
11: 00007FF7F25524F5 
10: 00007FF7F1B1309D 
12: 00007FF7F1F01FF3 
10: 00007FF7F1B1309D 

10: 00007FF7F1B1309D 

10: 00007FF7F1B1309D 
11: 00007FF7F213E8B9 
10: 00007FF7F1F103E4 
11: 00007FF7F1B1309D 

11: 00007FF7F213E8B9 
10: 00007FF7F20D1D70 
10: 00007FF7F1B1309D 
 9: 00007FF7F1F0111D 
10: 00007FF7F1B1309D 
11: 00007FF7F1F1F207 
10: 00007FF7F1B1309D 
 9: 00007FF7F1F09975 

11: 00007FF7F1F1F207 


11: 00007FF7F1B1309D 
11: 00007FF7F25524F5 
10: 00007FF7F1F09975 
 9: 00007FF7F1F09975 
10: 00007FF7F1F3568F 
10: 00007FF7F1B1309D 
10: 00007FF7F1B1309D 
11: 00007FF7F25524F5 

10: 00007FF7F1B1309D 
11: 00007FF7F1B1309D 

 9: 00007FF7F20DA067 
15: 00007FF7F2ADFA24 

11: 00007FF7F25524F5 

10: 00007FF7F1B1309D 

10: 00007FF7F1B1309D 

 9: 00007FF7F218FDB5 
[73008:0000022E418D3000]      669 ms: Scavenge 6.4 (8.0) -> 6.3 (11.0) MB, pooled: 0 MB, 1.12 / 0.00 ms  (average mu = 1.000, current mu = 1.000) allocation failure; 
10: 00007FF7F1B1309D 
10: 00007FF7F1B1309D 
10: 00007FF7F1B1309D 
11: 00007FF7F25524F5 

10: 00007FF7F2181304 
10: 00007FF7F1B1309D 
10: 00007FF7F1B1309D 
 9: 00007FF7F21943B2 
11: 00007FF7F25524F5 
10: 00007FF7F1B1309D 


 9: 00007FF7F21943B2 

11: 00007FF7F1B1309D 
11: 00007FF7F25524F5 
 9: 00007FF7F21943B2 
11: 00007FF7F1B1309D 
15: 00007FF7F2AE9D0D 
11: 00007FF7F255215F 
11: 00007FF7F1F283C8 




11: 00007FF7F255215F 
10: 00007FF7F1B1309D 
 9: 00007FF7F20ECCE0 
 3: 00007FF7F2360C51 v8::Isolate::ReportExternalAllocationLimitReached+65
11: 00007FF7F25524F5 
10: 00007FF7F1B1309D 
 9: 00007FF7F21943B2 
11: 00007FF7F255215F 

11: 00007FF7F25524F5 



10: 00007FF7F1B1309D 
15: 00007FF7F2E7B6B3 
11: 00007FF7F25524F5 
 9: 00007FF7F1F0094D 
11: 00007FF7F255215F 
11: 00007FF7F1B1309D 
 9: 00007FF7F20F7463 
 9: 00007FF7F20F6792 
11: 00007FF7F1B1309D 
 9: 00007FF7F21943B2 
11: 00007FF7F25524F5 
11: 00007FF7F255215F 
10: 00007FF7F1B1309D 
11: 00007FF7F1B1309D 



10: 00007FF7F1F07978 
15: 00007FF7F2AE5ABB 
11: 00007FF7F1B1309D 
10: 00007FF7F20E10E1 
 9: 00007FF7F21943B2 
 9: 00007FF7F20E1D59 
10: 00007FF7F1B1309D 
 9: 00007FF7F1F20A6A 
 9: 00007FF7F20EDA9F 
15: 00007FF7F1754540 v8::CpuProfileNode::GetParent+784
 9: 00007FF7F217CE69 
10: 00007FF7F1EB49D9 
 9: 00007FF7F21943B2 
15: 00007FF7F2F5544E 
 9: 00007FF7F20E13CF v8::Context::GetIsolate+488239
 9: 00007FF7F21943B2 v8::internal::StrongRootAllocatorBase::StrongRootAllocatorBase+5234
 9: 00007FF7F20E13CF v8::Context::GetIsolate+488239
 9: 00007FF7F21943B2 
15: 00007FF7F2AE064A v8::internal::compiler::CompilationDependencies::~CompilationDependencies+766154
10: 00007FF7F1B1309D 
 9: 00007FF7F217CE69 v8::CpuProfileNode::GetScriptResourceNameStr+110809
 9: 00007FF7F22C6650 
10: 00007FF7F1EAC867 
 9: 00007FF7F1F09975 v8::base::Thread::StartSynchronously+97253
 9: 00007FF7F22C6650 v8::SharedValueConveyor::SharedValueConveyor+23232
11: 7FF8000000000000 
 9: 00007FF7F22C6650 v8::SharedValueConveyor::SharedValueConveyor+23232
 9: 00007FF7F21943B2 v8::internal::StrongRootAllocatorBase::StrongRootAllocatorBase+5234
15: 00007FF7F2AE9D0D v8::internal::compiler::CompilationDependencies::~CompilationDependencies+804749
10: 00007FF7F1B1309D 
 9: 00007FF7F20F7463 v8::Context::GetIsolate+578499
10: 00007FF7F1B1309D 
 9: 00007FF7F20ECCE0 v8::Context::GetIsolate+535616
10: 00007FF7F20E0F97 
 9: 00007FF7F217CE69 v8::CpuProfileNode::GetScriptResourceNameStr+110809
10: 00007FF7F20D1D70 
12: 00007FF7F213CE78 
10: 00007FF7F1B1309D 
10: 00007FF7F1B1309D 
10: 00007FF7F1B1309D 
12: 00007FF7F23485E9 
11: 00007FF7F1F0CE44 
16: 00007FF7F2E7AC7E 
10: 00007FF7F1B1309D 
11: 00007FF7F1F24A2F 
10: 00007FF7F1B1309D 
12: 00007FF7F1F27675 
11: 00007FF7F1F2AF99 
12: 00007FF7F17E82A2 
10: 00007FF7F1B1309D 
11: 00007FF7F22CBDB8 
16: 00007FF7F2AE5ABB 
11: 00007FF7F1F2B539 
12: 00007FF7F1F0DC62 
10: 00007FF7F1F1F207 
10: 00007FF7F2124449 v8::Platform::SystemClockTimeMillis+170185
11: 7FF8000000000000 
10: 00007FF7F1B1309D 
11: 00007FF7F1F2AF99 
16: 00007FF7F22C8314 
12: 00007FF7F1F01FF3 
11: 7FF8000000000000 
10: 00007FF7F1B1309D 
12: 00007FF7F1F01FF3 
12: 00007FF7F1F1EE4B 
 1: 00007FF7F187711D 
10: 00007FF7F2181304 
10: 00007FF7F1B1309D 
12: 00007FF7F1F2CE04 
12: 00007FF7F17E82A2 
10: 00007FF7F1B1309D 
10: 00007FF7F1B1309D 
 3: 00007FF7F29C99E5 
10: 00007FF7F1B1309D 
10: 00007FF7F1B1309D 
11: 00007FF7F1F0AAC4 
10: 00007FF7F2181304 
10: 00007FF7F1B1309D 
12: 00007FF7F1F051A2 
12: 00007FF7F1F0DC62 
10: 00007FF7F2124449 
12: 00007FF7F1F051A2 
10: 00007FF7F1B1309D 
[80744:0000024A15415000]     2651 ms: Scavenge 6.4 (8.0) -> 6.4 (11.0) MB, pooled: 0 MB, 1162.25 / 0.00 ms  (average mu = 1.000, current mu = 1.000) allocation failure; 
12: 00007FF7F1EB5B82 
11: 7FF8000000000000 
12: 00007FF7F1F0B538 
12: 00007FF7F1F0DC62 
12: 00007FF7F1754540 
12: 00007FF7F2551F56 
 1: 00007FF7F187711D 
12: 7FF8000000000000 
12: 00007FF7F1754540 
 1: 00007FF7F187711D 
10: 00007FF7F1B1309D 
12: 00007FF7F1754540 
12: 00007FF7F213ED80 
 1: 00007FF7F187711D 
11: 00007FF7F1F0AAC4 
12: 7FF8000000000000 
12: 7FF8000000000000 
 1: 00007FF7F187711D 
16: 00007FF7F2E7AC7E 
11: 7FF8000000000000 
11: 00007FF7F255215F 
11: 7FF8000000000000 
12: 00007FF7F2551F56 
10: 00007FF7F1B1309D 
10: 00007FF7F1F27F2B 
10: 00007FF7F1B1309D 
10: 00007FF7F20D1D70 
10: 00007FF7F1B1309D 
10: 00007FF7F1B1309D 
10: 00007FF7F1B1309D 
10: 00007FF7F1B1309D 
10: 00007FF7F1F2D999 
10: 00007FF7F1B1309D BIO_ssl_shutdown+189
10: 00007FF7F1F2D965 
13: 00007FF7F1F024BF 
10: 00007FF7F1B1309D 
10: 00007FF7F1B1309D 
10: 00007FF7F1B1309D 
10: 00007FF7F1F2FECB v8::base::Thread::StartSynchronously+254267
10: 00007FF7F1B1309D 
11: 7FF8000000000000 
10: 00007FF7F1B1309D BIO_ssl_shutdown+189
10: 00007FF7F1B1309D 
10: 00007FF7F1B1309D BIO_ssl_shutdown+189
10: 00007FF7F1B1309D BIO_ssl_shutdown+189
10: 00007FF7F1B1309D BIO_ssl_shutdown+189
10: 00007FF7F1B1309D 
10: 00007FF7F1B1309D BIO_ssl_shutdown+189
10: 00007FF7F1B1309D BIO_ssl_shutdown+189
10: 00007FF7F1B1309D BIO_ssl_shutdown+189
10: 00007FF7F1F0B6DA 
10: 00007FF7F1B1309D BIO_ssl_shutdown+189
10: 00007FF7F20D1D70 
10: 00007FF7F1F2194F v8::base::Thread::StartSynchronously+195519
10: 00007FF7F1B1309D BIO_ssl_shutdown+189
10: 00007FF7F1B1309D BIO_ssl_shutdown+189
10: 00007FF7F1B1309D BIO_ssl_shutdown+189
10: 00007FF7F1B1309D BIO_ssl_shutdown+189
10: 00007FF7F2181304 v8::CpuProfileNode::GetScriptResourceNameStr+128372
10: 00007FF7F1B1309D BIO_ssl_shutdown+189
10: 00007FF7F1B1309D BIO_ssl_shutdown+189
10: 00007FF7F1B1309D BIO_ssl_shutdown+189
10: 00007FF7F20E0BF3 v8::Context::GetIsolate+486227
10: 00007FF7F1B1309D BIO_ssl_shutdown+189
12: 00007FF7F2551F56 
10: 00007FF7F1F1E16F v8::base::Thread::StartSynchronously+181215
11: 00007FF7F1F01FF3 
10: 00007FF7F1F01FF3 
10: 00007FF7F218FDB5 
10: 00007FF7F20F7473 
10: 00007FF7F218FDB5 
10: 00007FF7F218FDB5 
10: 00007FF7F20D45F6 
10: 00007FF7F1F2FECB 
10: 00007FF7F22CBDB8 
10: 00007FF7F1F2FECB 
10: 00007FF7F218FDB5 
10: 00007FF7F20DCDF4 
10: 00007FF7F218FDB5 
10: 00007FF7F2181304 
10: 00007FF7F20F7473 
10: 00007FF7F22CBDB8 
10: 00007FF7F22C6650 
10: 00007FF7F218FDB5 
10: 00007FF7F1F09975 

10: 00007FF7F1B1309D 
10: 00007FF7F20D45F6 
10: 00007FF7F20E0BF3 
10: 00007FF7F22CBDB8 
10: 00007FF7F20F7473 
10: 00007FF7F20D1D70 
10: 00007FF7F20D45F6 
11: 7FF8000000000000 
12: 00007FF7F213ED80 
12: 00007FF7F1F051A2 
11: 00007FF7F255215F 

 1: 00007FF7F187711D 
12: 00007FF7F1F0B538 
10: 00007FF7F20D45F6 
11: 00007FF7F1F01FF3 
12: 7FF8000000000000 
 1: 00007FF7F187711D 
11: 00007FF7F1F01FF3 

11: 00007FF7F1F051A2 
10: 00007FF7F20E35C5 
11: 7FF8000000000000 
11: 7FF8000000000000 
12: 00007FF7F1754540 
 9: 00007FF7F21943B2 v8::internal::StrongRootAllocatorBase::StrongRootAllocatorBase+5234
12: 7FF8000000000000 
11: 7FF8000000000000 
11: 7FF8000000000000 
11: 7FF8000000000000 
11: 7FF8000000000000 
12: 00007FF7F20DA067 
11: 7FF8000000000000 
12: 00007FF7F1754540 
11: 00007FF7F255215F 
12: 00007FF7F1754540 
11: 7FF8000000000000 
10: 00007FF7F20F7473 
12: 7FF8000000000000 
11: 7FF8000000000000 
15: 00007FF7F2AE9D0D v8::internal::compiler::CompilationDependencies::~CompilationDependencies+804749
12: 00007FF7F1F1E16F 
11: 00007FF7F1F28038 
12: 00007FF7F2551F56 
12: 7FF8000000000000 
10: 00007FF7F20E10E1 
10: 00007FF7F20E10E1 
 1: 00007FF7F187711D 
12: 00007FF7F1F01A85 
12: 00007FF7F2551F56 
 1: 00007FF7F187711D 
12: 00007FF7F1F051A2 
 1: 00007FF7F187711D 
 1: 00007FF7F187711D 
11: 00007FF7F1F1F207 
 1: 00007FF7F187711D 
10: 00007FF7F218FDB5 
11: 7FF8000000000000 
11: 00007FF7F1B1309D 
13: 00007FF7F1F024BF 
11: 7FF8000000000000 
11: 7FF8000000000000 
12: 00007FF7F1754540 
11: 7FF8000000000000 
10: 00007FF7F1B1309D 
11: 7FF8000000000000 
 1: 00007FF7F187711D 
11: 7FF8000000000000 
 1: 00007FF7F187711D 
11: 00007FF7F1F2AF99 
12: 00007FF7F213ED80 
11: 00007FF7F1F0B22C 
12: 7FF8000000000000 
 1: 00007FF7F187711D 
12: 00007FF7F213ED80 
11: 00007FF7F20E0C77 
11: 7FF8000000000000 
10: 00007FF7F1B1309D 
11: 7FF8000000000000 
12: 00007FF7F1F2CE04 
11: 7FF8000000000000 
10: 00007FF7F1F01FF3 
 1: 00007FF7F187711D 
12: 00007FF7F1F2CE04 
 1: 00007FF7F187711D 
 1: 00007FF7F187711D 
10: 00007FF7F2181304 v8::CpuProfileNode::GetScriptResourceNameStr+128372
12: 00007FF7F1754540 
10: 00007FF7F1B1309D BIO_ssl_shutdown+189
10: 00007FF7F1B1309D 
11: 00007FF7F1F2D4ED 
11: 7FF8000000000000 
11: 7FF8000000000000 
12: 00007FF7F1754540 
 1: 00007FF7F187711D 
11: 7FF8000000000000 
12: 7FF8000000000000 
 1: 00007FF7F187711D 
----- Native stack trace -----
16: 00007FF7F2AE0625 
11: 7FF8000000000000 
12: 00007FF7F1754540 
11: 7FF8000000000000 
11: 7FF8000000000000 
 1: 00007FF7F187711D 
11: 7FF8000000000000 

10: 00007FF7F1B1309D 

11: 7FF8000000000000 
11: 7FF8000000000000 
11: 7FF8000000000000 
12: 00007FF7F1754540 
 1: 00007FF7F187711D 
11: 00007FF7F25524F5 
11: 7FF8000000000000 
11: 7FF8000000000000 
10: 00007FF7F218FDB5 
12: 00007FF7F1754540 
11: 7FF8000000000000 
 1: 00007FF7F187711D 
 1: 00007FF7F187711D 
10: 00007FF7F218FDB5 
 1: 00007FF7F187711D 
12: 7FF8000000000000 
12: 00007FF7F1754540 
11: 7FF8000000000000 
12: 7FF8000000000000 
16: 00007FF7F2AE5ABB 
12: 00007FF7F2551F56 
12: 00007FF7F1F1EE4B 
 1: 00007FF7F187711D 
 1: 00007FF7F187711D 
 1: 00007FF7F187711D 
 1: 00007FF7F187711D 
12: 00007FF7F2551F56 
11: 7FF8000000000000 
12: 7FF8000000000000 
 4: 00007FF7F234D8D6 v8::Function::Experimental_IsNopFunction+2870
12: 00007FF7F1754540 
11: 7FF8000000000000 
10: 00007FF7F218FDB5 
12: 00007FF7F2551F56 
 1: 00007FF7F187711D node::SetCppgcReference+17725
12: 00007FF7F1754540 
 1: 00007FF7F187711D 
 1: 00007FF7F187711D 
 1: 00007FF7F187711D 
11: 7FF8000000000000 
16: 00007FF7F2E7AC7E 
12: 00007FF7F1754540 
10: 00007FF7F1F103E4 
12: 00007FF7F2551F56 
12: 7FF8000000000000 
10: 00007FF7F20D45F6 
10: 00007FF7F20E10E1 
12: 7FF8000000000000 
10: 00007FF7F218FDB5 
12: 00007FF7F1754540 
12: 00007FF7F2551F56 
11: 7FF8000000000000 
12: 7FF8000000000000 
 1: 00007FF7F187711D 
 1: 00007FF7F187711D 
 1: 00007FF7F187711D 
11: 00007FF7F1F087E8 
16: 00007FF7F2AE064A 
12: 7FF8000000000000 
11: 00007FF7F20DA067 
10: 00007FF7F218FDB5 
10: 00007FF7F20E0BF3 
 1: 00007FF7F187711D 
10: 00007FF7F1F2FEAA 
10: 00007FF7F20F85E3 
16: 00007FF7F18D7463 uv_poll_stop+291
10: 00007FF7F2181304 
11: 00007FF7F1EB5B82 
10: 00007FF7F218FDB5 
16: 00007FF7F2F6EE0B 
10: 00007FF7F20DA067 v8::Context::GetIsolate+458695
10: 00007FF7F218FDB5 v8::CpuProfileNode::GetScriptResourceNameStr+188453
10: 00007FF7F20DA067 v8::Context::GetIsolate+458695
10: 00007FF7F218FDB5 
16: 00007FF7F22C8314 v8::SharedValueConveyor::SharedValueConveyor+30596
11: 7FF8000000000000 
10: 00007FF7F2181304 v8::CpuProfileNode::GetScriptResourceNameStr+128372
10: 00007FF7F22CBDB8 
11: 00007FF7F1E99899 
10: 00007FF7F1F01FF3 v8::base::Thread::StartSynchronously+66147
10: 00007FF7F22CBDB8 v8::SharedValueConveyor::SharedValueConveyor+45608
10: 00007FF7F218FDB5 v8::CpuProfileNode::GetScriptResourceNameStr+188453
10: 00007FF7F22CBDB8 v8::SharedValueConveyor::SharedValueConveyor+45608
10: 00007FF7F218FDB5 v8::CpuProfileNode::GetScriptResourceNameStr+188453
16: 00007FF7F2AE5ABB v8::internal::compiler::CompilationDependencies::~CompilationDependencies+787771
11: 7FF8000000000000 
10: 00007FF7F20D45F6 v8::Context::GetIsolate+435542
11: 7FF8000000000000 
10: 00007FF7F20F7473 v8::Context::GetIsolate+578515
11: 00007FF7F20DA067 
10: 00007FF7F2181304 v8::CpuProfileNode::GetScriptResourceNameStr+128372
11: 00007FF7F20E0C77 
16: 00007FF7F2AE5ABB v8::internal::compiler::CompilationDependencies::~CompilationDependencies+787771
11: 7FF8000000000000 
11: 7FF8000000000000 
11: 7FF8000000000000 
13: 00007FF7F2348324 
12: 00007FF7F1F0DC62 
17: 00007FF7F2EBFBEF 
11: 7FF8000000000000 
12: 00007FF7F1F24F0E 
11: 7FF8000000000000 
13: 00007FF7F1F28DD8 
12: 00007FF7F1F1F207 
13: 00007FF79234FA64 
11: 7FF8000000000000 
12: 00007FF7F23485E9 
17: 00007FF7F2AE064A 
12: 00007FF7F1F2D81A 
13: 00007FF7F1F07F5D 
11: 00007FF7F1F24A2F 
11: 00007FF7F211C2DE v8::Platform::SystemClockTimeMillis+137054
11: 7FF8000000000000 
12: 00007FF7F1F1F207 
17: 00007FF7F2281C22 
13: 00007FF7F1F024BF 
11: 7FF8000000000000 
13: 00007FF7F1F024BF 
13: 00007FF7F1F1F417 
 2: 00007FF7F175181F 
11: 00007FF7F255215F 
11: 7FF8000000000000 
13: 00007FF7F1F2C40D 
13: 00007FF79234FA64 
11: 7FF8000000000000 
11: 7FF8000000000000 
 4: 00007FF7F213D3BB 
11: 7FF8000000000000 
11: 7FF8000000000000 
12: 00007FF7F1F0A500 
11: 00007FF7F255215F 
11: 7FF8000000000000 
13: 00007FF7F1F08D57 
13: 00007FF7F1F07F5D 
11: 00007FF7F211C2DE 
13: 00007FF7F1F08D57 
11: 7FF8000000000000 

13: 00007FF7F1EB6B29 
13: 00007FF7F1F09975 
13: 00007FF7F1F07F5D 
13: 00007FF7F18D7463 
13: 00007FF7F2175B17 
 2: 00007FF7F17DA138 
13: 00007FF7F18D7463 
 2: 00007FF7F17DA138 
11: 7FF8000000000000 
13: 00007FF7F18D7463 
13: 00007FF7F255215F 
 2: 00007FF7F17DA138 
11: 00007FF7F1EB5B82 
 2: 00007FF7F17DA138 
17: 00007FF7F2EBFBEF 
11: 7FF8000000000000 
11: 7FF8000000000000 
11: 00007FF7F1F1EEAC 
11: 7FF8000000000000 
11: 00007FF7F20E0C77 
11: 7FF8000000000000 
11: 7FF8000000000000 
11: 7FF8000000000000 
11: 7FF8000000000000 
11: 00007FF7F1F2AF99 
11: 7FF8000000000000 
10: 00007FF7F2181304 v8::CpuProfileNode::GetScriptResourceNameStr+128372
11: 7FF8000000000000 
11: 7FF8000000000000 
11: 7FF8000000000000 
11: 7FF8000000000000 
11: 00007FF7F1F283C8 v8::base::Thread::StartSynchronously+222776
11: 7FF8000000000000 
11: 00007FF7F25524F5 v8::PropertyDescriptor::writable+1997013
11: 7FF8000000000000 
11: 7FF8000000000000 
11: 7FF8000000000000 
11: 7FF8000000000000 
11: 7FF8000000000000 
11: 7FF8000000000000 
11: 7FF8000000000000 
11: 7FF8000000000000 
11: 7FF8000000000000 
11: 7FF8000000000000 
11: 7FF8000000000000 
11: 00007FF7F20E0C77 
11: 00007FF7F1F21073 v8::base::Thread::StartSynchronously+193251
11: 7FF8000000000000 
11: 7FF8000000000000 
11: 7FF8000000000000 
11: 7FF8000000000000 
11: 00007FF7F255215F v8::PropertyDescriptor::writable+1996095
11: 7FF8000000000000 
11: 7FF8000000000000 
11: 7FF8000000000000 
11: 00007FF7F20DA067 v8::Context::GetIsolate+458695
11: 7FF8000000000000 
11: 00007FF7F255215F v8::PropertyDescriptor::writable+1996095
11: 00007FF7F1F2B539 v8::base::Thread::StartSynchronously+235433
11: 7FF8000000000000 
11: 7FF8000000000000 
11: 00007FF7F1B1309D 
11: 00007FF7F20D59E8 
11: 00007FF7F1B1309D 
11: 00007FF7F1B1309D 
11: 00007FF7F20D1B46 
11: 00007FF7F1F283C8 
11: 00007FF7F23485E9 
11: 00007FF7F1F283C8 
11: 00007FF7F1B1309D 
11: 00007FF7F20D862A 
11: 00007FF7F1B1309D 
11: 00007FF7F255215F 
11: 00007FF7F20D59E8 
11: 00007FF7F23485E9 
11: 00007FF7F22CBDB8 
11: 00007FF7F1B1309D 
11: 00007FF7F1F01FF3 
11: 7FF8000000000000 
11: 7FF8000000000000 
11: 00007FF7F20D1B46 
11: 00007FF7F20DA067 
11: 00007FF7F23485E9 
11: 00007FF7F20D59E8 
11: 00007FF7F20E0C77 
11: 00007FF7F20D1B46 
13: 00007FF7F25524F5 
13: 00007FF7F1F08D57 
12: 00007FF7F2551F56 
<--- Last few GCs --->
 2: 00007FF7F175181F 
13: 00007FF7F1F09975 
11: 00007FF7F20D1B46 
12: 00007FF7F1F0EEBC 
 2: 00007FF7F175181F 
12: 00007FF7F1F051A2 
<--- Last few GCs --->
12: 00007FF7F1F0571E 
11: 00007FF7F20DA657 
13: 00007FF7F18D7463 
13: 00007FF7F20DF7FD 
13: 00007FF7F18D7463 
12: 00007FF7F2551F56 
13: 00007FF7F18D7463 
11: 00007FF7F20D59E8 
13: 00007FF7F213D877 
13: 00007FF7F1F2AA5A 
12: 00007FF7F1F1EEAC 
13: 00007FF7F2175B17 
11: 00007FF7F20DA067 
11: 00007FF7F20DA067 
 2: 00007FF7F17DA138 
12: 00007FF7F1EB6B29 
13: 00007FF7F2175B17 
 2: 00007FF7F17DA138 
13: 00007FF7F1F08D57 
 2: 00007FF7F17DA138 
 1: 00007FF7F187711D 
12: 00007FF7F1F2CE04 
 2: 00007FF7F17DA138 
11: 00007FF7F1B1309D 
12: 7FF8000000000000 
14: 00007FF7F1F02061 
13: 00007FF7F2175B17 
13: 00007FF7F18D7463 
14: 00007FF7F1F02061 
 2: 00007FF7F17DA138 
 2: 00007FF7F17DA138 
13: 00007FF7F25524F5 
12: 00007FF7F1F09975 
 2: 00007FF7F17DA138 
13: 00007FF7F255215F 
12: 00007FF7F20DA067 
11: 00007FF7F1F09975 
13: 00007FF7F1F1E726 
11: 00007FF7F1F0AAC4 
 2: 00007FF7F17DA138 
13: 00007FF7F1F2C40D 
 2: 00007FF7F17DA138 
 2: 00007FF7F17DA138 
13: 00007FF7F2175B17 
13: 00007FF7F18D7463 
12: 00007FF7F1F015FF 
11: 00007FF7F1F015FF 
12: 00007FF7F1F2AF99 
13: 00007FF7F18D7463 
 2: 00007FF7F17DA138 
 2: 00007FF7F17DA138 

17: 00007FF7F22C8314 
13: 00007FF7F18D7463 
 2: 00007FF7F17DA138 
<--- Last few GCs --->
11: 7FF8000000000000 

13: 00007FF7F18D7463 
 2: 00007FF7F17DA138 
12: 00007FF7F1754540 
11: 00007FF7F1B1309D 
13: 00007FF7F18D7463 
 2: 00007FF7F17DA138 
 2: 00007FF7F17DA138 
11: 00007FF7F1B1309D 
 2: 00007FF7F17DA138 
13: 00007FF7F18D7463 
17: 00007FF7F2AE064A 
13: 00007FF7F2175B17 
13: 00007FF7F1F1F417 
 2: 00007FF7F17DA138 
 2: 00007FF7F17DA138 
 2: 00007FF7F17DA138 
 2: 00007FF7F17DA138 
13: 00007FF7F2175B17 
 5: 00007FF7F1E1C79B v8::SnapshotCreator::GetIsolate+52395
13: 00007FF7F18D7463 
11: 00007FF7F1B1309D 
13: 00007FF7F2175B17 
 2: 00007FF7F17DA138 SSL_get_quiet_shutdown+92344
13: 00007FF7F18D7463 
 2: 00007FF7F17DA138 
 2: 00007FF7F17DA138 
 2: 00007FF7F17DA138 
17: 00007FF7F2EBFBEF 
13: 00007FF7F18D7463 
11: 00007FF7F1F0B22C 
13: 00007FF7F2175B17 
11: 00007FF7F20D1B46 
11: 00007FF7F20DA067 
11: 00007FF7F1B1309D 
13: 00007FF7F18D7463 
13: 00007FF7F2175B17 
 2: 00007FF7F175181F 
 2: 00007FF7F17DA138 
 2: 00007FF7F17DA138 
12: 00007FF7F1F0A8E4 
17: 00007FF7F22C8314 
12: 00007FF7F20DA204 
11: 00007FF7F1B1309D 
11: 00007FF7F20DA067 
 2: 00007FF7F17DA138 
11: 00007FF7F1F2961E 
11: 00007FF7F20D1D70 
17: 00007FF7F30D4C2E inflateValidate+159742
11: 00007FF7F255215F 
12: 00007FF7F1EB6401 
11: 00007FF7F1B1309D 
17: 00007FF7F2AE6AD4 
11: 00007FF7F20DDEF9 v8::Context::GetIsolate+474713
11: 00007FF7F1B1309D BIO_ssl_shutdown+189
11: 00007FF7F20DDEF9 v8::Context::GetIsolate+474713
11: 00007FF7F1B1309D 
17: 00007FF7F2281C22 v8::Proxy::GetHandler+41490
11: 00007FF7F255215F v8::PropertyDescriptor::writable+1996095
11: 00007FF7F23485E9 
12: 00007FF7F1E99F8A 
11: 00007FF7F1F051A2 v8::base::Thread::StartSynchronously+78866
11: 00007FF7F23485E9 v8::ScriptCompiler::CompileFunctionInternal+697
11: 00007FF7F1B1309D BIO_ssl_shutdown+189
11: 00007FF7F23485E9 v8::ScriptCompiler::CompileFunctionInternal+697
11: 00007FF7F1B1309D BIO_ssl_shutdown+189
17: 00007FF7F2AE064A v8::internal::compiler::CompilationDependencies::~CompilationDependencies+766154
11: 00007FF7F20D1B46 v8::Context::GetIsolate+424614
11: 00007FF7F20D59E8 v8::Context::GetIsolate+440648
12: 00007FF7F20D2D3B 
11: 00007FF7F255215F v8::PropertyDescriptor::writable+1996095
12: 00007FF7F20DA067 
17: 00007FF7F2AE064A v8::internal::compiler::CompilationDependencies::~CompilationDependencies+766154
14: 00007FF7F17E7D3D 
13: 00007FF7F1F07F5D 
18: 00007FF7F2AE69AF 
13: 00007FF7F1F30F9A 
14: 00007FF7F1F19CB3 
13: 00007FF7F1F2CE04 
13: 00007FF7F2348324 
18: 00007FF7F22C8314 
13: 00007FF7F1F2AF99 
14: 00007FF7F1F01E15 
12: 00007FF7F1F24F0E 
12: 00007FF7F211EF35 v8::Platform::SystemClockTimeMillis+148405
13: 00007FF7F1F2CE04 
18: 00007FF7F25524F5 
14: 00007FF7F1F02061 
14: 00007FF7F1F02061 
14: 00007FF7F1F1F254 
 3: 00007FF7F29C99E5 
12: 00007FF7F2551F56 
14: 00007FF7F1F2BF71 
 5: 00007FF7F2138907 
13: 00007FF7F1F0A128 
12: 00007FF7F2551F56 
14: 00007FF7F1F0CDD6 
14: 00007FF7F1F01E15 
12: 00007FF7F211EF35 
14: 00007FF7F1F0CDD6 
FATAL ERROR: MarkCompactCollector: young object promotion failed Allocation failed - JavaScript heap out of memory
14: 00007FF7F1EB54DA 
14: 00007FF7F1F01FF3 
14: 00007FF7F1F01E15 
14: 00007FF7F30D4C2E 
14: 00007FF7F217727C 
 3: 00007FF7F2360C51 
14: 00007FF7F30D4C2E 
 3: 00007FF7F2360C51 
14: 00007FF7F30D4C2E 
14: 00007FF7F2551F56 
 3: 00007FF7F2360C51 
13: 00007FF7F1F0B568 
 3: 00007FF7F2360C51 
18: 00007FF7F2AE69AF 
12: 00007FF7F1F1F417 
12: 00007FF7F20DA067 
12: 00007FF7F1F1F207 
12: 00007FF7F1F1F207 
12: 00007FF7F1F1EE4B v8::base::Thread::StartSynchronously+184507
12: 00007FF7F1754540 v8::CpuProfileNode::GetParent+784
12: 00007FF7F20DA067 
12: 00007FF7F1F283C8 v8::base::Thread::StartSynchronously+222776
12: 00007FF7F2551F56 v8::PropertyDescriptor::writable+1995574
12: 00007FF7F20DA204 v8::Context::GetIsolate+459108
12: 00007FF7F2551F56 v8::PropertyDescriptor::writable+1995574
12: 00007FF7F1F2D81A v8::base::Thread::StartSynchronously+244362
12: 7FF8000000000000 
12: 00007FF7F20E12CC 
12: 7FF8000000000000 
12: 7FF8000000000000 
12: 00007FF7F20E0C77 
12: 00007FF7F1F1EE4B 
12: 00007FF7F2348324 
12: 00007FF7F1F1EE4B 
12: 7FF8000000000000 
12: 00007FF7F20D82F2 
12: 7FF8000000000000 
12: 00007FF7F2551F56 
12: 00007FF7F20E12CC 
12: 00007FF7F2348324 
12: 00007FF7F23485E9 
12: 7FF8000000000000 
12: 00007FF7F1F015FF 
12: 00007FF7F20E0C77 
12: 00007FF7F20DA204 
12: 00007FF7F2348324 
12: 00007FF7F20E12CC 
12: 00007FF7F20DA067 
12: 00007FF7F20E0C77 
14: 00007FF7F1754540 
14: 00007FF7F1F0CDD6 
13: 00007FF7F2175B17 

 3: 00007FF7F29C99E5 
14: 00007FF7F1F01FF3 
12: 00007FF7F20E0C77 
13: 00007FF7F1F0F12E 
 3: 00007FF7F29C99E5 
13: 00007FF7F1F08D57 

13: 00007FF7F1F0D8B3 
12: 00007FF7F20DA514 
14: 00007FF7F30D4C2E 
14: 00007FF7F20E0DCB 
14: 00007FF7F30D4C2E 
13: 00007FF7F2175B17 
14: 00007FF7F30D4C2E 
12: 00007FF7F20E12CC 
14: 00007FF7F213E911 
14: 00007FF7F1F2AFD7 
13: 00007FF7F1F1F417 
14: 00007FF7F217727C 
12: 00007FF7F20DA204 
12: 00007FF7F20DA204 
 3: 00007FF7F2360C51 
13: 00007FF7F1EB54DA 
14: 00007FF7F217727C 
 3: 00007FF7F2360C51 
14: 00007FF7F1F0CDD6 
 3: 00007FF7F2360C51 
 2: 00007FF7F17DA138 
13: 00007FF7F1F2C40D 
 3: 00007FF7F2360C51 
12: 7FF8000000000000 
15: 00007FF7F1F04A3A 
14: 00007FF7F217727C 
14: 00007FF7F30D4C2E 
15: 00007FF7F1F04A3A 
 3: 00007FF7F2360C51 
 3: 00007FF7F2360C51 
14: 00007FF7F1754540 
13: 00007FF7F1F01FF3 
 3: 00007FF7F2360C51 
14: 00007FF7F2551F56 
13: 00007FF7F20DF7FD 
12: 00007FF7F1F01FF3 
14: 00007FF7F1F2D98C 
12: 00007FF7F1F0A500 
 3: 00007FF7F2360C51 
14: 00007FF7F1F2BF71 
 3: 00007FF7F2360C51 
 3: 00007FF7F2360C51 
14: 00007FF7F217727C 
14: 00007FF7F30D4C2E 
13: 00007FF7F1F09529 
12: 00007FF7F1F09529 
13: 00007FF7F1F1F207 
14: 00007FF7F30D4C2E 
 3: 00007FF7F2360C51 
 3: 00007FF7F2360C51 
 1: 00007FF7F187711D 
18: 00007FF7F2281C22 
14: 00007FF7F30D4C2E 
 3: 00007FF7F2360C51 

<--- JS stacktrace --->
14: 00007FF7F30D4C2E 
 3: 00007FF7F2360C51 
13: 00007FF7F18D7463 
12: 7FF8000000000000 
14: 00007FF7F30D4C2E 
 3: 00007FF7F2360C51 
 3: 00007FF7F2360C51 
12: 7FF8000000000000 
 3: 00007FF7F2360C51 
14: 00007FF7F30D4C2E 
18: 00007FF7F22C8314 
14: 00007FF7F217727C 
14: 00007FF7F1F1F254 
 3: 00007FF7F2360C51 
 3: 00007FF7F2360C51 
 3: 00007FF7F2360C51 
 3: 00007FF7F2360C51 
14: 00007FF7F217727C 
 6: 00007FF7F20CF56B v8::Context::GetIsolate+414923
14: 00007FF7F30D4C2E 
12: 7FF8000000000000 
14: 00007FF7F217727C 
 3: 00007FF7F2360C51 v8::Isolate::ReportExternalAllocationLimitReached+65
14: 00007FF7F30D4C2E 
 3: 00007FF7F2360C51 
 3: 00007FF7F2360C51 
 3: 00007FF7F2360C51 
18: 00007FF7F2AE69AF 
14: 00007FF7F30D4C2E 
12: 00007FF7F1F09975 
14: 00007FF7F217727C 
12: 00007FF7F20E0C77 
12: 00007FF7F20DA204 
12: 7FF8000000000000 
14: 00007FF7F30D4C2E 
14: 00007FF7F217727C 
 3: 00007FF7F29C99E5 
 3: 00007FF7F2360C51 
 3: 00007FF7F2360C51 
13: 00007FF7F1F0A128 
18: 00007FF7F2281C22 
13: 00007FF7F20DADAF 
12: 7FF8000000000000 
12: 00007FF7F20DA204 
 3: 00007FF7F2360C51 
12: 00007FF7F1F2FECB 
12: 00007FF7F20E0C77 
18: 00007FFD71AAE957 BaseThreadInitThunk+23
12: 00007FF7F2551F56 
13: 00007FF7F1EB5406 
12: 7FF8000000000000 
18: 00007FF7F2AE064A 
12: 00007FF7F20DEF43 v8::Context::GetIsolate+478883
12: 7FF8000000000000 
12: 00007FF7F20DEF43 v8::Context::GetIsolate+478883
12: 7FF8000000000000 
18: 00007FF7F25524F5 v8::PropertyDescriptor::writable+1997013
12: 00007FF7F2551F56 v8::PropertyDescriptor::writable+1995574
12: 00007FF7F2348324 
13: 00007FF7F1E9AF5E 
12: 00007FF7F1F08D57 v8::base::Thread::StartSynchronously+94151
12: 00007FF7F2348324 v8::ScriptCompiler::CompileFunction+84
12: 7FF8000000000000 
12: 00007FF7F2348324 v8::ScriptCompiler::CompileFunction+84
12: 7FF8000000000000 
18: 00007FF7F22C8314 v8::SharedValueConveyor::SharedValueConveyor+30596
12: 00007FF7F20E0C77 v8::Context::GetIsolate+486359
12: 00007FF7F20E12CC v8::Context::GetIsolate+487980
13: 00007FF7F20DB839 
12: 00007FF7F2551F56 v8::PropertyDescriptor::writable+1995574
13: 00007FF7F20DD63D 
18: 00007FF7F22C8314 v8::SharedValueConveyor::SharedValueConveyor+30596
15: 00007FF7F17E82A2 
14: 00007FF7F1F01E15 
19: 00007FF7F2AE064A 
14: 00007FF7F1F283C8 
15: 00007FF7F1F2E007 
14: 00007FF7F1F2C40D 
14: 00007FF7F17E7D3D 
19: 00007FF7F2281C22 
14: 00007FF7F1F1F207 
15: 00007FF7F1F0217A 
13: 00007FF7F1F30F9A 
13: 00007FF7923ED4BA 
14: 00007FF7F1F2C40D 
19: 00007FF7F1754540 
15: 00007FF7F1F04A3A 
15: 00007FF7F1F04A3A 
15: 00007FF7F1F24A2F 
 4: 00007FF7F213D3BB 
13: 00007FF7F2175B17 
15: 00007FF7F1F2D999 
 6: 00007FF7F2135645 
14: 00007FF7F1F0B578 
13: 00007FF7F2175B17 
15: 00007FF7F1F0DC62 
15: 00007FF7F1F0217A 
13: 00007FF7923ED4BA 
15: 00007FF7F1F0DC62 

15: 00007FF7F1EB49D9 
15: 00007FF7F1F051A2 
15: 00007FF7F1F0217A 
15: 00007FFD71AAE957 
15: 00007FF7F2176151 
 4: 00007FF7F234D8D6 
15: 00007FFD71AAE957 
 4: 00007FF7F234D8D6 
15: 00007FFD71AAE957 
15: 00007FF7F213B69C 
 4: 00007FF7F234D8D6 
13: 00007FF7F17E7D3D node::OnFatalError+56269
 1: 00007FF7F187711D 
19: 00007FF7F2AE064A 
13: 00007FF7F1F1F254 
13: 00007FF7F20DD63D 
13: 00007FF7F1F2CE04 
13: 00007FF7F1F1F776 
13: 00007FF7F1F1F417 v8::base::Thread::StartSynchronously+185991
13: 00007FF7F18D7463 uv_poll_stop+291
13: 00007FF7F20DF7FD 
13: 00007FF7F1F27675 v8::base::Thread::StartSynchronously+219365
13: 00007FF7F2175B17 v8::CpuProfileNode::GetScriptResourceNameStr+81287
13: 00007FF7F20DB1FE v8::Context::GetIsolate+463198
13: 00007FF7F2175B17 v8::CpuProfileNode::GetScriptResourceNameStr+81287
13: 00007FF7F1F2AF99 v8::base::Thread::StartSynchronously+233993
13: 00007FF7F20DA067 
13: 00007FF7F20DA067 
13: 00007FF7F1F1F417 
13: 00007FF7F17E7D3D 
13: 00007FF7F1F1F417 
13: 00007FF7F20D7F00 
13: 00007FF7F2175B17 
13: 00007FF7F20DA067 
13: 00007FF7F17E7D3D 
13: 00007FF7F2348324 
13: 00007FF7F1F09529 
13: 00007FF7F20DA067 
13: 00007FF7F20DB1FE 
13: 00007FF7F20DA067 
13: 00007FF7F17E7D3D 
13: 00007FF7F20DD63D 
15: 00007FF7F18D7463 
13: 00007FF7F20DA067 
15: 00007FF7F1F0DC62 
[89500:000002734FCA1000]     5917 ms: Scavenge 6.4 (7.0) -> 5.6 (9.9) MB, pooled: 0 MB, 1.33 / 0.00 ms  (average mu = 1.000, current mu = 1.000) allocation failure; 
14: 00007FF7F217727C 
 4: 00007FF7F213D3BB 
15: 00007FF7F1F051A2 
13: 00007FF7F20DA067 
14: 00007FF7F1F0DCDA 
 4: 00007FF7F213D3BB 
14: 00007FF7F1F0CDD6 
[68352:0000017AB1875000]      585 ms: Scavenge 6.4 (8.0) -> 6.4 (10.8) MB, pooled: 0 MB, 1.38 / 0.00 ms  (average mu = 1.000, current mu = 1.000) allocation failure; 
14: 00007FF7F1F06592 
13: 00007FF7F20E0536 
15: 00007FFD71AAE957 
15: 00007FF7F20DA067 
15: 00007FFD71AAE957 
14: 00007FF7F217727C 
15: 00007FFD71AAE957 
15: 00007FF7F213ED80 
13: 00007FF7F20DA067 
15: 00007FF7F1F1F207 
14: 00007FF7F1F1F254 
15: 00007FF7F2176151 
13: 00007FF7F20DADAF 
13: 00007FF7F20DADAF 
14: 00007FF7F1EB49D9 
 4: 00007FF7F234D8D6 
15: 00007FF7F2176151 
 4: 00007FF7F234D8D6 
15: 00007FF7F1F0DC62 
 4: 00007FF7F234D8D6 
 2: 00007FF7F17DA138 
14: 00007FF7F1F2BF71 
 4: 00007FF7F234D8D6 
16: 00007FF7F1F02019 
15: 00007FF7F2176151 
16: 00007FF7F1F02019 
15: 00007FFD71AAE957 
 4: 00007FF7F234D8D6 
 4: 00007FF7F234D8D6 
15: 00007FF7F18D7463 
14: 00007FF7F1F015FF 
 4: 00007FF7F234D8D6 
15: 00007FF7F213B69C 
14: 00007FF7F20E0DCB 
13: 00007FF7F1F015FF 
15: 00007FF7F1F2AF99 
13: 00007FF7F1F0A128 
 4: 00007FF7F234D8D6 
15: 00007FF7F1F2D999 
 4: 00007FF7F234D8D6 
 4: 00007FF7F234D8D6 
15: 00007FF7F2176151 
15: 00007FFD71AAE957 
14: 00007FF7F1F099C3 
13: 00007FF7F1F099C3 
14: 00007FF7F1F1E16F 
15: 00007FFD71AAE957 
 4: 00007FF7F234D8D6 
 4: 00007FF7F234D8D6 
 2: 00007FF7F17DA138 
19: 00007FF7F25524F5 
15: 00007FFD71AAE957 
 4: 00007FF7F234D8D6 
[59628:0000019C74D91000]      965 ms: Scavenge 6.4 (8.0) -> 5.6 (9.7) MB, pooled: 0 MB, 189.16 / 0.00 ms  (average mu = 1.000, current mu = 1.000) allocation failure; 

15: 00007FFD71AAE957 
 4: 00007FF7F234D8D6 
14: 00007FF7F30D4C2E 
15: 00007FFD71AAE957 BaseThreadInitThunk+23
 4: 00007FF7F234D8D6 
 4: 00007FF7F234D8D6 
 4: 00007FF7F234D8D6 
15: 00007FFD71AAE957 
19: 00007FF7F2281C22 
15: 00007FF7F2176151 
15: 00007FF7F1F24A2F 
 4: 00007FF7F234D8D6 
 4: 00007FF7F234D8D6 
 4: 00007FF7F234D8D6 
 4: 00007FF7F234D8D6 
15: 00007FF7F2176151 
 7: 00007FF7F20D89A0 v8::Context::GetIsolate+452864
15: 00007FFD71AAE957 
15: 00007FF7F2176151 
 4: 00007FF7F234D8D6 v8::Function::Experimental_IsNopFunction+2870
15: 00007FFD71AAE957 BaseThreadInitThunk+23
 4: 00007FF7F234D8D6 
 4: 00007FF7F234D8D6 
 4: 00007FF7F234D8D6 
19: 00007FF7F2AE064A 
15: 00007FFD71AAE957 BaseThreadInitThunk+23
13: 00007FF7F1F01FF3 
15: 00007FF7F2176151 
13: 00007FF7F20DA067 
13: 00007FF7F20DADAF 
15: 00007FFD71AAE957 BaseThreadInitThunk+23
15: 00007FF7F2176151 
 4: 00007FF7F213D3BB 
 4: 00007FF7F234D8D6 
 4: 00007FF7F234D8D6 
14: 00007FF7F1F0B578 
19: 00007FF7F25524F5 
14: 00007FF7F20E0DD8 
13: 00007FF7F20DB1FE 
 4: 00007FF7F234D8D6 
13: 00007FF7F1F2964F 
13: 00007FF7F20DA067 
19: 00007FFD72CA7C1C RtlUserThreadStart+44
14: 00007FF7F1EB49D9 
13: 00007FF7F2175B17 
19: 00007FF7F22C8314 
13: 00007FF7F20DFED2 v8::Context::GetIsolate+482866
13: 00007FF7F20DFED2 v8::Context::GetIsolate+482866
19: 00007FF7F1754540 v8::CpuProfileNode::GetParent+784
13: 00007FF7F2175B17 v8::CpuProfileNode::GetScriptResourceNameStr+81287
13: 00007FF7F17E7D3D 
14: 00007FF7F1E9AA68 
13: 00007FF7F1F0CDD6 v8::base::Thread::StartSynchronously+110662
13: 00007FF7F17E7D3D node::OnFatalError+56269
13: 00007FF7F20DA067 v8::Context::GetIsolate+458695
19: 00007FF7F2281C22 v8::Proxy::GetHandler+41490
14: 00007FF7F1F09975 
13: 00007FF7F20DA067 v8::Context::GetIsolate+458695
14: 00007FF7F20E0E68 
13: 00007FF7F2175B17 v8::CpuProfileNode::GetScriptResourceNameStr+81287
14: 00007FF7F20E0566 
19: 00007FF7F2281C22 v8::Proxy::GetHandler+41490
16: 00007FF79234FA64 
15: 00007FF7F1F0217A 
20: 00007FF7F22C8314 
15: 00007FF7F1F1EE4B 
16: 00007FF7F1F1320C 
15: 00007FF7F1F2BF71 
15: 00007FF7F17E82A2 
20: 00007FF7F25524F5 
15: 00007FF7F1F32D0C 
16: 00007FF7F1F02061 
14: 00007FF7F1F283C8 
15: 00007FF7F1F2BF71 
20: 00007FF7F18D7463 
16: 00007FF7F1F02019 
16: 00007FF7F1F02019 
16: 00007FF7F1F2DAB6 
 5: 00007FF7F213EAD5 
14: 00007FF7F217727C 
16: 00007FF7F1F2AF99 
 7: 00007FF7F21354FF 
15: 00007FF7F1F09975 
14: 00007FF7F217727C 
16: 00007FF7F1F07F5D 
16: 00007FF7F1F02061 
16: 00007FF7F1F07F5D 
<--- JS stacktrace --->
16: 00007FF7F1EB49D9 
16: 00007FF7F1F0571E 
16: 00007FF7F1F02061 
16: 00007FFD72CA7C1C 
16: 00007FF7F2175394 
 5: 00007FF7F219AA20 
16: 00007FFD72CA7C1C 
 5: 00007FF7F219AA20 
16: 00007FFD72CA7C1C 
16: 00007FF7F21A7C78 
 5: 00007FF7F219AA20 
15: 00007FF7F1F01FF3 
 4: 00007FF7F234D8D6 
20: 00007FF7F22C8314 
14: 00007FF7F1F2CE04 
14: 00007FF7F20E0566 
14: 00007FF7F1F2C40D 
14: 00007FF7F1F1F254 
14: 00007FF7F1F1F254 v8::base::Thread::StartSynchronously+185540
14: 00007FF7F30D4C2E inflateValidate+159742
14: 00007FF7F20E0DCB 
14: 00007FF7F1F28DD8 v8::base::Thread::StartSynchronously+225352
14: 00007FF7F217727C v8::CpuProfileNode::GetScriptResourceNameStr+87276
14: 00007FF7F20E0DF2 v8::Context::GetIsolate+486738
14: 00007FF7F217727C v8::CpuProfileNode::GetScriptResourceNameStr+87276
14: 00007FF7F1F1F207 v8::base::Thread::StartSynchronously+185463
14: 00007FF7F20DD586 
14: 00007FF7F20DD63D 
14: 00007FF7F1F1F254 
14: 00007FF7F17E82A2 
14: 00007FF7F1F1F254 
14: 00007FF7F20C789B 
14: 00007FF7F217727C 
14: 00007FF7F20DD586 
14: 00007FF7F17E7D3D 
14: 00007FF7F17E82A2 
 5: 00007FF7F219AA20 
14: 00007FF7F20DD63D 
14: 00007FF7F20E0DF2 
14: 00007FF7F17E82A2 
14: 00007FF7F20DD586 
14: 00007FF7F20E0566 
 5: 00007FF7F219AA20 
16: 00007FF7F30D4C2E 
16: 00007FF7F1F07F5D 
15: 00007FF7F2176151 
14: 00007FF7F1F0DC62 v8::base::Thread::StartSynchronously+114386
 5: 00007FF7F2138907 
17: 00007FF7F21A15EB 
15: 00007FF7F20DA067 v8::Context::GetIsolate+458695
15: 00007FF7F20DBBB9 
 5: 00007FF7F213EAD5 
15: 00007FF7F1F0DC62 

15: 00007FF7F1F071E0 
14: 00007FF7F20DA067 
16: 00007FFD72CA7C1C 
16: 00007FF7F20DD63D 
16: 00007FFD72CA7C1C 
15: 00007FF7F2176151 
16: 00007FFD72CA7C1C 
14: 00007FF7F20DD586 
16: 00007FF7F255215F 
16: 00007FF7F1F2CE04 
15: 00007FF7F1F1E16F 
16: 00007FF7F2175394 
14: 00007FF7F20E0DD8 
14: 00007FF7F20E0DD8 
15: 00007FF7F1EB49D9 
16: 00007FF7F2175394 
 5: 00007FF7F219AA20 
16: 00007FF7F1F07F5D 
14: 00007FF7F1F099C3 
 5: 00007FF7F219AA20 
 3: 00007FF7F2360C51 
15: 00007FF7F1F2D999 
 5: 00007FF7F219AA20 
17: 00007FF7F1F051A2 
16: 00007FF7F2175394 
16: 00007FFD72CA7C1C 
17: 00007FF7F1F051A2 
15: 00007FF7F20DBBB9 
 5: 00007FF7F219AA20 
16: 00007FF7F30D4C2E 
15: 00007FF7F1F09529 
 5: 00007FF7F219AA20 
16: 00007FF7F21A7C78 
15: 00007FF7F20DA067 
14: 00007FF7F1F09529 
16: 00007FF7F1F1F207 
14: 00007FF7F1F0B578 
 5: 00007FF7F219AA20 
16: 00007FF7F1F2AF99 
 5: 00007FF7F219AA20 
 5: 00007FF7F219AA20 
16: 00007FF7F2175394 
16: 00007FFD72CA7C1C 
15: 00007FF7F1F01FF3 
14: 00007FF7F1F01FF3 
15: 00007FF7F1F2AA5A 
16: 00007FFD72CA7C1C 
 5: 00007FF7F219AA20 
 5: 00007FF7F219AA20 
 3: 00007FF7F2360C51 
20: 00007FF7F1754540 
16: 00007FFD72CA7C1C 
 5: 00007FF7F219AA20 

FATAL ERROR: MarkCompactCollector: young object promotion failed Allocation failed - JavaScript heap out of memory
16: 00007FFD72CA7C1C 
 5: 00007FF7F219AA20 
15: 00007FFD71AAE957 
16: 00007FFD72CA7C1C RtlUserThreadStart+44
 5: 00007FF7F219AA20 
 5: 00007FF7F219AA20 
 5: 00007FF7F219AA20 
16: 00007FFD72CA7C1C 
20: 00007FF7F25524F5 
16: 00007FF7F2175394 
16: 00007FF7F1F2DAB6 
 5: 00007FF7F219AA20 
 5: 00007FF7F219AA20 
 5: 00007FF7F219AA20 
16: 00007FF7F2175394 
 8: 00007FF7F20DE006 v8::Context::GetIsolate+474982
14: 00007FF7F20DD63D 
16: 00007FFD72CA7C1C 
16: 00007FF7F2175394 
 5: 00007FF7F219AA20 v8::internal::StrongRootAllocatorBase::StrongRootAllocatorBase+31456
16: 00007FFD72CA7C1C RtlUserThreadStart+44
 5: 00007FF7F219AA20 
 5: 00007FF7F219AA20 
 5: 00007FF7F219AA20 
20: 00007FF7F22C8314 
16: 00007FFD72CA7C1C 
14: 00007FF7F1F015FF 
16: 00007FF7F2175394 
14: 00007FF7F20DD63D 
14: 00007FF7F20E0DD8 
16: 00007FFD72CA7C1C 
16: 00007FF7F2175394 
 5: 00007FF7F2138907 
 5: 00007FF7F219AA20 
15: 00007FF7F1F09975 
 5: 00007FF7F219AA20 
20: 00007FF7F1754540 
15: 00007FF7F20DA067 
14: 00007FF7F20E0DF2 
 5: 00007FF7F219AA20 
14: 00007FF7F1F2FECB 
14: 00007FF7F20DF7FD 
14: 00007FF7F217727C 
15: 00007FF7F1EB49D9 
20: 00007FF7F2281C22 
14: 00007FF7F20DF94C v8::Context::GetIsolate+481452
14: 00007FF7F20DF94C v8::Context::GetIsolate+481452
20: 00007FF7F18D7463 uv_poll_stop+291
14: 00007FF7F17E82A2 
14: 00007FF7F217727C v8::CpuProfileNode::GetScriptResourceNameStr+87276
15: 00007FF7F1E9A46E 

14: 00007FF7F17E82A2 node::OnFatalError+57650
14: 00007FF7F17E82A2 node::OnFatalError+57650
 6: 00007FF7F2135645 
14: 00007FF7F20DD63D v8::Context::GetIsolate+472477
14: 00007FF7F20DD586 v8::Context::GetIsolate+472294
15: 00007FF7F20DA067 
14: 00007FF7F217727C v8::CpuProfileNode::GetScriptResourceNameStr+87276
15: 00007FF7F20DA067 
20: 00007FF7F25524F5 v8::PropertyDescriptor::writable+1997013
16: 00007FF7F1F02061 
21: 00007FF7F2281C22 
16: 00007FF7F1F1F417 
17: 00007FF7F22C6650 
16: 00007FF7F1F2D999 
16: 00007FF79234FA64 
21: 00007FF7F1754540 
16: 00007FF7F1F331B4 
17: 00007FF7F1F015FF 
15: 00007FF7F1F1EE4B 
16: 00007FF7F1F2D999 
21: 00007FF7F30D4C2E 
17: 00007FF7F1F051A2 
17: 00007FF7F1F051A2 
17: 00007FF7F1F2AF99 
 6: 00007FF7F2138602 
15: 00007FF7F2176151 
17: 00007FF7F1F1F207 
 8: 00007FF7F2138A7F 
16: 00007FF7F1F01FF3 
15: 00007FF7F2176151 
17: 00007FF7F1F087E8 
17: 00007FF7F1F015FF 
17: 00007FF7F1F087E8 

17: 00007FF7F1EB5B82 
17: 00007FF7F1F0D8B3 
17: 00007FF7F1F015FF 
 6: 00007FF7F216E5EF 
16: 00007FF7F1F0571E 
 6: 00007FF7F216E5EF 
17: 00007FF7F21A3BEF 
 6: 00007FF7F216E5EF 
16: 00007FF7F1F024BF 
 2: 00007FF7F17DA138 
21: 00007FF7F2281C22 
15: 00007FF7F1F2C40D 
15: 00007FF7F20DA067 
15: 00007FF7F1F2BF71 
15: 00007FF7F1F24A2F 
15: 00007FF7F1F32D0C v8::base::Thread::StartSynchronously+266108
15: 00007FFD71AAE957 BaseThreadInitThunk+23
15: 00007FF7F20DA067 
15: 00007FF7F1F19CB3 v8::base::Thread::StartSynchronously+163619
15: 00007FF7F2176151 v8::CpuProfileNode::GetScriptResourceNameStr+82881
15: 00007FF7F2176151 v8::CpuProfileNode::GetScriptResourceNameStr+82881
15: 00007FF7F1F1E16F v8::base::Thread::StartSynchronously+181215
14: 00007FF7F20DD63D 
15: 00007FF7F20DBBB9 
15: 00007FF7F20E0566 
15: 00007FF7F1F32D0C 
15: 00007FF79234FA64 
15: 00007FF7F1F32D0C 
15: 00007FF7F22C83A8 
15: 00007FF7F2176151 
15: 00007FF79234FA64 
15: 00007FF7F1F0303D 
15: 00007FF7F17E82A2 
15: 00007FF7F1F01FF3 
15: 00007FF7F20E0566 
15: 00007FF7F20DA067 
15: 00007FF79234FA64 
 5: 00007FF7F219AA20 
15: 00007FF7F20DA067 

17: 00007FFD71AAE957 
15: 00007FF7F20E0A7F 
16: 00007FF7F2175394 

20: 00007FF7F25524F5 v8::PropertyDescriptor::writable+1997013
17: 00007FF7F1F0D8B3 
16: 00007FF7F2175394 
16: 00007FF7F1F0CDA9 
 6: 00007FF7F2138602 
16: 00007FF7F1F07F5D 
15: 00007FF7F20E0566 
16: 00007FF7F1F0CE44 
17: 00007FF7F1F087E8 
17: 00007FF7F20E0566 
15: 00007FF7F20E0566 
15: 00007FF7F20DBBB9 
17: 00007FF7F2551F56 
17: 00007FF7F1F2C40D 
16: 00007FF7F1F2AA5A 
 6: 00007FF7F216E5EF 
15: 00007FF7F20DA067 
15: 00007FF7F20DA067 
17: 00007FF7F21A15EB 
16: 00007FF7F1EB5B82 
17: 00007FF7F21A15EB 
 6: 00007FF7F216E5EF 
17: 00007FF7F1F087E8 
 6: 00007FF7F216E5EF 
 4: 00007FF7F234D8D6 
16: 00007FF7F1F2AF99 
 6: 00007FF7F216E5EF 
17: 00007FF7F21A15EB 
18: 00007FF7F1F0571E 
18: 00007FF7F1F0571E 
 6: 00007FF7F216E5EF 
 6: 00007FF7F216E5EF 
17: 00007FFD71AAE957 
16: 00007FF7F1F099C3 
 6: 00007FF7F216E5EF 
17: 00007FF7F21A3BEF 
16: 00007FF7F20DD63D 
15: 00007FF7F1F099C3 
17: 00007FF7F1F2CE04 
15: 00007FF7F1F09975 
 6: 00007FF7F216E5EF 
17: 00007FF7F1F1F207 
 6: 00007FF7F216E5EF 
 6: 00007FF7F216E5EF 
17: 00007FF7F21A15EB 
16: 00007FF7F1F051A2 
15: 00007FF7F1F051A2 
16: 00007FF7F1F2AFD7 
 6: 00007FF7F216E5EF 
 6: 00007FF7F216E5EF 
 4: 00007FF7F234D8D6 
21: 00007FF7F18D7463 
 6: 00007FF7F216E5EF 

16: 00007FFD72CA7C1C 
 6: 00007FF7F216E5EF 
----- Native stack trace -----
 6: 00007FF7F216E5EF 
 6: 00007FF7F216E5EF 
 6: 00007FF7F216E5EF 
21: 00007FF7F1754540 
17: 00007FF7F21A15EB 
17: 00007FF7F1F2AF99 
 6: 00007FF7F216E5EF 
 6: 00007FF7F216E5EF 
 6: 00007FF7F216E5EF 
 6: 00007FF7F216E5EF 
17: 00007FF7F21A15EB 
 9: 00007FF7F20E0F97 v8::Context::GetIsolate+487159
17: 00007FF7F21A15EB 
 6: 00007FF7F216E5EF 
 6: 00007FF7F216E5EF v8::CpuProfileNode::GetScriptResourceNameStr+51295
 6: 00007FF7F216E5EF 
 6: 00007FF7F216E5EF 
15: 00007FF7F1F09529 
21: 00007FF7F2281C22 
17: 00007FF7F21A15EB 
15: 00007FF7F20E0566 
15: 00007FF7F20DA067 
17: 00007FF7F21A15EB 
 6: 00007FF7F2135645 
 6: 00007FF7F216E5EF 
 6: 00007FF7F216E5EF 
16: 00007FF7F1F01FF3 
21: 00007FF7F18D7463 
16: 00007FF7F20DD586 
15: 00007FF7F20DA067 
 6: 00007FF7F216E5EF 
15: 00007FF7F1F20A6A 
15: 00007FF7F20E0DCB 
15: 00007FF7F2176151 
16: 00007FF7F1EB5B82 
21: 00007FF7F25524F5 
15: 00007FF7F20E0DA4 v8::Context::GetIsolate+486660
15: 00007FF7F20E0DA4 v8::Context::GetIsolate+486660
21: 00007FF7F30D4C2E inflateValidate+159742
15: 00007FF7F2176151 v8::CpuProfileNode::GetScriptResourceNameStr+82881
15: 00007FF79234FA64 
16: 00007FF7F1E77722 
15: 00007FF79234FA64 
15: 00007FF7F1F0DAED v8::base::Thread::StartSynchronously+114013
15: 00007FF79234FA64 
21: 00007FF7F1754540 v8::CpuProfileNode::GetParent+784
15: 00007FF7F20E0566 v8::Context::GetIsolate+484550
15: 00007FF7F20DBBB9 v8::Context::GetIsolate+465689
16: 00007FF7F20DD586 
15: 00007FF7F2176151 v8::CpuProfileNode::GetScriptResourceNameStr+82881
16: 00007FF7F20E35C5 
21: 00007FF7F1754540 v8::CpuProfileNode::GetParent+784
17: 00007FF7F1F015FF 
22: 00007FF7F25524F5 
18: 00007FF7F22CBDB8 
17: 00007FF7F1F1F254 
17: 00007FF7F1F2AF99 
22: 00007FF7F18D7463 
17: 00007FF7F1F283C8 
18: 00007FF7F1F09529 
16: 00007FF7F1F1F417 
17: 00007FF7F1F2AF99 
22: 00007FFD71AAE957 
18: 00007FF7F1F0571E 
18: 00007FF7F1F0571E 
18: 00007FF7F1F1F207 
 7: 00007FF7F2135667 
16: 00007FF7F2175394 
18: 00007FF7F1F2CE04 
 9: 00007FF7F213E46E 
17: 00007FF7F1F015FF 
16: 00007FF7F2175394 
18: 00007FF7F1F08B29 
18: 00007FF7F1F09529 
18: 00007FF7F1F08B29 
18: 00007FF7F1F09529 
18: 00007FF7F1EB6B29 
18: 00007FF7F1F0DC62 
----- Native stack trace -----
18: 00007FF7F21A3BDB 
 7: 00007FF7F217F77A 
 7: 00007FF7F217F77A 
18: 00007FF7F21943B2 
 7: 00007FF7F217F77A 
17: 00007FF7F1F02061 
 5: 00007FF7F219AA20 
16: 00007FF7F1F2BF71 
22: 00007FF7F25524F5 
16: 00007FF7F20E35C5 
16: 00007FF7F1F2D999 
16: 00007FF7F1F24F0E 
16: 00007FF7F1F331B4 v8::base::Thread::StartSynchronously+267300
16: 00007FFD72CA7C1C RtlUserThreadStart+44
16: 00007FF7F20DD63D 
16: 00007FF7F1F2E007 v8::base::Thread::StartSynchronously+246391
16: 00007FF7F2175394 v8::CpuProfileNode::GetScriptResourceNameStr+79364
16: 00007FF7F20DA204 v8::Context::GetIsolate+459108
16: 00007FF7F2175394 v8::CpuProfileNode::GetScriptResourceNameStr+79364
16: 00007FF7F20E0E75 
16: 00007FF7F1F2AA5A v8::base::Thread::StartSynchronously+232650
16: 00007FF7F20DA067 
16: 00007FF7F1F331B4 
16: 00007FF7F1F331B4 
16: 00007FF7F22C16B8 
16: 00007FF7F2175394 
16: 00007FF7F20E0E75 
16: 00007FF79234FA64 
16: 00007FF7F1F051A2 
16: 00007FF7F20DA067 
16: 00007FF7F20DA204 
16: 00007FF7F20E0E75 
16: 00007FF7F20E35C5 
16: 00007FF7F20DA067 
18: 00007FFD72CA7C1C 
18: 00007FF7F1F08B29 
17: 00007FF7F21A15EB 
<--- JS stacktrace --->
 7: 00007FF7F21354FF 
18: 00007FF7F1F0DC62 
16: 00007FF7F20DA067 
17: 00007FF7F1F06592 
 7: 00007FF7F2135667 
17: 00007FF7F1F087E8 
<--- JS stacktrace --->
17: 00007FF7F1F0DC62 
16: 00007FF7F20DA067 
18: 00007FF7F20DA067 
17: 00007FF7F21A15EB 
16: 00007FF7F20E0E75 
18: 00007FF7F213B69C 
18: 00007FF7F1F2BF71 
17: 00007FF7F1F2AFD7 
18: 00007FF7F21A3BDB 
16: 00007FF7F20DD586 
16: 00007FF7F20DD586 
 7: 00007FF7F217F77A 
17: 00007FF7F1EB6B29 
18: 00007FF7F21A3BDB 
 7: 00007FF7F217F77A 
18: 00007FF7F1F08B29 
 7: 00007FF7F217F77A 
 5: 00007FF7F219AA20 
17: 00007FF7F1F1F207 
 7: 00007FF7F217F77A 
19: 00007FF7F1F0D8B3 
18: 00007FF7F21A3BDB 
19: 00007FF7F1F0D8B3 
 7: 00007FF7F217F77A 
 7: 00007FF7F217F77A 
18: 00007FFD72CA7C1C 
17: 00007FF7F1F01FF3 
 7: 00007FF7F217F77A 
18: 00007FF7F21943B2 
17: 00007FF7F20E0566 
16: 00007FF7F1F01FF3 
18: 00007FF7F1F2C40D 
16: 00007FF7F1F01FF3 
 7: 00007FF7F217F77A 
18: 00007FF7F1F2CE04 
 7: 00007FF7F217F77A 
 7: 00007FF7F217F77A 
18: 00007FF7F21A3BDB 
17: 00007FF7F1F0571E 
16: 00007FF7F1F0571E 
17: 00007FF7F1F1F207 
 7: 00007FF7F217F77A 
 7: 00007FF7F217F77A 
 5: 00007FF7F219AA20 
22: 00007FF7F30D4C2E 
 7: 00007FF7F217F77A 

<--- JS stacktrace --->
 7: 00007FF7F217F77A 
 7: 00007FF7F217F77A 
 7: 00007FF7F217F77A 
 7: 00007FF7F217F77A 
22: 00007FF7F18D7463 
18: 00007FF7F21A3BDB 
18: 00007FF7F1F1F207 
 7: 00007FF7F217F77A 
 7: 00007FF7F217F77A 
 7: 00007FF7F217F77A 
 7: 00007FF7F217F77A 
18: 00007FF7F21A3BDB 
10: 00007FF7F20DA067 v8::Context::GetIsolate+458695
18: 00007FF7F21A3BDB 
 7: 00007FF7F217F77A v8::CpuProfileNode::GetScriptResourceNameStr+121322
 7: 00007FF7F217F77A 
 7: 00007FF7F217F77A 
 7: 00007FF7F217F77A 
22: 00007FF7F25524F5 
16: 00007FF7F1F099C3 
18: 00007FF7F21A3BDB 
16: 00007FF7F20DA067 
16: 00007FF7F20DD586 
18: 00007FF7F21A3BDB 
 7: 00007FF7F21354FF 
 7: 00007FF7F217F77A 
 7: 00007FF7F217F77A 
17: 00007FF7F1F015FF 
22: 00007FF7F30D4C2E 
17: 00007FF7F20E127C 
 8: 00007FF7F21363EF 
 7: 00007FF7F217F77A 
16: 00007FF7F1F2FEAA 
16: 00007FF7F20DA067 
16: 00007FF7F2175394 
17: 00007FF7F1EB6B29 
22: 00007FF7F1754540 
16: 00007FF7F20DA067 v8::Context::GetIsolate+458695
16: 00007FF7F20DA067 v8::Context::GetIsolate+458695
22: 00007FFD71AAE957 BaseThreadInitThunk+23
16: 00007FF7F2175394 v8::CpuProfileNode::GetScriptResourceNameStr+79364
17: 00007FF7923ED4BA 
18: 00007FF7F21A3BDB 
22: 00007FF7F18D7463 uv_poll_stop+291
16: 00007FF7F20DA067 v8::Context::GetIsolate+458695
16: 00007FF7F20E0E75 v8::Context::GetIsolate+486869
17: 00007FF7F20E0C32 
16: 00007FF7F2175394 v8::CpuProfileNode::GetScriptResourceNameStr+79364
17: 00007FF7F20D82F2 
22: 00007FF7F18D7463 uv_poll_stop+291
18: 00007FF7F1F09529 
23: 00007FF7F1754540 
18: 00007FF7F1F24A2F 
19: 00007FF7F23485E9 
18: 00007FF7F1F1F207 
23: 00007FF7F30D4C2E 
18: 00007FF7F1F27675 
19: 00007FF7F1F099C3 
 8: 00007FF7F2176B2E 
18: 00007FF7F1F1F207 
23: 00007FFD72CA7C1C 
19: 00007FF7F1F0D8B3 
19: 00007FF7F1F0D8B3 
19: 00007FF7F1F24A2F 
 8: 00007FF7F21354FF 
17: 00007FF7F21A15EB 
19: 00007FF7F1F2C40D 
10: 00007FF7F213E911 
18: 00007FF7F1F09529 
17: 00007FF7F21A15EB 
19: 00007FF7F1F0DBFA 
19: 00007FF7F1F099C3 
19: 00007FF7F1F0DBFA 

19: 00007FF7F1EB54DA 
19: 00007FF7F1F0DAED 
19: 00007FF7F1F099C3 
19: 00007FF7F21943B2 
 8: 00007FF7F2176B2E 
 8: 00007FF7F2176B2E 
19: 00007FF7F218FDB5 
 8: 00007FF7F2176B2E 
18: 00007FF7F1F051A2 
 3: 00007FF7F2360C51 
23: 00007FF7F1754540 
 8: 00007FF7F2176B2E 
17: 00007FF7F20D82F2 
17: 00007FF7F1F2AF99 
17: 00007FF7F1F30F9A 
17: 00007FF7F1F283C8 v8::base::Thread::StartSynchronously+222776
17: 00007FF7F20E0566 
17: 00007FF7F1F1320C v8::base::Thread::StartSynchronously+136316
17: 00007FF7F21A15EB v8::internal::StrongRootAllocatorBase::StrongRootAllocatorBase+59051
17: 00007FF7F20DADAF v8::Context::GetIsolate+462095
17: 00007FF7F21A15EB v8::internal::StrongRootAllocatorBase::StrongRootAllocatorBase+59051
17: 00007FF7F1F2AFD7 v8::base::Thread::StartSynchronously+234055
17: 00007FF7F20DA067 
 8: 00007FF7F2176B2E 
17: 00007FF7F1F283C8 
17: 00007FF7F1F283C8 
17: 00007FF7F22C695F 
17: 00007FF7F21A15EB 
17: 00007FF7F20DA067 
17: 00007FF7F1F0571E 
17: 00007FF7F20E35C5 
17: 00007FF7F20DADAF 
17: 00007FF7F20DA067 
----- Native stack trace -----
 8: 00007FF7F2176B2E 
19: 00007FF7F1F0DBFA 
18: 00007FF7F21A3BDB 

16: 00007FF7F20DA204 
19: 00007FF7F1F0DAED 
23: 00007FF7F30D4C2E 
18: 00007FF7F1F071E0 
 8: 00007FF7F21354FF 
18: 00007FF7F1F08B29 

18: 00007FF7F1F0DAED 
17: 00007FF7F20E35C5 
19: 00007FF7F20E35C5 
16: 00007FF7F1F0F9F1 v8::base::Thread::StartSynchronously+121953
17: 00007FF7F20DA067 
19: 00007FF7F21A7C78 
 8: 00007FF7F2176B2E 
18: 00007FF7F1F1F207 
19: 00007FF7F21943B2 
17: 00007FF7F20E127C 
17: 00007FF7F20E127C 
 8: 00007FF7F2176B2E 
18: 00007FF7F1EB54DA 
19: 00007FF7F21943B2 
17: 00007FF7F1F1F254 
 8: 00007FF7F2176B2E 
 8: 00007FF7F2176B2E 
 6: 00007FF7F216E5EF 
18: 00007FF7F1F2CE04 
 8: 00007FF7F2176B2E 
20: 00007FF7F1F0DC62 
19: 00007FF7F21943B2 
20: 00007FF7F1F0DC62 
 8: 00007FF7F2176B2E 
 8: 00007FF7F2176B2E 
18: 00007FF7F1F051A2 
 8: 00007FF7F2176B2E 
19: 00007FF7F218FDB5 
18: 00007FF7F20DA067 
17: 00007FF7F1F0AAC4 
19: 00007FF7F1F2BF71 
17: 00007FF7F1F015FF 
17: 00007FF7F1F2D999 
19: 00007FF7F1F2C40D 
 8: 00007FF7F2176B2E 
 8: 00007FF7F2176B2E 
19: 00007FF7F21943B2 
18: 00007FF7F1F0D8B3 
17: 00007FF7F1F0D8B3 
18: 00007FF7F1F32D0C 
17: 00007FF7F20E35C5 
 8: 00007FF7F2176B2E 
 6: 00007FF7F216E5EF 
23: 00007FFD71AAE957 BaseThreadInitThunk+23
 8: 00007FF7F2176B2E 

17: 00007FF7F20D82F2 
17: 00007FF7F20E35C5 
 8: 00007FF7F2176B2E 
 8: 00007FF7F2176B2E 
 8: 00007FF7F2176B2E 
17: 00007FF7F20E35C5 
19: 00007FF7F21943B2 
19: 00007FF7F1F24A2F 
 8: 00007FF7F2176B2E 
23: 00007FF7F30D4C2E inflateValidate+159742
 8: 00007FF7F2176B2E 
19: 00007FF7F1F2D999 
19: 00007FF7F21943B2 
11: 00007FF7F20D2D3B v8::Context::GetIsolate+429211
19: 00007FF7F1F2DAB6 
 8: 00007FF7F2176B2E v8::CpuProfileNode::GetScriptResourceNameStr+85406
 8: 00007FF7F2176B2E 
 8: 00007FF7F2176B2E 
19: 00007FF7F1F0DBFA 
23: 00007FF7F1754540 
17: 00007FF7F1F01FF3 
19: 00007FF7F21943B2 
17: 00007FF7F20E35C5 
17: 00007FF7F20E127C 
19: 00007FF7F21943B2 
 8: 00007FF7F2138A7F 
 8: 00007FF7F2176B2E 
 8: 00007FF7F2176B2E 
18: 00007FF7F1F09529 
23: 00007FFD71AAE957 
20: 00007FF7F1F0DC62 
17: 00007FF7F20DADAF 
 8: 00007FF7F2176B2E 
17: 00007FF7F1F2961E 
17: 00007FF7F20DD63D 
17: 00007FF7F21A15EB 
18: 00007FF7F1EB54DA 
23: 00007FF7F18D7463 
17: 00007FF7F20DDEF9 v8::Context::GetIsolate+474713
17: 00007FF7F20DDEF9 v8::Context::GetIsolate+474713
23: 00007FFD72CA7C1C RtlUserThreadStart+44
17: 00007FF7F21A15EB v8::internal::StrongRootAllocatorBase::StrongRootAllocatorBase+59051
17: 00007FF7F1F35271 v8::base::Thread::StartSynchronously+275681
23: 00007FF7F30D4C2E inflateValidate+159742
17: 00007FF7F20E35C5 v8::Context::GetIsolate+496933
17: 00007FF7F20DA067 v8::Context::GetIsolate+458695
18: 00007FF7F20DA067 
17: 00007FF7F21A15EB v8::internal::StrongRootAllocatorBase::StrongRootAllocatorBase+59051
18: 00007FF7F20D7F00 
 8: 00007FF7F2176B2E 
19: 00007FF7F1F099C3 
24: 00007FF7F18D7463 
19: 00007FF7F21943B2 
20: 00007FF7F2348324 
19: 00007FF7F1F1E16F 
24: 00007FFD71AAE957 BaseThreadInitThunk+23
19: 00007FF7F1F28DD8 
20: 00007FF7F1F01FF3 
18: 00007FF7F1F24A2F 
19: 00007FF7F1F1E16F 
19: 00007FF7F1F0B696 
18: 00007FF7F20DA067 
20: 00007FF7F1F24F0E 
 9: 00007FF7F2135A13 
18: 00007FF7F21A3BDB 
20: 00007FF7F1F2BF71 
11: 00007FF7F213ED80 
19: 00007FF7F1F099C3 
18: 00007FF7F21A3BDB 
20: 00007FF7F1F07F5D 
20: 00007FF7F1F01FF3 
20: 00007FF7F1F07F5D 
18: 00007FF7F1F27675 v8::base::Thread::StartSynchronously+219365
20: 00007FF7F1EB49D9 
20: 00007FF7F1F0F9F1 
20: 00007FF7F1F01FF3 
20: 00007FF7F218FDB5 
 9: 00007FF7F217CE69 
 9: 00007FF7F217CE69 
20: 00007FF7F1B1309D 
 9: 00007FF7F217CE69 
20: 00007FF7F1F0DC62 
 6: 00007FF7F216E5EF 
24: 00007FF7F18D7463 
18: 00007FF7F1F2AF99 
18: 00007FF7F20D7F00 
18: 00007FF7F1F1F207 
18: 00007FF7F1F283C8 
FATAL ERROR: MarkCompactCollector: young object promotion failed Allocation failed - JavaScript heap out of memory
18: 00007FF7F20DA067 
18: 00007FF7F22C6650 v8::SharedValueConveyor::SharedValueConveyor+23232
18: 00007FF7F21A3BDB v8::internal::StrongRootAllocatorBase::StrongRootAllocatorBase+68763
18: 00007FF7F20E0DD8 v8::Context::GetIsolate+486712
18: 00007FF7F21A3BDB v8::internal::StrongRootAllocatorBase::StrongRootAllocatorBase+68763
18: 00007FF7F1F1F207 v8::base::Thread::StartSynchronously+185463
18: 00007FF7F20DDEF9 
18: 00007FF7F20DA657 
18: 00007FF7F20E0DD8 
18: 00007FF7F1F27675 
18: 00007FF7F22CBDB8 
18: 00007FF7F21A3BDB 
18: 00007FF7F20DDEF9 
18: 00007FF7F1F0D8B3 
18: 00007FF7F20DA657 
18: 00007FF7F1F27675 
18: 00007FF7F20DDEF9 
18: 00007FF7F20D7F00 
18: 00007FF7F20DA657 
20: 00007FF7F1F07F5D 
19: 00007FF7F21943B2 
FATAL ERROR: MarkCompactCollector: young object promotion failed Allocation failed - JavaScript heap out of memory
 9: 00007FF7F213E154 
20: 00007FF7F1F0F9F1 
18: 00007FF7F20DA657 
19: 00007FF7F1F0CE44 
 9: 00007FF7F2137F3E 
19: 00007FF7F1F0DBFA 
FATAL ERROR: MarkCompactCollector: young object promotion failed Allocation failed - JavaScript heap out of memory
19: 00007FF7F1F0F9F1 
18: 00007FF7F20DA657 
20: 00007FF7F20D82F2 
19: 00007FF7F21943B2 
18: 00007FF7F20DDEF9 
20: 00007FF7F21A3BEF 
20: 00007FF7F1F2AF99 
19: 00007FF7F1F1E16F 
20: 00007FF7F218FDB5 
18: 00007FF7F20DA067 
18: 00007FF7F20DA067 
 9: 00007FF7F217CE69 
19: 00007FF7F1EB49D9 
20: 00007FF7F218FDB5 
 9: 00007FF7F217CE69 
20: 00007FF7F1F07F5D 
 9: 00007FF7F217CE69 
 7: 00007FF7F217F77A 
19: 00007FF7F1F2C40D 
 9: 00007FF7F217CE69 
21: 00007FF7F1F0E4A5 
20: 00007FF7F218FDB5 
21: 00007FF7F1F0E4A5 
 9: 00007FF7F217CE69 
 9: 00007FF7F217CE69 
19: 00007FF7F1F0571E 
 9: 00007FF7F217CE69 
20: 00007FF7F1B1309D 
19: 00007FF7F20E35C5 
18: 00007FF7F1F0A500 
20: 00007FF7F1F2D999 
18: 00007FF7F1F09529 
 9: 00007FF7F217CE69 
20: 00007FF7F1F2BF71 
 9: 00007FF7F217CE69 
 9: 00007FF7F217CE69 
20: 00007FF7F218FDB5 
19: 00007FF7F1F0DC62 
18: 00007FF7F1F0DC62 
19: 00007FF7F1F331B4 
 9: 00007FF7F217CE69 
 9: 00007FF7F217CE69 
 7: 00007FF7F217F77A 
24: 00007FFD72CA7C1C 
 9: 00007FF7F217CE69 
FATAL ERROR: MarkCompactCollector: young object promotion failed Allocation failed - JavaScript heap out of memory

 9: 00007FF7F217CE69 
 9: 00007FF7F217CE69 
 9: 00007FF7F217CE69 
 9: 00007FF7F217CE69 
24: 00007FFD71AAE957 BaseThreadInitThunk+23
20: 00007FF7F218FDB5 
20: 00007FF7F1F24F0E 
 9: 00007FF7F217CE69 
 9: 00007FF7F217CE69 
 9: 00007FF7F217CE69 
 9: 00007FF7F217CE69 
20: 00007FF7F218FDB5 
12: 00007FF7F20DB87D v8::Context::GetIsolate+464861
20: 00007FF7F218FDB5 
 9: 00007FF7F217CE69 v8::CpuProfileNode::GetScriptResourceNameStr+110809
 9: 00007FF7F217CE69 
18: 00007FF7F1F051A2 
 9: 00007FF7F217CE69 
24: 00007FF7F18D7463 
 9: 00007FF7F217CE69 
20: 00007FF7F218FDB5 
18: 00007FF7F20DA657 
20: 00007FF7F218FDB5 
18: 00007FF7F20DA067 
 9: 00007FF7F213E46E 
 9: 00007FF7F217CE69 
 9: 00007FF7F217CE69 
19: 00007FF7F1F099C3 
24: 00007FFD72CA7C1C 
19: 00007FF7F20DD586 
18: 00007FF7F20E0DD8 
 9: 00007FF7F217CE69 
18: 00007FF7F1F2FECB 
18: 00007FF7F20E0566 
18: 00007FF7F21A3BDB 
19: 00007FF7F1EB8B8A 
18: 00007FF7F20E0627 v8::Context::GetIsolate+484743
24: 00007FF7F30D4C2E 
18: 00007FF7F20E0627 v8::Context::GetIsolate+484743
18: 00007FF7F1F28D63 v8::base::Thread::StartSynchronously+225235
18: 00007FF7F21A3BDB v8::internal::StrongRootAllocatorBase::StrongRootAllocatorBase+68763
24: 00007FFD71AAE957 BaseThreadInitThunk+23
18: 00007FF7F20DA657 v8::Context::GetIsolate+460215
18: 00007FF7F20DDEF9 v8::Context::GetIsolate+474713
19: 00007FF7F20DD63D 
18: 00007FF7F21A3BDB v8::internal::StrongRootAllocatorBase::StrongRootAllocatorBase+68763
19: 00007FF7F20C789B 
24: 00007FFD71AAE957 BaseThreadInitThunk+23
20: 00007FF7F1F01FF3 
25: 00007FF7F30D4C2E 
20: 00007FF7F1F2AF99 
21: 00007FF7F1802345 
20: 00007FF7F1F2AA5A 
25: 00007FFD72CA7C1C 
20: 00007FF7F1F19CB3 
21: 00007FF7F1F0EEBC 
19: 00007FF7F1F2DAB6 
20: 00007FF7F1F2AA5A 
21: 00007FF7F1F0E4A5 
21: 00007FF7F1F0E4A5 
21: 00007FF7F1F30F9A 
10: 00007FF7F213EF80 
19: 00007FF7F21943B2 
21: 00007FF7F1F2D999 
12: 00007FF7F25524F5 
20: 00007FF7F1F01FF3 
19: 00007FF7F21943B2 
21: 00007FF7F1F087E8 
21: 00007FF7F1F0EEBC 
21: 00007FF7F1F087E8 
----- Native stack trace -----
21: 00007FF7F1EB49D9 
21: 00007FF7F1F35271 
21: 00007FF7F1F0EEBC 
21: 00007FF7F1B1309D 
10: 00007FF7F2181304 
10: 00007FF7F2181304 
21: 7FF8000000000000 
10: 00007FF7F2181304 
20: 00007FF7F1F02B73 
 4: 00007FF7F234D8D6 
25: 00007FF7F30D4C2E 
19: 00007FF7F1F1F207 
19: 00007FF7F20C789B 
19: 00007FF7F1F32D0C 
19: 00007FF7F1F27675 
19: 00007FF7F1F28DD8 v8::base::Thread::StartSynchronously+225352
19: 00007FF7F20E35C5 
19: 00007FF7F21943B2 v8::internal::StrongRootAllocatorBase::StrongRootAllocatorBase+5234
19: 00007FF7F22CBDB8 v8::SharedValueConveyor::SharedValueConveyor+45608
19: 00007FF7F20DA067 v8::Context::GetIsolate+458695
19: 00007FF7F21943B2 v8::internal::StrongRootAllocatorBase::StrongRootAllocatorBase+5234
19: 00007FF7F1F24A2F v8::base::Thread::StartSynchronously+208031
19: 00007FF7F20E0627 
19: 00007FF7F20DA514 
19: 00007FF7F1F28DD8 
19: 00007FF7F1F28DD8 
19: 00007FF7F23485E9 
19: 00007FF7F21943B2 
19: 00007FF7F20DA514 
19: 00007FF7F1F0DC62 
19: 00007FF7F20E0627 
19: 00007FF7F20DA067 
19: 00007FF7F20E0627 
19: 00007FF7F20C789B 
19: 00007FF7F20DA514 
21: 00007FF7F1F087E8 
20: 00007FF7F218FDB5 
----- Native stack trace -----
10: 00007FF7F213E911 
21: 00007FF7F1F35271 
19: 00007FF7F20DA514 
20: 00007FF7F1F0DC62 
10: 00007FF7F2134B3D 
20: 00007FF7F1F07F5D 
----- Native stack trace -----
20: 00007FF7F1F35271 
19: 00007FF7F20DA514 
21: 00007FF7F20D7F00 
20: 00007FF7F218FDB5 
19: 00007FF7F20E0627 
21: 00007FF7F21943B2 
21: 00007FF7F1F1F207 
20: 00007FF7F1F2B539 
21: 00007FF7F1B1309D 
19: 00007FF7F20DD586 
19: 00007FF7F20DD586 
10: 00007FF7F2181304 
20: 00007FF7F1EB49D9 
21: 00007FF7F1B1309D 
10: 00007FF7F2181304 
21: 00007FF7F1F087E8 
 3: 00007FF7F2360C51 
10: 00007FF7F2181304 
20: 00007FF7F1F2BF71 
10: 00007FF7F2181304 
22: 00007FF7F1F0D7F7 
21: 00007FF7F1B1309D 
22: 00007FF7F1F0D7F7 
10: 00007FF7F2181304 
20: 00007FF7F1F0D8B3 
10: 00007FF7F2181304 
10: 00007FF7F2181304 
21: 7FF8000000000000 
20: 00007FF7F20D82F2 
19: 00007FF7F1F0A128 
21: 00007FF7F1F2AF99 
19: 00007FF7F1F099C3 
10: 00007FF7F2181304 
21: 00007FF7F1F2D999 
10: 00007FF7F2181304 
10: 00007FF7F2181304 
21: 00007FF7F1B1309D 
20: 00007FF7F1F0303D 
19: 00007FF7F1F07F5D 
20: 00007FF7F1F283C8 
10: 00007FF7F2181304 
10: 00007FF7F2181304 
 8: 00007FF7F2176B2E 
10: 00007FF7F2181304 
----- Native stack trace -----
----- Native stack trace -----
10: 00007FF7F2181304 
10: 00007FF7F2181304 
10: 00007FF7F2181304 
10: 00007FF7F2181304 
25: 00007FFD72CA7C1C 
21: 00007FF7F1B1309D 
21: 00007FF7F1F30F9A 
10: 00007FF7F2181304 
10: 00007FF7F2181304 
10: 00007FF7F2181304 
10: 00007FF7F2181304 
21: 00007FF7F1B1309D 
13: 00007FF7F20E0E68 v8::Context::GetIsolate+486856
21: 00007FF7F1B1309D 
10: 00007FF7F2181304 v8::CpuProfileNode::GetScriptResourceNameStr+128372
10: 00007FF7F2181304 
10: 00007FF7F2181304 
10: 00007FF7F2181304 
25: 00007FF7F30D4C2E 
19: 00007FF7F1F0571E 
21: 00007FF7F1B1309D 
19: 00007FF7F20DA514 
19: 00007FF7F20DD586 
21: 00007FF7F1B1309D 
10: 00007FF7F213E911 
10: 00007FF7F2181304 
10: 00007FF7F2181304 
20: 00007FF7F1F01FF3 
20: 00007FF7F20E0C32 
19: 00007FF7F20DA067 
19: 00007FF7F1F2964F 
10: 00007FF7F2181304 
19: 00007FF7F20DA067 
19: 00007FF7F21943B2 
20: 00007FF7F1EB51F3 
25: 00007FFD71AAE957 
19: 00007FF7F20DA067 v8::Context::GetIsolate+458695
19: 00007FF7F20DA067 v8::Context::GetIsolate+458695
19: 00007FF7F21943B2 v8::internal::StrongRootAllocatorBase::StrongRootAllocatorBase+5234
19: 00007FF7F1F29282 v8::base::Thread::StartSynchronously+226546
25: 00007FFD72CA7C1C RtlUserThreadStart+44
19: 00007FF7F20DA514 v8::Context::GetIsolate+459892
19: 00007FF7F20E0627 v8::Context::GetIsolate+484743
20: 00007FF7F20E0566 
19: 00007FF7F21943B2 v8::internal::StrongRootAllocatorBase::StrongRootAllocatorBase+5234
20: 00007FF7F22C83A8 
25: 00007FFD72CA7C1C RtlUserThreadStart+44
21: 00007FF7F1F0EEBC 
26: 00007FFD71AAE957 
21: 00007FF7F1F1F207 
22: 00007FF7F1801BBD 
21: 00007FF7F1F2AFD7 
21: 00007FF7F1F2E007 
22: 00007FF7F1F0F12E 
20: 00007FF7F1F2AF99 
21: 00007FF7F1F2AFD7 
22: 00007FF7F1F0D7F7 
22: 00007FF7F1F0D7F7 
22: 00007FF7F1F283C8 
11: 00007FF7F213E8B9 
20: 00007FF7F218FDB5 
22: 00007FF7F1F2AF99 
13: 00007FF7F1754540 
22: 00007FF7F1F28D63 
20: 00007FF7F218FDB5 
22: 00007FF7F1F08B29 
22: 00007FF7F1F0F12E 
22: 00007FF7F1F08B29 

22: 00007FF7F1EB5B82 
21: 00007FF7F1F051A2 
22: 00007FF7F1F0F12E 
22: 7FF8000000000000 
11: 00007FF7F25524F5 
11: 00007FF7F25524F5 
11: 00007FF7F25524F5 
21: 00007FF7F1F09A9E 
 7: 00007FF7F217F77A 
26: 00007FFD71AAE957 
20: 00007FF7F1F32D0C 
20: 00007FF7F22C83A8 
20: 00007FF7F1F331B4 
20: 00007FF7F1F28DD8 
20: 00007FF7F1F19CB3 v8::base::Thread::StartSynchronously+163619
20: 00007FF7F20D82F2 
20: 00007FF7F23485E9 v8::ScriptCompiler::CompileFunctionInternal+697
20: 00007FF7F20DA067 
20: 00007FF7F20DD63D v8::Context::GetIsolate+472477
20: 00007FF7F218FDB5 v8::CpuProfileNode::GetScriptResourceNameStr+188453
20: 00007FF7F1F24F0E v8::base::Thread::StartSynchronously+209278
20: 00007FF7F218FDB5 v8::CpuProfileNode::GetScriptResourceNameStr+188453
20: 00007FF7F20E0536 
20: 00007FF7F1F19CB3 
20: 00007FF7F1F19CB3 
20: 00007FF7F2348324 
20: 00007FF7F218FDB5 
20: 00007FF7F20DA067 
20: 00007FF7F1F0303D 
20: 00007FF7F20E0536 
20: 00007FF7F20DD63D 
20: 00007FF7F20DA067 
20: 00007FF7F22C83A8 
20: 00007FF7F20E0536 
22: 00007FF7F1F08B29 
21: 00007FF7F1B1309D 

11: 00007FF7F213ED80 
22: 00007FF7F1F28D63 
20: 00007FF7F20E0536 
21: 00007FF7F1F0DAED 
11: 00007FF7F2137B3F 
21: 00007FF7F1F087E8 

21: 00007FF7F1F28D63 
20: 00007FF7F20E0536 
22: 00007FF7F20C789B 
21: 00007FF7F1B1309D 
20: 00007FF7F20DA067 
22: 00007FF7F218FDB5 
22: 00007FF7F1F32D0C 
21: 00007FF7F1F2D81A 
22: 7FF8000000000000 
20: 00007FF7F20E0C32 
20: 00007FF7F20E0C32 
11: 00007FF7F255215F 
21: 00007FF7F1EB5B82 
22: 7FF8000000000000 
11: 00007FF7F25524F5 
22: 00007FF7F1F08B29 
11: 00007FF7F25524F5 
 8: 00007FF7F2176B2E 
21: 00007FF7F1F2D999 
11: 00007FF7F25524F5 
23: 00007FF7F1F0DC62 
22: 7FF8000000000000 
23: 00007FF7F1F0DC62 
11: 00007FF7F255215F 
11: 00007FF7F255215F 
21: 00007FF7F1F0DC62 
11: 00007FF7F255215F 
21: 00007FF7F20D7F00 
20: 00007FF7F1F0B578 
20: 00007FF7F1F01FF3 
22: 00007FF7F1F1F207 
11: 00007FF7F255215F 
11: 00007FF7F25524F5 
22: 00007FF7F1F2AF99 
11: 00007FF7F255215F 
22: 7FF8000000000000 
21: 00007FF7F1F0CDA9 
20: 00007FF7F1F01E15 
21: 00007FF7F1F27675 
11: 00007FF7F25524F5 
11: 00007FF7F255215F 
 9: 00007FF7F217CE69 
11: 00007FF7F25524F5 


11: 00007FF7F25524F5 
11: 00007FF7F25524F5 
11: 00007FF7F255215F 
11: 00007FF7F25524F5 
22: 7FF8000000000000 
22: 00007FF7F1F283C8 
11: 00007FF7F25524F5 
11: 00007FF7F25524F5 
11: 00007FF7F25524F5 
11: 00007FF7F255215F 
22: 7FF8000000000000 
14: 00007FF7F20DA067 v8::Context::GetIsolate+458695
22: 7FF8000000000000 
11: 00007FF7F255215F v8::PropertyDescriptor::writable+1996095
11: 00007FF7F255215F 
11: 00007FF7F25524F5 
11: 00007FF7F25524F5 
26: 00007FFD71AAE957 
20: 00007FF7F1F0D8B3 
22: 7FF8000000000000 
20: 00007FF7F20E0536 
20: 00007FF7F20E0C32 
22: 7FF8000000000000 
11: 00007FF7F213ED80 
11: 00007FF7F25524F5 
11: 00007FF7F255215F 
21: 00007FF7F1F051A2 
21: 00007FF7F20DA067 
20: 00007FF7F20DD63D 
11: 00007FF7F25524F5 
20: 00007FF7F1F2FECB 
20: 00007FF7F20E35C5 
20: 00007FF7F218FDB5 
21: 00007FF7F1EB49D9 
26: 00007FFD72CA7C1C 
20: 00007FF7F20E35C5 v8::Context::GetIsolate+496933
20: 00007FF7F20E35C5 v8::Context::GetIsolate+496933
20: 00007FF7F218FDB5 v8::CpuProfileNode::GetScriptResourceNameStr+188453
20: 00007FF7F1F1FD1B v8::base::Thread::StartSynchronously+188299
20: 00007FF7F20E0536 v8::Context::GetIsolate+484502
20: 00007FF7F20DA067 v8::Context::GetIsolate+458695
21: 00007FF7F20DA067 
20: 00007FF7F218FDB5 v8::CpuProfileNode::GetScriptResourceNameStr+188453
21: 00007FF7F22C16B8 
22: 00007FF7F1F0F12E 
27: 00007FFD72CA7C1C 
22: 00007FF7F1F24A2F 
23: 00007FF7F17FFD81 
22: 00007FF7F1F1320C 
22: 00007FF7F1F1F207 
23: 00007FF7F1F0DCDA 
21: 00007FF7F1F1F207 
22: 00007FF7F1F1F207 
23: 00007FF7F1F0DC62 
23: 00007FF7F1F0DC62 
23: 00007FF7F1F1EE4B 
12: 00007FF7F213ED80 
21: 00007FF7F1B1309D 
23: 00007FF7F1F0DCDA 
14: 00007FF7F18D7463 
22: 00007FF7F1F0571E 
21: 00007FF7F1B1309D 
23: 00007FF7F1F0DBFA 
23: 00007FF7F1F0DCDA 
23: 00007FF7F1F0DBFA 
22: 00007FF7F1F01FF3 
23: 00007FF7F1EB6401 
23: 00007FF7F1F2C8E1 
23: 00007FF7F1F1F207 
12: 00007FF7F1754540 
12: 00007FF7F1754540 
12: 00007FF7F1754540 
 1: 00007FF7F187711D 
 5: 00007FF7F219AA20 
27: 00007FFD72CA7C1C 
21: 00007FF7F1F331B4 
21: 00007FF7F22C16B8 
21: 00007FF7F1F283C8 
21: 00007FF7F1F19CB3 
21: 00007FF7F1F2E007 v8::base::Thread::StartSynchronously+246391
21: 00007FF7F20D7F00 
21: 00007FF7F2348324 v8::ScriptCompiler::CompileFunction+84
21: 00007FF7F1B1309D BIO_ssl_shutdown+189
21: 00007FF7F20E0566 v8::Context::GetIsolate+484550
21: 00007FF7F1B1309D BIO_ssl_shutdown+189
21: 00007FF7F1F30F9A v8::base::Thread::StartSynchronously+258570
21: 00007FF7F20E35C5 
21: 00007FF7F20DA067 
21: 00007FF7F1F2E007 
21: 00007FF7F1F2E007 
21: 00007FF7F17E7D3D 
21: 00007FF7F1B1309D 
21: 00007FF7F20E35C5 
21: 00007FF7F1F0CDA9 
21: 00007FF7F20DA067 
21: 00007FF7F20E0566 
21: 00007FF7F20E35C5 
21: 00007FF7F22C16B8 
21: 00007FF7F20DA067 
23: 00007FF7F1F0DBFA 
22: 7FF8000000000000 
 1: 00007FF7F187711D 
12: 00007FF7F255215F 
23: 00007FF7F1F2C8E1 
21: 00007FF7F20DA067 
22: 00007FF7F1F0F9F1 
12: 00007FF7F213CE78 
22: 00007FF7F1F08B29 
 1: 00007FF7F187711D 
22: 00007FF7F1F29282 
21: 00007FF7F20DA067 
23: 00007FF7F22C83A8 
22: 7FF8000000000000 
21: 00007FF7F20E35C5 
23: 00007FF7F1B1309D 
23: 00007FF7F1F331B4 
22: 00007FF7F1F2AF99 
21: 00007FF7F20DA067 
21: 00007FF7F20DA067 
12: 00007FF7F2551F56 
22: 00007FF7F1EB6B29 
12: 00007FF7F1754540 
23: 00007FF7F1F0DBFA 
12: 00007FF7F1754540 
 4: 00007FF7F234D8D6 
22: 00007FF7F1F2AF99 
12: 00007FF7F1754540 
24: 00007FF7F1F0303D 
24: 00007FF7F1F0303D 
12: 00007FF7F2551F56 
12: 00007FF7F2551F56 
22: 00007FF7F1F0DAED 
12: 00007FF7F2551F56 
22: 00007FF7F20C789B 
21: 00007FF7F1F09975 
23: 00007FF7F1F2CE04 
21: 00007FF7F1F051A2 
12: 00007FF7F2551F56 
23: 00007FF7F1F1F207 
12: 00007FF7F1754540 
12: 00007FF7F2551F56 
22: 00007FF7F1F0DC62 
21: 00007FF7F1F0217A 
22: 00007FF7F1F28DD8 
12: 00007FF7F1754540 
12: 00007FF7F2551F56 
10: 00007FF7F2181304 
12: 00007FF7F1754540 
 1: 00007FF7F187711D 
 1: 00007FF7F187711D 
12: 00007FF7F1754540 
12: 00007FF7F1754540 
12: 00007FF7F2551F56 
12: 00007FF7F1754540 
23: 00007FF7F1F1EE4B 
12: 00007FF7F1754540 
12: 00007FF7F1754540 
12: 00007FF7F1754540 
12: 00007FF7F2551F56 
12: 00007FF7F2551F56 v8::PropertyDescriptor::writable+1995574
15: 00007FF7F20DD586 v8::Context::GetIsolate+472294
12: 00007FF7F2551F56 
12: 00007FF7F1754540 
27: 00007FFD72CA7C1C 
12: 00007FF7F1754540 
21: 00007FF7F1F0DC62 
21: 00007FF7F20DA067 
21: 00007FF7F20DA067 
12: 00007FF7F255215F 
12: 00007FF7F1754540 
12: 00007FF7F2551F56 
22: 00007FF7F1F0571E 
22: 00007FF7F20DD63D 
21: 00007FF7F20E0566 
12: 00007FF7F1754540 
21: 00007FF7F1F2964F 
21: 00007FF7F20D82F2 
21: 00007FF7F1B1309D 
22: 00007FF7F1EB49D9 
21: 00007FF7F20DA657 v8::Context::GetIsolate+460215
21: 00007FF7F20DA657 v8::Context::GetIsolate+460215
21: 00007FF7F1B1309D BIO_ssl_shutdown+189
21: 00007FF7F1F283C8 v8::base::Thread::StartSynchronously+222776
21: 00007FF7F20DA067 v8::Context::GetIsolate+458695
21: 00007FF7F20E35C5 v8::Context::GetIsolate+496933
22: 00007FF7F20E35C5 
21: 00007FF7F1B1309D BIO_ssl_shutdown+189
22: 00007FF7F22C695F 
23: 00007FF7F1F0DCDA 
23: 00007FF7F1F24F0E 
24: 00007FF79234FA64 
23: 00007FF7F1F24A2F 
23: 00007FF7F22C6650 
24: 00007FF7F1F0DAED 
22: 00007FF7F1F24A2F 
23: 00007FF7F1F24A2F 
24: 00007FF7F1F0303D 
24: 00007FF7F1F0303D 
24: 00007FF7F1F1F417 
13: 00007FF7F25524F5 
22: 7FF8000000000000 
24: 00007FF7F1F32D0C 
15: 00007FF7F30D4C2E 
23: 00007FF7F1F0D8B3 
22: 7FF8000000000000 
24: 00007FF7F1F0DAED 
24: 00007FF7F1F0DAED 
24: 00007FF7F1F0DAED 
 2: 00007FF7F17DA138 
24: 00007FF7F1EB5406 
24: 00007FF7F1F2BF71 
24: 00007FF7F1F0DAED 
13: 00007FF7F18D7463 
13: 00007FF7F18D7463 
13: 00007FF7F18D7463 
23: 00007FF7F1F051A2 
 8: 00007FF7F2176B2E 
22: 00007FF7F1F283C8 
22: 00007FF7F22C695F 
22: 00007FF7F1F2E007 
22: 00007FF7F1F27675 
22: 00007FF7F1F1320C v8::base::Thread::StartSynchronously+136316
22: 00007FF7F20C789B 
22: 00007FF7F17E7D3D node::OnFatalError+56269
22: 7FF8000000000000 
22: 00007FF7F20DA067 v8::Context::GetIsolate+458695
22: 7FF8000000000000 
22: 00007FF7F1F20A6A v8::base::Thread::StartSynchronously+191706
22: 00007FF7F20D82F2 
22: 00007FF7F20E35C5 
22: 00007FF7F1F1320C 
22: 00007FF7F1F1320C 
22: 00007FF7F17E82A2 
22: 7FF8000000000000 
22: 00007FF7F20D82F2 
22: 00007FF7F1F0DC62 
22: 00007FF7F20E35C5 
22: 00007FF7F20DA067 
22: 00007FF7F20D82F2 
22: 00007FF7F22C695F 
22: 00007FF7F20E35C5 
24: 00007FF7F1F0DAED 
 2: 00007FF7F17DA138 
13: 00007FF7F2551F56 
24: 00007FF7F1F2BF71 
22: 00007FF7F20E35C5 
23: 00007FF7F1F35271 
13: 00007FF7F213D877 
 2: 00007FF7F17DA138 
23: 00007FF7F1F0DBFA 
23: 00007FF7F1F29431 
22: 00007FF7F20E0643 
24: 00007FF7F22C16B8 
22: 00007FF7F20D82F2 
24: 7FF8000000000000 
24: 00007FF7F1F283C8 
23: 00007FF7F1F1F207 
22: 00007FF7F20DD63D 
22: 00007FF7F20DD63D 
13: 00007FF7F2175B17 
13: 00007FF7F18D7463 
23: 00007FF7F1EB54DA 
24: 00007FF7F1F0DAED 
13: 00007FF7F18D7463 
23: 00007FF7F1F1F207 
 9: 00007FF7F217CE69 
13: 00007FF7F18D7463 
25: 00007FF7F1F0CDA9 
25: 00007FF7F1F0CDA9 
13: 00007FF7F2175B17 
23: 00007FF7F1F0F9F1 
13: 00007FF7F2175B17 
13: 00007FF7F2175B17 
23: 00007FF7F22C83A8 
22: 00007FF7F1F01FF3 
24: 00007FF7F1F2C40D 
22: 00007FF7F1F0571E 
13: 00007FF7F2175B17 
24: 00007FF7F1F32D0C 
13: 00007FF7F18D7463 
13: 00007FF7F2175B17 
23: 00007FF7F1F0DAED 
22: 00007FF7F1F02061 
23: 00007FF7F1F19CB3 
13: 00007FF7F18D7463 
13: 00007FF7F2175B17 
11: 00007FF7F25524F5 
13: 00007FF7F18D7463 
 2: 00007FF7F17DA138 
 2: 00007FF7F17DA138 
13: 00007FF7F18D7463 
13: 00007FF7F18D7463 
13: 00007FF7F2175B17 
13: 00007FF7F18D7463 
24: 00007FF7F1F1F417 
13: 00007FF7F18D7463 
13: 00007FF7F18D7463 
13: 00007FF7F18D7463 
13: 00007FF7F2175B17 
16: 00007FF7F20E0C32 v8::Context::GetIsolate+486290
13: 00007FF7F2175B17 v8::CpuProfileNode::GetScriptResourceNameStr+81287
13: 00007FF7F2175B17 
13: 00007FF7F18D7463 
22: 00007FF7F20E35C5 
22: 00007FF7F1F0DAED 
13: 00007FF7F18D7463 
22: 00007FF7F20DD63D 
13: 00007FF7F2551F56 
13: 00007FF7F18D7463 
13: 00007FF7F2175B17 
23: 00007FF7F1F0D8B3 
23: 00007FF7F20E0566 
22: 00007FF7F20DA067 
13: 00007FF7F18D7463 
22: 00007FF7F1F2FECB 
22: 00007FF7F20D7F00 
22: 7FF8000000000000 
23: 00007FF7F1EB5B82 
22: 00007FF7F20DA514 v8::Context::GetIsolate+459892
22: 00007FF7F20DA514 v8::Context::GetIsolate+459892
22: 7FF8000000000000 
22: 00007FF7F1F27675 v8::base::Thread::StartSynchronously+219365
22: 00007FF7F20E35C5 v8::Context::GetIsolate+496933
22: 00007FF7F20D82F2 v8::Context::GetIsolate+451154
25: 00007FF7F1F0F9F1 
22: 7FF8000000000000 
23: 00007FF7F22CBDB8 
24: 00007FF7F1F0DAED 
24: 00007FF7F1F30F9A 
25: 00007FF7F1F0CDA9 
24: 00007FF7F22CBDB8 
23: 00007FF7F20DA657 
23: 00007FF7F1F24F0E 
24: 00007FF7F1F24F0E 
25: 00007FF7F1F0CDA9 
24: 00007FF7F1F24F0E 
25: 00007FF7F1F1F254 
14: 00007FF7F1754540 
25: 00007FF7F1F331B4 
16: 00007FFD71AAE957 
24: 00007FF7F1F0DC62 
25: 00007FF7F1F0F9F1 
25: 00007FF7F1F0F9F1 
25: 00007FF7F1F0F9F1 
 3: 00007FF7F2360C51 
25: 00007FF7F1EB8B8A 
25: 00007FF7F1F2D999 
25: 00007FF7F1F0F9F1 
14: 00007FF7F30D4C2E 
14: 00007FF7F30D4C2E 
14: 00007FF7F30D4C2E 
24: 00007FF7F1F0571E 
 6: 00007FF7F216E5EF 
23: 00007FF7F1F27675 
23: 00007FF7F22CBDB8 
23: 00007FF7F1F28DD8 
23: 00007FF7F1F1320C 
23: 00007FF7F22C6650 v8::SharedValueConveyor::SharedValueConveyor+23232
23: 00007FF7F22C83A8 
23: 00007FF7F17E82A2 node::OnFatalError+57650
23: 00007FF7F20E35C5 v8::Context::GetIsolate+496933
23: 00007FF7F1F2FEAA v8::base::Thread::StartSynchronously+254234
23: 00007FF7F20D7F40 
23: 00007FF7F20D82F2 
23: 00007FF7F22C6650 
23: 00007FF7F22C6650 
23: 00007FF79234FA64 
23: 00007FF7F20D7F40 
23: 00007FF7F1F0DAED 
23: 00007FF7F20D82F2 
23: 00007FF7F20E35C5 
23: 00007FF7F20D7F40 
23: 00007FF7F22CBDB8 
23: 00007FF7F20D82F2 
25: 00007FF7F1F0F9F1 
 3: 00007FF7F2360C51 
14: 00007FF7F213B69C 
25: 00007FF7F1F2D999 
23: 00007FF7F20D82F2 
24: 00007FF7F1F28D63 
14: 00007FF7F213E911 
24: 00007FF7F1F0DAED 
 3: 00007FF7F2360C51 
24: 00007FF7F1F283C8 
23: 00007FF7F20DA067 
25: 00007FF7F22C695F 
23: 00007FF7F20D7F40 
24: 00007FF7F1F32D0C 
25: 00007FF7F1F27675 
23: 00007FF7F20E0566 
23: 00007FF7F20E0566 
14: 00007FF7F217727C 
24: 00007FF7F1EB49D9 
14: 00007FF7F30D4C2E 
25: 00007FF7F1F0F9F1 
14: 00007FF7F30D4C2E 
 5: 00007FF7F219AA20 
24: 00007FF7F1F32D0C 
14: 00007FF7F30D4C2E 
26: 00007FF7F1F0C980 
26: 00007FF7F1F0C980 
14: 00007FF7F217727C 
14: 00007FF7F217727C 
24: 00007FF7F1F35271 
14: 00007FF7F217727C 
24: 00007FF7F22C16B8 
23: 00007FF7F1F0AAC4 
25: 00007FF7F1F2BF71 
23: 00007FF7F1F0D8B3 
14: 00007FF7F217727C 
25: 00007FF7F1F331B4 
14: 00007FF7F30D4C2E 
24: 00007FF7F1F0F9F1 
14: 00007FF7F217727C 
23: 00007FF7F1F015FF 
24: 00007FF7F1F2E007 
14: 00007FF7F30D4C2E 
14: 00007FF7F217727C 
12: 00007FF7F1754540 
14: 00007FF7F30D4C2E 
 3: 00007FF7F2360C51 
 3: 00007FF7F2360C51 
14: 00007FF7F30D4C2E 
14: 00007FF7F30D4C2E 
14: 00007FF7F217727C 
14: 00007FF7F30D4C2E 
25: 00007FF7F1F1F254 
14: 00007FF7F30D4C2E 
14: 00007FF7F30D4C2E 
14: 00007FF7F30D4C2E 
14: 00007FF7F217727C 
17: 00007FF7F20DA067 v8::Context::GetIsolate+458695
14: 00007FF7F217727C v8::CpuProfileNode::GetScriptResourceNameStr+87276
14: 00007FF7F217727C 
14: 00007FF7F30D4C2E 
14: 00007FF7F30D4C2E 
23: 00007FF7F1F0F9F1 
23: 00007FF7F20D82F2 
23: 00007FF7F20E0566 
14: 00007FF7F213B69C 
14: 00007FF7F30D4C2E 
14: 00007FF7F217727C 
24: 00007FF7F1F0DC62 
24: 00007FF7F20DA067 
14: 00007FF7F30D4C2E 
23: 00007FF7F20E35C5 
23: 00007FF7F1F2964F 
23: 00007FF7F20C789B 
24: 00007FF7F1EB6401 
23: 00007FF7F20E0536 v8::Context::GetIsolate+484502
23: 00007FF7F20E0536 v8::Context::GetIsolate+484502
23: 00007FF7F1F28DD8 v8::base::Thread::StartSynchronously+225352
23: 00007FF7F20D82F2 v8::Context::GetIsolate+451154
23: 00007FF7F20D7F40 v8::Context::GetIsolate+450208
24: 00007FF7F20DA514 
24: 00007FF7F23485E9 
25: 00007FF7F1F0F9F1 
25: 00007FF7F1F283C8 
25: 00007FF7F1F30F9A 
25: 00007FF7F23485E9 
26: 00007FF7F1F35271 
24: 00007FF7F1F30F9A 
25: 00007FF7F1F30F9A 
26: 00007FF7F1F0C980 
26: 00007FF7F1F0C980 
26: 00007FF7F1F24A2F 
15: 00007FF7F18D7463 
26: 00007FF7F1F283C8 
17: 00007FFD72CA7C1C 
25: 00007FF7F1F0DAED 
26: 00007FF7F1F35271 
26: 00007FF7F1F35271 
26: 00007FF7F1F35271 
 4: 00007FF7F234D8D6 
26: 00007FF7F1EB51F3 
26: 00007FF7F1F2AF99 
26: 00007FF7F1F35271 
15: 00007FFD71AAE957 
15: 00007FFD71AAE957 
15: 00007FFD71AAE957 
25: 00007FF7F1F0D8B3 
 9: 00007FF7F217CE69 
24: 00007FF7F1F28DD8 
24: 00007FF7F23485E9 
24: 00007FF7F1F19CB3 
24: 00007FF7F22C6650 
24: 00007FF7F22CBDB8 v8::SharedValueConveyor::SharedValueConveyor+45608
24: 00007FF7F22C16B8 
24: 00007FF7F20DA657 
24: 00007FF7F20DA657 v8::Context::GetIsolate+460215
24: 00007FF7F1F2964F v8::base::Thread::StartSynchronously+227519
24: 00007FF7F20C789B 
24: 00007FF7F20D7F40 
24: 00007FF7F22CBDB8 
24: 00007FF7F22CBDB8 
26: 00007FF7F1F35271 
24: 00007FF7F1F0F9F1 
24: 00007FF7F20D7F40 
24: 00007FF79234FA64 
24: 00007FF7F20C789B 
24: 00007FF7F23485E9 
24: 00007FF7F20D7F40 
24: 00007FF7F20C789B 
 4: 00007FF7F234D8D6 
15: 00007FF7F21A7C78 
26: 00007FF7F1F2AF99 
24: 00007FF7F20D7F40 
25: 00007FF7F1F29282 
15: 00007FF7F213ED80 
26: 00007FF7F22CBDB8 
 4: 00007FF7F234D8D6 
25: 00007FF7F1F27675 
24: 00007FF7F20E35C5 
25: 00007FF7F1F0F9F1 
24: 00007FF7F20C789B 
26: 00007FF7F1F28DD8 
25: 00007FF7F1F331B4 
24: 00007FF7F20DA067 
24: 00007FF7F20DA067 
15: 00007FF7F2176151 
25: 00007FF7F1EB49D9 
15: 00007FFD71AAE957 
26: 00007FF7F1F35271 
15: 00007FFD71AAE957 
10: 00007FF7F2181304 
25: 00007FF7F1F331B4 
15: 00007FFD71AAE957 
27: 00007FF7F1F08EA6 
15: 00007FF7F2176151 
27: 00007FF7F1F08EA6 
15: 00007FF7F2176151 
25: 00007FF7F1F28D63 
15: 00007FF7F2176151 
25: 00007FF7F22C695F 
24: 00007FF7F1F01A85 
15: 00007FF7F2176151 
24: 00007FF7F1F0DC62 
26: 00007FF7F1F2D999 
26: 00007FF7F1F283C8 
15: 00007FFD71AAE957 
15: 00007FF7F2176151 
25: 00007FF7F1F35271 
24: 00007FF7F1F09529 
25: 00007FF7F1F1320C 
15: 00007FFD71AAE957 
15: 00007FF7F2176151 
13: 00007FF7F18D7463 
15: 00007FFD71AAE957 
 4: 00007FF7F234D8D6 
 4: 00007FF7F234D8D6 
15: 00007FFD71AAE957 
15: 00007FFD71AAE957 
15: 00007FFD71AAE957 
15: 00007FF7F2176151 
26: 00007FF7F1F24A2F 
15: 00007FFD71AAE957 
15: 00007FFD71AAE957 
15: 00007FFD71AAE957 
15: 00007FF7F2176151 
18: 00007FF7F20DD63D v8::Context::GetIsolate+472477
15: 00007FF7F2176151 
15: 00007FF7F2176151 v8::CpuProfileNode::GetScriptResourceNameStr+82881
15: 00007FFD71AAE957 
15: 00007FFD71AAE957 
24: 00007FF7F1F35271 
24: 00007FF7F20D7F00 
24: 00007FF7F20DA067 
15: 00007FF7F21A7C78 
15: 00007FFD71AAE957 
15: 00007FF7F2176151 
25: 00007FF7F1F0DAED 
25: 00007FF7F20E35C5 
24: 00007FF7F20DA657 
15: 00007FFD71AAE957 
24: 00007FF7F1F2FECB 
24: 00007FF7F22C83A8 
25: 00007FF7F1EB5406 
24: 00007FF7F20DA067 v8::Context::GetIsolate+458695
24: 00007FF7F20DA067 v8::Context::GetIsolate+458695
24: 00007FF7F1F19CB3 v8::base::Thread::StartSynchronously+163619
24: 00007FF7F20D7F40 v8::Context::GetIsolate+450208
24: 00007FF7F20C789B v8::Context::GetIsolate+382971
25: 00007FF7F20E0536 
25: 00007FF7F2348324 
26: 00007FF7F1F35271 
26: 00007FF7F1F1EE4B 
26: 00007FF7F1F283C8 
26: 00007FF7F2348324 
27: 00007FF7F1F28D63 
25: 00007FF7F1F283C8 
26: 00007FF7F1F283C8 
27: 00007FF7F1F08EA6 
27: 00007FF7F1F08EA6 
27: 00007FF7F1F2DAB6 
16: 00007FF7F30D4C2E 
27: 00007FF7F1F27675 
26: 00007FF7F1F0F9F1 
27: 00007FF7F1F28D63 
27: 00007FF7F1F28D63 
 5: 00007FF7F219AA20 
27: 00007FF7F1F28D63 
27: 00007FF7F1EB49D9 
27: 00007FF7F1F1F207 
27: 00007FF7F1F28D63 
16: 00007FFD72CA7C1C 
16: 00007FFD72CA7C1C 
16: 00007FFD72CA7C1C 
26: 00007FF7F1F0DC62 
 7: 00007FF7F217F77A 
25: 00007FF7F1F19CB3 
25: 00007FF7F2348324 
25: 00007FF7F1F2E007 
25: 00007FF7F22CBDB8 
25: 00007FF7F23485E9 v8::ScriptCompiler::CompileFunctionInternal+697
25: 00007FF7F22C695F 
25: 00007FF7F1F2FECB v8::base::Thread::StartSynchronously+254267
25: 00007FF7F20DA514 v8::Context::GetIsolate+459892
25: 00007FF7F22C83A8 
25: 00007FF7F20C789B 
25: 00007FF7F23485E9 
25: 00007FF7F23485E9 
25: 00007FF7F22C83A8 
25: 00007FF7F1F35271 
25: 00007FF7F20C789B 
25: 00007FF7F20DA514 
25: 00007FF7F22C83A8 
25: 00007FF7F2348324 
25: 00007FF7F20C789B 
27: 00007FF7F1F28D63 
 5: 00007FF7F219AA20 
16: 00007FF7F21A3BEF 
27: 00007FF7F1F1F207 
25: 00007FF7F20C789B 
26: 00007FF7F1F29431 
16: 00007FF7F255215F 
26: 00007FF7F1F35271 
 5: 00007FF7F219AA20 
26: 00007FF7F1F28DD8 
25: 00007FF7F20DA657 
27: 00007FF7F23485E9 
25: 00007FF7F22C83A8 
27: 00007FF7F1F19CB3 
26: 00007FF7F1F283C8 
25: 00007FF7F20E35C5 
16: 00007FFD72CA7C1C 
16: 00007FF7F2175394 
26: 00007FF7F1EB5B82 
25: 00007FF7F20E35C5 
27: 00007FF7F1F28D63 
16: 00007FFD72CA7C1C 
 6: 00007FF7F216E5EF 
26: 00007FF7F1F283C8 
16: 00007FFD72CA7C1C RtlUserThreadStart+44
28: 00007FF7F1F0CDD6 
28: 00007FF7F1F0CDD6 
16: 00007FF7F2175394 
16: 00007FF7F2175394 
26: 00007FF7F1F29282 
16: 00007FF7F2175394 
26: 00007FF7F22CBDB8 
25: 00007FF7F1F0B568 
27: 00007FF7F1F2AF99 
25: 00007FF7F1F0DAED 
16: 00007FF7F2175394 
27: 00007FF7F1F27675 
16: 00007FFD72CA7C1C 
16: 00007FF7F2175394 
26: 00007FF7F1F28D63 
25: 00007FF7F1F099C3 
26: 00007FF7F22C6650 
16: 00007FFD72CA7C1C 
16: 00007FF7F2175394 
14: 00007FF7F30D4C2E 
16: 00007FFD72CA7C1C 
 5: 00007FF7F219AA20 
 5: 00007FF7F219AA20 
16: 00007FFD72CA7C1C 
16: 00007FFD72CA7C1C 
16: 00007FF7F2175394 
16: 00007FFD72CA7C1C 
27: 00007FF7F1F2DAB6 
16: 00007FFD72CA7C1C 
16: 00007FFD72CA7C1C 
16: 00007FFD72CA7C1C 
16: 00007FF7F2175394 
19: 00007FF7F20E0566 v8::Context::GetIsolate+484550
16: 00007FF7F2175394 v8::CpuProfileNode::GetScriptResourceNameStr+79364
16: 00007FF7F2175394 
16: 00007FFD72CA7C1C 
16: 00007FFD72CA7C1C 
25: 00007FF7F1F28D63 
16: 00007FF7F21A3BEF 
25: 00007FF7F20E35C5 
25: 00007FF7F20C789B 
16: 00007FFD72CA7C1C 
16: 00007FF7F2175394 
26: 00007FF7F1F0F9F1 
26: 00007FF7F20DA657 
25: 00007FF7F20DA514 
16: 00007FFD72CA7C1C 
25: 00007FF7F1F2964F 
25: 00007FF7F22C16B8 
26: 00007FF7F1EB49D9 
25: 00007FF7F20E0A7F v8::Context::GetIsolate+485855
25: 00007FF7F20E0A7F v8::Context::GetIsolate+485855
25: 00007FF7F1F2E007 v8::base::Thread::StartSynchronously+246391
25: 00007FF7F20C789B v8::Context::GetIsolate+382971
25: 00007FF7F22C83A8 v8::SharedValueConveyor::SharedValueConveyor+30744
26: 00007FF7F20DA067 
26: 00007FF7F17E7D3D 
27: 00007FF7F1F28D63 
27: 00007FF7F1F1F417 
27: 00007FF7F1F27675 
27: 00007FF7F17E7D3D 
28: 00007FF7F1F2C8E1 
26: 00007FF7F1F1EE4B 
27: 00007FF7F1F27675 
28: 00007FF7F1F0CDD6 
28: 00007FF7F1F0CDD6 
28: 00007FF7F1F2AF99 
17: 00007FFD71AAE957 
28: 00007FF7F1F28DD8 
27: 00007FF7F1F35271 
28: 00007FF7F1F2C8E1 
28: 00007FF7F1F2C8E1 
28: 00007FF7F1F2C8E1 
 1: 00007FF7F187711D 
28: 00007FF7F1EB49D9 
28: 00007FF7F1F32D0C 
28: 00007FF7F1F2C8E1 
27: 00007FF7F1F0303D 
10: 00007FF7F2181304 
26: 00007FF7F1F2E007 
26: 00007FF7F17E7D3D 
26: 00007FF7F1F1320C 
26: 00007FF7F23485E9 
26: 00007FF7F22CBDB8 
26: 00007FF7F2348324 v8::ScriptCompiler::CompileFunction+84
26: 00007FF7F20E0536 v8::Context::GetIsolate+484502
26: 00007FF7F1F283C8 v8::base::Thread::StartSynchronously+222776
26: 00007FF7F22C16B8 
26: 00007FF7F22C83A8 
26: 00007FF7F2348324 
26: 00007FF7F2348324 
26: 00007FF7F22C16B8 
26: 00007FF7F1F28D63 
26: 00007FF7F22C83A8 
26: 00007FF7F20E0536 
26: 00007FF7F22C16B8 
26: 00007FF7F17E7D3D 
26: 00007FF7F22C83A8 
28: 00007FF7F1F2C8E1 
 6: 00007FF7F216E5EF 
17: 00007FF7F21943B2 
28: 00007FF7F1F32D0C 
26: 00007FF7F22C83A8 
27: 00007FF7F1F283C8 
17: 00007FF7F2551F56 
27: 00007FF7F1F28D63 
 6: 00007FF7F216E5EF 
27: 00007FF7F1F19CB3 
26: 00007FF7F20DA514 
28: 00007FF7F2348324 
26: 00007FF7F22C16B8 
28: 00007FF7F1F2E007 
27: 00007FF7F1F27675 
26: 00007FF7F20DA657 
26: 00007FF7F20DA657 
17: 00007FF7F21A15EB 
27: 00007FF7F1EB6401 
28: 00007FF7F1F2C8E1 
11: 00007FF7F255215F 
27: 00007FF7F1F27675 
29: 00007FF7F1F0DC62 
29: 00007FF7F1F0DC62 
17: 00007FF7F21A15EB 
27: 00007FF7F1F29431 
17: 00007FF7F21A15EB 
17: 00007FF7F21A15EB 
27: 00007FF7F23485E9 
26: 00007FF7F1F09975 
28: 00007FF7F1F1F207 
26: 00007FF7F1F0F9F1 
17: 00007FF7F21A15EB 
28: 00007FF7F1F28DD8 
17: 00007FF7F21A15EB 
27: 00007FF7F1F29282 
26: 00007FF7F1F01FF3 
17: 00007FF7F21A15EB 
27: 00007FF7F22CBDB8 
15: 00007FFD71AAE957 
 6: 00007FF7F216E5EF 
 6: 00007FF7F216E5EF 
17: 00007FF7F21A15EB 
28: 00007FF7F1F2AF99 
17: 00007FF7F21A15EB 
20: 00007FF7F20DA067 v8::Context::GetIsolate+458695
17: 00007FF7F21A15EB v8::internal::StrongRootAllocatorBase::StrongRootAllocatorBase+59051
17: 00007FF7F21A15EB 
26: 00007FF7F1F29282 
26: 00007FF7F22C83A8 
26: 00007FF7F20DA657 
17: 00007FF7F21943B2 
17: 00007FF7F21A15EB 
27: 00007FF7F1F35271 
27: 00007FF7F20DA514 
26: 00007FF7F20E0536 
26: 00007FF7F1F2FECB 
26: 00007FF7F22C695F 
27: 00007FF7F1EB49D9 
26: 00007FF7F20DA067 v8::Context::GetIsolate+458695
26: 00007FF7F20DA067 v8::Context::GetIsolate+458695
26: 00007FF7F22C83A8 v8::SharedValueConveyor::SharedValueConveyor+30744
26: 00007FF7F1F1320C v8::base::Thread::StartSynchronously+136316
26: 00007FF7F22C16B8 v8::SharedValueConveyor::SharedValueConveyor+2856
27: 00007FF7F20E35C5 
27: 00007FF7F17E82A2 
28: 00007FF7F1F2C8E1 
28: 00007FF7F1F1F254 
28: 00007FF7F1F28DD8 
28: 00007FF7F17E82A2 
29: 00007FF7F1F2BF71 
27: 00007FF7F1F1F417 
28: 00007FF7F1F28DD8 
29: 00007FF7F1F0DC62 
29: 00007FF7F1F0DC62 
29: 00007FF7F1F1F207 
18: 00007FFD72CA7C1C 
29: 00007FF7F1F19CB3 
28: 00007FF7F1F28D63 
29: 00007FF7F1F2BF71 
29: 00007FF7F1F2BF71 
29: 00007FF7F1F2BF71 
 6: 00007FF7F216E5EF 
29: 00007FF7F1EB5B82 
29: 00007FF7F1F331B4 
29: 00007FF7F1F2BF71 
28: 00007FF7F1F0CDA9 
 8: 00007FF7F2176B2E 
27: 00007FF7F1F1320C 
27: 00007FF7F22C6650 
27: 00007FF7F17E82A2 
27: 00007FF7F2348324 
27: 00007FF7F17E7D3D node::OnFatalError+56269
27: 00007FF7F23485E9 
27: 00007FF7F20DA067 v8::Context::GetIsolate+458695
27: 00007FF7F1F27675 v8::base::Thread::StartSynchronously+219365
27: 00007FF7F22C4C93 
27: 00007FF7F22C16B8 
27: 00007FF7F17E7D3D 
27: 00007FF7F17E7D3D 
27: 00007FF7F22C4C93 
27: 00007FF7F22C16B8 
27: 00007FF7F1F29282 
27: 00007FF7F20DA067 
27: 00007FF7F22C4C93 
27: 00007FF7F17E82A2 
27: 00007FF7F22C16B8 
29: 00007FF7F1F2BF71 
 7: 00007FF7F217F77A 
18: 00007FF7F218FDB5 
29: 00007FF7F1F331B4 
27: 00007FF7F22C16B8 
28: 00007FF7F1F27675 
28: 00007FF7F1F2C8E1 
18: 00007FF7F213B69C 
 7: 00007FF7F217F77A 
28: 00007FF7F1F2E007 
27: 00007FF7F20E0536 
29: 00007FF7F17E7D3D 
27: 00007FF7F22C4C93 
29: 00007FF7F1F1320C 
27: 00007FF7F20DA514 
28: 00007FF7F1F28DD8 
27: 00007FF7F20DA514 
18: 00007FF7F21A3BDB 
28: 00007FF7F1EB5406 
29: 00007FF7F1F2BF71 
 7: 00007FF7F217F77A 
28: 00007FF7F1F28DD8 
30: 00007FF7F1F0303D 
30: 00007FF7F1F0303D 
18: 00007FF7F21A3BDB 
18: 00007FF7F21A3BDB 
28: 00007FF7F1F283C8 
18: 00007FF7F21A3BDB 
28: 00007FF7F2348324 
27: 00007FF7F1F01FF3 
29: 00007FF7F1F32D0C 
27: 00007FF7F1F35271 
18: 00007FF7F21A3BDB 
29: 00007FF7F1F19CB3 
18: 00007FF7F21A3BDB 
28: 00007FF7F1F29431 
27: 00007FF7F1F051A2 
28: 00007FF7F23485E9 
18: 00007FF7F21A3BDB 
16: 00007FFD72CA7C1C 
 7: 00007FF7F217F77A 
 7: 00007FF7F217F77A 
18: 00007FF7F21A3BDB 
29: 00007FF7F1F1F207 
18: 00007FF7F21A3BDB 
21: 00007FF7F20E35C5 v8::Context::GetIsolate+496933
18: 00007FF7F21A3BDB v8::internal::StrongRootAllocatorBase::StrongRootAllocatorBase+68763
18: 00007FF7F21A3BDB 
27: 00007FF7F1F29431 
27: 00007FF7F22C16B8 
27: 00007FF7F20DA514 
18: 00007FF7F218FDB5 
18: 00007FF7F21A3BDB 
28: 00007FF7F1F28D63 
28: 00007FF7F20E0536 
27: 00007FF7F20DA067 
27: 00007FF7F1F2964F 
27: 00007FF7F22CBDB8 
28: 00007FF7F1EB5B82 
27: 00007FF7F20E35C5 v8::Context::GetIsolate+496933
27: 00007FF7F20E35C5 v8::Context::GetIsolate+496933
27: 00007FF7F22C6650 v8::SharedValueConveyor::SharedValueConveyor+23232
27: 00007FF7F22C4C93 v8::SharedValueConveyor::SharedValueConveyor+16643
27: 00007FF7F22C16B8 v8::SharedValueConveyor::SharedValueConveyor+2856
28: 00007FF7F20D82F2 
28: 00007FF79234FA64 
29: 00007FF7F1F2BF71 
29: 00007FF7F1F24A2F 
29: 00007FF7F1F19CB3 
29: 00007FF79234FA64 
30: 00007FF7F1F2D999 
28: 00007FF7F1F1F254 
29: 00007FF7F1F19CB3 
30: 00007FF7F1F0303D 
30: 00007FF7F1F0303D 
30: 00007FF7F1F24A2F 
30: 00007FF7F1F2E007 
29: 00007FF7F1F29282 
30: 00007FF7F1F2D999 
30: 00007FF7F1F2D999 
30: 00007FF7F1F2D999 
 2: 00007FF7F17DA138 
30: 00007FF7F1EB6401 
30: 00007FF7F1F283C8 
30: 00007FF7F1F2D999 
29: 00007FF7F1F0C980 
28: 00007FF7F22C6650 
11: 00007FF7F255215F 
28: 00007FF79234FA64 
28: 00007FF7F22CBDB8 
28: 00007FF7F1802345 
28: 00007FF7F17E82A2 node::OnFatalError+57650
28: 00007FF7F2348324 
28: 00007FF7F20E0683 v8::Context::GetIsolate+484835
28: 00007FF7F22C460A 
28: 00007FF7F1F28DD8 v8::base::Thread::StartSynchronously+225352
28: 00007FF7F22C4C93 
28: 00007FF7F17E82A2 
28: 00007FF7F17E82A2 
28: 00007FF7F22C460A 
28: 00007FF7F1F29431 
28: 00007FF7F22C4C93 
28: 00007FF7F22C460A 
28: 00007FF7F20E0683 
28: 00007FF79234FA64 
28: 00007FF7F22C4C93 
30: 00007FF7F1F2D999 
 8: 00007FF7F2176B2E 
19: 00007FF7F1B1309D 
30: 00007FF7F1F283C8 
28: 00007FF7F22C4C93 
29: 00007FF7F1F28DD8 
19: 00007FF7F21A7C78 
29: 00007FF7F1F2BF71 
29: 00007FF7F1F1320C 
 8: 00007FF7F2176B2E 
28: 00007FF7F20DA067 
30: 00007FF7F17E82A2 
28: 00007FF7F22C460A 
30: 00007FF7F22C6650 
29: 00007FF7F1F19CB3 
28: 00007FF7F20E0536 
28: 00007FF7F20E0536 
19: 00007FF7F21943B2 
29: 00007FF7F1EB49D9 
30: 00007FF7F1F2D999 
31: 00007FF7F1F0CDA9 
29: 00007FF7F1F19CB3 
12: 00007FF7F2551F56 
31: 00007FF7F1F0CDA9 
19: 00007FF7F21943B2 
19: 00007FF7F21943B2 
29: 00007FF7F1F27675 
19: 00007FF7F21943B2 
29: 00007FF7F17E7D3D 
28: 00007FF7F1F07A74 
30: 00007FF7F1F331B4 
28: 00007FF7F1F28D63 
21: 00007FF7F1B1309D 
30: 00007FF7F1F2E007 
19: 00007FF7F21943B2 
29: 00007FF7F1F283C8 
28: 00007FF7F1F0571E 
29: 00007FF7F2348324 
19: 00007FF7F21943B2 
 8: 00007FF7F2176B2E 
19: 00007FF7F21943B2 
 8: 00007FF7F2176B2E 
30: 00007FF7F1F24A2F 
19: 00007FF7F21943B2 
22: 00007FF7F20DA657 v8::Context::GetIsolate+460215
19: 00007FF7F21943B2 v8::internal::StrongRootAllocatorBase::StrongRootAllocatorBase+5234
19: 00007FF7F21943B2 
28: 00007FF7F1F283C8 
28: 00007FF7F22C695F 
28: 00007FF7F20E0536 
19: 00007FF7F1B1309D 
19: 00007FF7F21943B2 
29: 00007FF7F1F29282 
29: 00007FF7F20DA067 
28: 00007FF7F20E0683 
28: 00007FF7F1F2FECB 
28: 00007FF7F23485E9 
29: 00007FF7F1EB6401 
28: 00007FF7F20DA657 v8::Context::GetIsolate+460215
28: 00007FF7F20DA657 v8::Context::GetIsolate+460215
28: 00007FF7F22CBDB8 v8::SharedValueConveyor::SharedValueConveyor+45608
28: 00007FF7F22C4C93 v8::SharedValueConveyor::SharedValueConveyor+16643
28: 00007FF7F22C460A v8::SharedValueConveyor::SharedValueConveyor+14970
29: 00007FF7F20D7F00 
30: 00007FF7F1F2D999 
30: 00007FF7F1F2DAB6 
30: 00007FF7F1F2E007 
31: 00007FF7F1F2AF99 
29: 00007FF7F1F24A2F 
30: 00007FF7F1F2E007 
31: 00007FF7F1F0CDA9 
31: 00007FF7F1F0CDA9 
31: 00007FF7F1F24F0E 
31: 00007FF7F1F1320C 
30: 00007FF7F1F29431 
31: 00007FF7F1F2AF99 
31: 00007FF7F1F2AF99 
31: 00007FF7F1F2AF99 
 7: 00007FF7F217F77A 
31: 00007FF7F1EB5406 
31: 00007FF7F1F2AF99 
31: 00007FF7F1F1EE4B 
30: 00007FF7F1F08E77 
 9: 00007FF7F217CE69 
29: 00007FF7F22CBDB8 
29: 00007FF7F23485E9 
29: 00007FF7F1801BBD 
29: 00007FF79234FA64 
29: 00007FF7F17E7D3D 
29: 00007FF7F20DA067 v8::Context::GetIsolate+458695
29: 00007FF7F1F19484 v8::base::Thread::StartSynchronously+161524
29: 00007FF7F1E907E7 
29: 00007FF7F22C460A 
29: 00007FF79234FA64 
29: 00007FF79234FA64 
29: 00007FF7F1E907E7 
29: 00007FF7F1F283C8 
29: 00007FF7F22C460A 
29: 00007FF7F20DA067 
29: 00007FF7F1E907E7 
29: 00007FF7F22C460A 
31: 00007FF7F1F2AF99 
 9: 00007FF7F217CE69 
20: 7FF8000000000000 
31: 00007FF7F1F1EE4B 
29: 00007FF7F22C460A 
30: 00007FF7F1F19CB3 
20: 00007FF7F21A3BEF 
30: 00007FF7F1F2D999 
 9: 00007FF7F217CE69 
30: 00007FF7F22C6650 
29: 00007FF7F20E0643 
31: 00007FF79234FA64 
20: 00007FF7F218FDB5 
31: 00007FF7F1F2AF99 
30: 00007FF7F1F2E007 
29: 00007FF7F20DA067 
29: 00007FF7F20DA067 
29: 00007FF7F1E907E7 
30: 00007FF7F1EB6401 
31: 00007FF7F22CBDB8 
 8: 00007FF7F2176B2E 
30: 00007FF7F1F2E007 
32: 00007FF7F1F0CCD8 
32: 00007FF7F1F0CCD8 
20: 00007FF7F218FDB5 
20: 00007FF7F218FDB5 
30: 00007FF7F1F28DD8 
20: 00007FF7F218FDB5 
30: 00007FF7F17E82A2 
29: 00007FF7F1F01E6D 
31: 00007FF7F1F283C8 
29: 00007FF7F1F29282 
22: 7FF8000000000000 
31: 00007FF7F1F1320C 
20: 00007FF7F218FDB5 
30: 00007FF7F1F27675 
29: 00007FF7F1F0D8B3 
30: 00007FF7F17E7D3D 
20: 00007FF7F218FDB5 
 9: 00007FF7F217CE69 
 9: 00007FF7F217CE69 
20: 00007FF7F218FDB5 
31: 00007FF7F1F24F0E 
20: 00007FF7F218FDB5 
23: 00007FF7F20DA514 v8::Context::GetIsolate+459892
20: 00007FF7F218FDB5 v8::CpuProfileNode::GetScriptResourceNameStr+188453
20: 00007FF7F218FDB5 
29: 00007FF7F1F27675 
29: 00007FF7F22CBDB8 
29: 00007FF7F20DA067 
20: 7FF8000000000000 
20: 00007FF7F218FDB5 
30: 00007FF7F1F29431 
30: 00007FF7F20E35C5 
29: 00007FF7F20DA067 
29: 00007FF7F2348324 
29: 00007FF7F1F2964F 
30: 00007FF7F1EB5406 
29: 00007FF7F20DA514 v8::Context::GetIsolate+459892
29: 00007FF7F20DA514 v8::Context::GetIsolate+459892
29: 00007FF7F23485E9 v8::ScriptCompiler::CompileFunctionInternal+697
29: 00007FF7F22C460A v8::SharedValueConveyor::SharedValueConveyor+14970
29: 00007FF7F1E907E7 v8::base::AddressSpaceReservation::AddressSpaceReservation+359127
31: 00007FF7F1F2AF99 
30: 00007FF7F20C789B 
31: 00007FF7F1F2AF99 
31: 00007FF7F1F1320C 
32: 00007FF7F1F1F207 
30: 00007FF7F1F2DAB6 
31: 00007FF7F1F1320C 
32: 00007FF7F1F0CCD8 
32: 00007FF7F1F0CCD8 
32: 00007FF7F1F30F9A 
32: 00007FF7F22C6650 
31: 00007FF7F1F283C8 
32: 00007FF7F1F1F207 
32: 00007FF7F1F1F207 
32: 00007FF7F1F1F207 
 3: 00007FF7F2360C51 
32: 00007FF7F1F1F417 
32: 00007FF7F1EB49D9 
32: 00007FF7F1F1F207 
31: 00007FF7F1F0CDD6 
12: 00007FF7F2551F56 
30: 00007FF7F23485E9 
30: 00007FF7F2348324 
30: 00007FF7F17FFD81 
30: 00007FF7F20E35C5 v8::Context::GetIsolate+496933
30: 00007FF7F17E82A2 
30: 00007FF7F1F27BCE v8::base::Thread::StartSynchronously+220734
30: 00007FF7923ED4BA 
30: 00007FF7F1E907E7 
30: 00007FF7923ED4BA 
30: 00007FF7F1F27675 
30: 00007FF7F1E907E7 
30: 00007FF7F20E35C5 
30: 00007FF7923ED4BA 
30: 00007FF7F1E907E7 
32: 00007FF7F1F1F207 
10: 00007FF7F2181304 
 1: 00007FF7F187711D 
32: 00007FF7F1F1F417 
30: 00007FF7F1E907E7 
31: 00007FF7F1F2E007 
21: 00007FF7F21943B2 
31: 00007FF7F1F2AF99 
10: 00007FF7F2181304 
31: 00007FF7F22CBDB8 
30: 00007FF7F20DA067 
30: 00007FF7923ED4BA 
32: 00007FF7F23485E9 
31: 00007FF7F1F1320C 
30: 00007FF7F20E35C5 
30: 00007FF7F20E35C5 
21: 00007FF7F1B1309D 
31: 00007FF7F1EB5406 
32: 00007FF7F1F1F207 
13: 00007FF7F2175B17 
31: 00007FF7F1F1320C 
33: 00007FF7F1F07040 
33: 00007FF7F1F07040 
21: 00007FF7F1B1309D 
21: 00007FF7F1B1309D 
31: 00007FF7F1F19CB3 
21: 00007FF7F1B1309D 
31: 00007FF79234FA64 
30: 00007FF7F1F0217A 
32: 00007FF7F1F27675 
30: 00007FF7F1F29431 
32: 00007FF7F22C6650 
21: 00007FF7F1B1309D 
31: 00007FF7F1F28DD8 
30: 00007FF7F1F0DC62 
31: 00007FF7F17E82A2 
21: 00007FF7F1B1309D 
10: 00007FF7F2181304 
10: 00007FF7F2181304 
21: 00007FF7F1B1309D 
32: 00007FF7F1F30F9A 
24: 00007FF7F20E0536 v8::Context::GetIsolate+484502
21: 00007FF7F1B1309D 
21: 00007FF7F1B1309D BIO_ssl_shutdown+189
21: 00007FF7F1B1309D 
30: 00007FF7F1F28DD8 
30: 00007FF7F23485E9 
30: 00007FF7F20E35C5 
21: 00007FF7F1B1309D 
31: 00007FF7F1F283C8 
31: 00007FF7F20DA657 
30: 00007FF7F20E35C5 
30: 00007FF7F1F2FECB 
30: 00007FF7F17E7D3D 
31: 00007FF7F1EB49D9 
30: 00007FF7F20E0536 v8::Context::GetIsolate+484502
30: 00007FF7F20E0536 v8::Context::GetIsolate+484502
30: 00007FF7F1E907E7 v8::base::AddressSpaceReservation::AddressSpaceReservation+359127
30: 00007FF7F2348324 v8::ScriptCompiler::CompileFunction+84
30: 00007FF7923ED4BA 
31: 00007FF7F22C83A8 
32: 00007FF7F1F1F207 
32: 00007FF7F1F1F207 
32: 00007FF7F22C6650 
33: 00007FF7F1F32D0C 
31: 00007FF7F1F2AF99 
32: 00007FF7F22C6650 
33: 00007FF7F1F07040 
33: 00007FF7F1F07040 
33: 00007FF7F1F283C8 
33: 00007FF7F22CBDB8 
32: 00007FF7F1F27675 
33: 00007FF7F1F32D0C 
33: 00007FF7F1F32D0C 
33: 00007FF7F1F32D0C 
 8: 00007FF7F2176B2E 
33: 00007FF7F1EB49D9 
33: 00007FF7F1F32D0C 
33: 00007FF7F1F1F254 
32: 00007FF7F1F0DC62 
31: 00007FF7F2348324 
10: 00007FF7F2181304 
31: 00007FF7F17E7D3D 
31: 00007FF79234FA64 
31: 00007FF79234FA64 
31: 00007FF7F20D82F2 v8::Context::GetIsolate+451154
31: 00007FF7F1F12F70 v8::base::Thread::StartSynchronously+135648
31: 00007FF7923ED4BA 
31: 00007FF7F1F28DD8 
31: 00007FF7923ED4BA 
31: 00007FF7F20D82F2 
31: 00007FF7923ED4BA 
33: 00007FF7F1F32D0C 
11: 00007FF7F25524F5 
 2: 00007FF7F175181F 
33: 00007FF7F1F1F254 
31: 00007FF7923ED4BA 
32: 00007FF7F1F1320C 
22: 00007FF7F218FDB5 
32: 00007FF7F1F1F207 
11: 00007FF7F255215F 
32: 00007FF7F23485E9 
31: 00007FF7F20E0683 
33: 00007FF7F2348324 
32: 00007FF7F22C6650 
31: 00007FF7F20DA657 
31: 00007FF7F20DA657 
22: 7FF8000000000000 
32: 00007FF7F1EB49D9 
33: 00007FF7F1F32D0C 
22: 7FF8000000000000 
32: 00007FF7F22C6650 
34: 00007FF7F1F0CE44 
34: 00007FF7F1F0CE44 
 9: 00007FF7F217CE69 
22: 7FF8000000000000 
32: 00007FF7F1F2E007 
22: 7FF8000000000000 
31: 00007FF7F1F02061 
33: 00007FF7F1F28DD8 
31: 00007FF7F1F283C8 
33: 00007FF7F22CBDB8 
22: 7FF8000000000000 
32: 00007FF7F1F19CB3 
31: 00007FF7F1F07F5D 
32: 00007FF79234FA64 
22: 7FF8000000000000 
11: 00007FF7F25524F5 
11: 00007FF7F25524F5 
22: 7FF8000000000000 
33: 00007FF7F1F283C8 
25: 00007FF7F20DA067 v8::Context::GetIsolate+458695
22: 7FF8000000000000 
22: 7FF8000000000000 
22: 7FF8000000000000 
31: 00007FF7F1F19CB3 
31: 00007FF7F2348324 
31: 00007FF7F20DA657 
22: 7FF8000000000000 
32: 00007FF7F1F27675 
32: 00007FF7F20DA514 
31: 00007FF7F20D82F2 
31: 00007FF7F1F283C8 
31: 00007FF7F17E82A2 
32: 00007FF7F1EB49D9 
31: 00007FF7F20DA067 v8::Context::GetIsolate+458695
31: 00007FF7F20DA067 v8::Context::GetIsolate+458695
31: 00007FF7F17E7D3D node::OnFatalError+56269
31: 00007FF7923ED4BA 
32: 00007FF7F22C16B8 
33: 00007FF7F1F32D0C 
33: 00007FF7F1F24A2F 
33: 00007FF7F22CBDB8 
34: 00007FF7F1F331B4 
32: 00007FF7F1F1F207 
33: 00007FF7F22CBDB8 
34: 00007FF7F1F0CE44 
34: 00007FF7F1F27675 
34: 00007FF7F1F0CE44 
34: 00007FF7F23485E9 
33: 00007FF7F1F28DD8 
34: 00007FF7F1F331B4 
34: 00007FF7F1F331B4 
34: 00007FF7F1F331B4 
 4: 00007FF7F234D8D6 
34: 00007FF7F1EB5B82 
34: 00007FF7F1F24A2F 
34: 00007FF7F1F331B4 
33: 00007FF7F1F0DAED 
13: 00007FF7F2175B17 
32: 00007FF7F17E7D3D 
32: 00007FF7F17E82A2 
32: 00007FF7F20D7F40 v8::Context::GetIsolate+450208
32: 00007FF7F22C4BDD v8::SharedValueConveyor::SharedValueConveyor+16461
32: 00007FF7F1F19CB3 
32: 00007FF7F20D7F40 
34: 00007FF7F1F331B4 
 3: 00007FF7F29C99E5 
12: 00007FF7F1754540 
34: 00007FF7F1F24A2F 
33: 00007FF7F22C6650 
23: 00007FF7F1B1309D 
33: 00007FF7F1F32D0C 
12: 00007FF7F2551F56 
33: 00007FF7F2348324 
32: 00007FF7F20DA067 
34: 00007FF7F17E7D3D 
33: 00007FF7F22CBDB8 
32: 00007FF7F20DA514 
32: 00007FF7F20DA514 
33: 00007FF7F1EB4B58 
34: 00007FF7F1F331B4 
14: 00007FF7F217727C 
33: 00007FF7F22CBDB8 
35: 00007FF7F1F0DC62 
35: 00007FF7F1F0DC62 
33: 00007FF7F1F1320C 
32: 00007FF7F1F015FF 
34: 00007FF7F1F19CB3 
32: 00007FF7F1F27675 
34: 00007FF7F23485E9 
33: 00007FF7F1F2E007 
32: 00007FF7F1F01E15 
12: 00007FF7F1754540 
12: 00007FF7F1754540 
26: 00007FF7F20E35C5 v8::Context::GetIsolate+496933
34: 00007FF7F1F27675 
32: 00007FF7F1F2E007 
32: 00007FF7F1802345 
32: 00007FF7F20DA514 
33: 00007FF7F1F28DD8 
33: 00007FF7F20E0536 
32: 00007FF7F20D7F40 
32: 00007FF7F1F27675 
32: 00007FF79234FA64 
33: 00007FF7F1EB5B82 
32: 00007FF7F20E0643 v8::Context::GetIsolate+484771
32: 00007FF7F17E82A2 node::OnFatalError+57650
32: 00007FF7F20E0643 v8::Context::GetIsolate+484771
33: 00007FF7F22C695F 
34: 00007FF7F1F331B4 
34: 00007FF7F1F24F0E 
34: 00007FF7F23485E9 
35: 00007FF7F1F283C8 
33: 00007FF7F1F24A2F 
34: 00007FF7F23485E9 
35: 00007FF7F1F0DC62 
35: 00007FF7F1F0DC62 
35: 00007FF7F1F28DD8 
35: 00007FF7F2348324 
34: 00007FF7F1F19CB3 
35: 00007FF7F1F2DAB6 
35: 00007FF7F1F283C8 
35: 00007FF7F1F283C8 
 9: 00007FF7F217CE69 
35: 00007FF7F1EB6401 
35: 00007FF7F1F283C8 
35: 00007FF7F1F283C8 
34: 00007FF7F1F0F9F1 
33: 00007FF79234FA64 
33: 00007FF7F17E82A2 
11: 00007FF7F25524F5 
33: 00007FF7F20C789B v8::Context::GetIsolate+382971
33: 00007FF7F22C460A v8::SharedValueConveyor::SharedValueConveyor+14970
33: 00007FF7F1F2E007 
35: 00007FF7F1F283C8 
33: 00007FF7F20C789B 
13: 00007FF7F18D7463 
 4: 00007FF7F213D3BB 
35: 00007FF7F1F2DAB6 
34: 00007FF7F22CBDB8 
24: 7FF8000000000000 
34: 00007FF7F1F331B4 
13: 00007FF7F2175B17 
34: 00007FF7F17E7D3D 
33: 00007FF7F20E35C5 
35: 00007FF7F17E82A2 
34: 00007FF7F23485E9 
33: 00007FF7F20E0536 
33: 00007FF7F20E0536 
34: 00007FF7F1EB6401 
35: 00007FF7F1F283C8 
10: 00007FF7F2181304 
34: 00007FF7F23485E9 
36: 00007FF7F1F07F5D 
36: 00007FF7F1F07F5D 
34: 00007FF7F22C6650 
33: 00007FF7F1F09529 
35: 00007FF7F1F2E007 
35: 00007FF7F2348324 
33: 00007FF7F1F28DD8 
34: 00007FF7F1F1320C 
33: 00007FF7F1F0217A 
13: 00007FF7F18D7463 
13: 00007FF7F18D7463 
35: 00007FF7F1F28DD8 
27: 00007FF7F20D82F2 v8::Context::GetIsolate+451154
33: 00007FF7F1F1320C 
33: 00007FF7F1801BBD 
33: 00007FF7F20E0536 
34: 00007FF7F1F19CB3 
34: 00007FF7F20DA067 
33: 00007FF7F20C789B 
33: 00007FF7F1F28DD8 
34: 00007FF7F1EB6401 
33: 00007FF7F20DA067 v8::Context::GetIsolate+458695
33: 00007FF7F20DA067 v8::Context::GetIsolate+458695
33: 00007FF79234FA64 
34: 00007FF7F22CBDB8 
35: 00007FF7F1F283C8 
35: 00007FF7F1F30F9A 
35: 00007FF7F2348324 
36: 00007FF7F1F1EE4B 
34: 00007FF7F1F24F0E 
35: 00007FF7F2348324 
36: 00007FF7F1F07F5D 
36: 00007FF7F1F07F5D 
36: 00007FF7F1F19CB3 
36: 00007FF7F17E7D3D 
35: 00007FF7F1F2E007 
36: 00007FF7F1F1EE4B 
36: 00007FF7F1F1EE4B 
36: 00007FF7F1F1EE4B 
 5: 00007FF7F219AA20 
36: 00007FF7F1EB5406 
36: 00007FF7F1F2AF99 
36: 00007FF7F1F1EE4B 
35: 00007FF7F1F35271 
14: 00007FF7F217727C 
34: 00007FF79234FA64 
34: 00007FF7F22C83A8 v8::SharedValueConveyor::SharedValueConveyor+30744
37: 00007FF7F1F087E8 
34: 00007FF7F1F1320C 
34: 00007FF7F22C83A8 
36: 00007FF7F1F1EE4B 
14: 00007FF7F30D4C2E 
 5: 00007FF7F2138907 
36: 00007FF7F1F2AF99 
35: 00007FF7F23485E9 
35: 00007FF7F1F283C8 
14: 00007FF7F217727C 
35: 00007FF7F17E82A2 
34: 00007FF7F20D82F2 
36: 00007FF79234FA64 
35: 00007FF7F2348324 
34: 00007FF7F20DA067 
34: 00007FF7F20DA067 
35: 00007FF7F1EB5406 
36: 00007FF7F1F1EE4B 
15: 00007FF7F2176151 
35: 00007FF7F2348324 
37: 00007FF7F1F087E8 
34: 00007FF7F1E907E7 v8::base::AddressSpaceReservation::AddressSpaceReservation+359127
35: 00007FF7F22CBDB8 
34: 00007FF7F1F099C3 
36: 00007FF7F1F1320C 
35: 00007FF7F20E0A7F 
36: 00007FF7F17E7D3D 
35: 00007FF7F22C6650 
34: 00007FF7F1F02061 
14: 00007FF7F30D4C2E 
14: 00007FF7F30D4C2E 
36: 00007FF7F1F19CB3 
28: 00007FF7F20D7F40 v8::Context::GetIsolate+450208
34: 00007FF7F22C6650 
34: 00007FF7F17FFD81 
34: 00007FF7F20DA067 
35: 00007FF7F1F2E007 
34: 00007FF7F1F19CB3 
34: 00007FF7F22C83A8 
34: 00007FF7F1F19484 
36: 00007FF7F1F283C8 
34: 00007FF7F20E0683 v8::Context::GetIsolate+484835
34: 00007FF7F20E0683 v8::Context::GetIsolate+484835
35: 00007FF7F23485E9 
36: 00007FF7F1F1EE4B 
35: 00007FF7F1EB5406 
37: 00007FF7F1F087E8 
37: 00007FF7F1F1F417 
35: 00007FF7F1F30F9A 
36: 00007FF7F17E7D3D 
37: 00007FF7F1F087E8 
36: 00007FF7F17E7D3D 
37: 00007FF7F1F2E007 
36: 00007FF7F1F1320C 
37: 00007FF7F17E82A2 
37: 00007FF7F1F1F417 
37: 00007FF7F1F1F417 
37: 00007FF7F1F1F417 
10: 00007FF7F2181304 
37: 00007FF7F1EB49D9 
37: 00007FF7F1F1F207 
37: 00007FF7F1F1F417 
36: 00007FF7F1F28D63 
12: 00007FF7F1754540 
35: 00007FF7F22C16B8 v8::SharedValueConveyor::SharedValueConveyor+2856
35: 00007FF7923ED4BA 
35: 00007FF7F22C6650 
35: 00007FF7F22C16B8 
37: 00007FF7F1F1F417 
15: 00007FFD71AAE957 
 6: 00007FF7F2135645 
37: 00007FF7F1F1F207 
36: 00007FF7F2348324 
36: 00007FF7F1F1EE4B 
15: 00007FF7F2176151 
36: 00007FF79234FA64 
35: 00007FF7F20D7F40 
36: 00007FF7F17E7D3D 
35: 00007FF7F20E0A7F 
35: 00007FF7F20E0A7F 
36: 00007FF7F1EB8B8A 
37: 00007FF7F1F1F417 
11: 00007FF7F25524F5 
36: 00007FF7F17E7D3D 
38: 00007FF7F1F08B29 
38: 00007FF7F1F08B29 
36: 00007FF7F23485E9 
35: 00007FF7F1F01FF3 
37: 00007FF7F22C6650 
35: 00007FF7F1F2E007 
37: 00007FF7F17E82A2 
36: 00007FF7F22CBDB8 
35: 00007FF7F1F015FF 
15: 00007FFD71AAE957 
15: 00007FFD71AAE957 
37: 00007FF7F1F2E007 
29: 00007FF7F20C789B v8::Context::GetIsolate+382971
35: 00007FF7F22CBDB8 
35: 00007FF79234FA64 
35: 00007FF7F20E0A7F 
36: 00007FF7F1F1320C 
36: 00007FF7F20DA067 
35: 00007FF7F22C16B8 
35: 00007FF7F1F27BCE 
36: 00007FF7F1EB49D9 
35: 00007FF7F20DA067 v8::Context::GetIsolate+458695
35: 00007FF7F20DA067 v8::Context::GetIsolate+458695
36: 00007FF7F2348324 
37: 00007FF7F1F1F417 
37: 00007FF7F17E82A2 
37: 00007FF7F1F27675 
38: 00007FF7F1F1F254 
36: 00007FF7F1F283C8 
37: 00007FF7F17E82A2 
38: 00007FF7F1F08B29 
38: 00007FF7F1F08B29 
38: 00007FF7F1F1320C 
38: 00007FF79234FA64 
37: 00007FF7F22C6650 
38: 00007FF7F1F1F254 
38: 00007FF7F1F1F254 
38: 00007FF7F1F1F254 
 6: 00007FF7F216E5EF 
38: 00007FF7F1EB49D9 
38: 00007FF7F1F24A2F 
38: 00007FF7F1F1F254 
37: 00007FF7F1F29282 
15: 00007FF7F2176151 
36: 00007FF7F22C4C93 v8::SharedValueConveyor::SharedValueConveyor+16643
36: 00007FF7F22CBDB8 
36: 00007FF7F22C4C93 
38: 00007FF7F1F1F254 
16: 00007FFD72CA7C1C 
 7: 00007FF7F21354FF 
38: 00007FF7F1F24A2F 
37: 00007FF7F17E7D3D 
37: 00007FF7F1F1F417 
16: 00007FF7F2175394 
36: 00007FF7F20C789B 
37: 00007FF7F17E82A2 
36: 00007FF7F20DA067 
36: 00007FF7F20DA067 
37: 00007FF7F1EB4AD1 
38: 00007FF7F1F1F254 
16: 00007FF7F2175394 
37: 00007FF7F17E82A2 
39: 00007FF7F1F0DBFA 
39: 00007FF7F1F0DBFA 
37: 00007FF7F2348324 
36: 00007FF7F1F051A2 
38: 00007FF7F22CBDB8 
36: 00007FF7F1F1320C 
38: 00007FF79234FA64 
37: 00007FF7F23485E9 
36: 00007FF7F1F09529 
16: 00007FFD72CA7C1C 
16: 00007FFD72CA7C1C 
38: 00007FF7F1F1320C 
30: 00007FF7F22C83A8 v8::SharedValueConveyor::SharedValueConveyor+30744
36: 00007FF7F23485E9 
36: 00007FF7F20DA067 
37: 00007FF7F22C6650 
37: 00007FF7F20E35C5 
36: 00007FF7F22C4C93 
36: 00007FF7F1F12F70 
36: 00007FF7F20E0683 v8::Context::GetIsolate+484835
36: 00007FF7F20E0683 v8::Context::GetIsolate+484835
37: 00007FF7F1EB49D9 
37: 00007FF7F1802345 
38: 00007FF7F1F1F254 
38: 00007FF7F1F28DD8 
38: 00007FF79234FA64 
39: 00007FF7F1F24A2F 
37: 00007FF7F1F27675 
38: 00007FF79234FA64 
39: 00007FF7F1F0DBFA 
39: 00007FF7F1F0DBFA 
39: 00007FF7F22C6650 
38: 00007FF7F22CBDB8 
39: 00007FF7F1F24A2F 
39: 00007FF7F1F24A2F 
39: 00007FF7F1F24A2F 
39: 00007FF7F1F24A2F 
39: 00007FF7F1EB5B82 
40: 00007FF7F1F07F5D 
39: 00007FF7F1F24A2F 
38: 00007FF7F1F29431 
39: 00007FF7F23485E9 
37: 00007FF7F22C6650 
37: 00007FF7F23485E9 
37: 00007FF7F22C460A 
39: 00007FF7F1F24A2F 
 8: 00007FF7F2138A7F 
39: 00007FF7F1F24F0E 
38: 00007FF7F17E82A2 
38: 00007FF7F1F1F254 
17: 00007FF7F21A15EB 
37: 00007FF7F22C83A8 
38: 00007FF79234FA64 
37: 00007FF7F20E35C5 
37: 00007FF7F22C4BDD 
38: 00007FF7F1EB49D9 
37: 00007FF7F20DA067 v8::Context::GetIsolate+458695
12: 00007FF7F1754540 
38: 00007FF79234FA64 
40: 00007FF7F1F07F5D 
39: 00007FF7F1F24F0E 
38: 00007FF7F17E7D3D 
37: 00007FF7F1F0571E 
13: 00007FF7F18D7463 
37: 00007FF7F22C460A v8::SharedValueConveyor::SharedValueConveyor+14970
38: 00007FF7F2348324 
37: 00007FF7F1F099C3 
39: 00007FF7F22C6650 
31: 00007FF7F22C16B8 v8::SharedValueConveyor::SharedValueConveyor+2856
37: 00007FF7F2348324 
37: 00007FF7F20E35C5 
38: 00007FF7F22CBDB8 
38: 00007FF7F20DA657 
37: 00007FF7F22C460A 
37: 00007FF7F20E35C5 
38: 00007FF7F1EB5B82 
37: 00007FF7F20DA067 v8::Context::GetIsolate+458695
11: 00007FF7F255215F 
38: 00007FF7F1801BBD 
39: 00007FF7F1F24A2F 
39: 00007FF7F1F19CB3 
40: 00007FF7F1F2DAB6 
38: 00007FF7F1F28DD8 
40: 00007FF7F1F07F5D 
40: 00007FF7F1F07F5D 
40: 00007FF7F22CBDB8 
39: 00007FF7F23485E9 
40: 00007FF7F1F2DAB6 
40: 00007FF7F1F2DAB6 
40: 00007FF7F1F2DAB6 
 7: 00007FF7F217F77A 
40: 00007FF7F1EB6401 
40: 00007FF7F1F30F9A 
40: 00007FF7F1F2DAB6 
39: 00007FF7F1F283C8 
16: 00007FF7F2175394 
38: 00007FF7F1E907E7 v8::base::AddressSpaceReservation::AddressSpaceReservation+359127
38: 00007FF7F2348324 
38: 00007FF7F1E907E7 
40: 00007FF7F1F2DAB6 
 9: 00007FF7F213E46E 
40: 00007FF7F1F30F9A 
39: 00007FF79234FA64 
39: 00007FF7F1F24A2F 
18: 00007FF7F21A3BDB 
38: 00007FF7F22C16B8 
38: 00007FF7F20DA657 
38: 00007FF7F20DA657 
39: 00007FF7F1EB5012 
40: 00007FF7F1F2DAB6 
17: 00007FF7F21A15EB 
41: 00007FF7F1F087E8 
41: 00007FF7F1F087E8 
39: 00007FF7F17E82A2 
38: 00007FF7F1F0D8B3 
40: 00007FF7F2348324 
39: 00007FF7F17E7D3D 
38: 00007FF7F22CBDB8 
38: 00007FF7F1F01FF3 
40: 00007FF7F22CBDB8 
32: 00007FF7F22C695F v8::SharedValueConveyor::SharedValueConveyor+24015
38: 00007FF7F17E7D3D 
38: 00007FF7F20DA657 
39: 00007FF7F23485E9 
39: 00007FF7F20DA514 
38: 00007FF7F1E907E7 
38: 00007FF7F22C460A 
39: 00007FF7F1EB6401 
38: 00007FF7F20E0683 v8::Context::GetIsolate+484835
38: 00007FF7F20E0683 v8::Context::GetIsolate+484835
39: 00007FF7F17FFD81 
40: 00007FF7F1F2DAB6 
40: 00007FF7F1F2E007 
41: 00007FF7F1F2AF99 
39: 00007FF7F1F19CB3 
41: 00007FF7F1F087E8 
41: 00007FF7F1F087E8 
41: 00007FF7F23485E9 
40: 00007FF7F2348324 
41: 00007FF7F1F2AF99 
41: 00007FF7F1F2AF99 
41: 00007FF7F1F2AF99 
12: 00007FF7F2551F56 
41: 00007FF7F1EB5406 
41: 00007FF7F1F283C8 
41: 00007FF7F1F2AF99 
40: 00007FF7F1F27675 
14: 00007FF7F30D4C2E 
41: 00007FF7F1F28DD8 
39: 00007FF7F17E7D3D 
39: 00007FF7923ED4BA 
41: 00007FF7F1F2AF99 
10: 00007FF7F213E911 
41: 00007FF7F1F283C8 
40: 00007FF7F1F2DAB6 
19: 00007FF7F21943B2 
39: 00007FF7F22C4C93 
39: 00007FF7F20DA514 
39: 00007FF7F20DA514 
40: 00007FF7F1EB6401 
41: 00007FF7F1F2AF99 
13: 00007FF7F18D7463 
42: 00007FF7F1F08B29 
42: 00007FF7F1F08B29 
40: 00007FF79234FA64 
39: 00007FF7F1F0DC62 
41: 00007FF7F17E7D3D 
39: 00007FF7F23485E9 
40: 00007FF7F17E82A2 
39: 00007FF7F1F051A2 
41: 00007FF7F23485E9 
33: 00007FF7F22CBDB8 v8::SharedValueConveyor::SharedValueConveyor+45608
39: 00007FF7F17E82A2 
39: 00007FF7F20DA514 
40: 00007FF7F2348324 
40: 00007FF7F20E0536 
39: 00007FF7923ED4BA 
39: 00007FF7F1E907E7 
40: 00007FF7F1EB5406 
39: 00007FF7F20DA067 v8::Context::GetIsolate+458695
39: 00007FF7F20DA067 v8::Context::GetIsolate+458695
40: 00007FF79234FA64 
41: 00007FF7F1F2AF99 
41: 00007FF7F1F1320C 
42: 00007FF7F1F1F207 
40: 00007FF7F1F2E007 
41: 00007FF7F17E7D3D 
42: 00007FF7F1F08B29 
42: 00007FF7F2348324 
41: 00007FF7F17E7D3D 
42: 00007FF7F1F1F207 
42: 00007FF7F1F1F207 
42: 00007FF7F1F1F207 
 8: 00007FF7F2176B2E 
42: 00007FF7F1EB49D9 
42: 00007FF7F1F27675 
42: 00007FF7F1F1F207 
39: 00007FF7923ED4BA 
17: 00007FF7F21A15EB 
40: 00007FF7F17E82A2 
42: 00007FF7F1F1F207 
11: 00007FF7F213ED80 
42: 00007FF7F1F27675 
41: 00007FF7F1F2AF99 
20: 00007FF7F218FDB5 
40: 00007FF7F22C460A 
40: 00007FF7F20E0536 
40: 00007FF7F20E0536 
41: 00007FF7F1EB5406 
42: 00007FF7F1F1F207 
18: 00007FF7F21A3BDB 
43: 00007FF7F1F0DBFA 
43: 00007FF7F1F0DBFA 
40: 00007FF7F1F0303D 
42: 00007FF7F17E82A2 
40: 00007FF7F2348324 
41: 00007FF79234FA64 
40: 00007FF7F1F0571E 
42: 00007FF7F2348324 
34: 00007FF7F23485E9 v8::ScriptCompiler::CompileFunctionInternal+697
40: 00007FF79234FA64 
40: 00007FF7F20E0536 
42: 00007FF7F1F08B29 
41: 00007FF7F20DA067 
40: 00007FF7923ED4BA 
41: 00007FF7F1EB49D9 
40: 00007FF7F20E0683 v8::Context::GetIsolate+484835
40: 00007FF7F20E0683 v8::Context::GetIsolate+484835
42: 00007FF7F1F1F207 
42: 00007FF7F22C6650 
43: 00007FF7F1F24A2F 
41: 00007FF7F1F1320C 
43: 00007FF7F1F0DBFA 
43: 00007FF7F1F0DBFA 
43: 00007FF7F1EB49D9 
42: 00007FF7F17E82A2 
43: 00007FF7F1F24A2F 
43: 00007FF7F1F24A2F 
43: 00007FF7F1F24A2F 
13: 00007FF7F2175B17 
43: 00007FF7F17E7D3D 
43: 00007FF7F1F28DD8 
43: 00007FF7F1F24A2F 
42: 00007FF7F1F19CB3 
15: 00007FFD71AAE957 
41: 00007FF79234FA64 
43: 00007FF7F1F24A2F 
12: 00007FF7F25524F5 
43: 00007FF7F1F28DD8 
42: 00007FF7F1F1F207 
21: 00007FF7F1B1309D 
41: 00007FF7F1E907E7 
41: 00007FF7F20DA067 
41: 00007FF7F20DA067 
42: 00007FF7F1EB49D9 
43: 00007FF7F1F24A2F 
14: 00007FF7F30D4C2E 
41: 00007FF7F17E7D3D 
44: 00007FF7F1F0DAED 
41: 00007FF7F1F0CDA9 
43: 00007FF79234FA64 
44: 00007FF7F1F0DAED 
41: 00007FF7F1F0D8B3 
43: 00007FF7F17E7D3D 
35: 00007FF7F2348324 v8::ScriptCompiler::CompileFunction+84
41: 00007FF7F20DA067 
42: 00007FF7F17E82A2 
42: 00007FF7F20E0643 
44: 00007FF7F1F0DAED 
41: 00007FF7F20DA067 v8::Context::GetIsolate+458695
41: 00007FF7F20DA067 v8::Context::GetIsolate+458695
43: 00007FF7F1F24A2F 
43: 00007FF79234FA64 
44: 00007FF7F1F24F0E 
42: 00007FF7F22C6650 
42: 00007FF7F1EB49D9 
44: 00007FF7F1F0DAED 
44: 00007FF7F17E82A2 
43: 00007FF7F22CBDB8 
44: 00007FF7F1F24F0E 
44: 00007FF7F1F24F0E 
44: 00007FF7F1F24F0E 
 9: 00007FF7F217CE69 
44: 00007FF7F1EB5B82 
44: 00007FF7F1F19CB3 
44: 00007FF7F1F24F0E 
43: 00007FF7F1F2E007 
18: 00007FF7F21A3BDB 
44: 00007FF7F1F24F0E 
13: 00007FF7F1754540 
44: 00007FF7F1F19CB3 
43: 00007FF7F1F24A2F 
22: 7FF8000000000000 
42: 00007FF7923ED4BA 
42: 00007FF7F20E0643 
42: 00007FF7F20E0643 
43: 00007FF7F1EB49D9 
44: 00007FF7F1F24F0E 
19: 00007FF7F21943B2 
45: 00007FF7F1F0F9F1 
45: 00007FF7F1F0F9F1 
42: 00007FF7F1F0DC62 
42: 00007FF7F17E82A2 
42: 00007FF7F1F0DC62 
44: 00007FF7F17E82A2 
36: 00007FF7F17E7D3D node::OnFatalError+56269
42: 00007FF7F20E0643 
43: 00007FF79234FA64 
43: 00007FF7F20DA067 
43: 00007FF7F1EB5B82 
42: 00007FF7F20E0683 v8::Context::GetIsolate+484835
42: 00007FF7F20E0683 v8::Context::GetIsolate+484835
44: 00007FF7F1F24F0E 
44: 00007FF7F23485E9 
45: 00007FF7F1F30F9A 
43: 00007FF7F22CBDB8 
45: 00007FF7F1F0F9F1 
45: 00007FF7F1F0F9F1 
45: 00007FF79234FA64 
45: 00007FF7F1F30F9A 
45: 00007FF7F1F30F9A 
45: 00007FF7F1EB6401 
14: 00007FF7F217727C 
45: 00007FF7F1F30F9A 
45: 00007FF7F1F2E007 
45: 00007FF7F1F30F9A 
44: 00007FF7F1F1320C 
16: 00007FFD72CA7C1C 
45: 00007FF7F1F30F9A 
14: 00007FF7F18D7463 
45: 00007FF7F1F2E007 
44: 00007FF7F1F24F0E 
 1: 00007FF7F187711D 
43: 00007FF7F20DA067 
43: 00007FF7F20DA067 
44: 00007FF7F1EB6401 
45: 00007FF7F1F30F9A 
15: 00007FFD71AAE957 
46: 00007FF7F1F35271 
46: 00007FF7F1F35271 
43: 00007FF7F1F0DAED 
43: 00007FF79234FA64 
43: 00007FF7F1F0DAED 
45: 00007FF79234FA64 
37: 00007FF7F17E82A2 node::OnFatalError+57650
43: 00007FF7F20DA067 
44: 00007FF7F1EB6401 
44: 00007FF7F20E0683 
43: 00007FF7F20DA067 v8::Context::GetIsolate+458695
43: 00007FF7F20DA067 v8::Context::GetIsolate+458695
45: 00007FF7F1F30F9A 
45: 00007FF7F2348324 
46: 00007FF7F1F283C8 
44: 00007FF7F23485E9 
46: 00007FF7F1F35271 
46: 00007FF7F1F35271 
46: 00007FF7F1F283C8 
46: 00007FF7F1F283C8 
46: 00007FF7F1F283C8 
10: 00007FF7F2181304 
46: 00007FF7F1EB5406 
46: 00007FF7F1F1320C 
46: 00007FF7F1F283C8 
45: 00007FF7F22C6650 
19: 00007FF7F21943B2 
46: 00007FF7F1F283C8 
15: 00007FF7F30D4C2E 
46: 00007FF7F1F1320C 
45: 00007FF7F1F30F9A 
 2: 00007FF7F17DA138 
44: 00007FF7F20E0683 
44: 00007FF7F20E0683 
45: 00007FF7F1EB5406 
46: 00007FF7F1F283C8 
20: 00007FF7F218FDB5 
47: 00007FF7F1F28D63 
47: 00007FF7F1F28D63 
44: 00007FF7F1F0F9F1 
44: 00007FF7F1F0F9F1 
38: 00007FF79234FA64 
44: 00007FF7F20E0683 
45: 00007FF7F20DA067 
45: 00007FF7F1EB5406 
44: 00007FF7F20E35C5 v8::Context::GetIsolate+496933
44: 00007FF7F20E35C5 v8::Context::GetIsolate+496933
46: 00007FF7F1F283C8 
46: 00007FF7F17E7D3D 
47: 00007FF7F1F27675 
45: 00007FF7F2348324 
47: 00007FF7F1F28D63 
47: 00007FF7F1F27675 
47: 00007FF7F1F28D63 
47: 00007FF7F1F27675 
47: 00007FF7F1F27675 
15: 00007FF7F2176151 
47: 00007FF7F1EB49D9 
47: 00007FF7F22C6650 
47: 00007FF7F1F27675 
46: 00007FF7F22CBDB8 
20: 00007FF7F218FDB5 
47: 00007FF7F1F27675 
16: 00007FFD71AAE957 
47: 00007FF7F22C6650 
46: 00007FF7F1F283C8 
 3: 00007FF7F2360C51 
45: 00007FF7F20DA067 
45: 00007FF7F20DA067 
46: 00007FF7F1EB32E4 
47: 00007FF7F1F27675 
16: 00007FFD72CA7C1C 
48: 00007FF7F1F2C8E1 
45: 00007FF7F1F35271 
45: 00007FF7F1F35271 
48: 00007FF7F1F2C8E1 
45: 00007FF7F20DA067 
46: 00007FF7F20E35C5 
46: 00007FF7F1EB49D9 
45: 00007FF7F20DA657 v8::Context::GetIsolate+460215
45: 00007FF7F20DA657 v8::Context::GetIsolate+460215
47: 00007FF7F1F27675 
48: 00007FF7F1F28DD8 
47: 00007FF7F17E82A2 
46: 00007FF7F17E7D3D 
48: 00007FF7F1F2C8E1 
48: 00007FF7F1F2C8E1 
48: 00007FF7F1F28DD8 
48: 00007FF7F1F28DD8 
48: 00007FF7F1F28DD8 
11: 00007FF7F25524F5 
48: 00007FF7F1EB6401 
48: 00007FF7F22CBDB8 
48: 00007FF7F1F28DD8 
47: 00007FF7F23485E9 
21: 00007FF7F1B1309D 
48: 00007FF7F1F28DD8 
17: 00007FFD72CA7C1C 
48: 00007FF7F22CBDB8 
49: 00007FF7F1F2BF71 
 4: 00007FF7F234D8D6 
46: 00007FF7F20E35C5 
46: 00007FF7F20E35C5 
47: 00007FF7F1E994AB 
48: 00007FF7F1F28DD8 
21: 00007FF7F1B1309D 
49: 00007FF7F1F2BF71 
47: 00007FF7F1F27675 
46: 00007FF7F1F28D63 
46: 00007FF7F1F28D63 
46: 00007FF7F20E35C5 
47: 00007FF7F20DA657 
47: 00007FF7F1EB49D9 
46: 00007FF7F20DA514 v8::Context::GetIsolate+459892
46: 00007FF7F20DA514 v8::Context::GetIsolate+459892
48: 00007FF7F1F28DD8 
49: 00007FF7F1F19CB3 
49: 00007FF7F1F19CB3 
47: 00007FF7F17E82A2 
49: 00007FF7F1F2BF71 
49: 00007FF7F1F2BF71 
49: 00007FF7F1F19CB3 
49: 00007FF7F1F19CB3 
48: 00007FF79234FA64 
16: 00007FF7F2175394 
49: 00007FF7F1EB5406 
49: 00007FF7F23485E9 
49: 00007FF7F1F19CB3 
48: 00007FF7F2348324 
48: 00007FF7F1F28DD8 
49: 00007FF7F1F19CB3 
49: 00007FF7F23485E9 
22: 7FF8000000000000 
 5: 00007FF7F219AA20 
47: 00007FF7F20DA657 
47: 00007FF7F20DA657 
48: 00007FF7F1E9990F 
49: 00007FF7F1F19CB3 
22: 7FF8000000000000 
50: 00007FF7F1F2D999 
50: 00007FF7F1F2D999 
47: 00007FF7F1F29282 
47: 00007FF7F1F2259C 
47: 00007FF7F20DA657 
48: 00007FF7F20DA514 
48: 00007FF7F1EB5B82 
47: 00007FF7F20E0536 v8::Context::GetIsolate+484502
47: 00007FF7F20E0536 v8::Context::GetIsolate+484502
49: 00007FF7F1F19CB3 
50: 00007FF7F1F2E007 
48: 00007FF79234FA64 
50: 00007FF7F1F2D999 
50: 00007FF7F1F2D999 
50: 00007FF7F1F2E007 
50: 00007FF7F1F2E007 
50: 00007FF7F1F2E007 
12: 00007FF7F1754540 
50: 00007FF7F1EB49D9 
50: 00007FF7F2348324 
50: 00007FF7F1F2E007 
49: 00007FF7F17E7D3D 
50: 00007FF7F1F2E007 
50: 00007FF7F2348324 
49: 00007FF7F1F19CB3 
 6: 00007FF7F216E5EF 
50: 00007FF7F1F2E007 
48: 00007FF7F20DA514 
49: 00007FF7F1E99F8A 
48: 00007FF7F20DA514 
51: 00007FF7F1F2AF99 
51: 00007FF7F1F2AF99 
48: 00007FF7F1F29431 
48: 00007FF7F1F21C2B 
48: 00007FF7F20DA514 
49: 00007FF7F20E0536 
49: 00007FF7F1EB6401 
48: 00007FF7F20DA067 v8::Context::GetIsolate+458695
48: 00007FF7F20DA067 v8::Context::GetIsolate+458695
50: 00007FF7F1F2E007 
51: 00007FF7F1F1320C 
51: 00007FF7F1F2AF99 
51: 00007FF7F1F2AF99 
51: 00007FF7F1F1320C 
51: 00007FF7F1F1320C 
51: 00007FF7F1F1320C 
17: 00007FF7F21A15EB 
51: 00007FF7F1EB4B58 
51: 00007FF7F17E7D3D 
51: 00007FF7F1F1320C 
50: 00007FF7F17E82A2 
51: 00007FF7F1F1320C 
51: 00007FF7F17E7D3D 
50: 00007FF7F1F2E007 
 7: 00007FF7F217F77A 
49: 00007FF7F20E0536 
52: 00007FF7F1F1F207 
50: 00007FF7F1E9AF5E 
51: 00007FF7F1F1320C 
52: 00007FF7F1F1F207 
49: 00007FF7F20E0536 
49: 00007FF7F1F283C8 
49: 00007FF7F1F2194F 
49: 00007FF7F20E0536 
50: 00007FF7F20DA067 
50: 00007FF7F1EB5406 
49: 00007FF7F20E0643 v8::Context::GetIsolate+484771
49: 00007FF7F20E0643 v8::Context::GetIsolate+484771
51: 00007FF7F1F1320C 
52: 00007FF7F22C6650 
52: 00007FF7F1F1F207 
52: 00007FF7F1F1F207 
52: 00007FF7F22C6650 
52: 00007FF7F17E82A2 
52: 00007FF7F22C6650 
13: 00007FF7F18D7463 
52: 00007FF7F1EB6401 
52: 00007FF7F22C6650 
52: 00007FF7F22C6650 
51: 00007FF79234FA64 
52: 00007FF7F22C6650 
52: 00007FF7F17E82A2 
51: 00007FF7F1F1320C 
 8: 00007FF7F2176B2E 
50: 00007FF7F20DA067 
50: 00007FF7F20DA067 
51: 00007FF7F1E9AA68 
52: 00007FF7F22C6650 
53: 00007FF7F1F32D0C 
53: 00007FF7F1F32D0C 
50: 00007FF7F1F27675 
50: 00007FF7F1F21326 
50: 00007FF7F20DA067 
51: 00007FF7F20E0643 
51: 00007FF7F1EB8B8A 
50: 00007FF7F20DA067 v8::Context::GetIsolate+458695
50: 00007FF7F20DA067 v8::Context::GetIsolate+458695
52: 00007FF7F22C6650 
53: 00007FF7F22CBDB8 
53: 00007FF7F1F32D0C 
53: 00007FF7F22CBDB8 
53: 00007FF7F1F32D0C 
53: 00007FF7F22CBDB8 
53: 00007FF7F22CBDB8 
18: 00007FF7F21A3BDB 
53: 00007FF7F1EB5406 
53: 00007FF79234FA64 
53: 00007FF7F22CBDB8 
53: 00007FF7F22CBDB8 
53: 00007FF79234FA64 
52: 00007FF7F22C6650 
 9: 00007FF7F217CE69 
51: 00007FF7F20E0643 
51: 00007FF7F20E0643 
52: 00007FF7F1E9A46E 
53: 00007FF7F22CBDB8 
54: 00007FF7F1F331B4 
54: 00007FF7F1F331B4 
51: 00007FF7F1F28DD8 
51: 00007FF7F1F2DD28 
51: 00007FF7F20E0643 
52: 00007FF7F20DA067 
52: 00007FF7F1EB51F3 
51: 00007FF7F20E0683 v8::Context::GetIsolate+484835
51: 00007FF7F20E0683 v8::Context::GetIsolate+484835
53: 00007FF7F22CBDB8 
54: 00007FF7F23485E9 
54: 00007FF7F1F331B4 
54: 00007FF7F1F331B4 
54: 00007FF7F23485E9 
54: 00007FF7F23485E9 
54: 00007FF7F23485E9 
14: 00007FF7F30D4C2E 
54: 00007FF7F1EB8B8A 
54: 00007FF7F23485E9 
54: 00007FF7F23485E9 
53: 00007FF7F22CBDB8 
10: 00007FF7F2181304 
52: 00007FF7F20DA067 
52: 00007FF7F20DA067 
53: 00007FF7F1E77722 
54: 00007FF7F23485E9 
55: 00007FF7F1F283C8 
55: 00007FF7F1F283C8 
52: 00007FF7F1F19CB3 
52: 00007FF7F1F2AF99 
52: 00007FF7F20DA067 
53: 00007FF7F20E0683 
53: 00007FF7F1EB49D9 
52: 00007FF7F20DA067 v8::Context::GetIsolate+458695
52: 00007FF7F20DA067 v8::Context::GetIsolate+458695
55: 00007FF7F2348324 
54: 00007FF7F23485E9 
55: 00007FF7F1F283C8 
55: 00007FF7F1F283C8 
55: 00007FF7F2348324 
55: 00007FF7F2348324 
55: 00007FF7F2348324 
19: 00007FF7F21943B2 
55: 00007FF7F1EB4AD1 
55: 00007FF7F2348324 
55: 00007FF7F2348324 
54: 00007FF7F23485E9 
11: 00007FF7F25524F5 
53: 00007FF7F20E0683 
53: 00007FF7F20E0683 
54: 00007FF7923ED4BA 
55: 00007FF7F2348324 
56: 00007FF7F1F1EE4B 
56: 00007FF7F1F1EE4B 
53: 00007FF7F1F2E007 
53: 00007FF7F1F1F207 
53: 00007FF7F20E0683 
54: 00007FF7F20DA067 
54: 00007FF7F1EB49D9 
53: 00007FF7F20E0683 v8::Context::GetIsolate+484835
53: 00007FF7F20E0683 v8::Context::GetIsolate+484835
55: 00007FF7F2348324 
56: 00007FF7F17E7D3D 
56: 00007FF7F1F1EE4B 
56: 00007FF7F17E7D3D 
56: 00007FF7F1F1EE4B 
56: 00007FF7F17E7D3D 
56: 00007FF7F17E7D3D 
15: 00007FFD71AAE957 
56: 00007FF7F1EB49D9 
56: 00007FF7F17E7D3D 
56: 00007FF7F17E7D3D 
55: 00007FF7F2348324 
12: 00007FF7F1754540 
54: 00007FF7F20DA067 
54: 00007FF7F20DA067 
56: 00007FF7F17E7D3D 
57: 00007FF7F1F1F417 
57: 00007FF7F1F1F417 
54: 00007FF7F1F1320C 
54: 00007FF7F1F1F776 
54: 00007FF7F20DA067 
55: 00007FF7F20E0683 
55: 00007FF7F1EB5B82 
54: 00007FF7F20DA067 v8::Context::GetIsolate+458695
54: 00007FF7F20DA067 v8::Context::GetIsolate+458695
56: 00007FF7F17E7D3D 
57: 00007FF7F1F1F417 
57: 00007FF7F17E82A2 
57: 00007FF7F1F1F417 
57: 00007FF7F17E82A2 
57: 00007FF7F17E82A2 
57: 00007FF7F17E82A2 
20: 00007FF7F218FDB5 
57: 00007FF7F1EB5012 
57: 00007FF7F17E82A2 
57: 00007FF7F17E82A2 
56: 00007FF7F17E7D3D 
13: 00007FF7F18D7463 
55: 00007FF7F20E0683 
55: 00007FF7F20E0683 
57: 00007FF7F17E82A2 
58: 00007FF7F1F1F254 
58: 00007FF7F1F1F254 
55: 00007FF7F22C6650 
55: 00007FF7F1F1F254 
55: 00007FF7F20E0683 
56: 00007FF7F20DA067 
56: 00007FF7F1EB6401 
55: 00007FF7F20E0683 v8::Context::GetIsolate+484835
55: 00007FF7F20E0683 v8::Context::GetIsolate+484835
57: 00007FF7F17E82A2 
58: 00007FF79234FA64 
58: 00007FF7F1F1F254 
58: 00007FF7F1F1F254 
58: 00007FF79234FA64 
58: 00007FF79234FA64 
58: 00007FF79234FA64 
16: 00007FFD72CA7C1C 
58: 00007FF7F1EB6401 
58: 00007FF79234FA64 
58: 00007FF79234FA64 
57: 00007FF7F17E82A2 
14: 00007FF7F30D4C2E 
56: 00007FF7F20DA067 
56: 00007FF7F20DA067 
58: 00007FF79234FA64 
59: 00007FF7F1F24A2F 
59: 00007FF7F1F24A2F 
56: 00007FF7F1F24A2F 
56: 00007FF7F22CBDB8 
56: 00007FF7F20DA067 
57: 00007FF7F20E35C5 
57: 00007FF7F1EB5406 
56: 00007FF7F20DA067 v8::Context::GetIsolate+458695
56: 00007FF7F20DA067 v8::Context::GetIsolate+458695
58: 00007FF79234FA64 
59: 00007FF7F1F24A2F 
59: 00007FF7F1F24A2F 
21: 00007FF7F1B1309D 
59: 00007FF7F1EB5406 
58: 00007FF79234FA64 
15: 00007FFD71AAE957 
57: 00007FF7F20E35C5 
57: 00007FF7F20E35C5 
60: 00007FF7F1F2DAB6 
60: 00007FF7F1F2DAB6 
57: 00007FF7F23485E9 
57: 00007FF7F1F24F0E 
57: 00007FF7F20E35C5 
58: 00007FF7F20D82F2 
58: 00007FF7F1EB49D9 
57: 00007FF7F20E0683 v8::Context::GetIsolate+484835
57: 00007FF7F20E0683 v8::Context::GetIsolate+484835
60: 00007FF7F1F2DAB6 
60: 00007FF7F1F2DAB6 
22: 7FF8000000000000 
60: 00007FF7F1EB49D9 
16: 00007FFD72CA7C1C 
58: 00007FF7F20D82F2 
58: 00007FF7F20D82F2 
61: 00007FF7F1F2AF99 
61: 00007FF7F1F2AF99 
58: 00007FF7F2348324 
58: 00007FF7F1F30F9A 
58: 00007FF7F20D82F2 
59: 00007FF7F20D7F40 
59: 00007FF7F1EB49D9 
58: 00007FF7F20DA067 v8::Context::GetIsolate+458695
58: 00007FF7F20DA067 v8::Context::GetIsolate+458695
61: 00007FF7F1F2AF99 
61: 00007FF7F1F2AF99 
61: 00007FF7F1EB49D9 
59: 00007FF7F20D7F40 
59: 00007FF7F20D7F40 
62: 00007FF7F1F1F207 
62: 00007FF7F1F1F207 
59: 00007FF7F17E7D3D 
59: 00007FF7F1F283C8 
59: 00007FF7F20D7F40 
60: 00007FF7F20C789B 
60: 00007FF7F1EB5B82 
59: 00007FF7F20E0683 v8::Context::GetIsolate+484835
59: 00007FF7F20E0683 v8::Context::GetIsolate+484835
62: 00007FF7F1F1F207 
62: 00007FF7F1F1F207 
62: 00007FF7F1EB6401 
60: 00007FF7F20C789B 
60: 00007FF7F20C789B 
63: 00007FF7F1F24A2F 
63: 00007FF7F1F24A2F 
60: 00007FF7F17E82A2 
60: 00007FF7F1F27675 
61: 00007FF7F22C83A8 
60: 00007FF7F20C789B 
61: 00007FF7F1EB6401 
60: 00007FF7F20DA067 v8::Context::GetIsolate+458695
60: 00007FF7F20DA067 v8::Context::GetIsolate+458695
63: 00007FF7F1F24A2F 
63: 00007FF7F1F24A2F 
63: 00007FF7F1EB5406 
61: 00007FF7F22C83A8 
61: 00007FF7F22C83A8 
64: 00007FF7F1F24F0E 
64: 00007FF7F1F24F0E 
61: 00007FF79234FA64 
61: 00007FF7F1F28DD8 
61: 00007FF7F22C83A8 
62: 00007FF7F22C16B8 
62: 00007FF7F1EB5406 
61: 00007FF7F20E35C5 v8::Context::GetIsolate+496933
61: 00007FF7F20E35C5 v8::Context::GetIsolate+496933
64: 00007FF7F1F24F0E 
64: 00007FF7F1EB32E4 
64: 00007FF7F1F24F0E 
62: 00007FF7F22C16B8 
62: 00007FF7F22C16B8 
65: 00007FF7F1F30F9A 
65: 00007FF7F1F30F9A 
62: 00007FF7F1F19CB3 
62: 00007FF7F22C16B8 
63: 00007FF7F22C4C93 
63: 00007FF7F1EB49D9 
62: 00007FF7F20D82F2 v8::Context::GetIsolate+451154
62: 00007FF7F20D82F2 v8::Context::GetIsolate+451154
65: 00007FF7F1F30F9A 
65: 00007FF7F1F30F9A 
65: 00007FF7F1E994AB 
63: 00007FF7F22C4C93 
63: 00007FF7F22C4C93 
66: 00007FF7F1F283C8 
66: 00007FF7F1F283C8 
63: 00007FF7F1F2E007 
63: 00007FF7F22C4C93 
64: 00007FF7F22C460A 
64: 00007FF7F1EB49D9 
63: 00007FF7F20D7F40 v8::Context::GetIsolate+450208
63: 00007FF7F20D7F40 v8::Context::GetIsolate+450208
66: 00007FF7F1F283C8 
66: 00007FF7F1F283C8 
66: 00007FF7F1E9990F 
64: 00007FF7F22C460A 
64: 00007FF7F22C460A 
67: 00007FF7F1F27675 
67: 00007FF7F1F27675 
64: 00007FF7F1F1320C 
64: 00007FF7F22C460A 
65: 00007FF7F1E907E7 
65: 00007FF7F1EB5B82 
64: 00007FF7F20C789B v8::Context::GetIsolate+382971
64: 00007FF7F20C789B v8::Context::GetIsolate+382971
67: 00007FF7F1F27675 
67: 00007FF7F1F27675 
65: 00007FF7F1E907E7 
67: 00007FF7F1E99F8A 
65: 00007FF7F1E907E7 
68: 00007FF7F1F28DD8 
68: 00007FF7F1F28DD8 
65: 00007FF7F22C6650 
65: 00007FF7F1E907E7 
66: 00007FF7923ED4BA 
66: 00007FF7F1EB6401 
65: 00007FF7F22C83A8 v8::SharedValueConveyor::SharedValueConveyor+30744
65: 00007FF7F22C83A8 v8::SharedValueConveyor::SharedValueConveyor+30744
68: 00007FF7F1F28DD8 
68: 00007FF7F1F28DD8 
68: 00007FF7F1E9AF5E 
66: 00007FF7923ED4BA 
66: 00007FF7923ED4BA 
69: 00007FF7F1F19CB3 
69: 00007FF7F1F19CB3 
66: 00007FF7F22CBDB8 
66: 00007FF7923ED4BA 
67: 00007FF7F1EB5406 
66: 00007FF7F22C16B8 v8::SharedValueConveyor::SharedValueConveyor+2856
66: 00007FF7F22C16B8 v8::SharedValueConveyor::SharedValueConveyor+2856
69: 00007FF7F1F19CB3 
69: 00007FF7F1F19CB3 
69: 00007FF7F1E9AA68 
70: 00007FF7F1F2E007 
70: 00007FF7F1F2E007 
67: 00007FF7F23485E9 
68: 00007FF7F1EB49D9 
67: 00007FF7F22C4C93 v8::SharedValueConveyor::SharedValueConveyor+16643
67: 00007FF7F22C4C93 v8::SharedValueConveyor::SharedValueConveyor+16643
70: 00007FF7F1F2E007 
70: 00007FF7F1F2E007 
70: 00007FF7F1E9A46E 
71: 00007FF7F1F1320C 
71: 00007FF7F1F1320C 
68: 00007FF7F2348324 
69: 00007FF7F1EB49D9 
68: 00007FF7F22C460A v8::SharedValueConveyor::SharedValueConveyor+14970
68: 00007FF7F22C460A v8::SharedValueConveyor::SharedValueConveyor+14970
71: 00007FF7F1F1320C 
71: 00007FF7F1F1320C 
71: 00007FF7F1E77722 
72: 00007FF7F22C6650 
72: 00007FF7F22C6650 
69: 00007FF7F17E7D3D 
70: 00007FF7F1EB5B82 
69: 00007FF7F1E907E7 v8::base::AddressSpaceReservation::AddressSpaceReservation+359127
69: 00007FF7F1E907E7 v8::base::AddressSpaceReservation::AddressSpaceReservation+359127
72: 00007FF7F22C6650 
72: 00007FF7F22C6650 
72: 00007FF7923ED4BA 
73: 00007FF7F22CBDB8 
73: 00007FF7F22CBDB8 
70: 00007FF7F17E82A2 
71: 00007FF7F1EB6401 
70: 00007FF7923ED4BA 
70: 00007FF7923ED4BA 
73: 00007FF7F22CBDB8 
73: 00007FF7F22CBDB8 
74: 00007FF7F23485E9 
74: 00007FF7F23485E9 
71: 00007FF79234FA64 
72: 00007FF7F1EB5406 
74: 00007FF7F23485E9 
74: 00007FF7F23485E9 
75: 00007FF7F2348324 
75: 00007FF7F2348324 
73: 00007FF7F1EB49D9 
75: 00007FF7F2348324 
75: 00007FF7F2348324 
76: 00007FF7F17E7D3D 
76: 00007FF7F17E7D3D 
74: 00007FF7F1EB6401 
76: 00007FF7F17E7D3D 
76: 00007FF7F17E7D3D 
77: 00007FF7F17E82A2 
77: 00007FF7F17E82A2 
75: 00007FF7F1EB5406 
77: 00007FF7F17E82A2 
77: 00007FF7F17E82A2 
78: 00007FF79234FA64 
78: 00007FF79234FA64 
76: 00007FF7F1EB49D9 
78: 00007FF79234FA64 
78: 00007FF79234FA64 
77: 00007FF7F1EB4B58 
78: 00007FF7F1EB6401 
79: 00007FF7F1EB5406 
80: 00007FF7F1EB8B8A 
81: 00007FF7F1EB4AD1 
82: 00007FF7F1EB49D9 
83: 00007FF7F1EB5012 
84: 00007FF7F1EB6401 
85: 00007FF7F1EB5406 
86: 00007FF7F1EB49D9 
87: 00007FF7F1EB49D9 
88: 00007FF7F1EB6401 
89: 00007FF7F1EB5406 
90: 00007FF7F1EB32E4 
91: 00007FF7F1E994AB 
92: 00007FF7F1E9990F 
93: 00007FF7F1E99F8A 
94: 00007FF7F1E9AF5E 
95: 00007FF7F1E9AA68 
96: 00007FF7F1E9A46E 
97: 00007FF7F1E77722 
98: 00007FF7923ED4BA 

<--- Last few GCs --->



[72828:000001F19D5E6000]     4076 ms: Scavenge 6.4 (8.0) -> 6.3 (11.0) MB, pooled: 0 MB, 1008.63 / 0.00 ms  (average mu = 1.000, current mu = 1.000) allocation failure; 
#
[72828:000001F19D5E6000]    15520 ms: Scavenge 9.2 (11.6) -> 8.4 (9.4) MB, pooled: 2 MB, 1012.98 / 0.00 ms  (average mu = 1.000, current mu = 1.000) allocation failure; 
# Fatal process out of memory: Zone
[72828:000001F19D5E6000]    16570 ms: Scavenge 9.9 (10.4) -> 9.5 (12.9) MB, pooled: 0 MB, 1010.80 / 0.00 ms  (average mu = 1.000, current mu = 1.000) allocation failure; 
#

----- Native stack trace -----


<--- JS stacktrace --->

<--- Last few GCs --->

[25472:00000142B4B9C000]    13228 ms: Mark-Compact (reduce) 5.0 (7.7) -> 4.8 (6.7) MB, pooled: 0 MB, 2.38 / 0.00 ms  (average mu = 0.848, current mu = 1.000) last resort; GC in old space requested
[25472:00000142B4B9C000]    18281 ms: Mark-Compact (reduce) 4.8 (6.7) -> 4.8 (6.4) MB, pooled: 0 MB, 5053.12 / 0.00 ms  (average mu = 0.480, current mu = 0.000) last resort; GC in old space requested


 1: 00007FF7F187711D 
 2: 00007FF7F175181F 
<--- JS stacktrace --->

 3: 00007FF7F29C95C6 
FATAL ERROR: Committing semi space failed. Allocation failed - JavaScript heap out of memory
----- Native stack trace -----
 4: 00007FF7F234D6E1 
 5: 00007FF7F1E1C79B 

 6: 00007FF7F1B88990 
 1: 00007FF7F187711D 
 7: 00007FF7F1B92CA7 
 2: 00007FF7F17DA138 
 8: 00007FF7F3035691 
 3: 00007FF7F2360C51 
 9: 00007FF7F301BF9E 
 4: 00007FF7F234D8D6 
10: 00007FF7F2DDB25E 
 5: 00007FF7F219AA20 
11: 00007FF7F2AE6778 
 6: 00007FF7F2153533 
12: 00007FF7F2AE064A 
 7: 00007FF7F21A3B6F 
13: 00007FF7F22C8314 
 8: 00007FF7F21943B2 
14: 00007FF7F2281C22 
 9: 00007FF7F218FDB5 
15: 00007FF7F25524F5 
10: 00007FF7F1B1309D 
16: 00007FF7F1754540 
17: 00007FF7F18D7463 
18: 00007FF7F30D4C2E 
19: 00007FFD71AAE957 BaseThreadInitThunk+23
20: 00007FFD72CA7C1C RtlUserThreadStart+44
Compaction failed: Failed to compact database

Caused by:
    0: Failed to merge database files for family 2
    1: Unable to open static sorted file 00000001.sst
    2: Failed to mmap SST file C:\dev\nugdeep\web\.next\dev\cache/turbopack\ee6e79b1\00000001.sst (12264947 bytes)
    3: The paging file is too small for this operation to complete. (os error 1455)
